******************************************************************************
                  TI ARM Linker PC v18.1.2                     
******************************************************************************
>> Linked Sun Apr 28 16:36:01 2019

OUTPUT FILE NAME:   <Lab 9.out>
ENTRY POINT SYMBOL: "_c_int00_noargs"  address: 00006af9


MEMORY CONFIGURATION

         name            origin    length      used     unused   attr    fill
----------------------  --------  ---------  --------  --------  ----  --------
  FLASH                 00000000   00040000  0000716f  00038e91  R  X
  SRAM                  20000000   00008000  00002356  00005caa  RW X


SEGMENT ALLOCATION MAP

run origin  load origin   length   init length attrs members
----------  ----------- ---------- ----------- ----- -------
00000000    00000000    00007178   00007178    r-x
  00000000    00000000    0000026c   0000026c    r-- .intvecs
  0000026c    0000026c    00006b88   00006b88    r-x .text
  00006df8    00006df8    00000323   00000323    r-- .const
  00007120    00007120    00000058   00000058    r-- .cinit
20000000    20000000    0000235a   00000000    rw-
  20000000    20000000    0000026c   00000000    rw- .vtable
  20000270    20000270    00001000   00000000    rw- .stack
  20001270    20001270    00001000   00000000    rw- .sysmem
  20002270    20002270    000000b0   00000000    rw- .bss
  20002320    20002320    0000003a   00000000    rw- .data


SECTION ALLOCATION MAP

 output                                  attributes/
section   page    origin      length       input sections
--------  ----  ----------  ----------   ----------------
.intvecs   0    00000000    0000026c     
                  00000000    0000026c     tm4c123gh6pm_startup_ccs.obj (.intvecs)

.text      0    0000026c    00006b88     
                  0000026c    00000ccc     scan.obj (.text)
                  00000f38    00000a9c     open_interface.obj (.text)
                  000019d4    00000a5e     rtsv7M4_T_le_v4SPD16_eabi.lib : _printfi.c.obj (.text:__TI_printfi)
                  00002432    00000002                                   : _lock.c.obj (.text:_nop)
                  00002434    000009c0                                   : e_pow.c.obj (.text:pow)
                  00002df4    00000738                                   : k_rem_pio2.c.obj (.text:__kernel_rem_pio2)
                  0000352c    00000554     l1_main.obj (.text)
                  00003a80    00000508     rtsv7M4_T_le_v4SPD16_eabi.lib : s_tan.c.obj (.text:tan)
                  00003f88    000003c4     lcd.obj (.text)
                  0000434c    00000318     rtsv7M4_T_le_v4SPD16_eabi.lib : k_tan.c.obj (.text:__kernel_tan)
                  00004664    000002b8     uart.obj (.text)
                  0000491c    0000029c     movement.obj (.text)
                  00004bb8    00000288     servo.obj (.text)
                  00004e40    00000270     rtsv7M4_T_le_v4SPD16_eabi.lib : _printfi.c.obj (.text:_pconv_a)
                  000050b0    000001d8     ping.obj (.text)
                  00005288    000001d0     rtsv7M4_T_le_v4SPD16_eabi.lib : _printfi.c.obj (.text:_pconv_g)
                  00005458    000001b6                                   : fd_add_t2.asm.obj (.text)
                  0000560e    00000002                                   : div0.asm.obj (.text)
                  00005610    00000158                                   : e_sqrt.c.obj (.text:sqrt)
                  00005768    00000158     timer.obj (.text)
                  000058c0    0000014c     adc.obj (.text)
                  00005a0c    00000148     button.obj (.text)
                  00005b54    0000013c     rtsv7M4_T_le_v4SPD16_eabi.lib : _printfi.c.obj (.text:_pconv_e)
                  00005c90    00000136                                   : fd_div_t2.asm.obj (.text)
                  00005dc6    00000002     --HOLE-- [fill = 0]
                  00005dc8    00000120                                   : _printfi.c.obj (.text:fcvt)
                  00005ee8    00000110                                   : s_scalbn.c.obj (.text:scalbn)
                  00005ff8    000000fc                                   : fd_mul_t2.asm.obj (.text)
                  000060f4    000000f8                                   : s_floor.c.obj (.text:floor)
                  000061ec    000000d8                                   : memory.c.obj (.text:free)
                  000062c4    000000b1                                   : _printfi.c.obj (.text:_ltostr)
                  00006375    00000001     --HOLE-- [fill = 0]
                  00006376    0000009c                                   : memcpy_t2.asm.obj (.text)
                  00006412    00000096                                   : ull_div_t2.asm.obj (.text)
                  000064a8    00000086                                   : fd_cmp_t2.asm.obj (.text:__aeabi_cdcmple)
                  0000652e    00000086                                   : fd_cmp_t2.asm.obj (.text:__aeabi_cdrcmple)
                  000065b4    0000007a                                   : memset_t2.asm.obj (.text)
                  0000662e    00000002     --HOLE-- [fill = 0]
                  00006630    00000078                                   : memory.c.obj (.text:malloc)
                  000066a8    0000006e                                   : _printfi.c.obj (.text:_mcpy)
                  00006716    00000068                                   : copy_decompress_lzss.c.obj (.text:decompress:lzss:__TI_decompress_lzss)
                  0000677e    00000002     --HOLE-- [fill = 0]
                  00006780    00000064                                   : s_frexp.c.obj (.text:frexp)
                  000067e4    00000056                                   : _printfi.c.obj (.text:_pconv_f)
                  0000683a    00000054                                   : ltoa.c.obj (.text:ltoa)
                  0000688e    00000052                                   : _printfi.c.obj (.text:_ecpy)
                  000068e0    0000004c                                   : atoi.c.obj (.text:atoi)
                  0000692c    00000048                                   : fd_toi_t2.asm.obj (.text)
                  00006974    00000044                                   : autoinit.c.obj (.text:__TI_auto_init_nobinit_nopinit:__TI_auto_init_nobinit_nopinit)
                  000069b8    00000044                                   : fd_tou_t2.asm.obj (.text)
                  000069fc    00000040                                   : sprintf.c.obj (.text:sprintf)
                  00006a3c    00000040                                   : vsnprintf.c.obj (.text:vsnprintf)
                  00006a7c    0000003e                                   : _printfi.c.obj (.text:_fcpy)
                  00006aba    00000002     --HOLE-- [fill = 0]
                  00006abc    0000003c                                   : memory.c.obj (.text:minsert)
                  00006af8    00000038                                   : boot_cortex_m.c.obj (.text:_c_int00_noargs:_c_int00_noargs)
                  00006b30    00000038                                   : memory.c.obj (.text:minit)
                  00006b68    00000038                                   : fs_tod_t2.asm.obj (.text)
                  00006ba0    00000034     driverlib.lib : interrupt.obj (.text:IntRegister)
                  00006bd4    00000030     rtsv7M4_T_le_v4SPD16_eabi.lib : vsnprintf.c.obj (.text:_outs)
                  00006c04    0000002e                                   : i_tofd_t2.asm.obj (.text)
                  00006c32    0000002a                                   : memory.c.obj (.text:calloc)
                  00006c5c    00000028                                   : memory.c.obj (.text:mremove)
                  00006c84    0000001e                                   : strcat.c.obj (.text:strcat)
                  00006ca2    0000001c                                   : memccpy.c.obj (.text:memccpy)
                  00006cbe    00000018                                   : vsnprintf.c.obj (.text:_outc)
                  00006cd6    00000018                                   : sprintf.c.obj (.text:_outs)
                  00006cee    00000018     open_interface.obj (.text:oi_parseInt)
                  00006d06    00000018     rtsv7M4_T_le_v4SPD16_eabi.lib : strcmp.c.obj (.text:strcmp)
                  00006d1e    00000016                                   : strchr.c.obj (.text:strchr)
                  00006d34    00000014                                   : s_copysign.c.obj (.text:copysign)
                  00006d48    00000014                                   : strcpy.c.obj (.text:strcpy)
                  00006d5c    00000014                                   : strlen.c.obj (.text:strlen)
                  00006d70    00000012                                   : copy_zero_init.c.obj (.text:decompress:ZI:__TI_zero_init_nomemset:__TI_zero_init_nomemset)
                  00006d82    00000012                                   : wcslen.c.obj (.text:wcslen)
                  00006d94    00000010     driverlib.lib : interrupt.obj (.text:IntMasterEnable)
                  00006da4    00000010     lcd.obj (.text:lcd_clear)
                  00006db4    0000000e     rtsv7M4_T_le_v4SPD16_eabi.lib : copy_decompress_none.c.obj (.text:decompress:none:__TI_decompress_none)
                  00006dc2    0000000c     driverlib.lib : cpu.obj (.text:CPUcpsie)
                  00006dce    0000000c     tm4c123gh6pm_startup_ccs.obj (.text)
                  00006dda    0000000a     rtsv7M4_T_le_v4SPD16_eabi.lib : sprintf.c.obj (.text:_outc)
                  00006de4    00000008                                   : errno.c.obj (.text:__aeabi_errno_addr)
                  00006dec    00000004                                   : pre_init.c.obj (.text:_system_pre_init)
                  00006df0    00000004                                   : exit.c.obj (.text:abort:abort)

.const     0    00006df8    00000323     
                  00006df8    00000158     rtsv7M4_T_le_v4SPD16_eabi.lib : k_rem_pio2.c.obj (.const:$O1$$)
                  00006f50    00000101                                   : ctype.c.obj (.const:.string:_ctypes_)
                  00007051    00000004     lcd.obj (.const:.string:lineAddress$1)
                  00007055    00000003     --HOLE-- [fill = 0]
                  00007058    00000080     rtsv7M4_T_le_v4SPD16_eabi.lib : k_tan.c.obj (.const:xxx)
                  000070d8    00000030                                   : e_pow.c.obj (.const:$O1$$)
                  00007108    0000000f     open_interface.obj (.const:.string:$P$T0$3)
                  00007117    00000004     lcd.obj (.const:.string:lineAddresses$2)

.cinit     0    00007120    00000058     
                  00007120    0000001f     (.cinit..data.load) [load image, compression = lzss]
                  0000713f    00000001     --HOLE-- [fill = 0]
                  00007140    0000000c     (__TI_handler_table)
                  0000714c    00000004     --HOLE-- [fill = 0]
                  00007150    00000008     (.cinit..bss.load) [load image, compression = zero_init]
                  00007158    00000008     (.cinit..vtable.load) [load image, compression = zero_init]
                  00007160    00000018     (__TI_cinit_table)

.init_array 
*          0    00000000    00000000     UNINITIALIZED

.vtable    0    20000000    0000026c     UNINITIALIZED
                  20000000    0000026c     driverlib.lib : interrupt.obj (.vtable)

.stack     0    20000270    00001000     UNINITIALIZED
                  20000270    00000004     rtsv7M4_T_le_v4SPD16_eabi.lib : boot_cortex_m.c.obj (.stack)
                  20000274    00000ffc     --HOLE--

.sysmem    0    20001270    00001000     UNINITIALIZED
                  20001270    00000008     rtsv7M4_T_le_v4SPD16_eabi.lib : memory.c.obj (.sysmem)
                  20001278    00000ff8     --HOLE--

.bss       0    20002270    000000b0     UNINITIALIZED
                  20002270    00000054     lcd.obj (.bss:lastbuffer$3)
                  200022c4    00000018     open_interface.obj (.bss:firmware$2)
                  200022dc    00000018     (.common:s_data)
                  200022f4    00000004     (.common:button_event_ptr)
                  200022f8    00000008     (.common:currentDegree)
                  20002300    00000004     (.common:button_num_ptr)
                  20002304    00000004     (.common:char_event_ptr)
                  20002308    00000004     (.common:events)
                  2000230c    00000004     (.common:fallingEdge)
                  20002310    00000004     (.common:i_ptr)
                  20002314    00000004     (.common:pulseLength)
                  20002318    00000004     (.common:risingEdge)
                  2000231c    00000004     (.common:s_data_ptr)

.data      0    20002320    0000003a     UNINITIALIZED
                  20002320    00000010     open_interface.obj (.data)
                  20002330    0000000c     rtsv7M4_T_le_v4SPD16_eabi.lib : memory.c.obj (.data:$O1$$)
                  2000233c    00000008                                   : _lock.c.obj (.data:$O1$$)
                  20002344    00000008     l1_main.obj (.data)
                  2000234c    00000008     servo.obj (.data)
                  20002354    00000004     rtsv7M4_T_le_v4SPD16_eabi.lib : errno.c.obj (.data)
                  20002358    00000001     button.obj (.data)
                  20002359    00000001     ping.obj (.data)

MODULE SUMMARY

       Module                         code    ro data   rw data
       ------                         ----    -------   -------
    .\
       scan.obj                       3276    0         0      
       open_interface.obj             2740    15        40     
       l1_main.obj                    1364    0         32     
       lcd.obj                        980     8         84     
       uart.obj                       696     0         12     
       movement.obj                   668     0         4      
       servo.obj                      648     0         8      
       tm4c123gh6pm_startup_ccs.obj   12      620       0      
       ping.obj                       472     0         1      
       timer.obj                      344     0         0      
       button.obj                     328     0         9      
       adc.obj                        332     0         0      
       data.obj                       0       0         20     
    +--+------------------------------+-------+---------+---------+
       Total:                         11860   643       210    
                                                               
    C:/ti/TivaWare_C_Series-2.1.4.178/driverlib/ccs/Debug/driverlib.lib
       interrupt.obj                  68      0         620    
       cpu.obj                        12      0         0      
    +--+------------------------------+-------+---------+---------+
       Total:                         80      0         620    
                                                               
    C:\ti\ccsv8\tools\compiler\ti-cgt-arm_18.1.2.LTS\lib\rtsv7M4_T_le_v4SPD16_eabi.lib
       _printfi.c.obj                 4863    0         0      
       e_pow.c.obj                    2496    48        0      
       k_rem_pio2.c.obj               1848    344       0      
       s_tan.c.obj                    1288    0         0      
       k_tan.c.obj                    792     128       0      
       memory.c.obj                   534     0         12     
       fd_add_t2.asm.obj              438     0         0      
       e_sqrt.c.obj                   344     0         0      
       fd_div_t2.asm.obj              310     0         0      
       s_scalbn.c.obj                 272     0         0      
       fd_cmp_t2.asm.obj              268     0         0      
       ctype.c.obj                    0       257       0      
       fd_mul_t2.asm.obj              252     0         0      
       s_floor.c.obj                  248     0         0      
       memcpy_t2.asm.obj              156     0         0      
       ull_div_t2.asm.obj             150     0         0      
       vsnprintf.c.obj                136     0         0      
       memset_t2.asm.obj              122     0         0      
       copy_decompress_lzss.c.obj     104     0         0      
       s_frexp.c.obj                  100     0         0      
       sprintf.c.obj                  98      0         0      
       ltoa.c.obj                     84      0         0      
       atoi.c.obj                     76      0         0      
       fd_toi_t2.asm.obj              72      0         0      
       autoinit.c.obj                 68      0         0      
       fd_tou_t2.asm.obj              68      0         0      
       boot_cortex_m.c.obj            56      0         0      
       fs_tod_t2.asm.obj              56      0         0      
       i_tofd_t2.asm.obj              46      0         0      
       strcat.c.obj                   30      0         0      
       memccpy.c.obj                  28      0         0      
       strcmp.c.obj                   24      0         0      
       strchr.c.obj                   22      0         0      
       s_copysign.c.obj               20      0         0      
       strcpy.c.obj                   20      0         0      
       strlen.c.obj                   20      0         0      
       copy_zero_init.c.obj           18      0         0      
       wcslen.c.obj                   18      0         0      
       copy_decompress_none.c.obj     14      0         0      
       errno.c.obj                    8       0         4      
       _lock.c.obj                    2       0         8      
       exit.c.obj                     4       0         0      
       pre_init.c.obj                 4       0         0      
       div0.asm.obj                   2       0         0      
    +--+------------------------------+-------+---------+---------+
       Total:                         15579   777       24     
                                                               
       Heap:                          0       0         4096   
       Stack:                         0       0         4096   
       Linker Generated:              0       83        0      
    +--+------------------------------+-------+---------+---------+
       Grand Total:                   27519   1503      9046   


LINKER GENERATED COPY TABLES

__TI_cinit_table @ 00007160 records: 3, size/record: 8, table size: 24
	.data: load addr=00007120, load size=0000001f bytes, run addr=20002320, run size=0000003a bytes, compression=lzss
	.bss: load addr=00007150, load size=00000008 bytes, run addr=20002270, run size=000000b0 bytes, compression=zero_init
	.vtable: load addr=00007158, load size=00000008 bytes, run addr=20000000, run size=0000026c bytes, compression=zero_init


LINKER GENERATED HANDLER TABLE

__TI_handler_table @ 00007140 records: 3, size/record: 4, table size: 12
	index: 0, handler: __TI_zero_init
	index: 1, handler: __TI_decompress_lzss
	index: 2, handler: __TI_decompress_none


GLOBAL SYMBOLS: SORTED ALPHABETICALLY BY Name 

address   name                          
-------   ----                          
00006df1  C$$EXIT                       
00006dc3  CPUcpsie                      
00001839  GPIOF_Handler                 
00006d95  IntMasterEnable               
00006ba1  IntRegister                   
00006dcf  ResetISR                      
00005141  TIMER3_Handler                
0000472d  UART1_Handler                 
00004787  UART1_Receive                 
0000476b  UART1_Transmit                
20001270  __STACK_END                   
00001000  __STACK_SIZE                  
20000470  __STACK_TOP                   
00001000  __SYSMEM_SIZE                 
00007160  __TI_CINIT_Base               
00007178  __TI_CINIT_Limit              
00007140  __TI_Handler_Table_Base       
0000714c  __TI_Handler_Table_Limit      
00006975  __TI_auto_init_nobinit_nopinit
00006717  __TI_decompress_lzss          
00006db5  __TI_decompress_none          
ffffffff  __TI_pprof_out_hndl           
000019d5  __TI_printfi                  
ffffffff  __TI_prof_data_size           
ffffffff  __TI_prof_data_start          
00000000  __TI_static_base__            
00006d71  __TI_zero_init_nomemset       
000064a9  __aeabi_cdcmpeq               
000064a9  __aeabi_cdcmple               
0000652f  __aeabi_cdrcmple              
0000692d  __aeabi_d2iz                  
000069b9  __aeabi_d2uiz                 
00005463  __aeabi_dadd                  
00005c91  __aeabi_ddiv                  
00005ff9  __aeabi_dmul                  
00005459  __aeabi_dsub                  
00006de5  __aeabi_errno_addr            
00006b69  __aeabi_f2d                   
00006c05  __aeabi_i2d                   
0000560f  __aeabi_idiv0                 
0000560f  __aeabi_ldiv0                 
000065b5  __aeabi_memclr                
000065b5  __aeabi_memclr4               
000065b5  __aeabi_memclr8               
00006377  __aeabi_memcpy                
00006377  __aeabi_memcpy4               
00006377  __aeabi_memcpy8               
000065b7  __aeabi_memset                
000065b7  __aeabi_memset4               
000065b7  __aeabi_memset8               
00006413  __aeabi_uldivmod              
ffffffff  __binit__                     
ffffffff  __c_args__                    
00002df5  __kernel_rem_pio2             
0000434d  __kernel_tan                  
UNDEFED   __mpu_init                    
20000270  __stack                       
00006af9  _c_int00_noargs               
00006f50  _ctypes_                      
2000233c  _lock                         
00002433  _nop                          
20001270  _sys_memory                   
UNDEFED   _system_post_cinit            
00006ded  _system_pre_init              
20002340  _unlock                       
00006df1  abort                         
0000597b  adc_conversion                
0000594d  adc_read                      
000068e1  atoi                          
ffffffff  binit                         
00005aa7  button_checkButtons           
200022f4  button_event_ptr              
00005ab1  button_getButton              
00005a0d  button_init                   
20002300  button_num_ptr                
00004c87  button_servo_move             
20002350  calibration                   
00006c33  calloc                        
20002304  char_event_ptr                
00006d35  copysign                      
00006d35  copysignl                     
200022f8  currentDegree                 
20002359  edge                          
20002354  errno                         
20002344  event                         
20002308  events                        
2000230c  fallingEdge                   
000060f5  floor                         
000060f5  floorl                        
000061ed  free                          
00006781  frexp                         
00006781  frexpl                        
20000000  g_pfnRAMVectors               
00000000  g_pfnVectors                  
00001865  getDegrees                    
000015f5  go_charge                     
00005a8b  gpioe_handler                 
20002348  i                             
20002310  i_ptr                         
000058c1  init_ADC                      
00005a37  init_button_interrupts        
00006da5  lcd_clear                     
00004121  lcd_gotoLine                  
00003f89  lcd_init                      
00004187  lcd_printf                    
00004049  lcd_putc                      
00004081  lcd_puts                      
00004265  lcd_rotatingBanner            
0000409f  lcd_sendCommand               
000040dd  lcd_sendNibble                
00004149  lcd_setCursorPos              
00005ee9  ldexp                         
00005ee9  ldexpl                        
0000683b  ltoa                          
0000352d  main                          
00006631  malloc                        
00006ca3  memccpy                       
00006377  memcpy                        
000065bd  memset                        
00006b31  minit                         
00004a83  move_backward                 
0000492d  move_forward                  
0000491d  move_init                     
2000234c  multiplier                    
00000f39  oi_alloc                      
0000171f  oi_checkFirmware              
00000f8f  oi_close                      
00000f45  oi_free                       
00000f79  oi_init                       
00000f55  oi_init_noupdate              
0000158b  oi_loadSong                   
00006cef  oi_parseInt                   
00000ff3  oi_parsePacket                
000015e1  oi_play_song                  
00001505  oi_setLeds                    
00001549  oi_setWheels                  
000017c7  oi_shutoff_init               
00001603  oi_uartInit                   
000016a7  oi_uartReceive                
000016ed  oi_uartSendBuff               
0000168b  oi_uartSendChar               
000016cf  oi_uartSendStr                
00000fa1  oi_update                     
000051e5  ping_getDistance              
000050b1  ping_init                     
000051b5  ping_read                     
0000518d  ping_send                     
00004a21  plow_forward                  
00002435  pow                           
00002435  powl                          
20002314  pulseLength                   
000047d5  putty_display                 
00004843  putty_display2                
20002318  risingEdge                    
200022dc  s_data                        
2000231c  s_data_ptr                    
00005ee9  scalbn                        
00005ee9  scalbnl                       
00000281  scan_area                     
00000b19  scan_goal                     
0000026d  scan_init                     
00000a11  scan_quick                    
00004665  serial_init                   
00004bb9  servo_init                    
00004c3b  servo_move                    
000069fd  sprintf                       
00005611  sqrt                          
00005611  sqrtl                         
00006c85  strcat                        
00006d1f  strchr                        
00006d07  strcmp                        
00006d49  strcpy                        
00006d5d  strlen                        
00003a81  tan                           
00003a81  tanl                          
00005879  timer_getClock                
0000582d  timer_startClock              
000057c7  timer_startTimer              
0000587f  timer_stopClock               
00005817  timer_stopTimer               
0000579d  timer_waitMicros              
00005769  timer_waitMillis              
00004b3d  turn_left                     
00004acd  turn_right                    
000047c5  uart_sendChar                 
000047a7  uart_sendStr                  
00006a3d  vsnprintf                     
00006d83  wcslen                        


GLOBAL SYMBOLS: SORTED BY Symbol Address 

address   name                          
-------   ----                          
00000000  __TI_static_base__            
00000000  g_pfnVectors                  
0000026d  scan_init                     
00000281  scan_area                     
00000a11  scan_quick                    
00000b19  scan_goal                     
00000f39  oi_alloc                      
00000f45  oi_free                       
00000f55  oi_init_noupdate              
00000f79  oi_init                       
00000f8f  oi_close                      
00000fa1  oi_update                     
00000ff3  oi_parsePacket                
00001000  __STACK_SIZE                  
00001000  __SYSMEM_SIZE                 
00001505  oi_setLeds                    
00001549  oi_setWheels                  
0000158b  oi_loadSong                   
000015e1  oi_play_song                  
000015f5  go_charge                     
00001603  oi_uartInit                   
0000168b  oi_uartSendChar               
000016a7  oi_uartReceive                
000016cf  oi_uartSendStr                
000016ed  oi_uartSendBuff               
0000171f  oi_checkFirmware              
000017c7  oi_shutoff_init               
00001839  GPIOF_Handler                 
00001865  getDegrees                    
000019d5  __TI_printfi                  
00002433  _nop                          
00002435  pow                           
00002435  powl                          
00002df5  __kernel_rem_pio2             
0000352d  main                          
00003a81  tan                           
00003a81  tanl                          
00003f89  lcd_init                      
00004049  lcd_putc                      
00004081  lcd_puts                      
0000409f  lcd_sendCommand               
000040dd  lcd_sendNibble                
00004121  lcd_gotoLine                  
00004149  lcd_setCursorPos              
00004187  lcd_printf                    
00004265  lcd_rotatingBanner            
0000434d  __kernel_tan                  
00004665  serial_init                   
0000472d  UART1_Handler                 
0000476b  UART1_Transmit                
00004787  UART1_Receive                 
000047a7  uart_sendStr                  
000047c5  uart_sendChar                 
000047d5  putty_display                 
00004843  putty_display2                
0000491d  move_init                     
0000492d  move_forward                  
00004a21  plow_forward                  
00004a83  move_backward                 
00004acd  turn_right                    
00004b3d  turn_left                     
00004bb9  servo_init                    
00004c3b  servo_move                    
00004c87  button_servo_move             
000050b1  ping_init                     
00005141  TIMER3_Handler                
0000518d  ping_send                     
000051b5  ping_read                     
000051e5  ping_getDistance              
00005459  __aeabi_dsub                  
00005463  __aeabi_dadd                  
0000560f  __aeabi_idiv0                 
0000560f  __aeabi_ldiv0                 
00005611  sqrt                          
00005611  sqrtl                         
00005769  timer_waitMillis              
0000579d  timer_waitMicros              
000057c7  timer_startTimer              
00005817  timer_stopTimer               
0000582d  timer_startClock              
00005879  timer_getClock                
0000587f  timer_stopClock               
000058c1  init_ADC                      
0000594d  adc_read                      
0000597b  adc_conversion                
00005a0d  button_init                   
00005a37  init_button_interrupts        
00005a8b  gpioe_handler                 
00005aa7  button_checkButtons           
00005ab1  button_getButton              
00005c91  __aeabi_ddiv                  
00005ee9  ldexp                         
00005ee9  ldexpl                        
00005ee9  scalbn                        
00005ee9  scalbnl                       
00005ff9  __aeabi_dmul                  
000060f5  floor                         
000060f5  floorl                        
000061ed  free                          
00006377  __aeabi_memcpy                
00006377  __aeabi_memcpy4               
00006377  __aeabi_memcpy8               
00006377  memcpy                        
00006413  __aeabi_uldivmod              
000064a9  __aeabi_cdcmpeq               
000064a9  __aeabi_cdcmple               
0000652f  __aeabi_cdrcmple              
000065b5  __aeabi_memclr                
000065b5  __aeabi_memclr4               
000065b5  __aeabi_memclr8               
000065b7  __aeabi_memset                
000065b7  __aeabi_memset4               
000065b7  __aeabi_memset8               
000065bd  memset                        
00006631  malloc                        
00006717  __TI_decompress_lzss          
00006781  frexp                         
00006781  frexpl                        
0000683b  ltoa                          
000068e1  atoi                          
0000692d  __aeabi_d2iz                  
00006975  __TI_auto_init_nobinit_nopinit
000069b9  __aeabi_d2uiz                 
000069fd  sprintf                       
00006a3d  vsnprintf                     
00006af9  _c_int00_noargs               
00006b31  minit                         
00006b69  __aeabi_f2d                   
00006ba1  IntRegister                   
00006c05  __aeabi_i2d                   
00006c33  calloc                        
00006c85  strcat                        
00006ca3  memccpy                       
00006cef  oi_parseInt                   
00006d07  strcmp                        
00006d1f  strchr                        
00006d35  copysign                      
00006d35  copysignl                     
00006d49  strcpy                        
00006d5d  strlen                        
00006d71  __TI_zero_init_nomemset       
00006d83  wcslen                        
00006d95  IntMasterEnable               
00006da5  lcd_clear                     
00006db5  __TI_decompress_none          
00006dc3  CPUcpsie                      
00006dcf  ResetISR                      
00006de5  __aeabi_errno_addr            
00006ded  _system_pre_init              
00006df1  C$$EXIT                       
00006df1  abort                         
00006f50  _ctypes_                      
00007140  __TI_Handler_Table_Base       
0000714c  __TI_Handler_Table_Limit      
00007160  __TI_CINIT_Base               
00007178  __TI_CINIT_Limit              
20000000  g_pfnRAMVectors               
20000270  __stack                       
20000470  __STACK_TOP                   
20001270  __STACK_END                   
20001270  _sys_memory                   
200022dc  s_data                        
200022f4  button_event_ptr              
200022f8  currentDegree                 
20002300  button_num_ptr                
20002304  char_event_ptr                
20002308  events                        
2000230c  fallingEdge                   
20002310  i_ptr                         
20002314  pulseLength                   
20002318  risingEdge                    
2000231c  s_data_ptr                    
2000233c  _lock                         
20002340  _unlock                       
20002344  event                         
20002348  i                             
2000234c  multiplier                    
20002350  calibration                   
20002354  errno                         
20002359  edge                          
ffffffff  __TI_pprof_out_hndl           
ffffffff  __TI_prof_data_size           
ffffffff  __TI_prof_data_start          
ffffffff  __binit__                     
ffffffff  __c_args__                    
ffffffff  binit                         
UNDEFED   __mpu_init                    
UNDEFED   _system_post_cinit            

[188 symbols]
