******************************************************************************
                  TI ARM Linker PC v18.1.2                     
******************************************************************************
>> Linked Mon Mar  4 13:59:16 2019

OUTPUT FILE NAME:   <Lab5.out>
ENTRY POINT SYMBOL: "_c_int00_noargs"  address: 00004d25


MEMORY CONFIGURATION

         name            origin    length      used     unused   attr    fill
----------------------  --------  ---------  --------  --------  ----  --------
  FLASH                 00000000   00040000  00005466  0003ab9a  R  X
  SRAM                  20000000   00008000  000026a8  00005958  RW X


SEGMENT ALLOCATION MAP

run origin  load origin   length   init length attrs members
----------  ----------- ---------- ----------- ----- -------
00000000    00000000    00005470   00005470    r-x
  00000000    00000000    0000026c   0000026c    r-- .intvecs
  0000026c    0000026c    00004f6e   00004f6e    r-x .text
  000051e0    000051e0    000001e4   000001e4    r-- .const
  000053c8    000053c8    000000a8   000000a8    r-- .cinit
20000000    20000000    000026ac   00000000    rw-
  20000000    20000000    0000026c   00000000    rw- .vtable
  20000270    20000270    00001000   00000000    rw- .stack
  20001270    20001270    00001000   00000000    rw- .sysmem
  20002270    20002270    00000244   00000000    rw- .bss
  200024b4    200024b4    000001f8   00000000    rw- .data


SECTION ALLOCATION MAP

 output                                  attributes/
section   page    origin      length       input sections
--------  ----  ----------  ----------   ----------------
.intvecs   0    00000000    0000026c     
                  00000000    0000026c     tm4c123gh6pm_startup_ccs.obj (.intvecs)

.text      0    0000026c    00004f6e     
                  0000026c    00000af0     rtsv7M4_T_le_v4SPD16_eabi.lib : _scanfi.c.obj (.text:__TI_scanfi)
                  00000d5c    00000a5e                                   : _printfi.c.obj (.text:__TI_printfi)
                  000017ba    00000002                                   : _lock.c.obj (.text:_nop)
                  000017bc    00000460                                   : strtod.c.obj (.text:strtod)
                  00001c1c    000003c4     lcd.obj (.text)
                  00001fe0    000002b8     uart.obj (.text)
                  00002298    00000270     rtsv7M4_T_le_v4SPD16_eabi.lib : _printfi.c.obj (.text:_pconv_a)
                  00002508    000001dc                                   : strtoll.c.obj (.text:strtoll)
                  000026e4    000001d0                                   : _printfi.c.obj (.text:_pconv_g)
                  000028b4    000001b6                                   : fd_add_t2.asm.obj (.text)
                  00002a6a    00000002                                   : div0.asm.obj (.text)
                  00002a6c    0000015c                                   : strtoull.c.obj (.text:strtoull)
                  00002bc8    00000158     timer.obj (.text)
                  00002d20    0000013c     rtsv7M4_T_le_v4SPD16_eabi.lib : _printfi.c.obj (.text:_pconv_e)
                  00002e5c    00000136                                   : fd_div_t2.asm.obj (.text)
                  00002f92    00000002     --HOLE-- [fill = 0]
                  00002f94    00000130                                   : strtol.c.obj (.text:strtol)
                  000030c4    00000120                                   : _printfi.c.obj (.text:fcvt)
                  000031e4    00000114                                   : fputs.c.obj (.text:fputs)
                  000032f8    00000114     l1_main.obj (.text)
                  0000340c    00000110     rtsv7M4_T_le_v4SPD16_eabi.lib : s_scalbn.c.obj (.text:scalbn)
                  0000351c    00000110                                   : strtoul.c.obj (.text:strtoul)
                  0000362c    000000fc                                   : fd_mul_t2.asm.obj (.text)
                  00003728    000000dc                                   : setvbuf.c.obj (.text:setvbuf)
                  00003804    000000d8                                   : memory.c.obj (.text:free)
                  000038dc    000000d0                                   : fopen.c.obj (.text:_openfile)
                  000039ac    000000c8                                   : perror.c.obj (.text:perror)
                  00003a74    000000bc                                   : open.c.obj (.text:open)
                  00003b30    000000b1                                   : _printfi.c.obj (.text:_ltostr)
                  00003be1    00000003     --HOLE-- [fill = 0]
                  00003be4    0000009c                                   : _bufread.c.obj (.text:__TI_buff_read)
                  00003c80    0000009c                                   : fopen.c.obj (.text:fopen)
                  00003d1c    0000009c                                   : memcpy_t2.asm.obj (.text)
                  00003db8    00000096                                   : ull_div_t2.asm.obj (.text)
                  00003e4e    00000002     --HOLE-- [fill = 0]
                  00003e50    0000008c                                   : fputc.c.obj (.text:fputc)
                  00003edc    00000088                                   : fscanf.c.obj (.text:_chkmbc)
                  00003f64    00000086                                   : fd_cmp_t2.asm.obj (.text:__aeabi_cdcmple)
                  00003fea    00000086                                   : fd_cmp_t2.asm.obj (.text:__aeabi_cdrcmple)
                  00004070    00000084                                   : fgetc.c.obj (.text:fgetc)
                  000040f4    00000080     lab5_scan_data.lib : lab5_scan_data.obj (.text)
                  00004174    00000080     rtsv7M4_T_le_v4SPD16_eabi.lib : ungetc.c.obj (.text:ungetc)
                  000041f4    0000007a                                   : memset_t2.asm.obj (.text)
                  0000426e    00000002     --HOLE-- [fill = 0]
                  00004270    00000078                                   : memory.c.obj (.text:malloc)
                  000042e8    00000074                                   : fclose.c.obj (.text:__TI_closefile)
                  0000435c    0000006e                                   : _printfi.c.obj (.text:_mcpy)
                  000043ca    0000006e                                   : fd_tos_t2.asm.obj (.text)
                  00004438    00000068                                   : hostlseek.c.obj (.text:HOSTlseek)
                  000044a0    00000068                                   : hostrename.c.obj (.text:HOSTrename)
                  00004508    00000068                                   : copy_decompress_lzss.c.obj (.text:decompress:lzss:__TI_decompress_lzss)
                  00004570    00000068                                   : fscanf.c.obj (.text:fscanf)
                  000045d8    00000064                                   : s_frexp.c.obj (.text:frexp)
                  0000463c    00000064                                   : fseek.c.obj (.text:fseek)
                  000046a0    00000062                                   : _io_perm.c.obj (.text:__TI_wrt_ok)
                  00004702    00000002     --HOLE-- [fill = 0]
                  00004704    00000060                                   : hostopen.c.obj (.text:HOSTopen)
                  00004764    0000005c                                   : close.c.obj (.text:close)
                  000047c0    00000058                                   : hostread.c.obj (.text:HOSTread)
                  00004818    00000058                                   : hostwrite.c.obj (.text:HOSTwrite)
                  00004870    00000056                                   : _printfi.c.obj (.text:_pconv_f)
                  000048c6    00000054                                   : ltoa.c.obj (.text:ltoa)
                  0000491a    00000052                                   : _printfi.c.obj (.text:_ecpy)
                  0000496c    0000004c                                   : fflush.c.obj (.text:__TI_doflush)
                  000049b8    0000004c                                   : atoi.c.obj (.text:atoi)
                  00004a04    0000004a                                   : _io_perm.c.obj (.text:__TI_rd_ok)
                  00004a4e    00000002     --HOLE-- [fill = 0]
                  00004a50    00000048                                   : exit.c.obj (.text:exit)
                  00004a98    00000048                                   : fd_toi_t2.asm.obj (.text)
                  00004ae0    00000044                                   : hostclose.c.obj (.text:HOSTclose)
                  00004b24    00000044                                   : hostunlink.c.obj (.text:HOSTunlink)
                  00004b68    00000044                                   : autoinit.c.obj (.text:__TI_auto_init_nobinit_nopinit:__TI_auto_init_nobinit_nopinit)
                  00004bac    00000044                                   : getdevice.c.obj (.text:getdevice)
                  00004bf0    00000040                                   : sprintf.c.obj (.text:sprintf)
                  00004c30    00000040                                   : vsnprintf.c.obj (.text:vsnprintf)
                  00004c70    0000003e                                   : _printfi.c.obj (.text:_fcpy)
                  00004cae    00000002     --HOLE-- [fill = 0]
                  00004cb0    0000003c                                   : memory.c.obj (.text:minsert)
                  00004cec    00000038                                   : trgmsg.c.obj (.text:__TI_writemsg)
                  00004d24    00000038                                   : boot_cortex_m.c.obj (.text:_c_int00_noargs:_c_int00_noargs)
                  00004d5c    00000038                                   : memory.c.obj (.text:minit)
                  00004d94    00000038                                   : fs_tod_t2.asm.obj (.text)
                  00004dcc    00000036                                   : strncpy.c.obj (.text:strncpy)
                  00004e02    00000002     --HOLE-- [fill = 0]
                  00004e04    00000034     driverlib.lib : interrupt.obj (.text:IntRegister)
                  00004e38    00000034     rtsv7M4_T_le_v4SPD16_eabi.lib : fopen.c.obj (.text:__TI_cleanup)
                  00004e6c    00000034                                   : trgmsg.c.obj (.text:__TI_readmsg)
                  00004ea0    00000030                                   : vsnprintf.c.obj (.text:_outs)
                  00004ed0    00000030                                   : getdevice.c.obj (.text:finddevice)
                  00004f00    0000002e                                   : i_tofd_t2.asm.obj (.text)
                  00004f2e    00000002     --HOLE-- [fill = 0]
                  00004f30    0000002c                                   : fclose.c.obj (.text:fclose)
                  00004f5c    0000002c                                   : unlink.c.obj (.text:unlink)
                  00004f88    00000028                                   : lseek.c.obj (.text:lseek)
                  00004fb0    00000028                                   : memory.c.obj (.text:mremove)
                  00004fd8    00000028                                   : read.c.obj (.text:read)
                  00005000    00000028                                   : write.c.obj (.text:write)
                  00005028    00000020                                   : memchr.c.obj (.text:memchr)
                  00005048    0000001e                                   : strcat.c.obj (.text:strcat)
                  00005066    0000001c                                   : memccpy.c.obj (.text:memccpy)
                  00005082    00000018                                   : vsnprintf.c.obj (.text:_outc)
                  0000509a    00000018                                   : sprintf.c.obj (.text:_outs)
                  000050b2    00000018                                   : ll_mul_t2.asm.obj (.text)
                  000050ca    00000018                                   : strcmp.c.obj (.text:strcmp)
                  000050e2    00000018                                   : strrchr.c.obj (.text:strrchr)
                  000050fa    00000016                                   : strchr.c.obj (.text:strchr)
                  00005110    00000014                                   : s_copysign.c.obj (.text:copysign)
                  00005124    00000014                                   : strcpy.c.obj (.text:strcpy)
                  00005138    00000014                                   : strlen.c.obj (.text:strlen)
                  0000514c    00000012                                   : wcslen.c.obj (.text:wcslen)
                  0000515e    00000010     driverlib.lib : interrupt.obj (.text:IntMasterEnable)
                  0000516e    00000010     lcd.obj (.text:lcd_clear)
                  0000517e    0000000e     rtsv7M4_T_le_v4SPD16_eabi.lib : copy_decompress_none.c.obj (.text:decompress:none:__TI_decompress_none)
                  0000518c    0000000c     driverlib.lib : cpu.obj (.text:CPUcpsie)
                  00005198    0000000c     rtsv7M4_T_le_v4SPD16_eabi.lib : copy_zero_init.c.obj (.text:decompress:ZI:__TI_zero_init)
                  000051a4    0000000c     tm4c123gh6pm_startup_ccs.obj (.text)
                  000051b0    0000000a     rtsv7M4_T_le_v4SPD16_eabi.lib : sprintf.c.obj (.text:_outc)
                  000051ba    0000000a                                   : fscanf.c.obj (.text:_uninpchar)
                  000051c4    00000008                                   : errno.c.obj (.text:__aeabi_errno_addr)
                  000051cc    00000006                                   : fscanf.c.obj (.text:_inpchar)
                  000051d2    00000004                                   : pre_init.c.obj (.text:_system_pre_init)
                  000051d6    00000004                                   : exit.c.obj (.text:abort:abort)

.const     0    000051e0    000001e4     
                  000051e0    00000101     rtsv7M4_T_le_v4SPD16_eabi.lib : ctype.c.obj (.const:.string:_ctypes_)
                  000052e1    00000004     lcd.obj (.const:.string:lineAddress$1)
                  000052e5    00000003     --HOLE-- [fill = 0]
                  000052e8    000000c8     rtsv7M4_T_le_v4SPD16_eabi.lib : strtod.c.obj (.const:$O1$$)
                  000053b0    00000010                                   : _scanfi.c.obj (.const:$O1$$)
                  000053c0    00000004     lcd.obj (.const:.string:lineAddresses$2)

.cinit     0    000053c8    000000a8     
                  000053c8    00000073     (.cinit..data.load) [load image, compression = lzss]
                  0000543b    00000001     --HOLE-- [fill = 0]
                  0000543c    0000000c     (__TI_handler_table)
                  00005448    00000008     (.cinit..bss.load) [load image, compression = zero_init]
                  00005450    00000008     (.cinit..vtable.load) [load image, compression = zero_init]
                  00005458    00000018     (__TI_cinit_table)

.init_array 
*          0    00000000    00000000     UNINITIALIZED

.vtable    0    20000000    0000026c     UNINITIALIZED
                  20000000    0000026c     driverlib.lib : interrupt.obj (.vtable)

.stack     0    20000270    00001000     UNINITIALIZED
                  20000270    00000004     rtsv7M4_T_le_v4SPD16_eabi.lib : boot_cortex_m.c.obj (.stack)
                  20000274    00000ffc     --HOLE--

.sysmem    0    20001270    00001000     UNINITIALIZED
                  20001270    00000008     rtsv7M4_T_le_v4SPD16_eabi.lib : memory.c.obj (.sysmem)
                  20001278    00000ff8     --HOLE--

.bss       0    20002270    00000244     UNINITIALIZED
                  20002270    00000120     rtsv7M4_T_le_v4SPD16_eabi.lib : trgmsg.c.obj (.bss:_CIOBUF_)
                  20002390    000000a0     (.common:__TI_tmpnams)
                  20002430    00000054     lcd.obj (.bss:lastbuffer$3)
                  20002484    00000018     (.common:s_data)
                  2000249c    00000008     (.common:parmbuf)
                  200024a4    00000004     (.common:char_event_ptr)
                  200024a8    00000004     (.common:i)
                  200024ac    00000004     (.common:i_ptr)
                  200024b0    00000004     (.common:s_data_ptr)

.data      0    200024b4    000001f8     UNINITIALIZED
                  200024b4    000000f0     rtsv7M4_T_le_v4SPD16_eabi.lib : defs.c.obj (.data:_ftable)
                  200025a4    00000078                                   : write.c.obj (.data:_device)
                  2000261c    00000050                                   : write.c.obj (.data:_stream)
                  2000266c    00000010                                   : defs.c.obj (.data)
                  2000267c    0000000c                                   : exit.c.obj (.data:$O1$$)
                  20002688    0000000c                                   : memory.c.obj (.data:$O1$$)
                  20002694    00000008                                   : _lock.c.obj (.data:$O1$$)
                  2000269c    00000004     l1_main.obj (.data)
                  200026a0    00000004     rtsv7M4_T_le_v4SPD16_eabi.lib : errno.c.obj (.data)
                  200026a4    00000004                                   : fopen.c.obj (.data)
                  200026a8    00000004                                   : open.c.obj (.data)

MODULE SUMMARY

       Module                         code    ro data   rw data
       ------                         ----    -------   -------
    .\
       lcd.obj                        980     8         84     
       uart.obj                       696     0         12     
       tm4c123gh6pm_startup_ccs.obj   12      620       0      
       timer.obj                      344     0         0      
       l1_main.obj                    276     0         32     
    +--+------------------------------+-------+---------+---------+
       Total:                         2308    628       128    
                                                               
    ../lab5_scan_data.lib
       lab5_scan_data.obj             128     0         0      
    +--+------------------------------+-------+---------+---------+
       Total:                         128     0         0      
                                                               
    C:/ti/TivaWare_C_Series-2.1.4.178/driverlib/ccs/Debug/driverlib.lib
       interrupt.obj                  68      0         620    
       cpu.obj                        12      0         0      
    +--+------------------------------+-------+---------+---------+
       Total:                         80      0         620    
                                                               
    C:\ti\ccsv8\tools\compiler\ti-cgt-arm_18.1.2.LTS\lib\rtsv7M4_T_le_v4SPD16_eabi.lib
       _printfi.c.obj                 4863    0         0      
       _scanfi.c.obj                  2800    16        0      
       strtod.c.obj                   1120    200       0      
       memory.c.obj                   492     0         12     
       strtoll.c.obj                  476     0         0      
       fd_add_t2.asm.obj              438     0         0      
       fopen.c.obj                    416     0         4      
       defs.c.obj                     0       0         416    
       trgmsg.c.obj                   108     0         288    
       strtoull.c.obj                 348     0         0      
       fd_div_t2.asm.obj              310     0         0      
       strtol.c.obj                   304     0         0      
       fputs.c.obj                    276     0         0      
       s_scalbn.c.obj                 272     0         0      
       strtoul.c.obj                  272     0         0      
       fd_cmp_t2.asm.obj              268     0         0      
       ctype.c.obj                    0       257       0      
       fscanf.c.obj                   256     0         0      
       fd_mul_t2.asm.obj              252     0         0      
       write.c.obj                    40      0         200    
       setvbuf.c.obj                  220     0         0      
       perror.c.obj                   200     0         0      
       open.c.obj                     188     0         4      
       _io_perm.c.obj                 172     0         0      
       fclose.c.obj                   160     0         0      
       _bufread.c.obj                 156     0         0      
       memcpy_t2.asm.obj              156     0         0      
       ull_div_t2.asm.obj             150     0         0      
       fputc.c.obj                    140     0         0      
       vsnprintf.c.obj                136     0         0      
       fgetc.c.obj                    132     0         0      
       ungetc.c.obj                   128     0         0      
       memset_t2.asm.obj              122     0         0      
       getdevice.c.obj                116     0         0      
       fd_tos_t2.asm.obj              110     0         0      
       copy_decompress_lzss.c.obj     104     0         0      
       hostlseek.c.obj                104     0         0      
       hostopen.c.obj                 96      0         8      
       hostrename.c.obj               104     0         0      
       fseek.c.obj                    100     0         0      
       s_frexp.c.obj                  100     0         0      
       sprintf.c.obj                  98      0         0      
       close.c.obj                    92      0         0      
       exit.c.obj                     76      0         12     
       hostread.c.obj                 88      0         0      
       hostwrite.c.obj                88      0         0      
       ltoa.c.obj                     84      0         0      
       atoi.c.obj                     76      0         0      
       fflush.c.obj                   76      0         0      
       fd_toi_t2.asm.obj              72      0         0      
       autoinit.c.obj                 68      0         0      
       hostclose.c.obj                68      0         0      
       hostunlink.c.obj               68      0         0      
       boot_cortex_m.c.obj            56      0         0      
       fs_tod_t2.asm.obj              56      0         0      
       strncpy.c.obj                  54      0         0      
       i_tofd_t2.asm.obj              46      0         0      
       unlink.c.obj                   44      0         0      
       lseek.c.obj                    40      0         0      
       read.c.obj                     40      0         0      
       memchr.c.obj                   32      0         0      
       strcat.c.obj                   30      0         0      
       memccpy.c.obj                  28      0         0      
       ll_mul_t2.asm.obj              24      0         0      
       strcmp.c.obj                   24      0         0      
       strrchr.c.obj                  24      0         0      
       strchr.c.obj                   22      0         0      
       s_copysign.c.obj               20      0         0      
       strcpy.c.obj                   20      0         0      
       strlen.c.obj                   20      0         0      
       wcslen.c.obj                   18      0         0      
       copy_decompress_none.c.obj     14      0         0      
       copy_zero_init.c.obj           12      0         0      
       errno.c.obj                    8       0         4      
       _lock.c.obj                    2       0         8      
       pre_init.c.obj                 4       0         0      
       div0.asm.obj                   2       0         0      
    +--+------------------------------+-------+---------+---------+
       Total:                         17799   473       956    
                                                               
       Heap:                          0       0         4096   
       Stack:                         0       0         4096   
       Linker Generated:              0       167       0      
    +--+------------------------------+-------+---------+---------+
       Grand Total:                   20315   1268      9896   


LINKER GENERATED COPY TABLES

__TI_cinit_table @ 00005458 records: 3, size/record: 8, table size: 24
	.data: load addr=000053c8, load size=00000073 bytes, run addr=200024b4, run size=000001f8 bytes, compression=lzss
	.bss: load addr=00005448, load size=00000008 bytes, run addr=20002270, run size=00000244 bytes, compression=zero_init
	.vtable: load addr=00005450, load size=00000008 bytes, run addr=20000000, run size=0000026c bytes, compression=zero_init


LINKER GENERATED HANDLER TABLE

__TI_handler_table @ 0000543c records: 3, size/record: 4, table size: 12
	index: 0, handler: __TI_zero_init
	index: 1, handler: __TI_decompress_lzss
	index: 2, handler: __TI_decompress_none


GLOBAL SYMBOLS: SORTED ALPHABETICALLY BY Name 

address   name                           
-------   ----                           
000051d7  C$$EXIT                        
00004d1b  C$$IO$$                        
0000518d  CPUcpsie                       
00004ae1  HOSTclose                      
00004439  HOSTlseek                      
00004705  HOSTopen                       
000047c1  HOSTread                       
000044a1  HOSTrename                     
00004b25  HOSTunlink                     
00004819  HOSTwrite                      
0000515f  IntMasterEnable                
00004e05  IntRegister                    
000051a5  ResetISR                       
000020a9  UART1_Handler                  
00002103  UART1_Receive                  
000020e7  UART1_Transmit                 
20002270  __CIOBUF_                      
20001270  __STACK_END                    
00001000  __STACK_SIZE                   
20000470  __STACK_TOP                    
00001000  __SYSMEM_SIZE                  
00005458  __TI_CINIT_Base                
00005470  __TI_CINIT_Limit               
0000543c  __TI_Handler_Table_Base        
00005448  __TI_Handler_Table_Limit       
00004b69  __TI_auto_init_nobinit_nopinit 
00003be5  __TI_buff_read                 
00004e39  __TI_cleanup                   
2000267c  __TI_cleanup_ptr               
000042e9  __TI_closefile                 
00004509  __TI_decompress_lzss           
0000517f  __TI_decompress_none           
0000496d  __TI_doflush                   
20002680  __TI_dtors_ptr                 
20002684  __TI_enable_exit_profile_output
2000266c  __TI_ft_end                    
ffffffff  __TI_pprof_out_hndl            
00000d5d  __TI_printfi                   
ffffffff  __TI_prof_data_size            
ffffffff  __TI_prof_data_start           
00004a05  __TI_rd_ok                     
00004e6d  __TI_readmsg                   
0000026d  __TI_scanfi                    
00000000  __TI_static_base__             
20002390  __TI_tmpnams                   
00004ced  __TI_writemsg                  
000046a1  __TI_wrt_ok                    
00005199  __TI_zero_init                 
00003f65  __aeabi_cdcmpeq                
00003f65  __aeabi_cdcmple                
00003feb  __aeabi_cdrcmple               
000043cb  __aeabi_d2f                    
00004a99  __aeabi_d2iz                   
000028bf  __aeabi_dadd                   
00002e5d  __aeabi_ddiv                   
0000362d  __aeabi_dmul                   
000028b5  __aeabi_dsub                   
000051c5  __aeabi_errno_addr             
00004d95  __aeabi_f2d                    
00004f01  __aeabi_i2d                    
00002a6b  __aeabi_idiv0                  
00002a6b  __aeabi_ldiv0                  
000050b3  __aeabi_lmul                   
000041f5  __aeabi_memclr                 
000041f5  __aeabi_memclr4                
000041f5  __aeabi_memclr8                
00003d1d  __aeabi_memcpy                 
00003d1d  __aeabi_memcpy4                
00003d1d  __aeabi_memcpy8                
000041f7  __aeabi_memset                 
000041f7  __aeabi_memset4                
000041f7  __aeabi_memset8                
20002678  __aeabi_stderr                 
20002670  __aeabi_stdin                  
20002674  __aeabi_stdout                 
00003db9  __aeabi_uldivmod               
ffffffff  __binit__                      
ffffffff  __c_args__                     
UNDEFED   __mpu_init                     
20000270  __stack                        
00004d25  _c_int00_noargs                
000051e0  _ctypes_                       
200025a4  _device                        
200024b4  _ftable                        
20002694  _lock                          
000017bb  _nop                           
2000261c  _stream                        
20001270  _sys_memory                    
UNDEFED   _system_post_cinit             
000051d3  _system_pre_init               
20002698  _unlock                        
000051d7  abort                          
000049b9  atoi                           
ffffffff  binit                          
2000269c  char_event                     
200024a4  char_event_ptr                 
00004765  close                          
00005111  copysign                       
00005111  copysignl                      
200026a0  errno                          
00004a51  exit                           
00004f31  fclose                         
00004071  fgetc                          
00004ed1  finddevice                     
00003c81  fopen                          
00003e51  fputc                          
000031e5  fputs                          
00003805  free                           
000045d9  frexp                          
000045d9  frexpl                         
00004571  fscanf                         
0000463d  fseek                          
20000000  g_pfnRAMVectors                
00000000  g_pfnVectors                   
000040f5  get_reading                    
00004071  getc                           
00004bad  getdevice                      
200024a8  i                              
200024ac  i_ptr                          
0000516f  lcd_clear                      
00001db5  lcd_gotoLine                   
00001c1d  lcd_init                       
00001e1b  lcd_printf                     
00001cdd  lcd_putc                       
00001d15  lcd_puts                       
00001ef9  lcd_rotatingBanner             
00001d33  lcd_sendCommand                
00001d71  lcd_sendNibble                 
00001ddd  lcd_setCursorPos               
0000340d  ldexp                          
0000340d  ldexpl                         
00004f89  lseek                          
000048c7  ltoa                           
000032f9  main                           
00004271  malloc                         
00005067  memccpy                        
00005029  memchr                         
00003d1d  memcpy                         
000041fd  memset                         
00004d5d  minit                          
00003a75  open                           
2000249c  parmbuf                        
000039ad  perror                         
00003e51  putc                           
00002151  putty_display                  
000021bf  putty_display2                 
00004fd9  read                           
00004f5d  remove                         
20002484  s_data                         
200024b0  s_data_ptr                     
0000340d  scalbn                         
0000340d  scalbnl                        
00001fe1  serial_init                    
00003729  setvbuf                        
00004bf1  sprintf                        
00005049  strcat                         
000050fb  strchr                         
000050cb  strcmp                         
00005125  strcpy                         
00005139  strlen                         
00004dcd  strncpy                        
000050e3  strrchr                        
000017bd  strtod                         
00002f95  strtol                         
000017bd  strtold                        
00002509  strtoll                        
0000351d  strtoul                        
00002a6d  strtoull                       
00002cd9  timer_getClock                 
00002c8d  timer_startClock               
00002c27  timer_startTimer               
00002cdf  timer_stopClock                
00002c77  timer_stopTimer                
00002bfd  timer_waitMicros               
00002bc9  timer_waitMillis               
00002141  uart_sendChar                  
00002123  uart_sendStr                   
00004175  ungetc                         
00004f5d  unlink                         
00004c31  vsnprintf                      
0000514d  wcslen                         
00005001  write                          


GLOBAL SYMBOLS: SORTED BY Symbol Address 

address   name                           
-------   ----                           
00000000  __TI_static_base__             
00000000  g_pfnVectors                   
0000026d  __TI_scanfi                    
00000d5d  __TI_printfi                   
00001000  __STACK_SIZE                   
00001000  __SYSMEM_SIZE                  
000017bb  _nop                           
000017bd  strtod                         
000017bd  strtold                        
00001c1d  lcd_init                       
00001cdd  lcd_putc                       
00001d15  lcd_puts                       
00001d33  lcd_sendCommand                
00001d71  lcd_sendNibble                 
00001db5  lcd_gotoLine                   
00001ddd  lcd_setCursorPos               
00001e1b  lcd_printf                     
00001ef9  lcd_rotatingBanner             
00001fe1  serial_init                    
000020a9  UART1_Handler                  
000020e7  UART1_Transmit                 
00002103  UART1_Receive                  
00002123  uart_sendStr                   
00002141  uart_sendChar                  
00002151  putty_display                  
000021bf  putty_display2                 
00002509  strtoll                        
000028b5  __aeabi_dsub                   
000028bf  __aeabi_dadd                   
00002a6b  __aeabi_idiv0                  
00002a6b  __aeabi_ldiv0                  
00002a6d  strtoull                       
00002bc9  timer_waitMillis               
00002bfd  timer_waitMicros               
00002c27  timer_startTimer               
00002c77  timer_stopTimer                
00002c8d  timer_startClock               
00002cd9  timer_getClock                 
00002cdf  timer_stopClock                
00002e5d  __aeabi_ddiv                   
00002f95  strtol                         
000031e5  fputs                          
000032f9  main                           
0000340d  ldexp                          
0000340d  ldexpl                         
0000340d  scalbn                         
0000340d  scalbnl                        
0000351d  strtoul                        
0000362d  __aeabi_dmul                   
00003729  setvbuf                        
00003805  free                           
000039ad  perror                         
00003a75  open                           
00003be5  __TI_buff_read                 
00003c81  fopen                          
00003d1d  __aeabi_memcpy                 
00003d1d  __aeabi_memcpy4                
00003d1d  __aeabi_memcpy8                
00003d1d  memcpy                         
00003db9  __aeabi_uldivmod               
00003e51  fputc                          
00003e51  putc                           
00003f65  __aeabi_cdcmpeq                
00003f65  __aeabi_cdcmple                
00003feb  __aeabi_cdrcmple               
00004071  fgetc                          
00004071  getc                           
000040f5  get_reading                    
00004175  ungetc                         
000041f5  __aeabi_memclr                 
000041f5  __aeabi_memclr4                
000041f5  __aeabi_memclr8                
000041f7  __aeabi_memset                 
000041f7  __aeabi_memset4                
000041f7  __aeabi_memset8                
000041fd  memset                         
00004271  malloc                         
000042e9  __TI_closefile                 
000043cb  __aeabi_d2f                    
00004439  HOSTlseek                      
000044a1  HOSTrename                     
00004509  __TI_decompress_lzss           
00004571  fscanf                         
000045d9  frexp                          
000045d9  frexpl                         
0000463d  fseek                          
000046a1  __TI_wrt_ok                    
00004705  HOSTopen                       
00004765  close                          
000047c1  HOSTread                       
00004819  HOSTwrite                      
000048c7  ltoa                           
0000496d  __TI_doflush                   
000049b9  atoi                           
00004a05  __TI_rd_ok                     
00004a51  exit                           
00004a99  __aeabi_d2iz                   
00004ae1  HOSTclose                      
00004b25  HOSTunlink                     
00004b69  __TI_auto_init_nobinit_nopinit 
00004bad  getdevice                      
00004bf1  sprintf                        
00004c31  vsnprintf                      
00004ced  __TI_writemsg                  
00004d1b  C$$IO$$                        
00004d25  _c_int00_noargs                
00004d5d  minit                          
00004d95  __aeabi_f2d                    
00004dcd  strncpy                        
00004e05  IntRegister                    
00004e39  __TI_cleanup                   
00004e6d  __TI_readmsg                   
00004ed1  finddevice                     
00004f01  __aeabi_i2d                    
00004f31  fclose                         
00004f5d  remove                         
00004f5d  unlink                         
00004f89  lseek                          
00004fd9  read                           
00005001  write                          
00005029  memchr                         
00005049  strcat                         
00005067  memccpy                        
000050b3  __aeabi_lmul                   
000050cb  strcmp                         
000050e3  strrchr                        
000050fb  strchr                         
00005111  copysign                       
00005111  copysignl                      
00005125  strcpy                         
00005139  strlen                         
0000514d  wcslen                         
0000515f  IntMasterEnable                
0000516f  lcd_clear                      
0000517f  __TI_decompress_none           
0000518d  CPUcpsie                       
00005199  __TI_zero_init                 
000051a5  ResetISR                       
000051c5  __aeabi_errno_addr             
000051d3  _system_pre_init               
000051d7  C$$EXIT                        
000051d7  abort                          
000051e0  _ctypes_                       
0000543c  __TI_Handler_Table_Base        
00005448  __TI_Handler_Table_Limit       
00005458  __TI_CINIT_Base                
00005470  __TI_CINIT_Limit               
20000000  g_pfnRAMVectors                
20000270  __stack                        
20000470  __STACK_TOP                    
20001270  __STACK_END                    
20001270  _sys_memory                    
20002270  __CIOBUF_                      
20002390  __TI_tmpnams                   
20002484  s_data                         
2000249c  parmbuf                        
200024a4  char_event_ptr                 
200024a8  i                              
200024ac  i_ptr                          
200024b0  s_data_ptr                     
200024b4  _ftable                        
200025a4  _device                        
2000261c  _stream                        
2000266c  __TI_ft_end                    
20002670  __aeabi_stdin                  
20002674  __aeabi_stdout                 
20002678  __aeabi_stderr                 
2000267c  __TI_cleanup_ptr               
20002680  __TI_dtors_ptr                 
20002684  __TI_enable_exit_profile_output
20002694  _lock                          
20002698  _unlock                        
2000269c  char_event                     
200026a0  errno                          
ffffffff  __TI_pprof_out_hndl            
ffffffff  __TI_prof_data_size            
ffffffff  __TI_prof_data_start           
ffffffff  __binit__                      
ffffffff  __c_args__                     
ffffffff  binit                          
UNDEFED   __mpu_init                     
UNDEFED   _system_post_cinit             

[182 symbols]
