******************************************************************************
                  TI ARM Linker PC v18.1.2                     
******************************************************************************
>> Linked Tue Apr  2 14:04:25 2019

OUTPUT FILE NAME:   <Lab8.out>
ENTRY POINT SYMBOL: "_c_int00_noargs"  address: 00002871


MEMORY CONFIGURATION

         name            origin    length      used     unused   attr    fill
----------------------  --------  ---------  --------  --------  ----  --------
  FLASH                 00000000   00040000  00002bcd  0003d433  R  X
  SRAM                  20000000   00008000  000022d9  00005d27  RW X


SEGMENT ALLOCATION MAP

run origin  load origin   length   init length attrs members
----------  ----------- ---------- ----------- ----- -------
00000000    00000000    00002bd0   00002bd0    r-x
  00000000    00000000    0000026c   0000026c    r-- .intvecs
  0000026c    0000026c    00002818   00002818    r-x .text
  00002a84    00002a84    00000109   00000109    r-- .const
  00002b90    00002b90    00000040   00000040    r-- .cinit
20000000    20000000    000022dd   00000000    rw-
  20000000    20000000    0000026c   00000000    rw- .vtable
  20000270    20000270    00001000   00000000    rw- .stack
  20001270    20001270    00001000   00000000    rw- .sysmem
  20002270    20002270    00000064   00000000    rw- .bss
  200022d4    200022d4    00000009   00000000    rw- .data


SECTION ALLOCATION MAP

 output                                  attributes/
section   page    origin      length       input sections
--------  ----  ----------  ----------   ----------------
.intvecs   0    00000000    0000026c     
                  00000000    0000026c     tm4c123gh6pm_startup_ccs.obj (.intvecs)

.text      0    0000026c    00002818     
                  0000026c    00000a5e     rtsv7M4_T_le_v4SPD16_eabi.lib : _printfi.c.obj (.text:__TI_printfi)
                  00000cca    00000002                                   : div0.asm.obj (.text)
                  00000ccc    000003c4     lcd.obj (.text)
                  00001090    00000270     rtsv7M4_T_le_v4SPD16_eabi.lib : _printfi.c.obj (.text:_pconv_a)
                  00001300    0000026c     servo.obj (.text)
                  0000156c    000001d0     rtsv7M4_T_le_v4SPD16_eabi.lib : _printfi.c.obj (.text:_pconv_g)
                  0000173c    000001b6                                   : fd_add_t2.asm.obj (.text)
                  000018f2    00000002     --HOLE-- [fill = 0]
                  000018f4    00000158     timer.obj (.text)
                  00001a4c    00000148     button.obj (.text)
                  00001b94    0000013c     rtsv7M4_T_le_v4SPD16_eabi.lib : _printfi.c.obj (.text:_pconv_e)
                  00001cd0    00000136                                   : fd_div_t2.asm.obj (.text)
                  00001e06    00000002     --HOLE-- [fill = 0]
                  00001e08    00000120                                   : _printfi.c.obj (.text:fcvt)
                  00001f28    00000110                                   : s_scalbn.c.obj (.text:scalbn)
                  00002038    000000fc                                   : fd_mul_t2.asm.obj (.text)
                  00002134    000000b1                                   : _printfi.c.obj (.text:_ltostr)
                  000021e5    00000001     --HOLE-- [fill = 0]
                  000021e6    0000009c                                   : memcpy_t2.asm.obj (.text)
                  00002282    00000096                                   : ull_div_t2.asm.obj (.text)
                  00002318    00000086                                   : fd_cmp_t2.asm.obj (.text:__aeabi_cdcmple)
                  0000239e    00000086                                   : fd_cmp_t2.asm.obj (.text:__aeabi_cdrcmple)
                  00002424    0000007a                                   : memset_t2.asm.obj (.text)
                  0000249e    0000006e                                   : _printfi.c.obj (.text:_mcpy)
                  0000250c    00000068                                   : copy_decompress_lzss.c.obj (.text:decompress:lzss:__TI_decompress_lzss)
                  00002574    00000064                                   : s_frexp.c.obj (.text:frexp)
                  000025d8    00000056                                   : _printfi.c.obj (.text:_pconv_f)
                  0000262e    00000054                                   : ltoa.c.obj (.text:ltoa)
                  00002682    00000052                                   : _printfi.c.obj (.text:_ecpy)
                  000026d4    0000004c                                   : atoi.c.obj (.text:atoi)
                  00002720    00000048                                   : fd_toi_t2.asm.obj (.text)
                  00002768    00000044                                   : autoinit.c.obj (.text:__TI_auto_init_nobinit_nopinit:__TI_auto_init_nobinit_nopinit)
                  000027ac    00000044                                   : fd_tou_t2.asm.obj (.text)
                  000027f0    00000040                                   : vsnprintf.c.obj (.text:vsnprintf)
                  00002830    0000003e                                   : _printfi.c.obj (.text:_fcpy)
                  0000286e    00000002     --HOLE-- [fill = 0]
                  00002870    00000038                                   : boot_cortex_m.c.obj (.text:_c_int00_noargs:_c_int00_noargs)
                  000028a8    00000034     driverlib.lib : interrupt.obj (.text:IntRegister)
                  000028dc    00000030     rtsv7M4_T_le_v4SPD16_eabi.lib : vsnprintf.c.obj (.text:_outs)
                  0000290c    00000030     l1_main.obj (.text)
                  0000293c    0000002e     rtsv7M4_T_le_v4SPD16_eabi.lib : i_tofd_t2.asm.obj (.text)
                  0000296a    0000001e                                   : strcat.c.obj (.text:strcat)
                  00002988    0000001c                                   : memccpy.c.obj (.text:memccpy)
                  000029a4    00000018                                   : vsnprintf.c.obj (.text:_outc)
                  000029bc    00000018                                   : strcmp.c.obj (.text:strcmp)
                  000029d4    00000016                                   : strchr.c.obj (.text:strchr)
                  000029ea    00000014                                   : s_copysign.c.obj (.text:copysign)
                  000029fe    00000014                                   : strcpy.c.obj (.text:strcpy)
                  00002a12    00000014                                   : strlen.c.obj (.text:strlen)
                  00002a26    00000012                                   : copy_zero_init.c.obj (.text:decompress:ZI:__TI_zero_init_nomemset:__TI_zero_init_nomemset)
                  00002a38    00000012                                   : wcslen.c.obj (.text:wcslen)
                  00002a4a    00000010     lcd.obj (.text:lcd_clear)
                  00002a5a    0000000e     rtsv7M4_T_le_v4SPD16_eabi.lib : copy_decompress_none.c.obj (.text:decompress:none:__TI_decompress_none)
                  00002a68    0000000c     tm4c123gh6pm_startup_ccs.obj (.text)
                  00002a74    00000008     rtsv7M4_T_le_v4SPD16_eabi.lib : errno.c.obj (.text:__aeabi_errno_addr)
                  00002a7c    00000004                                   : pre_init.c.obj (.text:_system_pre_init)
                  00002a80    00000004                                   : exit.c.obj (.text:abort:abort)

.const     0    00002a84    00000109     
                  00002a84    00000101     rtsv7M4_T_le_v4SPD16_eabi.lib : ctype.c.obj (.const:.string:_ctypes_)
                  00002b85    00000004     lcd.obj (.const:.string:lineAddress$1)
                  00002b89    00000004     lcd.obj (.const:.string:lineAddresses$2)

.cinit     0    00002b90    00000040     
                  00002b90    0000000c     (__TI_handler_table)
                  00002b9c    0000000a     (.cinit..data.load) [load image, compression = lzss]
                  00002ba6    00000002     --HOLE-- [fill = 0]
                  00002ba8    00000008     (.cinit..bss.load) [load image, compression = zero_init]
                  00002bb0    00000008     (.cinit..vtable.load) [load image, compression = zero_init]
                  00002bb8    00000018     (__TI_cinit_table)

.init_array 
*          0    00000000    00000000     UNINITIALIZED

.vtable    0    20000000    0000026c     UNINITIALIZED
                  20000000    0000026c     driverlib.lib : interrupt.obj (.vtable)

.stack     0    20000270    00001000     UNINITIALIZED
                  20000270    00000004     rtsv7M4_T_le_v4SPD16_eabi.lib : boot_cortex_m.c.obj (.stack)
                  20000274    00000ffc     --HOLE--

.sysmem    0    20001270    00001000     UNINITIALIZED
                  20001270    00000008     rtsv7M4_T_le_v4SPD16_eabi.lib : memory.c.obj (.sysmem)
                  20001278    00000ff8     --HOLE--

.bss       0    20002270    00000064     UNINITIALIZED
                  20002270    00000054     lcd.obj (.bss:lastbuffer$3)
                  200022c4    00000004     (.common:button_event_ptr)
                  200022c8    00000008     (.common:currentDegree)
                  200022d0    00000004     (.common:button_num_ptr)

.data      0    200022d4    00000009     UNINITIALIZED
                  200022d4    00000004     rtsv7M4_T_le_v4SPD16_eabi.lib : errno.c.obj (.data)
                  200022d8    00000004     servo.obj (.data)
                  200022dc    00000001     button.obj (.data)

MODULE SUMMARY

       Module                         code    ro data   rw data
       ------                         ----    -------   -------
    .\
       lcd.obj                        980     8         84     
       tm4c123gh6pm_startup_ccs.obj   12      620       0      
       servo.obj                      620     0         4      
       timer.obj                      344     0         0      
       button.obj                     328     0         9      
       l1_main.obj                    48      0         8      
    +--+------------------------------+-------+---------+---------+
       Total:                         2332    628       105    
                                                               
    C:/ti/TivaWare_C_Series-2.1.4.178/driverlib/ccs/Debug/driverlib.lib
       interrupt.obj                  52      0         620    
    +--+------------------------------+-------+---------+---------+
       Total:                         52      0         620    
                                                               
    C:\ti\ccsv8\tools\compiler\ti-cgt-arm_18.1.2.LTS\lib\rtsv7M4_T_le_v4SPD16_eabi.lib
       _printfi.c.obj                 4863    0         0      
       fd_add_t2.asm.obj              438     0         0      
       fd_div_t2.asm.obj              310     0         0      
       s_scalbn.c.obj                 272     0         0      
       fd_cmp_t2.asm.obj              268     0         0      
       ctype.c.obj                    0       257       0      
       fd_mul_t2.asm.obj              252     0         0      
       memcpy_t2.asm.obj              156     0         0      
       ull_div_t2.asm.obj             150     0         0      
       vsnprintf.c.obj                136     0         0      
       memset_t2.asm.obj              122     0         0      
       copy_decompress_lzss.c.obj     104     0         0      
       s_frexp.c.obj                  100     0         0      
       ltoa.c.obj                     84      0         0      
       atoi.c.obj                     76      0         0      
       fd_toi_t2.asm.obj              72      0         0      
       autoinit.c.obj                 68      0         0      
       fd_tou_t2.asm.obj              68      0         0      
       boot_cortex_m.c.obj            56      0         0      
       i_tofd_t2.asm.obj              46      0         0      
       strcat.c.obj                   30      0         0      
       memccpy.c.obj                  28      0         0      
       strcmp.c.obj                   24      0         0      
       strchr.c.obj                   22      0         0      
       s_copysign.c.obj               20      0         0      
       strcpy.c.obj                   20      0         0      
       strlen.c.obj                   20      0         0      
       copy_zero_init.c.obj           18      0         0      
       wcslen.c.obj                   18      0         0      
       copy_decompress_none.c.obj     14      0         0      
       errno.c.obj                    8       0         4      
       exit.c.obj                     4       0         0      
       pre_init.c.obj                 4       0         0      
       div0.asm.obj                   2       0         0      
    +--+------------------------------+-------+---------+---------+
       Total:                         7873    257       4      
                                                               
       Heap:                          0       0         4096   
       Stack:                         0       0         4096   
       Linker Generated:              0       62        0      
    +--+------------------------------+-------+---------+---------+
       Grand Total:                   10257   947       8921   


LINKER GENERATED COPY TABLES

__TI_cinit_table @ 00002bb8 records: 3, size/record: 8, table size: 24
	.data: load addr=00002b9c, load size=0000000a bytes, run addr=200022d4, run size=00000009 bytes, compression=lzss
	.bss: load addr=00002ba8, load size=00000008 bytes, run addr=20002270, run size=00000064 bytes, compression=zero_init
	.vtable: load addr=00002bb0, load size=00000008 bytes, run addr=20000000, run size=0000026c bytes, compression=zero_init


LINKER GENERATED HANDLER TABLE

__TI_handler_table @ 00002b90 records: 3, size/record: 4, table size: 12
	index: 0, handler: __TI_zero_init
	index: 1, handler: __TI_decompress_lzss
	index: 2, handler: __TI_decompress_none


GLOBAL SYMBOLS: SORTED ALPHABETICALLY BY Name 

address   name                          
-------   ----                          
00002a81  C$$EXIT                       
000028a9  IntRegister                   
00002a69  ResetISR                      
20001270  __STACK_END                   
00001000  __STACK_SIZE                  
20000470  __STACK_TOP                   
00001000  __SYSMEM_SIZE                 
00002bb8  __TI_CINIT_Base               
00002bd0  __TI_CINIT_Limit              
00002b90  __TI_Handler_Table_Base       
00002b9c  __TI_Handler_Table_Limit      
00002769  __TI_auto_init_nobinit_nopinit
0000250d  __TI_decompress_lzss          
00002a5b  __TI_decompress_none          
ffffffff  __TI_pprof_out_hndl           
0000026d  __TI_printfi                  
ffffffff  __TI_prof_data_size           
ffffffff  __TI_prof_data_start          
00000000  __TI_static_base__            
00002a27  __TI_zero_init_nomemset       
00002319  __aeabi_cdcmpeq               
00002319  __aeabi_cdcmple               
0000239f  __aeabi_cdrcmple              
00002721  __aeabi_d2iz                  
000027ad  __aeabi_d2uiz                 
00001747  __aeabi_dadd                  
00001cd1  __aeabi_ddiv                  
00002039  __aeabi_dmul                  
0000173d  __aeabi_dsub                  
00002a75  __aeabi_errno_addr            
0000293d  __aeabi_i2d                   
00000ccb  __aeabi_idiv0                 
00000ccb  __aeabi_ldiv0                 
00002425  __aeabi_memclr                
00002425  __aeabi_memclr4               
00002425  __aeabi_memclr8               
000021e7  __aeabi_memcpy                
000021e7  __aeabi_memcpy4               
000021e7  __aeabi_memcpy8               
00002427  __aeabi_memset                
00002427  __aeabi_memset4               
00002427  __aeabi_memset8               
00002283  __aeabi_uldivmod              
ffffffff  __binit__                     
ffffffff  __c_args__                    
UNDEFED   __mpu_init                    
20000270  __stack                       
00002871  _c_int00_noargs               
00002a84  _ctypes_                      
20001270  _sys_memory                   
UNDEFED   _system_post_cinit            
00002a7d  _system_pre_init              
00002a81  abort                         
000026d5  atoi                          
ffffffff  binit                         
00001ae7  button_checkButtons           
200022c4  button_event_ptr              
00001af1  button_getButton              
00001a4d  button_init                   
200022d0  button_num_ptr                
000013b7  button_servo_move             
000029eb  copysign                      
000029eb  copysignl                     
200022c8  currentDegree                 
200022d4  errno                         
00002575  frexp                         
00002575  frexpl                        
20000000  g_pfnRAMVectors               
00000000  g_pfnVectors                  
00001acb  gpioe_handler                 
00001a77  init_button_interrupts        
00002a4b  lcd_clear                     
00000e65  lcd_gotoLine                  
00000ccd  lcd_init                      
00000ecb  lcd_printf                    
00000d8d  lcd_putc                      
00000dc5  lcd_puts                      
00000fa9  lcd_rotatingBanner            
00000de3  lcd_sendCommand               
00000e21  lcd_sendNibble                
00000e8d  lcd_setCursorPos              
00001f29  ldexp                         
00001f29  ldexpl                        
0000262f  ltoa                          
0000290d  main                          
00002989  memccpy                       
000021e7  memcpy                        
0000242d  memset                        
200022d8  multiplier                    
00001f29  scalbn                        
00001f29  scalbnl                       
00001301  servo_init                    
00001383  servo_move                    
0000296b  strcat                        
000029d5  strchr                        
000029bd  strcmp                        
000029ff  strcpy                        
00002a13  strlen                        
00001a05  timer_getClock                
000019b9  timer_startClock              
00001953  timer_startTimer              
00001a0b  timer_stopClock               
000019a3  timer_stopTimer               
00001929  timer_waitMicros              
000018f5  timer_waitMillis              
000027f1  vsnprintf                     
00002a39  wcslen                        


GLOBAL SYMBOLS: SORTED BY Symbol Address 

address   name                          
-------   ----                          
00000000  __TI_static_base__            
00000000  g_pfnVectors                  
0000026d  __TI_printfi                  
00000ccb  __aeabi_idiv0                 
00000ccb  __aeabi_ldiv0                 
00000ccd  lcd_init                      
00000d8d  lcd_putc                      
00000dc5  lcd_puts                      
00000de3  lcd_sendCommand               
00000e21  lcd_sendNibble                
00000e65  lcd_gotoLine                  
00000e8d  lcd_setCursorPos              
00000ecb  lcd_printf                    
00000fa9  lcd_rotatingBanner            
00001000  __STACK_SIZE                  
00001000  __SYSMEM_SIZE                 
00001301  servo_init                    
00001383  servo_move                    
000013b7  button_servo_move             
0000173d  __aeabi_dsub                  
00001747  __aeabi_dadd                  
000018f5  timer_waitMillis              
00001929  timer_waitMicros              
00001953  timer_startTimer              
000019a3  timer_stopTimer               
000019b9  timer_startClock              
00001a05  timer_getClock                
00001a0b  timer_stopClock               
00001a4d  button_init                   
00001a77  init_button_interrupts        
00001acb  gpioe_handler                 
00001ae7  button_checkButtons           
00001af1  button_getButton              
00001cd1  __aeabi_ddiv                  
00001f29  ldexp                         
00001f29  ldexpl                        
00001f29  scalbn                        
00001f29  scalbnl                       
00002039  __aeabi_dmul                  
000021e7  __aeabi_memcpy                
000021e7  __aeabi_memcpy4               
000021e7  __aeabi_memcpy8               
000021e7  memcpy                        
00002283  __aeabi_uldivmod              
00002319  __aeabi_cdcmpeq               
00002319  __aeabi_cdcmple               
0000239f  __aeabi_cdrcmple              
00002425  __aeabi_memclr                
00002425  __aeabi_memclr4               
00002425  __aeabi_memclr8               
00002427  __aeabi_memset                
00002427  __aeabi_memset4               
00002427  __aeabi_memset8               
0000242d  memset                        
0000250d  __TI_decompress_lzss          
00002575  frexp                         
00002575  frexpl                        
0000262f  ltoa                          
000026d5  atoi                          
00002721  __aeabi_d2iz                  
00002769  __TI_auto_init_nobinit_nopinit
000027ad  __aeabi_d2uiz                 
000027f1  vsnprintf                     
00002871  _c_int00_noargs               
000028a9  IntRegister                   
0000290d  main                          
0000293d  __aeabi_i2d                   
0000296b  strcat                        
00002989  memccpy                       
000029bd  strcmp                        
000029d5  strchr                        
000029eb  copysign                      
000029eb  copysignl                     
000029ff  strcpy                        
00002a13  strlen                        
00002a27  __TI_zero_init_nomemset       
00002a39  wcslen                        
00002a4b  lcd_clear                     
00002a5b  __TI_decompress_none          
00002a69  ResetISR                      
00002a75  __aeabi_errno_addr            
00002a7d  _system_pre_init              
00002a81  C$$EXIT                       
00002a81  abort                         
00002a84  _ctypes_                      
00002b90  __TI_Handler_Table_Base       
00002b9c  __TI_Handler_Table_Limit      
00002bb8  __TI_CINIT_Base               
00002bd0  __TI_CINIT_Limit              
20000000  g_pfnRAMVectors               
20000270  __stack                       
20000470  __STACK_TOP                   
20001270  __STACK_END                   
20001270  _sys_memory                   
200022c4  button_event_ptr              
200022c8  currentDegree                 
200022d0  button_num_ptr                
200022d4  errno                         
200022d8  multiplier                    
ffffffff  __TI_pprof_out_hndl           
ffffffff  __TI_prof_data_size           
ffffffff  __TI_prof_data_start          
ffffffff  __binit__                     
ffffffff  __c_args__                    
ffffffff  binit                         
UNDEFED   __mpu_init                    
UNDEFED   _system_post_cinit            

[107 symbols]
