<?xml version="1.0" encoding="ISO-8859-1" ?>
<link_info>
   <banner>TI ARM Linker PC v18.1.2.LTS</banner>
   <copyright>Copyright (c) 1996-2017 Texas Instruments Incorporated</copyright>
   <link_time>0x5cb4efb3</link_time>
   <link_errors>0x0</link_errors>
   <output_file>Lab9.out</output_file>
   <entry_point>
      <name>_c_int00_noargs</name>
      <address>0x4cf9</address>
   </entry_point>
   <input_file_list>
      <input_file id="fl-2">
         <path>.\</path>
         <kind>object</kind>
         <file>adc.obj</file>
         <name>adc.obj</name>
      </input_file>
      <input_file id="fl-3">
         <path>.\</path>
         <kind>object</kind>
         <file>button.obj</file>
         <name>button.obj</name>
      </input_file>
      <input_file id="fl-4">
         <path>.\</path>
         <kind>object</kind>
         <file>data.obj</file>
         <name>data.obj</name>
      </input_file>
      <input_file id="fl-5">
         <path>.\</path>
         <kind>object</kind>
         <file>l1_main.obj</file>
         <name>l1_main.obj</name>
      </input_file>
      <input_file id="fl-6">
         <path>.\</path>
         <kind>object</kind>
         <file>lcd.obj</file>
         <name>lcd.obj</name>
      </input_file>
      <input_file id="fl-7">
         <path>.\</path>
         <kind>object</kind>
         <file>movement.obj</file>
         <name>movement.obj</name>
      </input_file>
      <input_file id="fl-8">
         <path>.\</path>
         <kind>object</kind>
         <file>open_interface.obj</file>
         <name>open_interface.obj</name>
      </input_file>
      <input_file id="fl-9">
         <path>.\</path>
         <kind>object</kind>
         <file>ping.obj</file>
         <name>ping.obj</name>
      </input_file>
      <input_file id="fl-a">
         <path>.\</path>
         <kind>object</kind>
         <file>servo.obj</file>
         <name>servo.obj</name>
      </input_file>
      <input_file id="fl-b">
         <path>.\</path>
         <kind>object</kind>
         <file>timer.obj</file>
         <name>timer.obj</name>
      </input_file>
      <input_file id="fl-c">
         <path>.\</path>
         <kind>object</kind>
         <file>tm4c123gh6pm_startup_ccs.obj</file>
         <name>tm4c123gh6pm_startup_ccs.obj</name>
      </input_file>
      <input_file id="fl-d">
         <path>.\</path>
         <kind>object</kind>
         <file>uart.obj</file>
         <name>uart.obj</name>
      </input_file>
      <input_file id="fl-13">
         <kind>object</kind>
         <file>&lt;internal&gt;</file>
         <name>&lt;internal&gt;</name>
      </input_file>
      <input_file id="fl-c9">
         <path>C:\ti\ccsv8\tools\compiler\ti-cgt-arm_18.1.2.LTS\lib\</path>
         <kind>archive</kind>
         <file>rtsv7M4_T_le_v4SPD16_eabi.lib</file>
         <name>e_pow.c.obj</name>
      </input_file>
      <input_file id="fl-ca">
         <path>C:\ti\ccsv8\tools\compiler\ti-cgt-arm_18.1.2.LTS\lib\</path>
         <kind>archive</kind>
         <file>rtsv7M4_T_le_v4SPD16_eabi.lib</file>
         <name>e_sqrt.c.obj</name>
      </input_file>
      <input_file id="fl-cb">
         <path>C:\ti\ccsv8\tools\compiler\ti-cgt-arm_18.1.2.LTS\lib\</path>
         <kind>archive</kind>
         <file>rtsv7M4_T_le_v4SPD16_eabi.lib</file>
         <name>s_scalbn.c.obj</name>
      </input_file>
      <input_file id="fl-cc">
         <path>C:\ti\ccsv8\tools\compiler\ti-cgt-arm_18.1.2.LTS\lib\</path>
         <kind>archive</kind>
         <file>rtsv7M4_T_le_v4SPD16_eabi.lib</file>
         <name>s_tan.c.obj</name>
      </input_file>
      <input_file id="fl-cd">
         <path>C:\ti\ccsv8\tools\compiler\ti-cgt-arm_18.1.2.LTS\lib\</path>
         <kind>archive</kind>
         <file>rtsv7M4_T_le_v4SPD16_eabi.lib</file>
         <name>s_copysign.c.obj</name>
      </input_file>
      <input_file id="fl-ce">
         <path>C:\ti\ccsv8\tools\compiler\ti-cgt-arm_18.1.2.LTS\lib\</path>
         <kind>archive</kind>
         <file>rtsv7M4_T_le_v4SPD16_eabi.lib</file>
         <name>fd_add_t2.asm.obj</name>
      </input_file>
      <input_file id="fl-cf">
         <path>C:\ti\ccsv8\tools\compiler\ti-cgt-arm_18.1.2.LTS\lib\</path>
         <kind>archive</kind>
         <file>rtsv7M4_T_le_v4SPD16_eabi.lib</file>
         <name>fd_cmp_t2.asm.obj</name>
      </input_file>
      <input_file id="fl-d0">
         <path>C:\ti\ccsv8\tools\compiler\ti-cgt-arm_18.1.2.LTS\lib\</path>
         <kind>archive</kind>
         <file>rtsv7M4_T_le_v4SPD16_eabi.lib</file>
         <name>fd_div_t2.asm.obj</name>
      </input_file>
      <input_file id="fl-d1">
         <path>C:\ti\ccsv8\tools\compiler\ti-cgt-arm_18.1.2.LTS\lib\</path>
         <kind>archive</kind>
         <file>rtsv7M4_T_le_v4SPD16_eabi.lib</file>
         <name>fd_mul_t2.asm.obj</name>
      </input_file>
      <input_file id="fl-d2">
         <path>C:\ti\ccsv8\tools\compiler\ti-cgt-arm_18.1.2.LTS\lib\</path>
         <kind>archive</kind>
         <file>rtsv7M4_T_le_v4SPD16_eabi.lib</file>
         <name>fd_toi_t2.asm.obj</name>
      </input_file>
      <input_file id="fl-d3">
         <path>C:\ti\ccsv8\tools\compiler\ti-cgt-arm_18.1.2.LTS\lib\</path>
         <kind>archive</kind>
         <file>rtsv7M4_T_le_v4SPD16_eabi.lib</file>
         <name>fd_tou_t2.asm.obj</name>
      </input_file>
      <input_file id="fl-d4">
         <path>C:\ti\ccsv8\tools\compiler\ti-cgt-arm_18.1.2.LTS\lib\</path>
         <kind>archive</kind>
         <file>rtsv7M4_T_le_v4SPD16_eabi.lib</file>
         <name>fs_tod_t2.asm.obj</name>
      </input_file>
      <input_file id="fl-d5">
         <path>C:\ti\ccsv8\tools\compiler\ti-cgt-arm_18.1.2.LTS\lib\</path>
         <kind>archive</kind>
         <file>rtsv7M4_T_le_v4SPD16_eabi.lib</file>
         <name>i_tofd_t2.asm.obj</name>
      </input_file>
      <input_file id="fl-d6">
         <path>C:\ti\ccsv8\tools\compiler\ti-cgt-arm_18.1.2.LTS\lib\</path>
         <kind>archive</kind>
         <file>rtsv7M4_T_le_v4SPD16_eabi.lib</file>
         <name>memcpy_t2.asm.obj</name>
      </input_file>
      <input_file id="fl-d7">
         <path>C:\ti\ccsv8\tools\compiler\ti-cgt-arm_18.1.2.LTS\lib\</path>
         <kind>archive</kind>
         <file>rtsv7M4_T_le_v4SPD16_eabi.lib</file>
         <name>copy_zero_init.c.obj</name>
      </input_file>
      <input_file id="fl-d8">
         <path>C:\ti\ccsv8\tools\compiler\ti-cgt-arm_18.1.2.LTS\lib\</path>
         <kind>archive</kind>
         <file>rtsv7M4_T_le_v4SPD16_eabi.lib</file>
         <name>copy_decompress_none.c.obj</name>
      </input_file>
      <input_file id="fl-d9">
         <path>C:\ti\ccsv8\tools\compiler\ti-cgt-arm_18.1.2.LTS\lib\</path>
         <kind>archive</kind>
         <file>rtsv7M4_T_le_v4SPD16_eabi.lib</file>
         <name>copy_decompress_lzss.c.obj</name>
      </input_file>
      <input_file id="fl-da">
         <path>C:\ti\ccsv8\tools\compiler\ti-cgt-arm_18.1.2.LTS\lib\</path>
         <kind>archive</kind>
         <file>rtsv7M4_T_le_v4SPD16_eabi.lib</file>
         <name>boot_cortex_m.c.obj</name>
      </input_file>
      <input_file id="fl-db">
         <path>C:\ti\ccsv8\tools\compiler\ti-cgt-arm_18.1.2.LTS\lib\</path>
         <kind>archive</kind>
         <file>rtsv7M4_T_le_v4SPD16_eabi.lib</file>
         <name>errno.c.obj</name>
      </input_file>
      <input_file id="fl-dc">
         <path>C:\ti\ccsv8\tools\compiler\ti-cgt-arm_18.1.2.LTS\lib\</path>
         <kind>archive</kind>
         <file>rtsv7M4_T_le_v4SPD16_eabi.lib</file>
         <name>exit.c.obj</name>
      </input_file>
      <input_file id="fl-dd">
         <path>C:\ti\ccsv8\tools\compiler\ti-cgt-arm_18.1.2.LTS\lib\</path>
         <kind>archive</kind>
         <file>rtsv7M4_T_le_v4SPD16_eabi.lib</file>
         <name>memory.c.obj</name>
      </input_file>
      <input_file id="fl-de">
         <path>C:\ti\ccsv8\tools\compiler\ti-cgt-arm_18.1.2.LTS\lib\</path>
         <kind>archive</kind>
         <file>rtsv7M4_T_le_v4SPD16_eabi.lib</file>
         <name>_lock.c.obj</name>
      </input_file>
      <input_file id="fl-df">
         <path>C:\ti\ccsv8\tools\compiler\ti-cgt-arm_18.1.2.LTS\lib\</path>
         <kind>archive</kind>
         <file>rtsv7M4_T_le_v4SPD16_eabi.lib</file>
         <name>args_main.c.obj</name>
      </input_file>
      <input_file id="fl-e0">
         <path>C:\ti\ccsv8\tools\compiler\ti-cgt-arm_18.1.2.LTS\lib\</path>
         <kind>archive</kind>
         <file>rtsv7M4_T_le_v4SPD16_eabi.lib</file>
         <name>sprintf.c.obj</name>
      </input_file>
      <input_file id="fl-e1">
         <path>C:\ti\ccsv8\tools\compiler\ti-cgt-arm_18.1.2.LTS\lib\</path>
         <kind>archive</kind>
         <file>rtsv7M4_T_le_v4SPD16_eabi.lib</file>
         <name>strcat.c.obj</name>
      </input_file>
      <input_file id="fl-e2">
         <path>C:\ti\ccsv8\tools\compiler\ti-cgt-arm_18.1.2.LTS\lib\</path>
         <kind>archive</kind>
         <file>rtsv7M4_T_le_v4SPD16_eabi.lib</file>
         <name>strcmp.c.obj</name>
      </input_file>
      <input_file id="fl-e3">
         <path>C:\ti\ccsv8\tools\compiler\ti-cgt-arm_18.1.2.LTS\lib\</path>
         <kind>archive</kind>
         <file>rtsv7M4_T_le_v4SPD16_eabi.lib</file>
         <name>strcpy.c.obj</name>
      </input_file>
      <input_file id="fl-e4">
         <path>C:\ti\ccsv8\tools\compiler\ti-cgt-arm_18.1.2.LTS\lib\</path>
         <kind>archive</kind>
         <file>rtsv7M4_T_le_v4SPD16_eabi.lib</file>
         <name>strlen.c.obj</name>
      </input_file>
      <input_file id="fl-e5">
         <path>C:\ti\ccsv8\tools\compiler\ti-cgt-arm_18.1.2.LTS\lib\</path>
         <kind>archive</kind>
         <file>rtsv7M4_T_le_v4SPD16_eabi.lib</file>
         <name>vsnprintf.c.obj</name>
      </input_file>
      <input_file id="fl-e6">
         <path>C:\ti\ccsv8\tools\compiler\ti-cgt-arm_18.1.2.LTS\lib\</path>
         <kind>archive</kind>
         <file>rtsv7M4_T_le_v4SPD16_eabi.lib</file>
         <name>k_rem_pio2.c.obj</name>
      </input_file>
      <input_file id="fl-e7">
         <path>C:\ti\ccsv8\tools\compiler\ti-cgt-arm_18.1.2.LTS\lib\</path>
         <kind>archive</kind>
         <file>rtsv7M4_T_le_v4SPD16_eabi.lib</file>
         <name>k_tan.c.obj</name>
      </input_file>
      <input_file id="fl-e8">
         <path>C:\ti\ccsv8\tools\compiler\ti-cgt-arm_18.1.2.LTS\lib\</path>
         <kind>archive</kind>
         <file>rtsv7M4_T_le_v4SPD16_eabi.lib</file>
         <name>s_floor.c.obj</name>
      </input_file>
      <input_file id="fl-e9">
         <path>C:\ti\ccsv8\tools\compiler\ti-cgt-arm_18.1.2.LTS\lib\</path>
         <kind>archive</kind>
         <file>rtsv7M4_T_le_v4SPD16_eabi.lib</file>
         <name>memset_t2.asm.obj</name>
      </input_file>
      <input_file id="fl-ea">
         <path>C:\ti\ccsv8\tools\compiler\ti-cgt-arm_18.1.2.LTS\lib\</path>
         <kind>archive</kind>
         <file>rtsv7M4_T_le_v4SPD16_eabi.lib</file>
         <name>autoinit.c.obj</name>
      </input_file>
      <input_file id="fl-eb">
         <path>C:\ti\ccsv8\tools\compiler\ti-cgt-arm_18.1.2.LTS\lib\</path>
         <kind>archive</kind>
         <file>rtsv7M4_T_le_v4SPD16_eabi.lib</file>
         <name>pre_init.c.obj</name>
      </input_file>
      <input_file id="fl-ec">
         <path>C:\ti\ccsv8\tools\compiler\ti-cgt-arm_18.1.2.LTS\lib\</path>
         <kind>archive</kind>
         <file>rtsv7M4_T_le_v4SPD16_eabi.lib</file>
         <name>cpy_tbl.c.obj</name>
      </input_file>
      <input_file id="fl-ed">
         <path>C:\ti\ccsv8\tools\compiler\ti-cgt-arm_18.1.2.LTS\lib\</path>
         <kind>archive</kind>
         <file>rtsv7M4_T_le_v4SPD16_eabi.lib</file>
         <name>_printfi.c.obj</name>
      </input_file>
      <input_file id="fl-ee">
         <path>C:\ti\ccsv8\tools\compiler\ti-cgt-arm_18.1.2.LTS\lib\</path>
         <kind>archive</kind>
         <file>rtsv7M4_T_le_v4SPD16_eabi.lib</file>
         <name>atoi.c.obj</name>
      </input_file>
      <input_file id="fl-ef">
         <path>C:\ti\ccsv8\tools\compiler\ti-cgt-arm_18.1.2.LTS\lib\</path>
         <kind>archive</kind>
         <file>rtsv7M4_T_le_v4SPD16_eabi.lib</file>
         <name>ctype.c.obj</name>
      </input_file>
      <input_file id="fl-f0">
         <path>C:\ti\ccsv8\tools\compiler\ti-cgt-arm_18.1.2.LTS\lib\</path>
         <kind>archive</kind>
         <file>rtsv7M4_T_le_v4SPD16_eabi.lib</file>
         <name>ltoa.c.obj</name>
      </input_file>
      <input_file id="fl-f1">
         <path>C:\ti\ccsv8\tools\compiler\ti-cgt-arm_18.1.2.LTS\lib\</path>
         <kind>archive</kind>
         <file>rtsv7M4_T_le_v4SPD16_eabi.lib</file>
         <name>memccpy.c.obj</name>
      </input_file>
      <input_file id="fl-f2">
         <path>C:\ti\ccsv8\tools\compiler\ti-cgt-arm_18.1.2.LTS\lib\</path>
         <kind>archive</kind>
         <file>rtsv7M4_T_le_v4SPD16_eabi.lib</file>
         <name>strchr.c.obj</name>
      </input_file>
      <input_file id="fl-f3">
         <path>C:\ti\ccsv8\tools\compiler\ti-cgt-arm_18.1.2.LTS\lib\</path>
         <kind>archive</kind>
         <file>rtsv7M4_T_le_v4SPD16_eabi.lib</file>
         <name>s_frexp.c.obj</name>
      </input_file>
      <input_file id="fl-f4">
         <path>C:\ti\ccsv8\tools\compiler\ti-cgt-arm_18.1.2.LTS\lib\</path>
         <kind>archive</kind>
         <file>rtsv7M4_T_le_v4SPD16_eabi.lib</file>
         <name>wcslen.c.obj</name>
      </input_file>
      <input_file id="fl-f5">
         <path>C:\ti\ccsv8\tools\compiler\ti-cgt-arm_18.1.2.LTS\lib\</path>
         <kind>archive</kind>
         <file>rtsv7M4_T_le_v4SPD16_eabi.lib</file>
         <name>ull_div_t2.asm.obj</name>
      </input_file>
      <input_file id="fl-f6">
         <path>C:\ti\ccsv8\tools\compiler\ti-cgt-arm_18.1.2.LTS\lib\</path>
         <kind>archive</kind>
         <file>rtsv7M4_T_le_v4SPD16_eabi.lib</file>
         <name>div0.asm.obj</name>
      </input_file>
      <input_file id="fl-f7">
         <path>C:\ti\TivaWare_C_Series-2.1.4.178\driverlib\ccs\Debug\</path>
         <kind>archive</kind>
         <file>driverlib.lib</file>
         <name>interrupt.obj</name>
      </input_file>
      <input_file id="fl-f8">
         <path>C:\ti\TivaWare_C_Series-2.1.4.178\driverlib\ccs\Debug\</path>
         <kind>archive</kind>
         <file>driverlib.lib</file>
         <name>cpu.obj</name>
      </input_file>
   </input_file_list>
   <object_component_list>
      <object_component id="oc-f">
         <name>.intvecs</name>
         <load_address>0x0</load_address>
         <run_address>0x0</run_address>
         <size>0x26c</size>
         <input_file_ref idref="fl-c"/>
      </object_component>
      <object_component id="oc-20a">
         <name>.text:__TI_printfi</name>
         <load_address>0x26c</load_address>
         <run_address>0x26c</run_address>
         <size>0xa5e</size>
         <input_file_ref idref="fl-ed"/>
      </object_component>
      <object_component id="oc-3ba">
         <name>.text</name>
         <load_address>0xcca</load_address>
         <run_address>0xcca</run_address>
         <size>0x2</size>
         <input_file_ref idref="fl-f6"/>
      </object_component>
      <object_component id="oc-1be">
         <name>.text:pow</name>
         <load_address>0xccc</load_address>
         <run_address>0xccc</run_address>
         <size>0x9c0</size>
         <input_file_ref idref="fl-c9"/>
      </object_component>
      <object_component id="oc-1f1">
         <name>.text:__kernel_rem_pio2</name>
         <load_address>0x168c</load_address>
         <run_address>0x168c</run_address>
         <size>0x738</size>
         <input_file_ref idref="fl-e6"/>
      </object_component>
      <object_component id="oc-120">
         <name>.text:tan</name>
         <load_address>0x1dc4</load_address>
         <run_address>0x1dc4</run_address>
         <size>0x508</size>
         <input_file_ref idref="fl-cc"/>
      </object_component>
      <object_component id="oc-d3">
         <name>.text</name>
         <load_address>0x22cc</load_address>
         <run_address>0x22cc</run_address>
         <size>0x3c4</size>
         <input_file_ref idref="fl-6"/>
      </object_component>
      <object_component id="oc-1f7">
         <name>.text:__kernel_tan</name>
         <load_address>0x2690</load_address>
         <run_address>0x2690</run_address>
         <size>0x318</size>
         <input_file_ref idref="fl-e7"/>
      </object_component>
      <object_component id="oc-9f">
         <name>.text</name>
         <load_address>0x29a8</load_address>
         <run_address>0x29a8</run_address>
         <size>0x2e8</size>
         <input_file_ref idref="fl-5"/>
      </object_component>
      <object_component id="oc-f1">
         <name>.text</name>
         <load_address>0x2c90</load_address>
         <run_address>0x2c90</run_address>
         <size>0x2b8</size>
         <input_file_ref idref="fl-d"/>
      </object_component>
      <object_component id="oc-d9">
         <name>.text</name>
         <load_address>0x2f48</load_address>
         <run_address>0x2f48</run_address>
         <size>0x288</size>
         <input_file_ref idref="fl-a"/>
      </object_component>
      <object_component id="oc-2dc">
         <name>.text:_pconv_a</name>
         <load_address>0x31d0</load_address>
         <run_address>0x31d0</run_address>
         <size>0x270</size>
         <input_file_ref idref="fl-ed"/>
      </object_component>
      <object_component id="oc-eb">
         <name>.text</name>
         <load_address>0x3440</load_address>
         <run_address>0x3440</run_address>
         <size>0x1d8</size>
         <input_file_ref idref="fl-9"/>
      </object_component>
      <object_component id="oc-2ca">
         <name>.text:_pconv_g</name>
         <load_address>0x3618</load_address>
         <run_address>0x3618</run_address>
         <size>0x1d0</size>
         <input_file_ref idref="fl-ed"/>
      </object_component>
      <object_component id="oc-111">
         <name>.text</name>
         <load_address>0x37e8</load_address>
         <run_address>0x37e8</run_address>
         <size>0x1b6</size>
         <input_file_ref idref="fl-ce"/>
      </object_component>
      <object_component id="oc-27c">
         <name>.text:sqrt</name>
         <load_address>0x39a0</load_address>
         <run_address>0x39a0</run_address>
         <size>0x158</size>
         <input_file_ref idref="fl-ca"/>
      </object_component>
      <object_component id="oc-f7">
         <name>.text</name>
         <load_address>0x3af8</load_address>
         <run_address>0x3af8</run_address>
         <size>0x158</size>
         <input_file_ref idref="fl-b"/>
      </object_component>
      <object_component id="oc-e5">
         <name>.text</name>
         <load_address>0x3c50</load_address>
         <run_address>0x3c50</run_address>
         <size>0x14c</size>
         <input_file_ref idref="fl-2"/>
      </object_component>
      <object_component id="oc-df">
         <name>.text</name>
         <load_address>0x3d9c</load_address>
         <run_address>0x3d9c</run_address>
         <size>0x148</size>
         <input_file_ref idref="fl-3"/>
      </object_component>
      <object_component id="oc-2d6">
         <name>.text:_pconv_e</name>
         <load_address>0x3ee4</load_address>
         <run_address>0x3ee4</run_address>
         <size>0x13c</size>
         <input_file_ref idref="fl-ed"/>
      </object_component>
      <object_component id="oc-11b">
         <name>.text</name>
         <load_address>0x4020</load_address>
         <run_address>0x4020</run_address>
         <size>0x136</size>
         <input_file_ref idref="fl-d0"/>
      </object_component>
      <object_component id="oc-36f">
         <name>.text:fcvt</name>
         <load_address>0x4158</load_address>
         <run_address>0x4158</run_address>
         <size>0x120</size>
         <input_file_ref idref="fl-ed"/>
      </object_component>
      <object_component id="oc-285">
         <name>.text:scalbn</name>
         <load_address>0x4278</load_address>
         <run_address>0x4278</run_address>
         <size>0x110</size>
         <input_file_ref idref="fl-cb"/>
      </object_component>
      <object_component id="oc-107">
         <name>.text</name>
         <load_address>0x4388</load_address>
         <run_address>0x4388</run_address>
         <size>0xfc</size>
         <input_file_ref idref="fl-d1"/>
      </object_component>
      <object_component id="oc-29c">
         <name>.text:floor</name>
         <load_address>0x4484</load_address>
         <run_address>0x4484</run_address>
         <size>0xf8</size>
         <input_file_ref idref="fl-e8"/>
      </object_component>
      <object_component id="oc-2c4">
         <name>.text:_ltostr</name>
         <load_address>0x457c</load_address>
         <run_address>0x457c</run_address>
         <size>0xb1</size>
         <input_file_ref idref="fl-ed"/>
      </object_component>
      <object_component id="oc-3b">
         <name>.text</name>
         <load_address>0x462e</load_address>
         <run_address>0x462e</run_address>
         <size>0x9c</size>
         <input_file_ref idref="fl-d6"/>
      </object_component>
      <object_component id="oc-356">
         <name>.text</name>
         <load_address>0x46ca</load_address>
         <run_address>0x46ca</run_address>
         <size>0x96</size>
         <input_file_ref idref="fl-f5"/>
      </object_component>
      <object_component id="oc-10c">
         <name>.text:__aeabi_cdcmple</name>
         <load_address>0x4760</load_address>
         <run_address>0x4760</run_address>
         <size>0x86</size>
         <input_file_ref idref="fl-cf"/>
      </object_component>
      <object_component id="oc-116">
         <name>.text:__aeabi_cdrcmple</name>
         <load_address>0x47e6</load_address>
         <run_address>0x47e6</run_address>
         <size>0x86</size>
         <input_file_ref idref="fl-cf"/>
      </object_component>
      <object_component id="oc-93">
         <name>.text</name>
         <load_address>0x486c</load_address>
         <run_address>0x486c</run_address>
         <size>0x7a</size>
         <input_file_ref idref="fl-e9"/>
      </object_component>
      <object_component id="oc-368">
         <name>.text:_mcpy</name>
         <load_address>0x48e6</load_address>
         <run_address>0x48e6</run_address>
         <size>0x6e</size>
         <input_file_ref idref="fl-ed"/>
      </object_component>
      <object_component id="oc-12">
         <name>.text:decompress:lzss:__TI_decompress_lzss</name>
         <load_address>0x4954</load_address>
         <run_address>0x4954</run_address>
         <size>0x68</size>
         <input_file_ref idref="fl-d9"/>
      </object_component>
      <object_component id="oc-37d">
         <name>.text:frexp</name>
         <load_address>0x49bc</load_address>
         <run_address>0x49bc</run_address>
         <size>0x64</size>
         <input_file_ref idref="fl-f3"/>
      </object_component>
      <object_component id="oc-2d0">
         <name>.text:_pconv_f</name>
         <load_address>0x4a20</load_address>
         <run_address>0x4a20</run_address>
         <size>0x56</size>
         <input_file_ref idref="fl-ed"/>
      </object_component>
      <object_component id="oc-35c">
         <name>.text:ltoa</name>
         <load_address>0x4a76</load_address>
         <run_address>0x4a76</run_address>
         <size>0x54</size>
         <input_file_ref idref="fl-f0"/>
      </object_component>
      <object_component id="oc-362">
         <name>.text:_ecpy</name>
         <load_address>0x4aca</load_address>
         <run_address>0x4aca</run_address>
         <size>0x52</size>
         <input_file_ref idref="fl-ed"/>
      </object_component>
      <object_component id="oc-2be">
         <name>.text:atoi</name>
         <load_address>0x4b1c</load_address>
         <run_address>0x4b1c</run_address>
         <size>0x4c</size>
         <input_file_ref idref="fl-ee"/>
      </object_component>
      <object_component id="oc-1ec">
         <name>.text</name>
         <load_address>0x4b68</load_address>
         <run_address>0x4b68</run_address>
         <size>0x48</size>
         <input_file_ref idref="fl-d2"/>
      </object_component>
      <object_component id="oc-141">
         <name>.text:__TI_auto_init_nobinit_nopinit:__TI_auto_init_nobinit_nopinit</name>
         <load_address>0x4bb0</load_address>
         <run_address>0x4bb0</run_address>
         <size>0x44</size>
         <input_file_ref idref="fl-ea"/>
      </object_component>
      <object_component id="oc-1a4">
         <name>.text</name>
         <load_address>0x4bf4</load_address>
         <run_address>0x4bf4</run_address>
         <size>0x44</size>
         <input_file_ref idref="fl-d3"/>
      </object_component>
      <object_component id="oc-126">
         <name>.text:sprintf</name>
         <load_address>0x4c38</load_address>
         <run_address>0x4c38</run_address>
         <size>0x40</size>
         <input_file_ref idref="fl-e0"/>
      </object_component>
      <object_component id="oc-17c">
         <name>.text:vsnprintf</name>
         <load_address>0x4c78</load_address>
         <run_address>0x4c78</run_address>
         <size>0x40</size>
         <input_file_ref idref="fl-e5"/>
      </object_component>
      <object_component id="oc-375">
         <name>.text:_fcpy</name>
         <load_address>0x4cb8</load_address>
         <run_address>0x4cb8</run_address>
         <size>0x3e</size>
         <input_file_ref idref="fl-ed"/>
      </object_component>
      <object_component id="oc-59">
         <name>.text:_c_int00_noargs:_c_int00_noargs</name>
         <load_address>0x4cf8</load_address>
         <run_address>0x4cf8</run_address>
         <size>0x38</size>
         <input_file_ref idref="fl-da"/>
      </object_component>
      <object_component id="oc-102">
         <name>.text</name>
         <load_address>0x4d30</load_address>
         <run_address>0x4d30</run_address>
         <size>0x38</size>
         <input_file_ref idref="fl-d4"/>
      </object_component>
      <object_component id="oc-1b2">
         <name>.text:IntRegister</name>
         <load_address>0x4d68</load_address>
         <run_address>0x4d68</run_address>
         <size>0x34</size>
         <input_file_ref idref="fl-f7"/>
      </object_component>
      <object_component id="oc-242">
         <name>.text:_outs</name>
         <load_address>0x4d9c</load_address>
         <run_address>0x4d9c</run_address>
         <size>0x30</size>
         <input_file_ref idref="fl-e5"/>
      </object_component>
      <object_component id="oc-fd">
         <name>.text</name>
         <load_address>0x4dcc</load_address>
         <run_address>0x4dcc</run_address>
         <size>0x2e</size>
         <input_file_ref idref="fl-d5"/>
      </object_component>
      <object_component id="oc-194">
         <name>.text:strcat</name>
         <load_address>0x4dfa</load_address>
         <run_address>0x4dfa</run_address>
         <size>0x1e</size>
         <input_file_ref idref="fl-e1"/>
      </object_component>
      <object_component id="oc-2e2">
         <name>.text:memccpy</name>
         <load_address>0x4e18</load_address>
         <run_address>0x4e18</run_address>
         <size>0x1c</size>
         <input_file_ref idref="fl-f1"/>
      </object_component>
      <object_component id="oc-248">
         <name>.text:_outc</name>
         <load_address>0x4e34</load_address>
         <run_address>0x4e34</run_address>
         <size>0x18</size>
         <input_file_ref idref="fl-e5"/>
      </object_component>
      <object_component id="oc-210">
         <name>.text:_outs</name>
         <load_address>0x4e4c</load_address>
         <run_address>0x4e4c</run_address>
         <size>0x18</size>
         <input_file_ref idref="fl-e0"/>
      </object_component>
      <object_component id="oc-182">
         <name>.text:strcmp</name>
         <load_address>0x4e64</load_address>
         <run_address>0x4e64</run_address>
         <size>0x18</size>
         <input_file_ref idref="fl-e2"/>
      </object_component>
      <object_component id="oc-383">
         <name>.text:strchr</name>
         <load_address>0x4e7c</load_address>
         <run_address>0x4e7c</run_address>
         <size>0x16</size>
         <input_file_ref idref="fl-f2"/>
      </object_component>
      <object_component id="oc-333">
         <name>.text:copysign</name>
         <load_address>0x4e92</load_address>
         <run_address>0x4e92</run_address>
         <size>0x14</size>
         <input_file_ref idref="fl-cd"/>
      </object_component>
      <object_component id="oc-188">
         <name>.text:strcpy</name>
         <load_address>0x4ea6</load_address>
         <run_address>0x4ea6</run_address>
         <size>0x14</size>
         <input_file_ref idref="fl-e3"/>
      </object_component>
      <object_component id="oc-18e">
         <name>.text:strlen</name>
         <load_address>0x4eba</load_address>
         <run_address>0x4eba</run_address>
         <size>0x14</size>
         <input_file_ref idref="fl-e4"/>
      </object_component>
      <object_component id="oc-47">
         <name>.text:decompress:ZI:__TI_zero_init_nomemset:__TI_zero_init_nomemset</name>
         <load_address>0x4ece</load_address>
         <run_address>0x4ece</run_address>
         <size>0x12</size>
         <input_file_ref idref="fl-d7"/>
      </object_component>
      <object_component id="oc-2e8">
         <name>.text:wcslen</name>
         <load_address>0x4ee0</load_address>
         <run_address>0x4ee0</run_address>
         <size>0x12</size>
         <input_file_ref idref="fl-f4"/>
      </object_component>
      <object_component id="oc-1c5">
         <name>.text:IntMasterEnable</name>
         <load_address>0x4ef2</load_address>
         <run_address>0x4ef2</run_address>
         <size>0x10</size>
         <input_file_ref idref="fl-f7"/>
      </object_component>
      <object_component id="oc-175">
         <name>.text:lcd_clear</name>
         <load_address>0x4f02</load_address>
         <run_address>0x4f02</run_address>
         <size>0x10</size>
         <input_file_ref idref="fl-6"/>
      </object_component>
      <object_component id="oc-18">
         <name>.text:decompress:none:__TI_decompress_none</name>
         <load_address>0x4f12</load_address>
         <run_address>0x4f12</run_address>
         <size>0xe</size>
         <input_file_ref idref="fl-d8"/>
      </object_component>
      <object_component id="oc-28e">
         <name>.text:CPUcpsie</name>
         <load_address>0x4f20</load_address>
         <run_address>0x4f20</run_address>
         <size>0xc</size>
         <input_file_ref idref="fl-f8"/>
      </object_component>
      <object_component id="oc-27">
         <name>.text</name>
         <load_address>0x4f2c</load_address>
         <run_address>0x4f2c</run_address>
         <size>0xc</size>
         <input_file_ref idref="fl-c"/>
      </object_component>
      <object_component id="oc-216">
         <name>.text:_outc</name>
         <load_address>0x4f38</load_address>
         <run_address>0x4f38</run_address>
         <size>0xa</size>
         <input_file_ref idref="fl-e0"/>
      </object_component>
      <object_component id="oc-1fd">
         <name>.text:__aeabi_errno_addr</name>
         <load_address>0x4f44</load_address>
         <run_address>0x4f44</run_address>
         <size>0x8</size>
         <input_file_ref idref="fl-db"/>
      </object_component>
      <object_component id="oc-99">
         <name>.text:_system_pre_init</name>
         <load_address>0x4f4c</load_address>
         <run_address>0x4f4c</run_address>
         <size>0x4</size>
         <input_file_ref idref="fl-eb"/>
      </object_component>
      <object_component id="oc-135">
         <name>.text:abort:abort</name>
         <load_address>0x4f50</load_address>
         <run_address>0x4f50</run_address>
         <size>0x4</size>
         <input_file_ref idref="fl-dc"/>
      </object_component>
      <object_component id="oc-2a2">
         <name>.const:$O1$$</name>
         <load_address>0x4f58</load_address>
         <run_address>0x4f58</run_address>
         <size>0x158</size>
         <input_file_ref idref="fl-e6"/>
      </object_component>
      <object_component id="oc-351">
         <name>.const:.string:_ctypes_</name>
         <load_address>0x50b0</load_address>
         <run_address>0x50b0</run_address>
         <size>0x101</size>
         <input_file_ref idref="fl-ef"/>
      </object_component>
      <object_component id="oc-19a">
         <name>.const:.string:lineAddress$1</name>
         <load_address>0x51b1</load_address>
         <run_address>0x51b1</run_address>
         <size>0x4</size>
         <input_file_ref idref="fl-6"/>
      </object_component>
      <object_component id="oc-2ad">
         <name>.const:xxx</name>
         <load_address>0x51b8</load_address>
         <run_address>0x51b8</run_address>
         <size>0x80</size>
         <input_file_ref idref="fl-e7"/>
      </object_component>
      <object_component id="oc-282">
         <name>.const:$O1$$</name>
         <load_address>0x5238</load_address>
         <run_address>0x5238</run_address>
         <size>0x30</size>
         <input_file_ref idref="fl-c9"/>
      </object_component>
      <object_component id="oc-19b">
         <name>.const:.string:lineAddresses$2</name>
         <load_address>0x5268</load_address>
         <run_address>0x5268</run_address>
         <size>0x4</size>
         <input_file_ref idref="fl-6"/>
      </object_component>
      <object_component id="oc-40b">
         <name>.cinit..data.load</name>
         <load_address>0x5270</load_address>
         <run_address>0x5270</run_address>
         <size>0xf</size>
      </object_component>
      <object_component id="oc-408">
         <name>__TI_handler_table</name>
         <load_address>0x5280</load_address>
         <run_address>0x5280</run_address>
         <size>0xc</size>
      </object_component>
      <object_component id="oc-40c">
         <name>.cinit..bss.load</name>
         <load_address>0x5290</load_address>
         <run_address>0x5290</run_address>
         <size>0x8</size>
      </object_component>
      <object_component id="oc-40a">
         <name>.cinit..vtable.load</name>
         <load_address>0x5298</load_address>
         <run_address>0x5298</run_address>
         <size>0x8</size>
      </object_component>
      <object_component id="oc-409">
         <name>__TI_cinit_table</name>
         <load_address>0x52a0</load_address>
         <run_address>0x52a0</run_address>
         <size>0x18</size>
      </object_component>
      <object_component id="oc-270">
         <name>.vtable</name>
         <uninitialized>true</uninitialized>
         <run_address>0x20000000</run_address>
         <size>0x26c</size>
         <input_file_ref idref="fl-f7"/>
      </object_component>
      <object_component id="oc-1b8">
         <name>.data</name>
         <load_address>0x200023b8</load_address>
         <run_address>0x200023b8</run_address>
         <size>0x1</size>
         <input_file_ref idref="fl-3"/>
      </object_component>
      <object_component id="oc-12f">
         <name>.data</name>
         <load_address>0x200023b0</load_address>
         <run_address>0x200023b0</run_address>
         <size>0x4</size>
         <input_file_ref idref="fl-5"/>
      </object_component>
      <object_component id="oc-1cb">
         <name>.data</name>
         <load_address>0x200023b9</load_address>
         <run_address>0x200023b9</run_address>
         <size>0x1</size>
         <input_file_ref idref="fl-9"/>
      </object_component>
      <object_component id="oc-1ae">
         <name>.data</name>
         <load_address>0x200023a8</load_address>
         <run_address>0x200023a8</run_address>
         <size>0x8</size>
         <input_file_ref idref="fl-a"/>
      </object_component>
      <object_component id="oc-2b2">
         <name>.data</name>
         <load_address>0x200023b4</load_address>
         <run_address>0x200023b4</run_address>
         <size>0x4</size>
         <input_file_ref idref="fl-db"/>
      </object_component>
      <object_component id="oc-19c">
         <name>.bss:lastbuffer$3</name>
         <uninitialized>true</uninitialized>
         <run_address>0x20002310</run_address>
         <size>0x54</size>
         <input_file_ref idref="fl-6"/>
      </object_component>
      <object_component id="oc-1b9">
         <name>.common:button_event_ptr</name>
         <uninitialized>true</uninitialized>
         <run_address>0x2000237c</run_address>
         <size>0x4</size>
      </object_component>
      <object_component id="oc-1bc">
         <name>.common:button_num_ptr</name>
         <uninitialized>true</uninitialized>
         <run_address>0x20002388</run_address>
         <size>0x4</size>
      </object_component>
      <object_component id="oc-1ce">
         <name>.common:risingEdge</name>
         <uninitialized>true</uninitialized>
         <run_address>0x200023a0</run_address>
         <size>0x4</size>
      </object_component>
      <object_component id="oc-1d1">
         <name>.common:fallingEdge</name>
         <uninitialized>true</uninitialized>
         <run_address>0x20002390</run_address>
         <size>0x4</size>
      </object_component>
      <object_component id="oc-1d2">
         <name>.common:pulseLength</name>
         <uninitialized>true</uninitialized>
         <run_address>0x2000239c</run_address>
         <size>0x4</size>
      </object_component>
      <object_component id="oc-1a9">
         <name>.common:currentDegree</name>
         <uninitialized>true</uninitialized>
         <run_address>0x20002380</run_address>
         <size>0x8</size>
      </object_component>
      <object_component id="oc-12c">
         <name>.common:s_data</name>
         <uninitialized>true</uninitialized>
         <run_address>0x20002364</run_address>
         <size>0x18</size>
      </object_component>
      <object_component id="oc-132">
         <name>.common:i</name>
         <uninitialized>true</uninitialized>
         <run_address>0x20002394</run_address>
         <size>0x4</size>
      </object_component>
      <object_component id="oc-133">
         <name>.common:objects</name>
         <uninitialized>true</uninitialized>
         <run_address>0x20002270</run_address>
         <size>0xa0</size>
      </object_component>
      <object_component id="oc-1d9">
         <name>.common:char_event_ptr</name>
         <uninitialized>true</uninitialized>
         <run_address>0x2000238c</run_address>
         <size>0x4</size>
      </object_component>
      <object_component id="oc-1dc">
         <name>.common:s_data_ptr</name>
         <uninitialized>true</uninitialized>
         <run_address>0x200023a4</run_address>
         <size>0x4</size>
      </object_component>
      <object_component id="oc-1dd">
         <name>.common:i_ptr</name>
         <uninitialized>true</uninitialized>
         <run_address>0x20002398</run_address>
         <size>0x4</size>
      </object_component>
      <object_component id="oc-24">
         <name>.sysmem</name>
         <uninitialized>true</uninitialized>
         <run_address>0x20001270</run_address>
         <size>0x8</size>
         <input_file_ref idref="fl-dd"/>
      </object_component>
      <object_component id="oc-40e">
         <name>.sysmem</name>
         <uninitialized>true</uninitialized>
         <run_address>0x20001270</run_address>
         <size>0x0</size>
      </object_component>
      <object_component id="oc-21">
         <name>.stack</name>
         <uninitialized>true</uninitialized>
         <run_address>0x20000270</run_address>
         <size>0x4</size>
         <input_file_ref idref="fl-da"/>
      </object_component>
      <object_component id="oc-40d">
         <name>.stack</name>
         <uninitialized>true</uninitialized>
         <run_address>0x20000270</run_address>
         <size>0x0</size>
      </object_component>
      <object_component id="oc-c2">
         <name>.debug_info</name>
         <load_address>0x0</load_address>
         <run_address>0x0</run_address>
         <size>0x29e</size>
         <input_file_ref idref="fl-2"/>
      </object_component>
      <object_component id="oc-e6">
         <name>.debug_info</name>
         <load_address>0x29e</load_address>
         <run_address>0x29e</run_address>
         <size>0x25b</size>
         <input_file_ref idref="fl-2"/>
      </object_component>
      <object_component id="oc-74">
         <name>.debug_info</name>
         <load_address>0x4f9</load_address>
         <run_address>0x4f9</run_address>
         <size>0x26b</size>
         <input_file_ref idref="fl-2"/>
      </object_component>
      <object_component id="oc-36">
         <name>.debug_info</name>
         <load_address>0x764</load_address>
         <run_address>0x764</run_address>
         <size>0x84</size>
         <input_file_ref idref="fl-2"/>
      </object_component>
      <object_component id="oc-bd">
         <name>.debug_info</name>
         <load_address>0x7e8</load_address>
         <run_address>0x7e8</run_address>
         <size>0x297</size>
         <input_file_ref idref="fl-2"/>
      </object_component>
      <object_component id="oc-79">
         <name>.debug_info</name>
         <load_address>0xa7f</load_address>
         <run_address>0xa7f</run_address>
         <size>0xbb</size>
         <input_file_ref idref="fl-2"/>
      </object_component>
      <object_component id="oc-1ba">
         <name>.debug_info</name>
         <load_address>0xb3a</load_address>
         <run_address>0xb3a</run_address>
         <size>0x33b</size>
         <input_file_ref idref="fl-3"/>
      </object_component>
      <object_component id="oc-e1">
         <name>.debug_info</name>
         <load_address>0xe75</load_address>
         <run_address>0xe75</run_address>
         <size>0x366</size>
         <input_file_ref idref="fl-3"/>
      </object_component>
      <object_component id="oc-264">
         <name>.debug_info</name>
         <load_address>0x11db</load_address>
         <run_address>0x11db</run_address>
         <size>0xcc</size>
         <input_file_ref idref="fl-3"/>
      </object_component>
      <object_component id="oc-19f">
         <name>.debug_info</name>
         <load_address>0x12a7</load_address>
         <run_address>0x12a7</run_address>
         <size>0x2c</size>
         <input_file_ref idref="fl-3"/>
      </object_component>
      <object_component id="oc-1aa">
         <name>.debug_info</name>
         <load_address>0x12d3</load_address>
         <run_address>0x12d3</run_address>
         <size>0x3c4</size>
         <input_file_ref idref="fl-4"/>
      </object_component>
      <object_component id="oc-12d">
         <name>.debug_info</name>
         <load_address>0x1697</load_address>
         <run_address>0x1697</run_address>
         <size>0x5d4</size>
         <input_file_ref idref="fl-5"/>
      </object_component>
      <object_component id="oc-130">
         <name>.debug_info</name>
         <load_address>0x1c6b</load_address>
         <run_address>0x1c6b</run_address>
         <size>0xc7</size>
         <input_file_ref idref="fl-5"/>
      </object_component>
      <object_component id="oc-a0">
         <name>.debug_info</name>
         <load_address>0x1d32</load_address>
         <run_address>0x1d32</run_address>
         <size>0x54c</size>
         <input_file_ref idref="fl-5"/>
      </object_component>
      <object_component id="oc-19e">
         <name>.debug_info</name>
         <load_address>0x227e</load_address>
         <run_address>0x227e</run_address>
         <size>0x3ee</size>
         <input_file_ref idref="fl-6"/>
      </object_component>
      <object_component id="oc-176">
         <name>.debug_info</name>
         <load_address>0x266c</load_address>
         <run_address>0x266c</run_address>
         <size>0x116</size>
         <input_file_ref idref="fl-6"/>
      </object_component>
      <object_component id="oc-d5">
         <name>.debug_info</name>
         <load_address>0x2782</load_address>
         <run_address>0x2782</run_address>
         <size>0xa27</size>
         <input_file_ref idref="fl-6"/>
      </object_component>
      <object_component id="oc-1e0">
         <name>.debug_info</name>
         <load_address>0x31a9</load_address>
         <run_address>0x31a9</run_address>
         <size>0x2c</size>
         <input_file_ref idref="fl-7"/>
      </object_component>
      <object_component id="oc-1cf">
         <name>.debug_info</name>
         <load_address>0x31d5</load_address>
         <run_address>0x31d5</run_address>
         <size>0x387</size>
         <input_file_ref idref="fl-9"/>
      </object_component>
      <object_component id="oc-1cc">
         <name>.debug_info</name>
         <load_address>0x355c</load_address>
         <run_address>0x355c</run_address>
         <size>0xb8</size>
         <input_file_ref idref="fl-9"/>
      </object_component>
      <object_component id="oc-ec">
         <name>.debug_info</name>
         <load_address>0x3614</load_address>
         <run_address>0x3614</run_address>
         <size>0x292</size>
         <input_file_ref idref="fl-9"/>
      </object_component>
      <object_component id="oc-1d4">
         <name>.debug_info</name>
         <load_address>0x38a6</load_address>
         <run_address>0x38a6</run_address>
         <size>0x8b</size>
         <input_file_ref idref="fl-9"/>
      </object_component>
      <object_component id="oc-1ac">
         <name>.debug_info</name>
         <load_address>0x3931</load_address>
         <run_address>0x3931</run_address>
         <size>0x2a9</size>
         <input_file_ref idref="fl-a"/>
      </object_component>
      <object_component id="oc-1af">
         <name>.debug_info</name>
         <load_address>0x3bda</load_address>
         <run_address>0x3bda</run_address>
         <size>0xec</size>
         <input_file_ref idref="fl-a"/>
      </object_component>
      <object_component id="oc-da">
         <name>.debug_info</name>
         <load_address>0x3cc6</load_address>
         <run_address>0x3cc6</run_address>
         <size>0x3e9</size>
         <input_file_ref idref="fl-a"/>
      </object_component>
      <object_component id="oc-f8">
         <name>.debug_info</name>
         <load_address>0x40af</load_address>
         <run_address>0x40af</run_address>
         <size>0x3e6</size>
         <input_file_ref idref="fl-b"/>
      </object_component>
      <object_component id="oc-2f">
         <name>.debug_info</name>
         <load_address>0x4495</load_address>
         <run_address>0x4495</run_address>
         <size>0x29d</size>
         <input_file_ref idref="fl-c"/>
      </object_component>
      <object_component id="oc-10">
         <name>.debug_info</name>
         <load_address>0x4732</load_address>
         <run_address>0x4732</run_address>
         <size>0xdc</size>
         <input_file_ref idref="fl-c"/>
      </object_component>
      <object_component id="oc-28">
         <name>.debug_info</name>
         <load_address>0x480e</load_address>
         <run_address>0x480e</run_address>
         <size>0x258</size>
         <input_file_ref idref="fl-c"/>
      </object_component>
      <object_component id="oc-1da">
         <name>.debug_info</name>
         <load_address>0x4a66</load_address>
         <run_address>0x4a66</run_address>
         <size>0x37f</size>
         <input_file_ref idref="fl-d"/>
      </object_component>
      <object_component id="oc-f5">
         <name>.debug_info</name>
         <load_address>0x4de5</load_address>
         <run_address>0x4de5</run_address>
         <size>0x619</size>
         <input_file_ref idref="fl-d"/>
      </object_component>
      <object_component id="oc-28c">
         <name>.debug_info</name>
         <load_address>0x53fe</load_address>
         <run_address>0x53fe</run_address>
         <size>0x358</size>
         <input_file_ref idref="fl-c9"/>
      </object_component>
      <object_component id="oc-283">
         <name>.debug_info</name>
         <load_address>0x5756</load_address>
         <run_address>0x5756</run_address>
         <size>0x11d</size>
         <input_file_ref idref="fl-c9"/>
      </object_component>
      <object_component id="oc-1bf">
         <name>.debug_info</name>
         <load_address>0x5873</load_address>
         <run_address>0x5873</run_address>
         <size>0xbd9</size>
         <input_file_ref idref="fl-c9"/>
      </object_component>
      <object_component id="oc-2b9">
         <name>.debug_info</name>
         <load_address>0x644c</load_address>
         <run_address>0x644c</run_address>
         <size>0x46</size>
         <input_file_ref idref="fl-c9"/>
      </object_component>
      <object_component id="oc-205">
         <name>.debug_info</name>
         <load_address>0x6492</load_address>
         <run_address>0x6492</run_address>
         <size>0x39</size>
         <input_file_ref idref="fl-c9"/>
      </object_component>
      <object_component id="oc-330">
         <name>.debug_info</name>
         <load_address>0x64cb</load_address>
         <run_address>0x64cb</run_address>
         <size>0x2bf</size>
         <input_file_ref idref="fl-ca"/>
      </object_component>
      <object_component id="oc-27e">
         <name>.debug_info</name>
         <load_address>0x678a</load_address>
         <run_address>0x678a</run_address>
         <size>0x242</size>
         <input_file_ref idref="fl-ca"/>
      </object_component>
      <object_component id="oc-33a">
         <name>.debug_info</name>
         <load_address>0x69cc</load_address>
         <run_address>0x69cc</run_address>
         <size>0x2f2</size>
         <input_file_ref idref="fl-cb"/>
      </object_component>
      <object_component id="oc-289">
         <name>.debug_info</name>
         <load_address>0x6cbe</load_address>
         <run_address>0x6cbe</run_address>
         <size>0x21a</size>
         <input_file_ref idref="fl-cb"/>
      </object_component>
      <object_component id="oc-344">
         <name>.debug_info</name>
         <load_address>0x6ed8</load_address>
         <run_address>0x6ed8</run_address>
         <size>0x39</size>
         <input_file_ref idref="fl-cb"/>
      </object_component>
      <object_component id="oc-2a8">
         <name>.debug_info</name>
         <load_address>0x6f11</load_address>
         <run_address>0x6f11</run_address>
         <size>0x2c</size>
         <input_file_ref idref="fl-cb"/>
      </object_component>
      <object_component id="oc-204">
         <name>.debug_info</name>
         <load_address>0x6f3d</load_address>
         <run_address>0x6f3d</run_address>
         <size>0x3be</size>
         <input_file_ref idref="fl-cc"/>
      </object_component>
      <object_component id="oc-122">
         <name>.debug_info</name>
         <load_address>0x72fb</load_address>
         <run_address>0x72fb</run_address>
         <size>0x5c9</size>
         <input_file_ref idref="fl-cc"/>
      </object_component>
      <object_component id="oc-334">
         <name>.debug_info</name>
         <load_address>0x78c4</load_address>
         <run_address>0x78c4</run_address>
         <size>0x156</size>
         <input_file_ref idref="fl-cd"/>
      </object_component>
      <object_component id="oc-112">
         <name>.debug_info</name>
         <load_address>0x7a1a</load_address>
         <run_address>0x7a1a</run_address>
         <size>0x144</size>
         <input_file_ref idref="fl-ce"/>
      </object_component>
      <object_component id="oc-10e">
         <name>.debug_info</name>
         <load_address>0x7b5e</load_address>
         <run_address>0x7b5e</run_address>
         <size>0x120</size>
         <input_file_ref idref="fl-cf"/>
      </object_component>
      <object_component id="oc-119">
         <name>.debug_info</name>
         <load_address>0x7c7e</load_address>
         <run_address>0x7c7e</run_address>
         <size>0x122</size>
         <input_file_ref idref="fl-cf"/>
      </object_component>
      <object_component id="oc-11c">
         <name>.debug_info</name>
         <load_address>0x7da0</load_address>
         <run_address>0x7da0</run_address>
         <size>0x132</size>
         <input_file_ref idref="fl-d0"/>
      </object_component>
      <object_component id="oc-108">
         <name>.debug_info</name>
         <load_address>0x7ed2</load_address>
         <run_address>0x7ed2</run_address>
         <size>0x132</size>
         <input_file_ref idref="fl-d1"/>
      </object_component>
      <object_component id="oc-1ed">
         <name>.debug_info</name>
         <load_address>0x8004</load_address>
         <run_address>0x8004</run_address>
         <size>0x126</size>
         <input_file_ref idref="fl-d2"/>
      </object_component>
      <object_component id="oc-1a5">
         <name>.debug_info</name>
         <load_address>0x812a</load_address>
         <run_address>0x812a</run_address>
         <size>0x131</size>
         <input_file_ref idref="fl-d3"/>
      </object_component>
      <object_component id="oc-105">
         <name>.debug_info</name>
         <load_address>0x825b</load_address>
         <run_address>0x825b</run_address>
         <size>0x124</size>
         <input_file_ref idref="fl-d4"/>
      </object_component>
      <object_component id="oc-fe">
         <name>.debug_info</name>
         <load_address>0x837f</load_address>
         <run_address>0x837f</run_address>
         <size>0x124</size>
         <input_file_ref idref="fl-d5"/>
      </object_component>
      <object_component id="oc-3e">
         <name>.debug_info</name>
         <load_address>0x84a3</load_address>
         <run_address>0x84a3</run_address>
         <size>0x111</size>
         <input_file_ref idref="fl-d6"/>
      </object_component>
      <object_component id="oc-92">
         <name>.debug_info</name>
         <load_address>0x85b4</load_address>
         <run_address>0x85b4</run_address>
         <size>0x313</size>
         <input_file_ref idref="fl-d7"/>
      </object_component>
      <object_component id="oc-48">
         <name>.debug_info</name>
         <load_address>0x88c7</load_address>
         <run_address>0x88c7</run_address>
         <size>0x1b4</size>
         <input_file_ref idref="fl-d7"/>
      </object_component>
      <object_component id="oc-8d">
         <name>.debug_info</name>
         <load_address>0x8a7b</load_address>
         <run_address>0x8a7b</run_address>
         <size>0x46</size>
         <input_file_ref idref="fl-d7"/>
      </object_component>
      <object_component id="oc-ca">
         <name>.debug_info</name>
         <load_address>0x8ac1</load_address>
         <run_address>0x8ac1</run_address>
         <size>0x2c</size>
         <input_file_ref idref="fl-d7"/>
      </object_component>
      <object_component id="oc-46">
         <name>.debug_info</name>
         <load_address>0x8aed</load_address>
         <run_address>0x8aed</run_address>
         <size>0x29d</size>
         <input_file_ref idref="fl-d8"/>
      </object_component>
      <object_component id="oc-1b">
         <name>.debug_info</name>
         <load_address>0x8d8a</load_address>
         <run_address>0x8d8a</run_address>
         <size>0x1df</size>
         <input_file_ref idref="fl-d8"/>
      </object_component>
      <object_component id="oc-41">
         <name>.debug_info</name>
         <load_address>0x8f69</load_address>
         <run_address>0x8f69</run_address>
         <size>0x46</size>
         <input_file_ref idref="fl-d8"/>
      </object_component>
      <object_component id="oc-85">
         <name>.debug_info</name>
         <load_address>0x8faf</load_address>
         <run_address>0x8faf</run_address>
         <size>0x2c</size>
         <input_file_ref idref="fl-d8"/>
      </object_component>
      <object_component id="oc-83">
         <name>.debug_info</name>
         <load_address>0x8fdb</load_address>
         <run_address>0x8fdb</run_address>
         <size>0x293</size>
         <input_file_ref idref="fl-d9"/>
      </object_component>
      <object_component id="oc-13">
         <name>.debug_info</name>
         <load_address>0x926e</load_address>
         <run_address>0x926e</run_address>
         <size>0x245</size>
         <input_file_ref idref="fl-d9"/>
      </object_component>
      <object_component id="oc-31">
         <name>.debug_info</name>
         <load_address>0x94b3</load_address>
         <run_address>0x94b3</run_address>
         <size>0x60</size>
         <input_file_ref idref="fl-d9"/>
      </object_component>
      <object_component id="oc-c3">
         <name>.debug_info</name>
         <load_address>0x9513</load_address>
         <run_address>0x9513</run_address>
         <size>0x46</size>
         <input_file_ref idref="fl-d9"/>
      </object_component>
      <object_component id="oc-7e">
         <name>.debug_info</name>
         <load_address>0x9559</load_address>
         <run_address>0x9559</run_address>
         <size>0x39</size>
         <input_file_ref idref="fl-d9"/>
      </object_component>
      <object_component id="oc-22">
         <name>.debug_info</name>
         <load_address>0x9592</load_address>
         <run_address>0x9592</run_address>
         <size>0x100</size>
         <input_file_ref idref="fl-da"/>
      </object_component>
      <object_component id="oc-5c">
         <name>.debug_info</name>
         <load_address>0x9692</load_address>
         <run_address>0x9692</run_address>
         <size>0x1a4</size>
         <input_file_ref idref="fl-da"/>
      </object_component>
      <object_component id="oc-2b6">
         <name>.debug_info</name>
         <load_address>0x9836</load_address>
         <run_address>0x9836</run_address>
         <size>0x27e</size>
         <input_file_ref idref="fl-db"/>
      </object_component>
      <object_component id="oc-2b3">
         <name>.debug_info</name>
         <load_address>0x9ab4</load_address>
         <run_address>0x9ab4</run_address>
         <size>0x103</size>
         <input_file_ref idref="fl-db"/>
      </object_component>
      <object_component id="oc-1ff">
         <name>.debug_info</name>
         <load_address>0x9bb7</load_address>
         <run_address>0x9bb7</run_address>
         <size>0x143</size>
         <input_file_ref idref="fl-db"/>
      </object_component>
      <object_component id="oc-136">
         <name>.debug_info</name>
         <load_address>0x9cfa</load_address>
         <run_address>0x9cfa</run_address>
         <size>0x117</size>
         <input_file_ref idref="fl-dc"/>
      </object_component>
      <object_component id="oc-6f">
         <name>.debug_info</name>
         <load_address>0x9e11</load_address>
         <run_address>0x9e11</run_address>
         <size>0x3bb</size>
         <input_file_ref idref="fl-dd"/>
      </object_component>
      <object_component id="oc-25">
         <name>.debug_info</name>
         <load_address>0xa1cc</load_address>
         <run_address>0xa1cc</run_address>
         <size>0x101</size>
         <input_file_ref idref="fl-dd"/>
      </object_component>
      <object_component id="oc-b3">
         <name>.debug_info</name>
         <load_address>0xa2cd</load_address>
         <run_address>0xa2cd</run_address>
         <size>0x2c</size>
         <input_file_ref idref="fl-dd"/>
      </object_component>
      <object_component id="oc-b8">
         <name>.debug_info</name>
         <load_address>0xa2f9</load_address>
         <run_address>0xa2f9</run_address>
         <size>0x62</size>
         <input_file_ref idref="fl-dd"/>
      </object_component>
      <object_component id="oc-21d">
         <name>.debug_info</name>
         <load_address>0xa35b</load_address>
         <run_address>0xa35b</run_address>
         <size>0x328</size>
         <input_file_ref idref="fl-e0"/>
      </object_component>
      <object_component id="oc-128">
         <name>.debug_info</name>
         <load_address>0xa683</load_address>
         <run_address>0xa683</run_address>
         <size>0x1c6</size>
         <input_file_ref idref="fl-e0"/>
      </object_component>
      <object_component id="oc-213">
         <name>.debug_info</name>
         <load_address>0xa849</load_address>
         <run_address>0xa849</run_address>
         <size>0x182</size>
         <input_file_ref idref="fl-e0"/>
      </object_component>
      <object_component id="oc-218">
         <name>.debug_info</name>
         <load_address>0xa9cb</load_address>
         <run_address>0xa9cb</run_address>
         <size>0x162</size>
         <input_file_ref idref="fl-e0"/>
      </object_component>
      <object_component id="oc-250">
         <name>.debug_info</name>
         <load_address>0xab2d</load_address>
         <run_address>0xab2d</run_address>
         <size>0x2c</size>
         <input_file_ref idref="fl-e0"/>
      </object_component>
      <object_component id="oc-261">
         <name>.debug_info</name>
         <load_address>0xab59</load_address>
         <run_address>0xab59</run_address>
         <size>0x299</size>
         <input_file_ref idref="fl-e1"/>
      </object_component>
      <object_component id="oc-197">
         <name>.debug_info</name>
         <load_address>0xadf2</load_address>
         <run_address>0xadf2</run_address>
         <size>0x24c</size>
         <input_file_ref idref="fl-e1"/>
      </object_component>
      <object_component id="oc-25b">
         <name>.debug_info</name>
         <load_address>0xb03e</load_address>
         <run_address>0xb03e</run_address>
         <size>0x27f</size>
         <input_file_ref idref="fl-e2"/>
      </object_component>
      <object_component id="oc-183">
         <name>.debug_info</name>
         <load_address>0xb2bd</load_address>
         <run_address>0xb2bd</run_address>
         <size>0x258</size>
         <input_file_ref idref="fl-e2"/>
      </object_component>
      <object_component id="oc-25d">
         <name>.debug_info</name>
         <load_address>0xb515</load_address>
         <run_address>0xb515</run_address>
         <size>0x299</size>
         <input_file_ref idref="fl-e3"/>
      </object_component>
      <object_component id="oc-189">
         <name>.debug_info</name>
         <load_address>0xb7ae</load_address>
         <run_address>0xb7ae</run_address>
         <size>0x231</size>
         <input_file_ref idref="fl-e3"/>
      </object_component>
      <object_component id="oc-25f">
         <name>.debug_info</name>
         <load_address>0xb9df</load_address>
         <run_address>0xb9df</run_address>
         <size>0x284</size>
         <input_file_ref idref="fl-e4"/>
      </object_component>
      <object_component id="oc-192">
         <name>.debug_info</name>
         <load_address>0xbc63</load_address>
         <run_address>0xbc63</run_address>
         <size>0x22a</size>
         <input_file_ref idref="fl-e4"/>
      </object_component>
      <object_component id="oc-24f">
         <name>.debug_info</name>
         <load_address>0xbe8d</load_address>
         <run_address>0xbe8d</run_address>
         <size>0x335</size>
         <input_file_ref idref="fl-e5"/>
      </object_component>
      <object_component id="oc-17f">
         <name>.debug_info</name>
         <load_address>0xc1c2</load_address>
         <run_address>0xc1c2</run_address>
         <size>0x1fd</size>
         <input_file_ref idref="fl-e5"/>
      </object_component>
      <object_component id="oc-245">
         <name>.debug_info</name>
         <load_address>0xc3bf</load_address>
         <run_address>0xc3bf</run_address>
         <size>0x1bb</size>
         <input_file_ref idref="fl-e5"/>
      </object_component>
      <object_component id="oc-24b">
         <name>.debug_info</name>
         <load_address>0xc57a</load_address>
         <run_address>0xc57a</run_address>
         <size>0x16e</size>
         <input_file_ref idref="fl-e5"/>
      </object_component>
      <object_component id="oc-255">
         <name>.debug_info</name>
         <load_address>0xc6e8</load_address>
         <run_address>0xc6e8</run_address>
         <size>0x69</size>
         <input_file_ref idref="fl-e5"/>
      </object_component>
      <object_component id="oc-2a6">
         <name>.debug_info</name>
         <load_address>0xc751</load_address>
         <run_address>0xc751</run_address>
         <size>0x39f</size>
         <input_file_ref idref="fl-e6"/>
      </object_component>
      <object_component id="oc-2a3">
         <name>.debug_info</name>
         <load_address>0xcaf0</load_address>
         <run_address>0xcaf0</run_address>
         <size>0x12f</size>
         <input_file_ref idref="fl-e6"/>
      </object_component>
      <object_component id="oc-1f5">
         <name>.debug_info</name>
         <load_address>0xcc1f</load_address>
         <run_address>0xcc1f</run_address>
         <size>0x724</size>
         <input_file_ref idref="fl-e6"/>
      </object_component>
      <object_component id="oc-2b1">
         <name>.debug_info</name>
         <load_address>0xd343</load_address>
         <run_address>0xd343</run_address>
         <size>0x295</size>
         <input_file_ref idref="fl-e7"/>
      </object_component>
      <object_component id="oc-2ae">
         <name>.debug_info</name>
         <load_address>0xd5d8</load_address>
         <run_address>0xd5d8</run_address>
         <size>0xef</size>
         <input_file_ref idref="fl-e7"/>
      </object_component>
      <object_component id="oc-1f8">
         <name>.debug_info</name>
         <load_address>0xd6c7</load_address>
         <run_address>0xd6c7</run_address>
         <size>0x5c4</size>
         <input_file_ref idref="fl-e7"/>
      </object_component>
      <object_component id="oc-33f">
         <name>.debug_info</name>
         <load_address>0xdc8b</load_address>
         <run_address>0xdc8b</run_address>
         <size>0x284</size>
         <input_file_ref idref="fl-e8"/>
      </object_component>
      <object_component id="oc-2a0">
         <name>.debug_info</name>
         <load_address>0xdf0f</load_address>
         <run_address>0xdf0f</run_address>
         <size>0x21f</size>
         <input_file_ref idref="fl-e8"/>
      </object_component>
      <object_component id="oc-94">
         <name>.debug_info</name>
         <load_address>0xe12e</load_address>
         <run_address>0xe12e</run_address>
         <size>0x13f</size>
         <input_file_ref idref="fl-e9"/>
      </object_component>
      <object_component id="oc-22d">
         <name>.debug_info</name>
         <load_address>0xe26d</load_address>
         <run_address>0xe26d</run_address>
         <size>0x547</size>
         <input_file_ref idref="fl-ea"/>
      </object_component>
      <object_component id="oc-145">
         <name>.debug_info</name>
         <load_address>0xe7b4</load_address>
         <run_address>0xe7b4</run_address>
         <size>0x19b</size>
         <input_file_ref idref="fl-ea"/>
      </object_component>
      <object_component id="oc-30e">
         <name>.debug_info</name>
         <load_address>0xe94f</load_address>
         <run_address>0xe94f</run_address>
         <size>0x39</size>
         <input_file_ref idref="fl-ea"/>
      </object_component>
      <object_component id="oc-3a2">
         <name>.debug_info</name>
         <load_address>0xe988</load_address>
         <run_address>0xe988</run_address>
         <size>0x39</size>
         <input_file_ref idref="fl-ea"/>
      </object_component>
      <object_component id="oc-313">
         <name>.debug_info</name>
         <load_address>0xe9c1</load_address>
         <run_address>0xe9c1</run_address>
         <size>0x39</size>
         <input_file_ref idref="fl-ea"/>
      </object_component>
      <object_component id="oc-318">
         <name>.debug_info</name>
         <load_address>0xe9fa</load_address>
         <run_address>0xe9fa</run_address>
         <size>0xcd</size>
         <input_file_ref idref="fl-ea"/>
      </object_component>
      <object_component id="oc-9a">
         <name>.debug_info</name>
         <load_address>0xeac7</load_address>
         <run_address>0xeac7</run_address>
         <size>0x148</size>
         <input_file_ref idref="fl-eb"/>
      </object_component>
      <object_component id="oc-2ef">
         <name>.debug_info</name>
         <load_address>0xec0f</load_address>
         <run_address>0xec0f</run_address>
         <size>0x8a6</size>
         <input_file_ref idref="fl-ed"/>
      </object_component>
      <object_component id="oc-2c7">
         <name>.debug_info</name>
         <load_address>0xf4b5</load_address>
         <run_address>0xf4b5</run_address>
         <size>0x213</size>
         <input_file_ref idref="fl-ed"/>
      </object_component>
      <object_component id="oc-365">
         <name>.debug_info</name>
         <load_address>0xf6c8</load_address>
         <run_address>0xf6c8</run_address>
         <size>0x1a8</size>
         <input_file_ref idref="fl-ed"/>
      </object_component>
      <object_component id="oc-36b">
         <name>.debug_info</name>
         <load_address>0xf870</load_address>
         <run_address>0xf870</run_address>
         <size>0x210</size>
         <input_file_ref idref="fl-ed"/>
      </object_component>
      <object_component id="oc-2cd">
         <name>.debug_info</name>
         <load_address>0xfa80</load_address>
         <run_address>0xfa80</run_address>
         <size>0x3b0</size>
         <input_file_ref idref="fl-ed"/>
      </object_component>
      <object_component id="oc-372">
         <name>.debug_info</name>
         <load_address>0xfe30</load_address>
         <run_address>0xfe30</run_address>
         <size>0x2fa</size>
         <input_file_ref idref="fl-ed"/>
      </object_component>
      <object_component id="oc-377">
         <name>.debug_info</name>
         <load_address>0x1012a</load_address>
         <run_address>0x1012a</run_address>
         <size>0x20a</size>
         <input_file_ref idref="fl-ed"/>
      </object_component>
      <object_component id="oc-2d2">
         <name>.debug_info</name>
         <load_address>0x10334</load_address>
         <run_address>0x10334</run_address>
         <size>0x20a</size>
         <input_file_ref idref="fl-ed"/>
      </object_component>
      <object_component id="oc-2d8">
         <name>.debug_info</name>
         <load_address>0x1053e</load_address>
         <run_address>0x1053e</run_address>
         <size>0x2f9</size>
         <input_file_ref idref="fl-ed"/>
      </object_component>
      <object_component id="oc-2de">
         <name>.debug_info</name>
         <load_address>0x10837</load_address>
         <run_address>0x10837</run_address>
         <size>0x4a5</size>
         <input_file_ref idref="fl-ed"/>
      </object_component>
      <object_component id="oc-20c">
         <name>.debug_info</name>
         <load_address>0x10cdc</load_address>
         <run_address>0x10cdc</run_address>
         <size>0x5cd</size>
         <input_file_ref idref="fl-ed"/>
      </object_component>
      <object_component id="oc-2f0">
         <name>.debug_info</name>
         <load_address>0x112a9</load_address>
         <run_address>0x112a9</run_address>
         <size>0x86</size>
         <input_file_ref idref="fl-ed"/>
      </object_component>
      <object_component id="oc-395">
         <name>.debug_info</name>
         <load_address>0x1132f</load_address>
         <run_address>0x1132f</run_address>
         <size>0x39</size>
         <input_file_ref idref="fl-ed"/>
      </object_component>
      <object_component id="oc-3d3">
         <name>.debug_info</name>
         <load_address>0x11368</load_address>
         <run_address>0x11368</run_address>
         <size>0xb6</size>
         <input_file_ref idref="fl-ed"/>
      </object_component>
      <object_component id="oc-39a">
         <name>.debug_info</name>
         <load_address>0x1141e</load_address>
         <run_address>0x1141e</run_address>
         <size>0x46</size>
         <input_file_ref idref="fl-ed"/>
      </object_component>
      <object_component id="oc-2f5">
         <name>.debug_info</name>
         <load_address>0x11464</load_address>
         <run_address>0x11464</run_address>
         <size>0x46</size>
         <input_file_ref idref="fl-ed"/>
      </object_component>
      <object_component id="oc-355">
         <name>.debug_info</name>
         <load_address>0x114aa</load_address>
         <run_address>0x114aa</run_address>
         <size>0x2ae</size>
         <input_file_ref idref="fl-ee"/>
      </object_component>
      <object_component id="oc-2bf">
         <name>.debug_info</name>
         <load_address>0x11758</load_address>
         <run_address>0x11758</run_address>
         <size>0x171</size>
         <input_file_ref idref="fl-ee"/>
      </object_component>
      <object_component id="oc-3b7">
         <name>.debug_info</name>
         <load_address>0x118c9</load_address>
         <run_address>0x118c9</run_address>
         <size>0xee</size>
         <input_file_ref idref="fl-ef"/>
      </object_component>
      <object_component id="oc-352">
         <name>.debug_info</name>
         <load_address>0x119b7</load_address>
         <run_address>0x119b7</run_address>
         <size>0xfa</size>
         <input_file_ref idref="fl-ef"/>
      </object_component>
      <object_component id="oc-3c1">
         <name>.debug_info</name>
         <load_address>0x11ab1</load_address>
         <run_address>0x11ab1</run_address>
         <size>0x290</size>
         <input_file_ref idref="fl-f0"/>
      </object_component>
      <object_component id="oc-35d">
         <name>.debug_info</name>
         <load_address>0x11d41</load_address>
         <run_address>0x11d41</run_address>
         <size>0x1c2</size>
         <input_file_ref idref="fl-f0"/>
      </object_component>
      <object_component id="oc-38b">
         <name>.debug_info</name>
         <load_address>0x11f03</load_address>
         <run_address>0x11f03</run_address>
         <size>0x28b</size>
         <input_file_ref idref="fl-f1"/>
      </object_component>
      <object_component id="oc-2e4">
         <name>.debug_info</name>
         <load_address>0x1218e</load_address>
         <run_address>0x1218e</run_address>
         <size>0x1ab</size>
         <input_file_ref idref="fl-f1"/>
      </object_component>
      <object_component id="oc-3c9">
         <name>.debug_info</name>
         <load_address>0x12339</load_address>
         <run_address>0x12339</run_address>
         <size>0x28f</size>
         <input_file_ref idref="fl-f2"/>
      </object_component>
      <object_component id="oc-384">
         <name>.debug_info</name>
         <load_address>0x125c8</load_address>
         <run_address>0x125c8</run_address>
         <size>0x247</size>
         <input_file_ref idref="fl-f2"/>
      </object_component>
      <object_component id="oc-3c7">
         <name>.debug_info</name>
         <load_address>0x1280f</load_address>
         <run_address>0x1280f</run_address>
         <size>0x28f</size>
         <input_file_ref idref="fl-f3"/>
      </object_component>
      <object_component id="oc-37e">
         <name>.debug_info</name>
         <load_address>0x12a9e</load_address>
         <run_address>0x12a9e</run_address>
         <size>0x18a</size>
         <input_file_ref idref="fl-f3"/>
      </object_component>
      <object_component id="oc-392">
         <name>.debug_info</name>
         <load_address>0x12c28</load_address>
         <run_address>0x12c28</run_address>
         <size>0x284</size>
         <input_file_ref idref="fl-f4"/>
      </object_component>
      <object_component id="oc-2ec">
         <name>.debug_info</name>
         <load_address>0x12eac</load_address>
         <run_address>0x12eac</run_address>
         <size>0x14f</size>
         <input_file_ref idref="fl-f4"/>
      </object_component>
      <object_component id="oc-3cc">
         <name>.debug_info</name>
         <load_address>0x12ffb</load_address>
         <run_address>0x12ffb</run_address>
         <size>0x46</size>
         <input_file_ref idref="fl-f4"/>
      </object_component>
      <object_component id="oc-38d">
         <name>.debug_info</name>
         <load_address>0x13041</load_address>
         <run_address>0x13041</run_address>
         <size>0x39</size>
         <input_file_ref idref="fl-f4"/>
      </object_component>
      <object_component id="oc-357">
         <name>.debug_info</name>
         <load_address>0x1307a</load_address>
         <run_address>0x1307a</run_address>
         <size>0x12c</size>
         <input_file_ref idref="fl-f5"/>
      </object_component>
      <object_component id="oc-3bc">
         <name>.debug_info</name>
         <load_address>0x131a6</load_address>
         <run_address>0x131a6</run_address>
         <size>0x10d</size>
         <input_file_ref idref="fl-f6"/>
      </object_component>
      <object_component id="oc-279">
         <name>.debug_info</name>
         <load_address>0x132b3</load_address>
         <run_address>0x132b3</run_address>
         <size>0x20e</size>
         <input_file_ref idref="fl-f7"/>
      </object_component>
      <object_component id="oc-271">
         <name>.debug_info</name>
         <load_address>0x134c1</load_address>
         <run_address>0x134c1</run_address>
         <size>0x157</size>
         <input_file_ref idref="fl-f7"/>
      </object_component>
      <object_component id="oc-1b3">
         <name>.debug_info</name>
         <load_address>0x13618</load_address>
         <run_address>0x13618</run_address>
         <size>0x2c1</size>
         <input_file_ref idref="fl-f7"/>
      </object_component>
      <object_component id="oc-1c6">
         <name>.debug_info</name>
         <load_address>0x138d9</load_address>
         <run_address>0x138d9</run_address>
         <size>0x23e</size>
         <input_file_ref idref="fl-f7"/>
      </object_component>
      <object_component id="oc-274">
         <name>.debug_info</name>
         <load_address>0x13b17</load_address>
         <run_address>0x13b17</run_address>
         <size>0x18b</size>
         <input_file_ref idref="fl-f7"/>
      </object_component>
      <object_component id="oc-292">
         <name>.debug_info</name>
         <load_address>0x13ca2</load_address>
         <run_address>0x13ca2</run_address>
         <size>0x212</size>
         <input_file_ref idref="fl-f8"/>
      </object_component>
      <object_component id="oc-40f">
         <name>.debug_info</name>
         <load_address>0x13eb4</load_address>
         <run_address>0x13eb4</run_address>
         <size>0x92</size>
      </object_component>
      <object_component id="oc-174">
         <name>.debug_line</name>
         <load_address>0x0</load_address>
         <run_address>0x0</run_address>
         <size>0x71</size>
         <input_file_ref idref="fl-2"/>
      </object_component>
      <object_component id="oc-e9">
         <name>.debug_line</name>
         <load_address>0x71</load_address>
         <run_address>0x71</run_address>
         <size>0x92</size>
         <input_file_ref idref="fl-2"/>
      </object_component>
      <object_component id="oc-77">
         <name>.debug_line</name>
         <load_address>0x103</load_address>
         <run_address>0x103</run_address>
         <size>0x69</size>
         <input_file_ref idref="fl-2"/>
      </object_component>
      <object_component id="oc-39">
         <name>.debug_line</name>
         <load_address>0x16c</load_address>
         <run_address>0x16c</run_address>
         <size>0x20</size>
         <input_file_ref idref="fl-2"/>
      </object_component>
      <object_component id="oc-c0">
         <name>.debug_line</name>
         <load_address>0x18c</load_address>
         <run_address>0x18c</run_address>
[...]
      </symbol>
      <symbol id="sm-91">
         <name>button_event_ptr</name>
         <value>0x2000237c</value>
      </symbol>
      <symbol id="sm-92">
         <name>button_num_ptr</name>
         <value>0x20002388</value>
      </symbol>
      <symbol id="sm-93">
         <name>button_getButton</name>
         <value>0x3e41</value>
         <object_component_ref idref="oc-df"/>
      </symbol>
      <symbol id="sm-94">
         <name>button_init</name>
         <value>0x3d9d</value>
         <object_component_ref idref="oc-df"/>
      </symbol>
      <symbol id="sm-95">
         <name>button_checkButtons</name>
         <value>0x3e37</value>
         <object_component_ref idref="oc-df"/>
      </symbol>
      <symbol id="sm-96">
         <name>init_button_interrupts</name>
         <value>0x3dc7</value>
         <object_component_ref idref="oc-df"/>
      </symbol>
      <symbol id="sm-97">
         <name>gpioe_handler</name>
         <value>0x3e1b</value>
         <object_component_ref idref="oc-df"/>
      </symbol>
      <symbol id="sm-9d">
         <name>risingEdge</name>
         <value>0x200023a0</value>
      </symbol>
      <symbol id="sm-9e">
         <name>fallingEdge</name>
         <value>0x20002390</value>
      </symbol>
      <symbol id="sm-9f">
         <name>pulseLength</name>
         <value>0x2000239c</value>
      </symbol>
      <symbol id="sm-a0">
         <name>currentDegree</name>
         <value>0x20002380</value>
      </symbol>
      <symbol id="sm-cf">
         <name>s_data</name>
         <value>0x20002364</value>
      </symbol>
      <symbol id="sm-d0">
         <name>i</name>
         <value>0x20002394</value>
      </symbol>
      <symbol id="sm-d1">
         <name>objects</name>
         <value>0x20002270</value>
      </symbol>
      <symbol id="sm-d2">
         <name>main</name>
         <value>0x29a9</value>
         <object_component_ref idref="oc-9f"/>
      </symbol>
      <symbol id="sm-d3">
         <name>char_event</name>
         <value>0x200023b0</value>
         <object_component_ref idref="oc-12f"/>
      </symbol>
      <symbol id="sm-118">
         <name>lcd_rotatingBanner</name>
         <value>0x25a9</value>
         <object_component_ref idref="oc-d3"/>
      </symbol>
      <symbol id="sm-119">
         <name>lcd_sendCommand</name>
         <value>0x23e3</value>
         <object_component_ref idref="oc-d3"/>
      </symbol>
      <symbol id="sm-11a">
         <name>lcd_sendNibble</name>
         <value>0x2421</value>
         <object_component_ref idref="oc-d3"/>
      </symbol>
      <symbol id="sm-11b">
         <name>lcd_clear</name>
         <value>0x4f03</value>
         <object_component_ref idref="oc-175"/>
      </symbol>
      <symbol id="sm-11c">
         <name>lcd_printf</name>
         <value>0x24cb</value>
         <object_component_ref idref="oc-d3"/>
      </symbol>
      <symbol id="sm-11d">
         <name>lcd_setCursorPos</name>
         <value>0x248d</value>
         <object_component_ref idref="oc-d3"/>
      </symbol>
      <symbol id="sm-11e">
         <name>lcd_init</name>
         <value>0x22cd</value>
         <object_component_ref idref="oc-d3"/>
      </symbol>
      <symbol id="sm-11f">
         <name>lcd_puts</name>
         <value>0x23c5</value>
         <object_component_ref idref="oc-d3"/>
      </symbol>
      <symbol id="sm-120">
         <name>lcd_putc</name>
         <value>0x238d</value>
         <object_component_ref idref="oc-d3"/>
      </symbol>
      <symbol id="sm-121">
         <name>lcd_gotoLine</name>
         <value>0x2465</value>
         <object_component_ref idref="oc-d3"/>
      </symbol>
      <symbol id="sm-15f">
         <name>ping_read</name>
         <value>0x3545</value>
         <object_component_ref idref="oc-eb"/>
      </symbol>
      <symbol id="sm-160">
         <name>edge</name>
         <value>0x200023b9</value>
         <object_component_ref idref="oc-1cb"/>
      </symbol>
      <symbol id="sm-161">
         <name>TIMER3_Handler</name>
         <value>0x34d1</value>
         <object_component_ref idref="oc-eb"/>
      </symbol>
      <symbol id="sm-162">
         <name>ping_init</name>
         <value>0x3441</value>
         <object_component_ref idref="oc-eb"/>
      </symbol>
      <symbol id="sm-163">
         <name>ping_send</name>
         <value>0x351d</value>
         <object_component_ref idref="oc-eb"/>
      </symbol>
      <symbol id="sm-164">
         <name>ping_getDistance</name>
         <value>0x3575</value>
         <object_component_ref idref="oc-eb"/>
      </symbol>
      <symbol id="sm-19d">
         <name>servo_move</name>
         <value>0x2fcb</value>
         <object_component_ref idref="oc-d9"/>
      </symbol>
      <symbol id="sm-19e">
         <name>calibration</name>
         <value>0x200023ac</value>
         <object_component_ref idref="oc-1ae"/>
      </symbol>
      <symbol id="sm-19f">
         <name>servo_init</name>
         <value>0x2f49</value>
         <object_component_ref idref="oc-d9"/>
      </symbol>
      <symbol id="sm-1a0">
         <name>multiplier</name>
         <value>0x200023a8</value>
         <object_component_ref idref="oc-1ae"/>
      </symbol>
      <symbol id="sm-1a1">
         <name>button_servo_move</name>
         <value>0x3017</value>
         <object_component_ref idref="oc-d9"/>
      </symbol>
      <symbol id="sm-1c2">
         <name>timer_startClock</name>
         <value>0x3bbd</value>
         <object_component_ref idref="oc-f7"/>
      </symbol>
      <symbol id="sm-1c3">
         <name>timer_stopClock</name>
         <value>0x3c0f</value>
         <object_component_ref idref="oc-f7"/>
      </symbol>
      <symbol id="sm-1c4">
         <name>timer_getClock</name>
         <value>0x3c09</value>
         <object_component_ref idref="oc-f7"/>
      </symbol>
      <symbol id="sm-1c5">
         <name>timer_stopTimer</name>
         <value>0x3ba7</value>
         <object_component_ref idref="oc-f7"/>
      </symbol>
      <symbol id="sm-1c6">
         <name>timer_startTimer</name>
         <value>0x3b57</value>
         <object_component_ref idref="oc-f7"/>
      </symbol>
      <symbol id="sm-1c7">
         <name>timer_waitMillis</name>
         <value>0x3af9</value>
         <object_component_ref idref="oc-f7"/>
      </symbol>
      <symbol id="sm-1c8">
         <name>timer_waitMicros</name>
         <value>0x3b2d</value>
         <object_component_ref idref="oc-f7"/>
      </symbol>
      <symbol id="sm-1e4">
         <name>ResetISR</name>
         <value>0x4f2d</value>
         <object_component_ref idref="oc-27"/>
      </symbol>
      <symbol id="sm-1e5">
         <name>g_pfnVectors</name>
         <value>0x0</value>
         <object_component_ref idref="oc-f"/>
      </symbol>
      <symbol id="sm-221">
         <name>char_event_ptr</name>
         <value>0x2000238c</value>
      </symbol>
      <symbol id="sm-222">
         <name>s_data_ptr</name>
         <value>0x200023a4</value>
      </symbol>
      <symbol id="sm-223">
         <name>i_ptr</name>
         <value>0x20002398</value>
      </symbol>
      <symbol id="sm-224">
         <name>UART1_Handler</name>
         <value>0x2d59</value>
         <object_component_ref idref="oc-f1"/>
      </symbol>
      <symbol id="sm-225">
         <name>putty_display</name>
         <value>0x2e01</value>
         <object_component_ref idref="oc-f1"/>
      </symbol>
      <symbol id="sm-226">
         <name>uart_sendChar</name>
         <value>0x2df1</value>
         <object_component_ref idref="oc-f1"/>
      </symbol>
      <symbol id="sm-227">
         <name>serial_init</name>
         <value>0x2c91</value>
         <object_component_ref idref="oc-f1"/>
      </symbol>
      <symbol id="sm-228">
         <name>UART1_Receive</name>
         <value>0x2db3</value>
         <object_component_ref idref="oc-f1"/>
      </symbol>
      <symbol id="sm-229">
         <name>putty_display2</name>
         <value>0x2e6f</value>
         <object_component_ref idref="oc-f1"/>
      </symbol>
      <symbol id="sm-22a">
         <name>UART1_Transmit</name>
         <value>0x2d97</value>
         <object_component_ref idref="oc-f1"/>
      </symbol>
      <symbol id="sm-22b">
         <name>uart_sendStr</name>
         <value>0x2dd3</value>
         <object_component_ref idref="oc-f1"/>
      </symbol>
      <symbol id="sm-2c0">
         <name>pow</name>
         <value>0xccd</value>
         <object_component_ref idref="oc-1be"/>
      </symbol>
      <symbol id="sm-2c1">
         <name>powl</name>
         <value>0xccd</value>
         <object_component_ref idref="oc-1be"/>
      </symbol>
      <symbol id="sm-2e3">
         <name>sqrtl</name>
         <value>0x39a1</value>
         <object_component_ref idref="oc-27c"/>
      </symbol>
      <symbol id="sm-2e4">
         <name>sqrt</name>
         <value>0x39a1</value>
         <object_component_ref idref="oc-27c"/>
      </symbol>
      <symbol id="sm-30b">
         <name>scalbn</name>
         <value>0x4279</value>
         <object_component_ref idref="oc-285"/>
      </symbol>
      <symbol id="sm-30c">
         <name>scalbnl</name>
         <value>0x4279</value>
         <object_component_ref idref="oc-285"/>
      </symbol>
      <symbol id="sm-30d">
         <name>ldexpl</name>
         <value>0x4279</value>
         <object_component_ref idref="oc-285"/>
      </symbol>
      <symbol id="sm-30e">
         <name>ldexp</name>
         <value>0x4279</value>
         <object_component_ref idref="oc-285"/>
      </symbol>
      <symbol id="sm-35e">
         <name>tanl</name>
         <value>0x1dc5</value>
         <object_component_ref idref="oc-120"/>
      </symbol>
      <symbol id="sm-35f">
         <name>tan</name>
         <value>0x1dc5</value>
         <object_component_ref idref="oc-120"/>
      </symbol>
      <symbol id="sm-369">
         <name>copysign</name>
         <value>0x4e93</value>
         <object_component_ref idref="oc-333"/>
      </symbol>
      <symbol id="sm-36a">
         <name>copysignl</name>
         <value>0x4e93</value>
         <object_component_ref idref="oc-333"/>
      </symbol>
      <symbol id="sm-381">
         <name>__aeabi_dsub</name>
         <value>0x37e9</value>
         <object_component_ref idref="oc-111"/>
      </symbol>
      <symbol id="sm-382">
         <name>__aeabi_dadd</name>
         <value>0x37f3</value>
         <object_component_ref idref="oc-111"/>
      </symbol>
      <symbol id="sm-3a4">
         <name>__aeabi_cdcmpeq</name>
         <value>0x4761</value>
         <object_component_ref idref="oc-10c"/>
      </symbol>
      <symbol id="sm-3a5">
         <name>__aeabi_cdcmple</name>
         <value>0x4761</value>
         <object_component_ref idref="oc-10c"/>
      </symbol>
      <symbol id="sm-3a6">
         <name>__aeabi_cdrcmple</name>
         <value>0x47e7</value>
         <object_component_ref idref="oc-116"/>
      </symbol>
      <symbol id="sm-3ba">
         <name>__aeabi_ddiv</name>
         <value>0x4021</value>
         <object_component_ref idref="oc-11b"/>
      </symbol>
      <symbol id="sm-3c5">
         <name>__aeabi_dmul</name>
         <value>0x4389</value>
         <object_component_ref idref="oc-107"/>
      </symbol>
      <symbol id="sm-3cf">
         <name>__aeabi_d2iz</name>
         <value>0x4b69</value>
         <object_component_ref idref="oc-1ec"/>
      </symbol>
      <symbol id="sm-3d9">
         <name>__aeabi_d2uiz</name>
         <value>0x4bf5</value>
         <object_component_ref idref="oc-1a4"/>
      </symbol>
      <symbol id="sm-3e4">
         <name>__aeabi_f2d</name>
         <value>0x4d31</value>
         <object_component_ref idref="oc-102"/>
      </symbol>
      <symbol id="sm-3ee">
         <name>__aeabi_i2d</name>
         <value>0x4dcd</value>
         <object_component_ref idref="oc-fd"/>
      </symbol>
      <symbol id="sm-409">
         <name>memcpy</name>
         <value>0x462f</value>
         <object_component_ref idref="oc-3b"/>
      </symbol>
      <symbol id="sm-40a">
         <name>__aeabi_memcpy</name>
         <value>0x462f</value>
         <object_component_ref idref="oc-3b"/>
      </symbol>
      <symbol id="sm-40b">
         <name>__aeabi_memcpy8</name>
         <value>0x462f</value>
         <object_component_ref idref="oc-3b"/>
      </symbol>
      <symbol id="sm-40c">
         <name>__aeabi_memcpy4</name>
         <value>0x462f</value>
         <object_component_ref idref="oc-3b"/>
      </symbol>
      <symbol id="sm-425">
         <name>__TI_zero_init_nomemset</name>
         <value>0x4ecf</value>
         <object_component_ref idref="oc-47"/>
      </symbol>
      <symbol id="sm-43c">
         <name>__TI_decompress_none</name>
         <value>0x4f13</value>
         <object_component_ref idref="oc-18"/>
      </symbol>
      <symbol id="sm-45f">
         <name>__TI_decompress_lzss</name>
         <value>0x4955</value>
         <object_component_ref idref="oc-12"/>
      </symbol>
      <symbol id="sm-472">
         <name>__stack</name>
         <value>0x20000270</value>
         <object_component_ref idref="oc-21"/>
      </symbol>
      <symbol id="sm-473">
         <name>_c_int00_noargs</name>
         <value>0x4cf9</value>
         <object_component_ref idref="oc-59"/>
      </symbol>
      <symbol id="sm-489">
         <name>__aeabi_errno_addr</name>
         <value>0x4f45</value>
         <object_component_ref idref="oc-1fd"/>
      </symbol>
      <symbol id="sm-48a">
         <name>errno</name>
         <value>0x200023b4</value>
         <object_component_ref idref="oc-2b2"/>
      </symbol>
      <symbol id="sm-495">
         <name>C$$EXIT</name>
         <value>0x4f51</value>
         <object_component_ref idref="oc-135"/>
      </symbol>
      <symbol id="sm-496">
         <name>abort</name>
         <value>0x4f51</value>
         <object_component_ref idref="oc-135"/>
      </symbol>
      <symbol id="sm-4ab">
         <name>_sys_memory</name>
         <value>0x20001270</value>
         <object_component_ref idref="oc-24"/>
      </symbol>
      <symbol id="sm-4d4">
         <name>sprintf</name>
         <value>0x4c39</value>
         <object_component_ref idref="oc-126"/>
      </symbol>
      <symbol id="sm-4e4">
         <name>strcat</name>
         <value>0x4dfb</value>
         <object_component_ref idref="oc-194"/>
      </symbol>
      <symbol id="sm-4f3">
         <name>strcmp</name>
         <value>0x4e65</value>
         <object_component_ref idref="oc-182"/>
      </symbol>
      <symbol id="sm-501">
         <name>strcpy</name>
         <value>0x4ea7</value>
         <object_component_ref idref="oc-188"/>
      </symbol>
      <symbol id="sm-50f">
         <name>strlen</name>
         <value>0x4ebb</value>
         <object_component_ref idref="oc-18e"/>
      </symbol>
      <symbol id="sm-539">
         <name>vsnprintf</name>
         <value>0x4c79</value>
         <object_component_ref idref="oc-17c"/>
      </symbol>
      <symbol id="sm-5a0">
         <name>__kernel_rem_pio2</name>
         <value>0x168d</value>
         <object_component_ref idref="oc-1f1"/>
      </symbol>
      <symbol id="sm-5be">
         <name>__kernel_tan</name>
         <value>0x2691</value>
         <object_component_ref idref="oc-1f7"/>
      </symbol>
      <symbol id="sm-5db">
         <name>floorl</name>
         <value>0x4485</value>
         <object_component_ref idref="oc-29c"/>
      </symbol>
      <symbol id="sm-5dc">
         <name>floor</name>
         <value>0x4485</value>
         <object_component_ref idref="oc-29c"/>
      </symbol>
      <symbol id="sm-5eb">
         <name>__aeabi_memset</name>
         <value>0x486f</value>
         <object_component_ref idref="oc-93"/>
      </symbol>
      <symbol id="sm-5ec">
         <name>memset</name>
         <value>0x4875</value>
         <object_component_ref idref="oc-93"/>
      </symbol>
      <symbol id="sm-5ed">
         <name>__aeabi_memset8</name>
         <value>0x486f</value>
         <object_component_ref idref="oc-93"/>
      </symbol>
      <symbol id="sm-5ee">
         <name>__aeabi_memset4</name>
         <value>0x486f</value>
         <object_component_ref idref="oc-93"/>
      </symbol>
      <symbol id="sm-5ef">
         <name>__aeabi_memclr8</name>
         <value>0x486d</value>
         <object_component_ref idref="oc-93"/>
      </symbol>
      <symbol id="sm-5f0">
         <name>__aeabi_memclr4</name>
         <value>0x486d</value>
         <object_component_ref idref="oc-93"/>
      </symbol>
      <symbol id="sm-5f1">
         <name>__aeabi_memclr</name>
         <value>0x486d</value>
         <object_component_ref idref="oc-93"/>
      </symbol>
      <symbol id="sm-619">
         <name>__TI_auto_init_nobinit_nopinit</name>
         <value>0x4bb1</value>
         <object_component_ref idref="oc-141"/>
      </symbol>
      <symbol id="sm-623">
         <name>_system_pre_init</name>
         <value>0x4f4d</value>
         <object_component_ref idref="oc-99"/>
      </symbol>
      <symbol id="sm-789">
         <name>__TI_printfi</name>
         <value>0x26d</value>
         <object_component_ref idref="oc-20a"/>
      </symbol>
      <symbol id="sm-79f">
         <name>atoi</name>
         <value>0x4b1d</value>
         <object_component_ref idref="oc-2be"/>
      </symbol>
      <symbol id="sm-7aa">
         <name>_ctypes_</name>
         <value>0x50b0</value>
         <object_component_ref idref="oc-351"/>
      </symbol>
      <symbol id="sm-7b9">
         <name>ltoa</name>
         <value>0x4a77</value>
         <object_component_ref idref="oc-35c"/>
      </symbol>
      <symbol id="sm-7c9">
         <name>memccpy</name>
         <value>0x4e19</value>
         <object_component_ref idref="oc-2e2"/>
      </symbol>
      <symbol id="sm-7d9">
         <name>strchr</name>
         <value>0x4e7d</value>
         <object_component_ref idref="oc-383"/>
      </symbol>
      <symbol id="sm-7ef">
         <name>frexpl</name>
         <value>0x49bd</value>
         <object_component_ref idref="oc-37d"/>
      </symbol>
      <symbol id="sm-7f0">
         <name>frexp</name>
         <value>0x49bd</value>
         <object_component_ref idref="oc-37d"/>
      </symbol>
      <symbol id="sm-809">
         <name>wcslen</name>
         <value>0x4ee1</value>
         <object_component_ref idref="oc-2e8"/>
      </symbol>
      <symbol id="sm-816">
         <name>__aeabi_uldivmod</name>
         <value>0x46cb</value>
         <object_component_ref idref="oc-356"/>
      </symbol>
      <symbol id="sm-820">
         <name>__aeabi_idiv0</name>
         <value>0xccb</value>
         <object_component_ref idref="oc-3ba"/>
      </symbol>
      <symbol id="sm-821">
         <name>__aeabi_ldiv0</name>
         <value>0xccb</value>
         <object_component_ref idref="oc-3ba"/>
      </symbol>
      <symbol id="sm-846">
         <name>IntRegister</name>
         <value>0x4d69</value>
         <object_component_ref idref="oc-1b2"/>
      </symbol>
      <symbol id="sm-847">
         <name>g_pfnRAMVectors</name>
         <value>0x20000000</value>
         <object_component_ref idref="oc-270"/>
      </symbol>
      <symbol id="sm-848">
         <name>IntMasterEnable</name>
         <value>0x4ef3</value>
         <object_component_ref idref="oc-1c5"/>
      </symbol>
      <symbol id="sm-852">
         <name>CPUcpsie</name>
         <value>0x4f21</value>
         <object_component_ref idref="oc-28e"/>
      </symbol>
      <symbol id="sm-853">
         <name>__TI_static_base__</name>
         <value>0x0</value>
      </symbol>
      <symbol id="sm-856">
         <name>__mpu_init</name>
         <value>0x0</value>
      </symbol>
      <symbol id="sm-857">
         <name>_system_post_cinit</name>
         <value>0x0</value>
      </symbol>
   </symbol_table>
   <title>Link successful</title>
</link_info>
