******************************************************************************
                  TI ARM Linker PC v18.1.2                     
******************************************************************************
>> Linked Fri Apr 26 19:05:08 2019

OUTPUT FILE NAME:   <Lab9.out>
ENTRY POINT SYMBOL: "_c_int00_noargs"  address: 00005fc1


MEMORY CONFIGURATION

         name            origin    length      used     unused   attr    fill
----------------------  --------  ---------  --------  --------  ----  --------
  FLASH                 00000000   00040000  00006637  000399c9  R  X
  SRAM                  20000000   00008000  0000235a  00005ca6  RW X


SEGMENT ALLOCATION MAP

run origin  load origin   length   init length attrs members
----------  ----------- ---------- ----------- ----- -------
00000000    00000000    00006640   00006640    r-x
  00000000    00000000    0000026c   0000026c    r-- .intvecs
  0000026c    0000026c    00006050   00006050    r-x .text
  000062c0    000062c0    00000323   00000323    r-- .const
  000065e8    000065e8    00000058   00000058    r-- .cinit
20000000    20000000    0000235e   00000000    rw-
  20000000    20000000    0000026c   00000000    rw- .vtable
  20000270    20000270    00001000   00000000    rw- .stack
  20001270    20001270    00001000   00000000    rw- .sysmem
  20002270    20002270    000000b0   00000000    rw- .bss
  20002320    20002320    0000003e   00000000    rw- .data


SECTION ALLOCATION MAP

 output                                  attributes/
section   page    origin      length       input sections
--------  ----  ----------  ----------   ----------------
.intvecs   0    00000000    0000026c     
                  00000000    0000026c     tm4c123gh6pm_startup_ccs.obj (.intvecs)

.text      0    0000026c    00006050     
                  0000026c    00000a9c     open_interface.obj (.text)
                  00000d08    00000a5e     rtsv7M4_T_le_v4SPD16_eabi.lib : _printfi.c.obj (.text:__TI_printfi)
                  00001766    00000002                                   : _lock.c.obj (.text:_nop)
                  00001768    000009c0                                   : e_pow.c.obj (.text:pow)
                  00002128    00000738                                   : k_rem_pio2.c.obj (.text:__kernel_rem_pio2)
                  00002860    0000051c     scan.obj (.text)
                  00002d7c    00000508     rtsv7M4_T_le_v4SPD16_eabi.lib : s_tan.c.obj (.text:tan)
                  00003284    000003c4     lcd.obj (.text)
                  00003648    00000318     rtsv7M4_T_le_v4SPD16_eabi.lib : k_tan.c.obj (.text:__kernel_tan)
                  00003960    000002b8     uart.obj (.text)
                  00003c18    00000288     servo.obj (.text)
                  00003ea0    00000270     rtsv7M4_T_le_v4SPD16_eabi.lib : _printfi.c.obj (.text:_pconv_a)
                  00004110    0000023c     movement.obj (.text)
                  0000434c    0000022c     l1_main.obj (.text)
                  00004578    000001d8     ping.obj (.text)
                  00004750    000001d0     rtsv7M4_T_le_v4SPD16_eabi.lib : _printfi.c.obj (.text:_pconv_g)
                  00004920    000001b6                                   : fd_add_t2.asm.obj (.text)
                  00004ad6    00000002                                   : div0.asm.obj (.text)
                  00004ad8    00000158                                   : e_sqrt.c.obj (.text:sqrt)
                  00004c30    00000158     timer.obj (.text)
                  00004d88    0000014c     adc.obj (.text)
                  00004ed4    00000148     button.obj (.text)
                  0000501c    0000013c     rtsv7M4_T_le_v4SPD16_eabi.lib : _printfi.c.obj (.text:_pconv_e)
                  00005158    00000136                                   : fd_div_t2.asm.obj (.text)
                  0000528e    00000002     --HOLE-- [fill = 0]
                  00005290    00000120                                   : _printfi.c.obj (.text:fcvt)
                  000053b0    00000110                                   : s_scalbn.c.obj (.text:scalbn)
                  000054c0    000000fc                                   : fd_mul_t2.asm.obj (.text)
                  000055bc    000000f8                                   : s_floor.c.obj (.text:floor)
                  000056b4    000000d8                                   : memory.c.obj (.text:free)
                  0000578c    000000b1                                   : _printfi.c.obj (.text:_ltostr)
                  0000583d    00000001     --HOLE-- [fill = 0]
                  0000583e    0000009c                                   : memcpy_t2.asm.obj (.text)
                  000058da    00000096                                   : ull_div_t2.asm.obj (.text)
                  00005970    00000086                                   : fd_cmp_t2.asm.obj (.text:__aeabi_cdcmple)
                  000059f6    00000086                                   : fd_cmp_t2.asm.obj (.text:__aeabi_cdrcmple)
                  00005a7c    0000007a                                   : memset_t2.asm.obj (.text)
                  00005af6    00000002     --HOLE-- [fill = 0]
                  00005af8    00000078                                   : memory.c.obj (.text:malloc)
                  00005b70    0000006e                                   : _printfi.c.obj (.text:_mcpy)
                  00005bde    00000068                                   : copy_decompress_lzss.c.obj (.text:decompress:lzss:__TI_decompress_lzss)
                  00005c46    00000002     --HOLE-- [fill = 0]
                  00005c48    00000064                                   : s_frexp.c.obj (.text:frexp)
                  00005cac    00000056                                   : _printfi.c.obj (.text:_pconv_f)
                  00005d02    00000054                                   : ltoa.c.obj (.text:ltoa)
                  00005d56    00000052                                   : _printfi.c.obj (.text:_ecpy)
                  00005da8    0000004c                                   : atoi.c.obj (.text:atoi)
                  00005df4    00000048                                   : fd_toi_t2.asm.obj (.text)
                  00005e3c    00000044                                   : autoinit.c.obj (.text:__TI_auto_init_nobinit_nopinit:__TI_auto_init_nobinit_nopinit)
                  00005e80    00000044                                   : fd_tou_t2.asm.obj (.text)
                  00005ec4    00000040                                   : sprintf.c.obj (.text:sprintf)
                  00005f04    00000040                                   : vsnprintf.c.obj (.text:vsnprintf)
                  00005f44    0000003e                                   : _printfi.c.obj (.text:_fcpy)
                  00005f82    00000002     --HOLE-- [fill = 0]
                  00005f84    0000003c                                   : memory.c.obj (.text:minsert)
                  00005fc0    00000038                                   : boot_cortex_m.c.obj (.text:_c_int00_noargs:_c_int00_noargs)
                  00005ff8    00000038                                   : memory.c.obj (.text:minit)
                  00006030    00000038                                   : fs_tod_t2.asm.obj (.text)
                  00006068    00000034     driverlib.lib : interrupt.obj (.text:IntRegister)
                  0000609c    00000030     rtsv7M4_T_le_v4SPD16_eabi.lib : vsnprintf.c.obj (.text:_outs)
                  000060cc    0000002e                                   : i_tofd_t2.asm.obj (.text)
                  000060fa    0000002a                                   : memory.c.obj (.text:calloc)
                  00006124    00000028                                   : memory.c.obj (.text:mremove)
                  0000614c    0000001e                                   : strcat.c.obj (.text:strcat)
                  0000616a    0000001c                                   : memccpy.c.obj (.text:memccpy)
                  00006186    00000018                                   : vsnprintf.c.obj (.text:_outc)
                  0000619e    00000018                                   : sprintf.c.obj (.text:_outs)
                  000061b6    00000018     open_interface.obj (.text:oi_parseInt)
                  000061ce    00000018     rtsv7M4_T_le_v4SPD16_eabi.lib : strcmp.c.obj (.text:strcmp)
                  000061e6    00000016                                   : strchr.c.obj (.text:strchr)
                  000061fc    00000014                                   : s_copysign.c.obj (.text:copysign)
                  00006210    00000014                                   : strcpy.c.obj (.text:strcpy)
                  00006224    00000014                                   : strlen.c.obj (.text:strlen)
                  00006238    00000012                                   : copy_zero_init.c.obj (.text:decompress:ZI:__TI_zero_init_nomemset:__TI_zero_init_nomemset)
                  0000624a    00000012                                   : wcslen.c.obj (.text:wcslen)
                  0000625c    00000010     driverlib.lib : interrupt.obj (.text:IntMasterEnable)
                  0000626c    00000010     lcd.obj (.text:lcd_clear)
                  0000627c    0000000e     rtsv7M4_T_le_v4SPD16_eabi.lib : copy_decompress_none.c.obj (.text:decompress:none:__TI_decompress_none)
                  0000628a    0000000c     driverlib.lib : cpu.obj (.text:CPUcpsie)
                  00006296    0000000c     tm4c123gh6pm_startup_ccs.obj (.text)
                  000062a2    0000000a     rtsv7M4_T_le_v4SPD16_eabi.lib : sprintf.c.obj (.text:_outc)
                  000062ac    00000008                                   : errno.c.obj (.text:__aeabi_errno_addr)
                  000062b4    00000004                                   : pre_init.c.obj (.text:_system_pre_init)
                  000062b8    00000004                                   : exit.c.obj (.text:abort:abort)

.const     0    000062c0    00000323     
                  000062c0    00000158     rtsv7M4_T_le_v4SPD16_eabi.lib : k_rem_pio2.c.obj (.const:$O1$$)
                  00006418    00000101                                   : ctype.c.obj (.const:.string:_ctypes_)
                  00006519    00000004     lcd.obj (.const:.string:lineAddress$1)
                  0000651d    00000003     --HOLE-- [fill = 0]
                  00006520    00000080     rtsv7M4_T_le_v4SPD16_eabi.lib : k_tan.c.obj (.const:xxx)
                  000065a0    00000030                                   : e_pow.c.obj (.const:$O1$$)
                  000065d0    0000000f     open_interface.obj (.const:.string:$P$T0$3)
                  000065df    00000004     lcd.obj (.const:.string:lineAddresses$2)

.cinit     0    000065e8    00000058     
                  000065e8    0000001f     (.cinit..data.load) [load image, compression = lzss]
                  00006607    00000001     --HOLE-- [fill = 0]
                  00006608    0000000c     (__TI_handler_table)
                  00006614    00000004     --HOLE-- [fill = 0]
                  00006618    00000008     (.cinit..bss.load) [load image, compression = zero_init]
                  00006620    00000008     (.cinit..vtable.load) [load image, compression = zero_init]
                  00006628    00000018     (__TI_cinit_table)

.init_array 
*          0    00000000    00000000     UNINITIALIZED

.vtable    0    20000000    0000026c     UNINITIALIZED
                  20000000    0000026c     driverlib.lib : interrupt.obj (.vtable)

.stack     0    20000270    00001000     UNINITIALIZED
                  20000270    00000004     rtsv7M4_T_le_v4SPD16_eabi.lib : boot_cortex_m.c.obj (.stack)
                  20000274    00000ffc     --HOLE--

.sysmem    0    20001270    00001000     UNINITIALIZED
                  20001270    00000008     rtsv7M4_T_le_v4SPD16_eabi.lib : memory.c.obj (.sysmem)
                  20001278    00000ff8     --HOLE--

.bss       0    20002270    000000b0     UNINITIALIZED
                  20002270    00000054     lcd.obj (.bss:lastbuffer$3)
                  200022c4    00000018     open_interface.obj (.bss:firmware$2)
                  200022dc    00000018     (.common:s_data)
                  200022f4    00000004     (.common:button_event_ptr)
                  200022f8    00000008     (.common:currentDegree)
                  20002300    00000004     (.common:button_num_ptr)
                  20002304    00000004     (.common:char_event_ptr)
                  20002308    00000004     (.common:events)
                  2000230c    00000004     (.common:fallingEdge)
                  20002310    00000004     (.common:i_ptr)
                  20002314    00000004     (.common:pulseLength)
                  20002318    00000004     (.common:risingEdge)
                  2000231c    00000004     (.common:s_data_ptr)

.data      0    20002320    0000003e     UNINITIALIZED
                  20002320    00000010     open_interface.obj (.data)
                  20002330    0000000c     rtsv7M4_T_le_v4SPD16_eabi.lib : memory.c.obj (.data:$O1$$)
                  2000233c    0000000c     l1_main.obj (.data)
                  20002348    00000008     rtsv7M4_T_le_v4SPD16_eabi.lib : _lock.c.obj (.data:$O1$$)
                  20002350    00000008     servo.obj (.data)
                  20002358    00000004     rtsv7M4_T_le_v4SPD16_eabi.lib : errno.c.obj (.data)
                  2000235c    00000001     button.obj (.data)
                  2000235d    00000001     ping.obj (.data)

MODULE SUMMARY

       Module                         code    ro data   rw data
       ------                         ----    -------   -------
    .\
       open_interface.obj             2740    15        40     
       scan.obj                       1308    0         0      
       lcd.obj                        980     8         84     
       uart.obj                       696     0         12     
       servo.obj                      648     0         8      
       tm4c123gh6pm_startup_ccs.obj   12      620       0      
       l1_main.obj                    556     0         36     
       movement.obj                   572     0         0      
       ping.obj                       472     0         1      
       timer.obj                      344     0         0      
       button.obj                     328     0         9      
       adc.obj                        332     0         0      
       data.obj                       0       0         20     
       goal.obj                       0       0         4      
    +--+------------------------------+-------+---------+---------+
       Total:                         8988    643       214    
                                                               
    C:/ti/TivaWare_C_Series-2.1.4.178/driverlib/ccs/Debug/driverlib.lib
       interrupt.obj                  68      0         620    
       cpu.obj                        12      0         0      
    +--+------------------------------+-------+---------+---------+
       Total:                         80      0         620    
                                                               
    C:\ti\ccsv8\tools\compiler\ti-cgt-arm_18.1.2.LTS\lib\rtsv7M4_T_le_v4SPD16_eabi.lib
       _printfi.c.obj                 4863    0         0      
       e_pow.c.obj                    2496    48        0      
       k_rem_pio2.c.obj               1848    344       0      
       s_tan.c.obj                    1288    0         0      
       k_tan.c.obj                    792     128       0      
       memory.c.obj                   534     0         12     
       fd_add_t2.asm.obj              438     0         0      
       e_sqrt.c.obj                   344     0         0      
       fd_div_t2.asm.obj              310     0         0      
       s_scalbn.c.obj                 272     0         0      
       fd_cmp_t2.asm.obj              268     0         0      
       ctype.c.obj                    0       257       0      
       fd_mul_t2.asm.obj              252     0         0      
       s_floor.c.obj                  248     0         0      
       memcpy_t2.asm.obj              156     0         0      
       ull_div_t2.asm.obj             150     0         0      
       vsnprintf.c.obj                136     0         0      
       memset_t2.asm.obj              122     0         0      
       copy_decompress_lzss.c.obj     104     0         0      
       s_frexp.c.obj                  100     0         0      
       sprintf.c.obj                  98      0         0      
       ltoa.c.obj                     84      0         0      
       atoi.c.obj                     76      0         0      
       fd_toi_t2.asm.obj              72      0         0      
       autoinit.c.obj                 68      0         0      
       fd_tou_t2.asm.obj              68      0         0      
       boot_cortex_m.c.obj            56      0         0      
       fs_tod_t2.asm.obj              56      0         0      
       i_tofd_t2.asm.obj              46      0         0      
       strcat.c.obj                   30      0         0      
       memccpy.c.obj                  28      0         0      
       strcmp.c.obj                   24      0         0      
       strchr.c.obj                   22      0         0      
       s_copysign.c.obj               20      0         0      
       strcpy.c.obj                   20      0         0      
       strlen.c.obj                   20      0         0      
       copy_zero_init.c.obj           18      0         0      
       wcslen.c.obj                   18      0         0      
       copy_decompress_none.c.obj     14      0         0      
       errno.c.obj                    8       0         4      
       _lock.c.obj                    2       0         8      
       exit.c.obj                     4       0         0      
       pre_init.c.obj                 4       0         0      
       div0.asm.obj                   2       0         0      
    +--+------------------------------+-------+---------+---------+
       Total:                         15579   777       24     
                                                               
       Heap:                          0       0         4096   
       Stack:                         0       0         4096   
       Linker Generated:              0       83        0      
    +--+------------------------------+-------+---------+---------+
       Grand Total:                   24647   1503      9050   


LINKER GENERATED COPY TABLES

__TI_cinit_table @ 00006628 records: 3, size/record: 8, table size: 24
	.data: load addr=000065e8, load size=0000001f bytes, run addr=20002320, run size=0000003e bytes, compression=lzss
	.bss: load addr=00006618, load size=00000008 bytes, run addr=20002270, run size=000000b0 bytes, compression=zero_init
	.vtable: load addr=00006620, load size=00000008 bytes, run addr=20000000, run size=0000026c bytes, compression=zero_init


LINKER GENERATED HANDLER TABLE

__TI_handler_table @ 00006608 records: 3, size/record: 4, table size: 12
	index: 0, handler: __TI_zero_init
	index: 1, handler: __TI_decompress_lzss
	index: 2, handler: __TI_decompress_none


GLOBAL SYMBOLS: SORTED ALPHABETICALLY BY Name 

address   name                          
-------   ----                          
000062b9  C$$EXIT                       
0000628b  CPUcpsie                      
00000b6d  GPIOF_Handler                 
0000625d  IntMasterEnable               
00006069  IntRegister                   
00006297  ResetISR                      
00004609  TIMER3_Handler                
00003a29  UART1_Handler                 
00003a83  UART1_Receive                 
00003a67  UART1_Transmit                
20001270  __STACK_END                   
00001000  __STACK_SIZE                  
20000470  __STACK_TOP                   
00001000  __SYSMEM_SIZE                 
00006628  __TI_CINIT_Base               
00006640  __TI_CINIT_Limit              
00006608  __TI_Handler_Table_Base       
00006614  __TI_Handler_Table_Limit      
00005e3d  __TI_auto_init_nobinit_nopinit
00005bdf  __TI_decompress_lzss          
0000627d  __TI_decompress_none          
ffffffff  __TI_pprof_out_hndl           
00000d09  __TI_printfi                  
ffffffff  __TI_prof_data_size           
ffffffff  __TI_prof_data_start          
00000000  __TI_static_base__            
00006239  __TI_zero_init_nomemset       
00005971  __aeabi_cdcmpeq               
00005971  __aeabi_cdcmple               
000059f7  __aeabi_cdrcmple              
00005df5  __aeabi_d2iz                  
00005e81  __aeabi_d2uiz                 
0000492b  __aeabi_dadd                  
00005159  __aeabi_ddiv                  
000054c1  __aeabi_dmul                  
00004921  __aeabi_dsub                  
000062ad  __aeabi_errno_addr            
00006031  __aeabi_f2d                   
000060cd  __aeabi_i2d                   
00004ad7  __aeabi_idiv0                 
00004ad7  __aeabi_ldiv0                 
00005a7d  __aeabi_memclr                
00005a7d  __aeabi_memclr4               
00005a7d  __aeabi_memclr8               
0000583f  __aeabi_memcpy                
0000583f  __aeabi_memcpy4               
0000583f  __aeabi_memcpy8               
00005a7f  __aeabi_memset                
00005a7f  __aeabi_memset4               
00005a7f  __aeabi_memset8               
000058db  __aeabi_uldivmod              
ffffffff  __binit__                     
ffffffff  __c_args__                    
00002129  __kernel_rem_pio2             
00003649  __kernel_tan                  
UNDEFED   __mpu_init                    
20000270  __stack                       
00005fc1  _c_int00_noargs               
00006418  _ctypes_                      
20002348  _lock                         
00001767  _nop                          
20001270  _sys_memory                   
UNDEFED   _system_post_cinit            
000062b5  _system_pre_init              
2000234c  _unlock                       
000062b9  abort                         
00004e43  adc_conversion                
00004e15  adc_read                      
00005da9  atoi                          
ffffffff  binit                         
00004f6f  button_checkButtons           
200022f4  button_event_ptr              
00004f79  button_getButton              
00004ed5  button_init                   
20002300  button_num_ptr                
00003ce7  button_servo_move             
20002354  calibration                   
000060fb  calloc                        
20002304  char_event_ptr                
000061fd  copysign                      
000061fd  copysignl                     
200022f8  currentDegree                 
2000235d  edge                          
20002358  errno                         
20002340  event                         
20002308  events                        
2000230c  fallingEdge                   
000055bd  floor                         
000055bd  floorl                        
000056b5  free                          
00005c49  frexp                         
00005c49  frexpl                        
20000000  g_pfnRAMVectors               
00000000  g_pfnVectors                  
00000b99  getDegrees                    
00000929  go_charge                     
00004f53  gpioe_handler                 
20002344  i                             
20002310  i_ptr                         
00004d89  init_ADC                      
00004eff  init_button_interrupts        
0000626d  lcd_clear                     
0000341d  lcd_gotoLine                  
00003285  lcd_init                      
00003483  lcd_printf                    
00003345  lcd_putc                      
0000337d  lcd_puts                      
00003561  lcd_rotatingBanner            
0000339b  lcd_sendCommand               
000033d9  lcd_sendNibble                
00003445  lcd_setCursorPos              
000053b1  ldexp                         
000053b1  ldexpl                        
00005d03  ltoa                          
0000434d  main                          
00005af9  malloc                        
0000616b  memccpy                       
0000583f  memcpy                        
00005a85  memset                        
00005ff9  minit                         
00004215  move_backward                 
00004121  move_forward                  
00004111  move_init                     
20002350  multiplier                    
0000026d  oi_alloc                      
00000a53  oi_checkFirmware              
000002c3  oi_close                      
00000279  oi_free                       
000002ad  oi_init                       
00000289  oi_init_noupdate              
000008bf  oi_loadSong                   
000061b7  oi_parseInt                   
00000327  oi_parsePacket                
00000915  oi_play_song                  
00000839  oi_setLeds                    
0000087d  oi_setWheels                  
00000afb  oi_shutoff_init               
00000937  oi_uartInit                   
000009db  oi_uartReceive                
00000a21  oi_uartSendBuff               
000009bf  oi_uartSendChar               
00000a03  oi_uartSendStr                
000002d5  oi_update                     
000046ad  ping_getDistance              
00004579  ping_init                     
0000467d  ping_read                     
00004655  ping_send                     
00001769  pow                           
00001769  powl                          
20002314  pulseLength                   
00003ad1  putty_display                 
00003b3f  putty_display2                
20002318  risingEdge                    
200022dc  s_data                        
2000231c  s_data_ptr                    
000053b1  scalbn                        
000053b1  scalbnl                       
00002871  scan_area                     
00002861  scan_init                     
00003961  serial_init                   
00003c19  servo_init                    
00003c9b  servo_move                    
00005ec5  sprintf                       
00004ad9  sqrt                          
00004ad9  sqrtl                         
0000614d  strcat                        
000061e7  strchr                        
000061cf  strcmp                        
00006211  strcpy                        
00006225  strlen                        
00002d7d  tan                           
00002d7d  tanl                          
00004d41  timer_getClock                
00004cf5  timer_startClock              
00004c8f  timer_startTimer              
00004d47  timer_stopClock               
00004cdf  timer_stopTimer               
00004c65  timer_waitMicros              
00004c31  timer_waitMillis              
000042cf  turn_left                     
0000425f  turn_right                    
00003ac1  uart_sendChar                 
00003aa3  uart_sendStr                  
00005f05  vsnprintf                     
0000624b  wcslen                        


GLOBAL SYMBOLS: SORTED BY Symbol Address 

address   name                          
-------   ----                          
00000000  __TI_static_base__            
00000000  g_pfnVectors                  
0000026d  oi_alloc                      
00000279  oi_free                       
00000289  oi_init_noupdate              
000002ad  oi_init                       
000002c3  oi_close                      
000002d5  oi_update                     
00000327  oi_parsePacket                
00000839  oi_setLeds                    
0000087d  oi_setWheels                  
000008bf  oi_loadSong                   
00000915  oi_play_song                  
00000929  go_charge                     
00000937  oi_uartInit                   
000009bf  oi_uartSendChar               
000009db  oi_uartReceive                
00000a03  oi_uartSendStr                
00000a21  oi_uartSendBuff               
00000a53  oi_checkFirmware              
00000afb  oi_shutoff_init               
00000b6d  GPIOF_Handler                 
00000b99  getDegrees                    
00000d09  __TI_printfi                  
00001000  __STACK_SIZE                  
00001000  __SYSMEM_SIZE                 
00001767  _nop                          
00001769  pow                           
00001769  powl                          
00002129  __kernel_rem_pio2             
00002861  scan_init                     
00002871  scan_area                     
00002d7d  tan                           
00002d7d  tanl                          
00003285  lcd_init                      
00003345  lcd_putc                      
0000337d  lcd_puts                      
0000339b  lcd_sendCommand               
000033d9  lcd_sendNibble                
0000341d  lcd_gotoLine                  
00003445  lcd_setCursorPos              
00003483  lcd_printf                    
00003561  lcd_rotatingBanner            
00003649  __kernel_tan                  
00003961  serial_init                   
00003a29  UART1_Handler                 
00003a67  UART1_Transmit                
00003a83  UART1_Receive                 
00003aa3  uart_sendStr                  
00003ac1  uart_sendChar                 
00003ad1  putty_display                 
00003b3f  putty_display2                
00003c19  servo_init                    
00003c9b  servo_move                    
00003ce7  button_servo_move             
00004111  move_init                     
00004121  move_forward                  
00004215  move_backward                 
0000425f  turn_right                    
000042cf  turn_left                     
0000434d  main                          
00004579  ping_init                     
00004609  TIMER3_Handler                
00004655  ping_send                     
0000467d  ping_read                     
000046ad  ping_getDistance              
00004921  __aeabi_dsub                  
0000492b  __aeabi_dadd                  
00004ad7  __aeabi_idiv0                 
00004ad7  __aeabi_ldiv0                 
00004ad9  sqrt                          
00004ad9  sqrtl                         
00004c31  timer_waitMillis              
00004c65  timer_waitMicros              
00004c8f  timer_startTimer              
00004cdf  timer_stopTimer               
00004cf5  timer_startClock              
00004d41  timer_getClock                
00004d47  timer_stopClock               
00004d89  init_ADC                      
00004e15  adc_read                      
00004e43  adc_conversion                
00004ed5  button_init                   
00004eff  init_button_interrupts        
00004f53  gpioe_handler                 
00004f6f  button_checkButtons           
00004f79  button_getButton              
00005159  __aeabi_ddiv                  
000053b1  ldexp                         
000053b1  ldexpl                        
000053b1  scalbn                        
000053b1  scalbnl                       
000054c1  __aeabi_dmul                  
000055bd  floor                         
000055bd  floorl                        
000056b5  free                          
0000583f  __aeabi_memcpy                
0000583f  __aeabi_memcpy4               
0000583f  __aeabi_memcpy8               
0000583f  memcpy                        
000058db  __aeabi_uldivmod              
00005971  __aeabi_cdcmpeq               
00005971  __aeabi_cdcmple               
000059f7  __aeabi_cdrcmple              
00005a7d  __aeabi_memclr                
00005a7d  __aeabi_memclr4               
00005a7d  __aeabi_memclr8               
00005a7f  __aeabi_memset                
00005a7f  __aeabi_memset4               
00005a7f  __aeabi_memset8               
00005a85  memset                        
00005af9  malloc                        
00005bdf  __TI_decompress_lzss          
00005c49  frexp                         
00005c49  frexpl                        
00005d03  ltoa                          
00005da9  atoi                          
00005df5  __aeabi_d2iz                  
00005e3d  __TI_auto_init_nobinit_nopinit
00005e81  __aeabi_d2uiz                 
00005ec5  sprintf                       
00005f05  vsnprintf                     
00005fc1  _c_int00_noargs               
00005ff9  minit                         
00006031  __aeabi_f2d                   
00006069  IntRegister                   
000060cd  __aeabi_i2d                   
000060fb  calloc                        
0000614d  strcat                        
0000616b  memccpy                       
000061b7  oi_parseInt                   
000061cf  strcmp                        
000061e7  strchr                        
000061fd  copysign                      
000061fd  copysignl                     
00006211  strcpy                        
00006225  strlen                        
00006239  __TI_zero_init_nomemset       
0000624b  wcslen                        
0000625d  IntMasterEnable               
0000626d  lcd_clear                     
0000627d  __TI_decompress_none          
0000628b  CPUcpsie                      
00006297  ResetISR                      
000062ad  __aeabi_errno_addr            
000062b5  _system_pre_init              
000062b9  C$$EXIT                       
000062b9  abort                         
00006418  _ctypes_                      
00006608  __TI_Handler_Table_Base       
00006614  __TI_Handler_Table_Limit      
00006628  __TI_CINIT_Base               
00006640  __TI_CINIT_Limit              
20000000  g_pfnRAMVectors               
20000270  __stack                       
20000470  __STACK_TOP                   
20001270  __STACK_END                   
20001270  _sys_memory                   
200022dc  s_data                        
200022f4  button_event_ptr              
200022f8  currentDegree                 
20002300  button_num_ptr                
20002304  char_event_ptr                
20002308  events                        
2000230c  fallingEdge                   
20002310  i_ptr                         
20002314  pulseLength                   
20002318  risingEdge                    
2000231c  s_data_ptr                    
20002340  event                         
20002344  i                             
20002348  _lock                         
2000234c  _unlock                       
20002350  multiplier                    
20002354  calibration                   
20002358  errno                         
2000235d  edge                          
ffffffff  __TI_pprof_out_hndl           
ffffffff  __TI_prof_data_size           
ffffffff  __TI_prof_data_start          
ffffffff  __binit__                     
ffffffff  __c_args__                    
ffffffff  binit                         
UNDEFED   __mpu_init                    
UNDEFED   _system_post_cinit            

[185 symbols]
