******************************************************************************
                  TI ARM Linker PC v18.1.2                     
******************************************************************************
>> Linked Tue Apr 16 15:18:06 2019

OUTPUT FILE NAME:   <Lab9.out>
ENTRY POINT SYMBOL: "_c_int00_noargs"  address: 00004ec9


MEMORY CONFIGURATION

         name            origin    length      used     unused   attr    fill
----------------------  --------  ---------  --------  --------  ----  --------
  FLASH                 00000000   00040000  000054ac  0003ab54  R  X
  SRAM                  20000000   00008000  00002f96  0000506a  RW X


SEGMENT ALLOCATION MAP

run origin  load origin   length   init length attrs members
----------  ----------- ---------- ----------- ----- -------
00000000    00000000    000054b0   000054b0    r-x
  00000000    00000000    0000026c   0000026c    r-- .intvecs
  0000026c    0000026c    00004ee4   00004ee4    r-x .text
  00005150    00005150    00000314   00000314    r-- .const
  00005468    00005468    00000048   00000048    r-- .cinit
20000000    20000000    00002f9a   00000000    rw-
  20000000    20000000    0000026c   00000000    rw- .vtable
  20000270    20000270    00001000   00000000    rw- .stack
  20001270    20001270    00001000   00000000    rw- .sysmem
  20002270    20002270    00000d18   00000000    rw- .bss
  20002f88    20002f88    00000012   00000000    rw- .data


SECTION ALLOCATION MAP

 output                                  attributes/
section   page    origin      length       input sections
--------  ----  ----------  ----------   ----------------
.intvecs   0    00000000    0000026c     
                  00000000    0000026c     tm4c123gh6pm_startup_ccs.obj (.intvecs)

.text      0    0000026c    00004ee4     
                  0000026c    00000a5e     rtsv7M4_T_le_v4SPD16_eabi.lib : _printfi.c.obj (.text:__TI_printfi)
                  00000cca    00000002                                   : div0.asm.obj (.text)
                  00000ccc    000009c0                                   : e_pow.c.obj (.text:pow)
                  0000168c    00000738                                   : k_rem_pio2.c.obj (.text:__kernel_rem_pio2)
                  00001dc4    00000508                                   : s_tan.c.obj (.text:tan)
                  000022cc    000004b8     scan.obj (.text)
                  00002784    000003c4     lcd.obj (.text)
                  00002b48    00000318     rtsv7M4_T_le_v4SPD16_eabi.lib : k_tan.c.obj (.text:__kernel_tan)
                  00002e60    000002b8     uart.obj (.text)
                  00003118    00000288     servo.obj (.text)
                  000033a0    00000270     rtsv7M4_T_le_v4SPD16_eabi.lib : _printfi.c.obj (.text:_pconv_a)
                  00003610    000001d8     ping.obj (.text)
                  000037e8    000001d0     rtsv7M4_T_le_v4SPD16_eabi.lib : _printfi.c.obj (.text:_pconv_g)
                  000039b8    000001b6                                   : fd_add_t2.asm.obj (.text)
                  00003b6e    00000002     --HOLE-- [fill = 0]
                  00003b70    00000158                                   : e_sqrt.c.obj (.text:sqrt)
                  00003cc8    00000158     timer.obj (.text)
                  00003e20    0000014c     adc.obj (.text)
                  00003f6c    00000148     button.obj (.text)
                  000040b4    0000013c     rtsv7M4_T_le_v4SPD16_eabi.lib : _printfi.c.obj (.text:_pconv_e)
                  000041f0    00000136                                   : fd_div_t2.asm.obj (.text)
                  00004326    00000002     --HOLE-- [fill = 0]
                  00004328    00000120                                   : _printfi.c.obj (.text:fcvt)
                  00004448    00000110                                   : s_scalbn.c.obj (.text:scalbn)
                  00004558    000000fc                                   : fd_mul_t2.asm.obj (.text)
                  00004654    000000f8                                   : s_floor.c.obj (.text:floor)
                  0000474c    000000b1                                   : _printfi.c.obj (.text:_ltostr)
                  000047fd    00000001     --HOLE-- [fill = 0]
                  000047fe    0000009c                                   : memcpy_t2.asm.obj (.text)
                  0000489a    00000096                                   : ull_div_t2.asm.obj (.text)
                  00004930    00000086                                   : fd_cmp_t2.asm.obj (.text:__aeabi_cdcmple)
                  000049b6    00000086                                   : fd_cmp_t2.asm.obj (.text:__aeabi_cdrcmple)
                  00004a3c    0000007a                                   : memset_t2.asm.obj (.text)
                  00004ab6    0000006e                                   : _printfi.c.obj (.text:_mcpy)
                  00004b24    00000068                                   : copy_decompress_lzss.c.obj (.text:decompress:lzss:__TI_decompress_lzss)
                  00004b8c    00000064                                   : s_frexp.c.obj (.text:frexp)
                  00004bf0    00000056                                   : _printfi.c.obj (.text:_pconv_f)
                  00004c46    00000054                                   : ltoa.c.obj (.text:ltoa)
                  00004c9a    00000052                                   : _printfi.c.obj (.text:_ecpy)
                  00004cec    0000004c                                   : atoi.c.obj (.text:atoi)
                  00004d38    00000048                                   : fd_toi_t2.asm.obj (.text)
                  00004d80    00000044                                   : autoinit.c.obj (.text:__TI_auto_init_nobinit_nopinit:__TI_auto_init_nobinit_nopinit)
                  00004dc4    00000044                                   : fd_tou_t2.asm.obj (.text)
                  00004e08    00000040                                   : sprintf.c.obj (.text:sprintf)
                  00004e48    00000040                                   : vsnprintf.c.obj (.text:vsnprintf)
                  00004e88    0000003e                                   : _printfi.c.obj (.text:_fcpy)
                  00004ec6    00000002     --HOLE-- [fill = 0]
                  00004ec8    00000038                                   : boot_cortex_m.c.obj (.text:_c_int00_noargs:_c_int00_noargs)
                  00004f00    00000038                                   : fs_tod_t2.asm.obj (.text)
                  00004f38    00000034     driverlib.lib : interrupt.obj (.text:IntRegister)
                  00004f6c    00000034     l1_main.obj (.text)
                  00004fa0    00000030     rtsv7M4_T_le_v4SPD16_eabi.lib : vsnprintf.c.obj (.text:_outs)
                  00004fd0    0000002e                                   : i_tofd_t2.asm.obj (.text)
                  00004ffe    0000001e                                   : strcat.c.obj (.text:strcat)
                  0000501c    0000001c                                   : memccpy.c.obj (.text:memccpy)
                  00005038    00000018                                   : vsnprintf.c.obj (.text:_outc)
                  00005050    00000018                                   : sprintf.c.obj (.text:_outs)
                  00005068    00000018                                   : strcmp.c.obj (.text:strcmp)
                  00005080    00000016                                   : strchr.c.obj (.text:strchr)
                  00005096    00000014                                   : s_copysign.c.obj (.text:copysign)
                  000050aa    00000014                                   : strcpy.c.obj (.text:strcpy)
                  000050be    00000014                                   : strlen.c.obj (.text:strlen)
                  000050d2    00000012                                   : wcslen.c.obj (.text:wcslen)
                  000050e4    00000010     driverlib.lib : interrupt.obj (.text:IntMasterEnable)
                  000050f4    00000010     lcd.obj (.text:lcd_clear)
                  00005104    0000000e     rtsv7M4_T_le_v4SPD16_eabi.lib : copy_decompress_none.c.obj (.text:decompress:none:__TI_decompress_none)
                  00005112    0000000c     driverlib.lib : cpu.obj (.text:CPUcpsie)
                  0000511e    0000000c     rtsv7M4_T_le_v4SPD16_eabi.lib : copy_zero_init.c.obj (.text:decompress:ZI:__TI_zero_init)
                  0000512a    0000000c     tm4c123gh6pm_startup_ccs.obj (.text)
                  00005136    0000000a     rtsv7M4_T_le_v4SPD16_eabi.lib : sprintf.c.obj (.text:_outc)
                  00005140    00000008                                   : errno.c.obj (.text:__aeabi_errno_addr)
                  00005148    00000004                                   : pre_init.c.obj (.text:_system_pre_init)
                  0000514c    00000004                                   : exit.c.obj (.text:abort:abort)

.const     0    00005150    00000314     
                  00005150    00000158     rtsv7M4_T_le_v4SPD16_eabi.lib : k_rem_pio2.c.obj (.const:$O1$$)
                  000052a8    00000101                                   : ctype.c.obj (.const:.string:_ctypes_)
                  000053a9    00000004     lcd.obj (.const:.string:lineAddress$1)
                  000053ad    00000003     --HOLE-- [fill = 0]
                  000053b0    00000080     rtsv7M4_T_le_v4SPD16_eabi.lib : k_tan.c.obj (.const:xxx)
                  00005430    00000030                                   : e_pow.c.obj (.const:$O1$$)
                  00005460    00000004     lcd.obj (.const:.string:lineAddresses$2)

.cinit     0    00005468    00000048     
                  00005468    0000000f     (.cinit..data.load) [load image, compression = lzss]
                  00005477    00000001     --HOLE-- [fill = 0]
                  00005478    0000000c     (__TI_handler_table)
                  00005484    00000004     --HOLE-- [fill = 0]
                  00005488    00000008     (.cinit..bss.load) [load image, compression = zero_init]
                  00005490    00000008     (.cinit..vtable.load) [load image, compression = zero_init]
                  00005498    00000018     (__TI_cinit_table)

.init_array 
*          0    00000000    00000000     UNINITIALIZED

.vtable    0    20000000    0000026c     UNINITIALIZED
                  20000000    0000026c     driverlib.lib : interrupt.obj (.vtable)

.stack     0    20000270    00001000     UNINITIALIZED
                  20000270    00000004     rtsv7M4_T_le_v4SPD16_eabi.lib : boot_cortex_m.c.obj (.stack)
                  20000274    00000ffc     --HOLE--

.sysmem    0    20001270    00001000     UNINITIALIZED
                  20001270    00000008     rtsv7M4_T_le_v4SPD16_eabi.lib : memory.c.obj (.sysmem)
                  20001278    00000ff8     --HOLE--

.bss       0    20002270    00000d18     UNINITIALIZED
                  20002270    00000c80     (.common:objects)
                  20002ef0    00000054     lcd.obj (.bss:lastbuffer$3)
                  20002f44    00000018     (.common:s_data)
                  20002f5c    00000004     (.common:button_event_ptr)
                  20002f60    00000008     (.common:currentDegree)
                  20002f68    00000004     (.common:button_num_ptr)
                  20002f6c    00000004     (.common:char_event_ptr)
                  20002f70    00000004     (.common:fallingEdge)
                  20002f74    00000004     (.common:i)
                  20002f78    00000004     (.common:i_ptr)
                  20002f7c    00000004     (.common:pulseLength)
                  20002f80    00000004     (.common:risingEdge)
                  20002f84    00000004     (.common:s_data_ptr)

.data      0    20002f88    00000012     UNINITIALIZED
                  20002f88    00000008     servo.obj (.data)
                  20002f90    00000004     l1_main.obj (.data)
                  20002f94    00000004     rtsv7M4_T_le_v4SPD16_eabi.lib : errno.c.obj (.data)
                  20002f98    00000001     button.obj (.data)
                  20002f99    00000001     ping.obj (.data)

MODULE SUMMARY

       Module                         code    ro data   rw data
       ------                         ----    -------   -------
    .\
       scan.obj                       1208    0         3200   
       lcd.obj                        980     8         84     
       uart.obj                       696     0         12     
       servo.obj                      648     0         8      
       tm4c123gh6pm_startup_ccs.obj   12      620       0      
       ping.obj                       472     0         1      
       timer.obj                      344     0         0      
       button.obj                     328     0         9      
       adc.obj                        332     0         0      
       l1_main.obj                    52      0         32     
       data.obj                       0       0         20     
    +--+------------------------------+-------+---------+---------+
       Total:                         5072    628       3366   
                                                               
    C:/ti/TivaWare_C_Series-2.1.4.178/driverlib/ccs/Debug/driverlib.lib
       interrupt.obj                  68      0         620    
       cpu.obj                        12      0         0      
    +--+------------------------------+-------+---------+---------+
       Total:                         80      0         620    
                                                               
    C:\ti\ccsv8\tools\compiler\ti-cgt-arm_18.1.2.LTS\lib\rtsv7M4_T_le_v4SPD16_eabi.lib
       _printfi.c.obj                 4863    0         0      
       e_pow.c.obj                    2496    48        0      
       k_rem_pio2.c.obj               1848    344       0      
       s_tan.c.obj                    1288    0         0      
       k_tan.c.obj                    792     128       0      
       fd_add_t2.asm.obj              438     0         0      
       e_sqrt.c.obj                   344     0         0      
       fd_div_t2.asm.obj              310     0         0      
       s_scalbn.c.obj                 272     0         0      
       fd_cmp_t2.asm.obj              268     0         0      
       ctype.c.obj                    0       257       0      
       fd_mul_t2.asm.obj              252     0         0      
       s_floor.c.obj                  248     0         0      
       memcpy_t2.asm.obj              156     0         0      
       ull_div_t2.asm.obj             150     0         0      
       vsnprintf.c.obj                136     0         0      
       memset_t2.asm.obj              122     0         0      
       copy_decompress_lzss.c.obj     104     0         0      
       s_frexp.c.obj                  100     0         0      
       sprintf.c.obj                  98      0         0      
       ltoa.c.obj                     84      0         0      
       atoi.c.obj                     76      0         0      
       fd_toi_t2.asm.obj              72      0         0      
       autoinit.c.obj                 68      0         0      
       fd_tou_t2.asm.obj              68      0         0      
       boot_cortex_m.c.obj            56      0         0      
       fs_tod_t2.asm.obj              56      0         0      
       i_tofd_t2.asm.obj              46      0         0      
       strcat.c.obj                   30      0         0      
       memccpy.c.obj                  28      0         0      
       strcmp.c.obj                   24      0         0      
       strchr.c.obj                   22      0         0      
       s_copysign.c.obj               20      0         0      
       strcpy.c.obj                   20      0         0      
       strlen.c.obj                   20      0         0      
       wcslen.c.obj                   18      0         0      
       copy_decompress_none.c.obj     14      0         0      
       copy_zero_init.c.obj           12      0         0      
       errno.c.obj                    8       0         4      
       exit.c.obj                     4       0         0      
       pre_init.c.obj                 4       0         0      
       div0.asm.obj                   2       0         0      
    +--+------------------------------+-------+---------+---------+
       Total:                         15037   777       4      
                                                               
       Heap:                          0       0         4096   
       Stack:                         0       0         4096   
       Linker Generated:              0       67        0      
    +--+------------------------------+-------+---------+---------+
       Grand Total:                   20189   1472      12182  


LINKER GENERATED COPY TABLES

__TI_cinit_table @ 00005498 records: 3, size/record: 8, table size: 24
	.data: load addr=00005468, load size=0000000f bytes, run addr=20002f88, run size=00000012 bytes, compression=lzss
	.bss: load addr=00005488, load size=00000008 bytes, run addr=20002270, run size=00000d18 bytes, compression=zero_init
	.vtable: load addr=00005490, load size=00000008 bytes, run addr=20000000, run size=0000026c bytes, compression=zero_init


LINKER GENERATED HANDLER TABLE

__TI_handler_table @ 00005478 records: 3, size/record: 4, table size: 12
	index: 0, handler: __TI_zero_init
	index: 1, handler: __TI_decompress_lzss
	index: 2, handler: __TI_decompress_none


GLOBAL SYMBOLS: SORTED ALPHABETICALLY BY Name 

address   name                          
-------   ----                          
0000514d  C$$EXIT                       
00005113  CPUcpsie                      
000050e5  IntMasterEnable               
00004f39  IntRegister                   
0000512b  ResetISR                      
000036a1  TIMER3_Handler                
00002f29  UART1_Handler                 
00002f83  UART1_Receive                 
00002f67  UART1_Transmit                
20001270  __STACK_END                   
00001000  __STACK_SIZE                  
20000470  __STACK_TOP                   
00001000  __SYSMEM_SIZE                 
00005498  __TI_CINIT_Base               
000054b0  __TI_CINIT_Limit              
00005478  __TI_Handler_Table_Base       
00005484  __TI_Handler_Table_Limit      
00004d81  __TI_auto_init_nobinit_nopinit
00004b25  __TI_decompress_lzss          
00005105  __TI_decompress_none          
ffffffff  __TI_pprof_out_hndl           
0000026d  __TI_printfi                  
ffffffff  __TI_prof_data_size           
ffffffff  __TI_prof_data_start          
00000000  __TI_static_base__            
0000511f  __TI_zero_init                
00004931  __aeabi_cdcmpeq               
00004931  __aeabi_cdcmple               
000049b7  __aeabi_cdrcmple              
00004d39  __aeabi_d2iz                  
00004dc5  __aeabi_d2uiz                 
000039c3  __aeabi_dadd                  
000041f1  __aeabi_ddiv                  
00004559  __aeabi_dmul                  
000039b9  __aeabi_dsub                  
00005141  __aeabi_errno_addr            
00004f01  __aeabi_f2d                   
00004fd1  __aeabi_i2d                   
00000ccb  __aeabi_idiv0                 
00000ccb  __aeabi_ldiv0                 
00004a3d  __aeabi_memclr                
00004a3d  __aeabi_memclr4               
00004a3d  __aeabi_memclr8               
000047ff  __aeabi_memcpy                
000047ff  __aeabi_memcpy4               
000047ff  __aeabi_memcpy8               
00004a3f  __aeabi_memset                
00004a3f  __aeabi_memset4               
00004a3f  __aeabi_memset8               
0000489b  __aeabi_uldivmod              
ffffffff  __binit__                     
ffffffff  __c_args__                    
0000168d  __kernel_rem_pio2             
00002b49  __kernel_tan                  
UNDEFED   __mpu_init                    
20000270  __stack                       
00004ec9  _c_int00_noargs               
000052a8  _ctypes_                      
20001270  _sys_memory                   
UNDEFED   _system_post_cinit            
00005149  _system_pre_init              
0000514d  abort                         
00003edb  adc_conversion                
00003ead  adc_read                      
00004ced  atoi                          
ffffffff  binit                         
00004007  button_checkButtons           
20002f5c  button_event_ptr              
00004011  button_getButton              
00003f6d  button_init                   
20002f68  button_num_ptr                
000031e7  button_servo_move             
20002f8c  calibration                   
20002f90  char_event                    
20002f6c  char_event_ptr                
00005097  copysign                      
00005097  copysignl                     
20002f60  currentDegree                 
20002f99  edge                          
20002f94  errno                         
20002f70  fallingEdge                   
00004655  floor                         
00004655  floorl                        
00004b8d  frexp                         
00004b8d  frexpl                        
20000000  g_pfnRAMVectors               
00000000  g_pfnVectors                  
00003feb  gpioe_handler                 
20002f74  i                             
20002f78  i_ptr                         
00003e21  init_ADC                      
00003f97  init_button_interrupts        
000050f5  lcd_clear                     
0000291d  lcd_gotoLine                  
00002785  lcd_init                      
00002983  lcd_printf                    
00002845  lcd_putc                      
0000287d  lcd_puts                      
00002a61  lcd_rotatingBanner            
0000289b  lcd_sendCommand               
000028d9  lcd_sendNibble                
00002945  lcd_setCursorPos              
00004449  ldexp                         
00004449  ldexpl                        
00004c47  ltoa                          
00004f6d  main                          
0000501d  memccpy                       
000047ff  memcpy                        
00004a45  memset                        
20002f88  multiplier                    
20002270  objects                       
00003745  ping_getDistance              
00003611  ping_init                     
00003715  ping_read                     
000036ed  ping_send                     
00000ccd  pow                           
00000ccd  powl                          
20002f7c  pulseLength                   
00002fd1  putty_display                 
0000303f  putty_display2                
20002f80  risingEdge                    
20002f44  s_data                        
20002f84  s_data_ptr                    
00004449  scalbn                        
00004449  scalbnl                       
000022cd  scan_area                     
00002e61  serial_init                   
00003119  servo_init                    
0000319b  servo_move                    
00004e09  sprintf                       
00003b71  sqrt                          
00003b71  sqrtl                         
00004fff  strcat                        
00005081  strchr                        
00005069  strcmp                        
000050ab  strcpy                        
000050bf  strlen                        
00001dc5  tan                           
00001dc5  tanl                          
00003dd9  timer_getClock                
00003d8d  timer_startClock              
00003d27  timer_startTimer              
00003ddf  timer_stopClock               
00003d77  timer_stopTimer               
00003cfd  timer_waitMicros              
00003cc9  timer_waitMillis              
00002fc1  uart_sendChar                 
00002fa3  uart_sendStr                  
00004e49  vsnprintf                     
000050d3  wcslen                        


GLOBAL SYMBOLS: SORTED BY Symbol Address 

address   name                          
-------   ----                          
00000000  __TI_static_base__            
00000000  g_pfnVectors                  
0000026d  __TI_printfi                  
00000ccb  __aeabi_idiv0                 
00000ccb  __aeabi_ldiv0                 
00000ccd  pow                           
00000ccd  powl                          
00001000  __STACK_SIZE                  
00001000  __SYSMEM_SIZE                 
0000168d  __kernel_rem_pio2             
00001dc5  tan                           
00001dc5  tanl                          
000022cd  scan_area                     
00002785  lcd_init                      
00002845  lcd_putc                      
0000287d  lcd_puts                      
0000289b  lcd_sendCommand               
000028d9  lcd_sendNibble                
0000291d  lcd_gotoLine                  
00002945  lcd_setCursorPos              
00002983  lcd_printf                    
00002a61  lcd_rotatingBanner            
00002b49  __kernel_tan                  
00002e61  serial_init                   
00002f29  UART1_Handler                 
00002f67  UART1_Transmit                
00002f83  UART1_Receive                 
00002fa3  uart_sendStr                  
00002fc1  uart_sendChar                 
00002fd1  putty_display                 
0000303f  putty_display2                
00003119  servo_init                    
0000319b  servo_move                    
000031e7  button_servo_move             
00003611  ping_init                     
000036a1  TIMER3_Handler                
000036ed  ping_send                     
00003715  ping_read                     
00003745  ping_getDistance              
000039b9  __aeabi_dsub                  
000039c3  __aeabi_dadd                  
00003b71  sqrt                          
00003b71  sqrtl                         
00003cc9  timer_waitMillis              
00003cfd  timer_waitMicros              
00003d27  timer_startTimer              
00003d77  timer_stopTimer               
00003d8d  timer_startClock              
00003dd9  timer_getClock                
00003ddf  timer_stopClock               
00003e21  init_ADC                      
00003ead  adc_read                      
00003edb  adc_conversion                
00003f6d  button_init                   
00003f97  init_button_interrupts        
00003feb  gpioe_handler                 
00004007  button_checkButtons           
00004011  button_getButton              
000041f1  __aeabi_ddiv                  
00004449  ldexp                         
00004449  ldexpl                        
00004449  scalbn                        
00004449  scalbnl                       
00004559  __aeabi_dmul                  
00004655  floor                         
00004655  floorl                        
000047ff  __aeabi_memcpy                
000047ff  __aeabi_memcpy4               
000047ff  __aeabi_memcpy8               
000047ff  memcpy                        
0000489b  __aeabi_uldivmod              
00004931  __aeabi_cdcmpeq               
00004931  __aeabi_cdcmple               
000049b7  __aeabi_cdrcmple              
00004a3d  __aeabi_memclr                
00004a3d  __aeabi_memclr4               
00004a3d  __aeabi_memclr8               
00004a3f  __aeabi_memset                
00004a3f  __aeabi_memset4               
00004a3f  __aeabi_memset8               
00004a45  memset                        
00004b25  __TI_decompress_lzss          
00004b8d  frexp                         
00004b8d  frexpl                        
00004c47  ltoa                          
00004ced  atoi                          
00004d39  __aeabi_d2iz                  
00004d81  __TI_auto_init_nobinit_nopinit
00004dc5  __aeabi_d2uiz                 
00004e09  sprintf                       
00004e49  vsnprintf                     
00004ec9  _c_int00_noargs               
00004f01  __aeabi_f2d                   
00004f39  IntRegister                   
00004f6d  main                          
00004fd1  __aeabi_i2d                   
00004fff  strcat                        
0000501d  memccpy                       
00005069  strcmp                        
00005081  strchr                        
00005097  copysign                      
00005097  copysignl                     
000050ab  strcpy                        
000050bf  strlen                        
000050d3  wcslen                        
000050e5  IntMasterEnable               
000050f5  lcd_clear                     
00005105  __TI_decompress_none          
00005113  CPUcpsie                      
0000511f  __TI_zero_init                
0000512b  ResetISR                      
00005141  __aeabi_errno_addr            
00005149  _system_pre_init              
0000514d  C$$EXIT                       
0000514d  abort                         
000052a8  _ctypes_                      
00005478  __TI_Handler_Table_Base       
00005484  __TI_Handler_Table_Limit      
00005498  __TI_CINIT_Base               
000054b0  __TI_CINIT_Limit              
20000000  g_pfnRAMVectors               
20000270  __stack                       
20000470  __STACK_TOP                   
20001270  __STACK_END                   
20001270  _sys_memory                   
20002270  objects                       
20002f44  s_data                        
20002f5c  button_event_ptr              
20002f60  currentDegree                 
20002f68  button_num_ptr                
20002f6c  char_event_ptr                
20002f70  fallingEdge                   
20002f74  i                             
20002f78  i_ptr                         
20002f7c  pulseLength                   
20002f80  risingEdge                    
20002f84  s_data_ptr                    
20002f88  multiplier                    
20002f8c  calibration                   
20002f90  char_event                    
20002f94  errno                         
20002f99  edge                          
ffffffff  __TI_pprof_out_hndl           
ffffffff  __TI_prof_data_size           
ffffffff  __TI_prof_data_start          
ffffffff  __binit__                     
ffffffff  __c_args__                    
ffffffff  binit                         
UNDEFED   __mpu_init                    
UNDEFED   _system_post_cinit            

[150 symbols]
