<?xml version="1.0" encoding="ISO-8859-1" ?>
<link_info>
   <banner>TI ARM Linker PC v18.1.2.LTS</banner>
   <copyright>Copyright (c) 1996-2017 Texas Instruments Incorporated</copyright>
   <link_time>0x5cab8d04</link_time>
   <link_errors>0x0</link_errors>
   <output_file>Lab9.out</output_file>
   <entry_point>
      <name>_c_int00_noargs</name>
      <address>0x3bb9</address>
   </entry_point>
   <input_file_list>
      <input_file id="fl-2">
         <path>.\</path>
         <kind>object</kind>
         <file>adc.obj</file>
         <name>adc.obj</name>
      </input_file>
      <input_file id="fl-3">
         <path>.\</path>
         <kind>object</kind>
         <file>button.obj</file>
         <name>button.obj</name>
      </input_file>
      <input_file id="fl-4">
         <path>.\</path>
         <kind>object</kind>
         <file>data.obj</file>
         <name>data.obj</name>
      </input_file>
      <input_file id="fl-5">
         <path>.\</path>
         <kind>object</kind>
         <file>l1_main.obj</file>
         <name>l1_main.obj</name>
      </input_file>
      <input_file id="fl-6">
         <path>.\</path>
         <kind>object</kind>
         <file>lcd.obj</file>
         <name>lcd.obj</name>
      </input_file>
      <input_file id="fl-7">
         <path>.\</path>
         <kind>object</kind>
         <file>movement.obj</file>
         <name>movement.obj</name>
      </input_file>
      <input_file id="fl-8">
         <path>.\</path>
         <kind>object</kind>
         <file>open_interface.obj</file>
         <name>open_interface.obj</name>
      </input_file>
      <input_file id="fl-9">
         <path>.\</path>
         <kind>object</kind>
         <file>ping.obj</file>
         <name>ping.obj</name>
      </input_file>
      <input_file id="fl-a">
         <path>.\</path>
         <kind>object</kind>
         <file>servo.obj</file>
         <name>servo.obj</name>
      </input_file>
      <input_file id="fl-b">
         <path>.\</path>
         <kind>object</kind>
         <file>timer.obj</file>
         <name>timer.obj</name>
      </input_file>
      <input_file id="fl-c">
         <path>.\</path>
         <kind>object</kind>
         <file>tm4c123gh6pm_startup_ccs.obj</file>
         <name>tm4c123gh6pm_startup_ccs.obj</name>
      </input_file>
      <input_file id="fl-d">
         <path>.\</path>
         <kind>object</kind>
         <file>uart.obj</file>
         <name>uart.obj</name>
      </input_file>
      <input_file id="fl-13">
         <kind>object</kind>
         <file>&lt;internal&gt;</file>
         <name>&lt;internal&gt;</name>
      </input_file>
      <input_file id="fl-c9">
         <path>C:\ti\ccsv8\tools\compiler\ti-cgt-arm_18.1.2.LTS\lib\</path>
         <kind>archive</kind>
         <file>rtsv7M4_T_le_v4SPD16_eabi.lib</file>
         <name>e_pow.c.obj</name>
      </input_file>
      <input_file id="fl-ca">
         <path>C:\ti\ccsv8\tools\compiler\ti-cgt-arm_18.1.2.LTS\lib\</path>
         <kind>archive</kind>
         <file>rtsv7M4_T_le_v4SPD16_eabi.lib</file>
         <name>e_sqrt.c.obj</name>
      </input_file>
      <input_file id="fl-cb">
         <path>C:\ti\ccsv8\tools\compiler\ti-cgt-arm_18.1.2.LTS\lib\</path>
         <kind>archive</kind>
         <file>rtsv7M4_T_le_v4SPD16_eabi.lib</file>
         <name>s_scalbn.c.obj</name>
      </input_file>
      <input_file id="fl-cc">
         <path>C:\ti\ccsv8\tools\compiler\ti-cgt-arm_18.1.2.LTS\lib\</path>
         <kind>archive</kind>
         <file>rtsv7M4_T_le_v4SPD16_eabi.lib</file>
         <name>s_copysign.c.obj</name>
      </input_file>
      <input_file id="fl-cd">
         <path>C:\ti\ccsv8\tools\compiler\ti-cgt-arm_18.1.2.LTS\lib\</path>
         <kind>archive</kind>
         <file>rtsv7M4_T_le_v4SPD16_eabi.lib</file>
         <name>fd_add_t2.asm.obj</name>
      </input_file>
      <input_file id="fl-ce">
         <path>C:\ti\ccsv8\tools\compiler\ti-cgt-arm_18.1.2.LTS\lib\</path>
         <kind>archive</kind>
         <file>rtsv7M4_T_le_v4SPD16_eabi.lib</file>
         <name>fd_cmp_t2.asm.obj</name>
      </input_file>
      <input_file id="fl-cf">
         <path>C:\ti\ccsv8\tools\compiler\ti-cgt-arm_18.1.2.LTS\lib\</path>
         <kind>archive</kind>
         <file>rtsv7M4_T_le_v4SPD16_eabi.lib</file>
         <name>fd_div_t2.asm.obj</name>
      </input_file>
      <input_file id="fl-d0">
         <path>C:\ti\ccsv8\tools\compiler\ti-cgt-arm_18.1.2.LTS\lib\</path>
         <kind>archive</kind>
         <file>rtsv7M4_T_le_v4SPD16_eabi.lib</file>
         <name>fd_mul_t2.asm.obj</name>
      </input_file>
      <input_file id="fl-d1">
         <path>C:\ti\ccsv8\tools\compiler\ti-cgt-arm_18.1.2.LTS\lib\</path>
         <kind>archive</kind>
         <file>rtsv7M4_T_le_v4SPD16_eabi.lib</file>
         <name>fd_toi_t2.asm.obj</name>
      </input_file>
      <input_file id="fl-d2">
         <path>C:\ti\ccsv8\tools\compiler\ti-cgt-arm_18.1.2.LTS\lib\</path>
         <kind>archive</kind>
         <file>rtsv7M4_T_le_v4SPD16_eabi.lib</file>
         <name>fd_tos_t2.asm.obj</name>
      </input_file>
      <input_file id="fl-d3">
         <path>C:\ti\ccsv8\tools\compiler\ti-cgt-arm_18.1.2.LTS\lib\</path>
         <kind>archive</kind>
         <file>rtsv7M4_T_le_v4SPD16_eabi.lib</file>
         <name>fd_tou_t2.asm.obj</name>
      </input_file>
      <input_file id="fl-d4">
         <path>C:\ti\ccsv8\tools\compiler\ti-cgt-arm_18.1.2.LTS\lib\</path>
         <kind>archive</kind>
         <file>rtsv7M4_T_le_v4SPD16_eabi.lib</file>
         <name>fs_tod_t2.asm.obj</name>
      </input_file>
      <input_file id="fl-d5">
         <path>C:\ti\ccsv8\tools\compiler\ti-cgt-arm_18.1.2.LTS\lib\</path>
         <kind>archive</kind>
         <file>rtsv7M4_T_le_v4SPD16_eabi.lib</file>
         <name>i_tofd_t2.asm.obj</name>
      </input_file>
      <input_file id="fl-d6">
         <path>C:\ti\ccsv8\tools\compiler\ti-cgt-arm_18.1.2.LTS\lib\</path>
         <kind>archive</kind>
         <file>rtsv7M4_T_le_v4SPD16_eabi.lib</file>
         <name>memcpy_t2.asm.obj</name>
      </input_file>
      <input_file id="fl-d7">
         <path>C:\ti\ccsv8\tools\compiler\ti-cgt-arm_18.1.2.LTS\lib\</path>
         <kind>archive</kind>
         <file>rtsv7M4_T_le_v4SPD16_eabi.lib</file>
         <name>copy_zero_init.c.obj</name>
      </input_file>
      <input_file id="fl-d8">
         <path>C:\ti\ccsv8\tools\compiler\ti-cgt-arm_18.1.2.LTS\lib\</path>
         <kind>archive</kind>
         <file>rtsv7M4_T_le_v4SPD16_eabi.lib</file>
         <name>copy_decompress_none.c.obj</name>
      </input_file>
      <input_file id="fl-d9">
         <path>C:\ti\ccsv8\tools\compiler\ti-cgt-arm_18.1.2.LTS\lib\</path>
         <kind>archive</kind>
         <file>rtsv7M4_T_le_v4SPD16_eabi.lib</file>
         <name>copy_decompress_lzss.c.obj</name>
      </input_file>
      <input_file id="fl-da">
         <path>C:\ti\ccsv8\tools\compiler\ti-cgt-arm_18.1.2.LTS\lib\</path>
         <kind>archive</kind>
         <file>rtsv7M4_T_le_v4SPD16_eabi.lib</file>
         <name>boot_cortex_m.c.obj</name>
      </input_file>
      <input_file id="fl-db">
         <path>C:\ti\ccsv8\tools\compiler\ti-cgt-arm_18.1.2.LTS\lib\</path>
         <kind>archive</kind>
         <file>rtsv7M4_T_le_v4SPD16_eabi.lib</file>
         <name>errno.c.obj</name>
      </input_file>
      <input_file id="fl-dc">
         <path>C:\ti\ccsv8\tools\compiler\ti-cgt-arm_18.1.2.LTS\lib\</path>
         <kind>archive</kind>
         <file>rtsv7M4_T_le_v4SPD16_eabi.lib</file>
         <name>exit.c.obj</name>
      </input_file>
      <input_file id="fl-dd">
         <path>C:\ti\ccsv8\tools\compiler\ti-cgt-arm_18.1.2.LTS\lib\</path>
         <kind>archive</kind>
         <file>rtsv7M4_T_le_v4SPD16_eabi.lib</file>
         <name>memory.c.obj</name>
      </input_file>
      <input_file id="fl-de">
         <path>C:\ti\ccsv8\tools\compiler\ti-cgt-arm_18.1.2.LTS\lib\</path>
         <kind>archive</kind>
         <file>rtsv7M4_T_le_v4SPD16_eabi.lib</file>
         <name>_lock.c.obj</name>
      </input_file>
      <input_file id="fl-df">
         <path>C:\ti\ccsv8\tools\compiler\ti-cgt-arm_18.1.2.LTS\lib\</path>
         <kind>archive</kind>
         <file>rtsv7M4_T_le_v4SPD16_eabi.lib</file>
         <name>args_main.c.obj</name>
      </input_file>
      <input_file id="fl-e0">
         <path>C:\ti\ccsv8\tools\compiler\ti-cgt-arm_18.1.2.LTS\lib\</path>
         <kind>archive</kind>
         <file>rtsv7M4_T_le_v4SPD16_eabi.lib</file>
         <name>sprintf.c.obj</name>
      </input_file>
      <input_file id="fl-e1">
         <path>C:\ti\ccsv8\tools\compiler\ti-cgt-arm_18.1.2.LTS\lib\</path>
         <kind>archive</kind>
         <file>rtsv7M4_T_le_v4SPD16_eabi.lib</file>
         <name>strcat.c.obj</name>
      </input_file>
      <input_file id="fl-e2">
         <path>C:\ti\ccsv8\tools\compiler\ti-cgt-arm_18.1.2.LTS\lib\</path>
         <kind>archive</kind>
         <file>rtsv7M4_T_le_v4SPD16_eabi.lib</file>
         <name>strcmp.c.obj</name>
      </input_file>
      <input_file id="fl-e3">
         <path>C:\ti\ccsv8\tools\compiler\ti-cgt-arm_18.1.2.LTS\lib\</path>
         <kind>archive</kind>
         <file>rtsv7M4_T_le_v4SPD16_eabi.lib</file>
         <name>strcpy.c.obj</name>
      </input_file>
      <input_file id="fl-e4">
         <path>C:\ti\ccsv8\tools\compiler\ti-cgt-arm_18.1.2.LTS\lib\</path>
         <kind>archive</kind>
         <file>rtsv7M4_T_le_v4SPD16_eabi.lib</file>
         <name>strlen.c.obj</name>
      </input_file>
      <input_file id="fl-e5">
         <path>C:\ti\ccsv8\tools\compiler\ti-cgt-arm_18.1.2.LTS\lib\</path>
         <kind>archive</kind>
         <file>rtsv7M4_T_le_v4SPD16_eabi.lib</file>
         <name>vsnprintf.c.obj</name>
      </input_file>
      <input_file id="fl-e6">
         <path>C:\ti\ccsv8\tools\compiler\ti-cgt-arm_18.1.2.LTS\lib\</path>
         <kind>archive</kind>
         <file>rtsv7M4_T_le_v4SPD16_eabi.lib</file>
         <name>memset_t2.asm.obj</name>
      </input_file>
      <input_file id="fl-e7">
         <path>C:\ti\ccsv8\tools\compiler\ti-cgt-arm_18.1.2.LTS\lib\</path>
         <kind>archive</kind>
         <file>rtsv7M4_T_le_v4SPD16_eabi.lib</file>
         <name>autoinit.c.obj</name>
      </input_file>
      <input_file id="fl-e8">
         <path>C:\ti\ccsv8\tools\compiler\ti-cgt-arm_18.1.2.LTS\lib\</path>
         <kind>archive</kind>
         <file>rtsv7M4_T_le_v4SPD16_eabi.lib</file>
         <name>pre_init.c.obj</name>
      </input_file>
      <input_file id="fl-e9">
         <path>C:\ti\ccsv8\tools\compiler\ti-cgt-arm_18.1.2.LTS\lib\</path>
         <kind>archive</kind>
         <file>rtsv7M4_T_le_v4SPD16_eabi.lib</file>
         <name>cpy_tbl.c.obj</name>
      </input_file>
      <input_file id="fl-ea">
         <path>C:\ti\ccsv8\tools\compiler\ti-cgt-arm_18.1.2.LTS\lib\</path>
         <kind>archive</kind>
         <file>rtsv7M4_T_le_v4SPD16_eabi.lib</file>
         <name>_printfi.c.obj</name>
      </input_file>
      <input_file id="fl-eb">
         <path>C:\ti\ccsv8\tools\compiler\ti-cgt-arm_18.1.2.LTS\lib\</path>
         <kind>archive</kind>
         <file>rtsv7M4_T_le_v4SPD16_eabi.lib</file>
         <name>atoi.c.obj</name>
      </input_file>
      <input_file id="fl-ec">
         <path>C:\ti\ccsv8\tools\compiler\ti-cgt-arm_18.1.2.LTS\lib\</path>
         <kind>archive</kind>
         <file>rtsv7M4_T_le_v4SPD16_eabi.lib</file>
         <name>ctype.c.obj</name>
      </input_file>
      <input_file id="fl-ed">
         <path>C:\ti\ccsv8\tools\compiler\ti-cgt-arm_18.1.2.LTS\lib\</path>
         <kind>archive</kind>
         <file>rtsv7M4_T_le_v4SPD16_eabi.lib</file>
         <name>ltoa.c.obj</name>
      </input_file>
      <input_file id="fl-ee">
         <path>C:\ti\ccsv8\tools\compiler\ti-cgt-arm_18.1.2.LTS\lib\</path>
         <kind>archive</kind>
         <file>rtsv7M4_T_le_v4SPD16_eabi.lib</file>
         <name>memccpy.c.obj</name>
      </input_file>
      <input_file id="fl-ef">
         <path>C:\ti\ccsv8\tools\compiler\ti-cgt-arm_18.1.2.LTS\lib\</path>
         <kind>archive</kind>
         <file>rtsv7M4_T_le_v4SPD16_eabi.lib</file>
         <name>strchr.c.obj</name>
      </input_file>
      <input_file id="fl-f0">
         <path>C:\ti\ccsv8\tools\compiler\ti-cgt-arm_18.1.2.LTS\lib\</path>
         <kind>archive</kind>
         <file>rtsv7M4_T_le_v4SPD16_eabi.lib</file>
         <name>s_frexp.c.obj</name>
      </input_file>
      <input_file id="fl-f1">
         <path>C:\ti\ccsv8\tools\compiler\ti-cgt-arm_18.1.2.LTS\lib\</path>
         <kind>archive</kind>
         <file>rtsv7M4_T_le_v4SPD16_eabi.lib</file>
         <name>wcslen.c.obj</name>
      </input_file>
      <input_file id="fl-f2">
         <path>C:\ti\ccsv8\tools\compiler\ti-cgt-arm_18.1.2.LTS\lib\</path>
         <kind>archive</kind>
         <file>rtsv7M4_T_le_v4SPD16_eabi.lib</file>
         <name>ull_div_t2.asm.obj</name>
      </input_file>
      <input_file id="fl-f3">
         <path>C:\ti\ccsv8\tools\compiler\ti-cgt-arm_18.1.2.LTS\lib\</path>
         <kind>archive</kind>
         <file>rtsv7M4_T_le_v4SPD16_eabi.lib</file>
         <name>div0.asm.obj</name>
      </input_file>
      <input_file id="fl-f4">
         <path>C:\ti\TivaWare_C_Series-2.1.4.178\driverlib\ccs\Debug\</path>
         <kind>archive</kind>
         <file>driverlib.lib</file>
         <name>interrupt.obj</name>
      </input_file>
      <input_file id="fl-f5">
         <path>C:\ti\TivaWare_C_Series-2.1.4.178\driverlib\ccs\Debug\</path>
         <kind>archive</kind>
         <file>driverlib.lib</file>
         <name>cpu.obj</name>
      </input_file>
   </input_file_list>
   <object_component_list>
      <object_component id="oc-f">
         <name>.intvecs</name>
         <load_address>0x0</load_address>
         <run_address>0x0</run_address>
         <size>0x26c</size>
         <input_file_ref idref="fl-c"/>
      </object_component>
      <object_component id="oc-1dc">
         <name>.text:__TI_printfi</name>
         <load_address>0x26c</load_address>
         <run_address>0x26c</run_address>
         <size>0xa5e</size>
         <input_file_ref idref="fl-ea"/>
      </object_component>
      <object_component id="oc-388">
         <name>.text</name>
         <load_address>0xcca</load_address>
         <run_address>0xcca</run_address>
         <size>0x2</size>
         <input_file_ref idref="fl-f3"/>
      </object_component>
      <object_component id="oc-1bb">
         <name>.text:pow</name>
         <load_address>0xccc</load_address>
         <run_address>0xccc</run_address>
         <size>0x9c0</size>
         <input_file_ref idref="fl-c9"/>
      </object_component>
      <object_component id="oc-d3">
         <name>.text</name>
         <load_address>0x168c</load_address>
         <run_address>0x168c</run_address>
         <size>0x3c4</size>
         <input_file_ref idref="fl-6"/>
      </object_component>
      <object_component id="oc-f1">
         <name>.text</name>
         <load_address>0x1a50</load_address>
         <run_address>0x1a50</run_address>
         <size>0x2b8</size>
         <input_file_ref idref="fl-d"/>
      </object_component>
      <object_component id="oc-d9">
         <name>.text</name>
         <load_address>0x1d08</load_address>
         <run_address>0x1d08</run_address>
         <size>0x288</size>
         <input_file_ref idref="fl-a"/>
      </object_component>
      <object_component id="oc-2a2">
         <name>.text:_pconv_a</name>
         <load_address>0x1f90</load_address>
         <run_address>0x1f90</run_address>
         <size>0x270</size>
         <input_file_ref idref="fl-ea"/>
      </object_component>
      <object_component id="oc-eb">
         <name>.text</name>
         <load_address>0x2200</load_address>
         <run_address>0x2200</run_address>
         <size>0x1d8</size>
         <input_file_ref idref="fl-9"/>
      </object_component>
      <object_component id="oc-290">
         <name>.text:_pconv_g</name>
         <load_address>0x23d8</load_address>
         <run_address>0x23d8</run_address>
         <size>0x1d0</size>
         <input_file_ref idref="fl-ea"/>
      </object_component>
      <object_component id="oc-194">
         <name>.text</name>
         <load_address>0x25a8</load_address>
         <run_address>0x25a8</run_address>
         <size>0x1b6</size>
         <input_file_ref idref="fl-cd"/>
      </object_component>
      <object_component id="oc-9f">
         <name>.text</name>
         <load_address>0x2760</load_address>
         <run_address>0x2760</run_address>
         <size>0x188</size>
         <input_file_ref idref="fl-5"/>
      </object_component>
      <object_component id="oc-25a">
         <name>.text:sqrt</name>
         <load_address>0x28e8</load_address>
         <run_address>0x28e8</run_address>
         <size>0x158</size>
         <input_file_ref idref="fl-ca"/>
      </object_component>
      <object_component id="oc-102">
         <name>.text</name>
         <load_address>0x2a40</load_address>
         <run_address>0x2a40</run_address>
         <size>0x158</size>
         <input_file_ref idref="fl-b"/>
      </object_component>
      <object_component id="oc-e5">
         <name>.text</name>
         <load_address>0x2b98</load_address>
         <run_address>0x2b98</run_address>
         <size>0x14c</size>
         <input_file_ref idref="fl-2"/>
      </object_component>
      <object_component id="oc-df">
         <name>.text</name>
         <load_address>0x2ce4</load_address>
         <run_address>0x2ce4</run_address>
         <size>0x148</size>
         <input_file_ref idref="fl-3"/>
      </object_component>
      <object_component id="oc-29c">
         <name>.text:_pconv_e</name>
         <load_address>0x2e2c</load_address>
         <run_address>0x2e2c</run_address>
         <size>0x13c</size>
         <input_file_ref idref="fl-ea"/>
      </object_component>
      <object_component id="oc-18f">
         <name>.text</name>
         <load_address>0x2f68</load_address>
         <run_address>0x2f68</run_address>
         <size>0x136</size>
         <input_file_ref idref="fl-cf"/>
      </object_component>
      <object_component id="oc-336">
         <name>.text:fcvt</name>
         <load_address>0x30a0</load_address>
         <run_address>0x30a0</run_address>
         <size>0x120</size>
         <input_file_ref idref="fl-ea"/>
      </object_component>
      <object_component id="oc-269">
         <name>.text:scalbn</name>
         <load_address>0x31c0</load_address>
         <run_address>0x31c0</run_address>
         <size>0x110</size>
         <input_file_ref idref="fl-cb"/>
      </object_component>
      <object_component id="oc-10d">
         <name>.text</name>
         <load_address>0x32d0</load_address>
         <run_address>0x32d0</run_address>
         <size>0xfc</size>
         <input_file_ref idref="fl-d0"/>
      </object_component>
      <object_component id="oc-28a">
         <name>.text:_ltostr</name>
         <load_address>0x33cc</load_address>
         <run_address>0x33cc</run_address>
         <size>0xb1</size>
         <input_file_ref idref="fl-ea"/>
      </object_component>
      <object_component id="oc-3b">
         <name>.text</name>
         <load_address>0x347e</load_address>
         <run_address>0x347e</run_address>
         <size>0x9c</size>
         <input_file_ref idref="fl-d6"/>
      </object_component>
      <object_component id="oc-318">
         <name>.text</name>
         <load_address>0x351a</load_address>
         <run_address>0x351a</run_address>
         <size>0x96</size>
         <input_file_ref idref="fl-f2"/>
      </object_component>
      <object_component id="oc-1a3">
         <name>.text:__aeabi_cdcmple</name>
         <load_address>0x35b0</load_address>
         <run_address>0x35b0</run_address>
         <size>0x86</size>
         <input_file_ref idref="fl-ce"/>
      </object_component>
      <object_component id="oc-19e">
         <name>.text:__aeabi_cdrcmple</name>
         <load_address>0x3636</load_address>
         <run_address>0x3636</run_address>
         <size>0x86</size>
         <input_file_ref idref="fl-ce"/>
      </object_component>
      <object_component id="oc-93">
         <name>.text</name>
         <load_address>0x36bc</load_address>
         <run_address>0x36bc</run_address>
         <size>0x7a</size>
         <input_file_ref idref="fl-e6"/>
      </object_component>
      <object_component id="oc-32f">
         <name>.text:_mcpy</name>
         <load_address>0x3736</load_address>
         <run_address>0x3736</run_address>
         <size>0x6e</size>
         <input_file_ref idref="fl-ea"/>
      </object_component>
      <object_component id="oc-112">
         <name>.text</name>
         <load_address>0x37a4</load_address>
         <run_address>0x37a4</run_address>
         <size>0x6e</size>
         <input_file_ref idref="fl-d2"/>
      </object_component>
      <object_component id="oc-12">
         <name>.text:decompress:lzss:__TI_decompress_lzss</name>
         <load_address>0x3812</load_address>
         <run_address>0x3812</run_address>
         <size>0x68</size>
         <input_file_ref idref="fl-d9"/>
      </object_component>
      <object_component id="oc-344">
         <name>.text:frexp</name>
         <load_address>0x387c</load_address>
         <run_address>0x387c</run_address>
         <size>0x64</size>
         <input_file_ref idref="fl-f0"/>
      </object_component>
      <object_component id="oc-296">
         <name>.text:_pconv_f</name>
         <load_address>0x38e0</load_address>
         <run_address>0x38e0</run_address>
         <size>0x56</size>
         <input_file_ref idref="fl-ea"/>
      </object_component>
      <object_component id="oc-323">
         <name>.text:ltoa</name>
         <load_address>0x3936</load_address>
         <run_address>0x3936</run_address>
         <size>0x54</size>
         <input_file_ref idref="fl-ed"/>
      </object_component>
      <object_component id="oc-329">
         <name>.text:_ecpy</name>
         <load_address>0x398a</load_address>
         <run_address>0x398a</run_address>
         <size>0x52</size>
         <input_file_ref idref="fl-ea"/>
      </object_component>
      <object_component id="oc-284">
         <name>.text:atoi</name>
         <load_address>0x39dc</load_address>
         <run_address>0x39dc</run_address>
         <size>0x4c</size>
         <input_file_ref idref="fl-eb"/>
      </object_component>
      <object_component id="oc-31e">
         <name>.text</name>
         <load_address>0x3a28</load_address>
         <run_address>0x3a28</run_address>
         <size>0x48</size>
         <input_file_ref idref="fl-d1"/>
      </object_component>
      <object_component id="oc-12c">
         <name>.text:__TI_auto_init_nobinit_nopinit:__TI_auto_init_nobinit_nopinit</name>
         <load_address>0x3a70</load_address>
         <run_address>0x3a70</run_address>
         <size>0x44</size>
         <input_file_ref idref="fl-e7"/>
      </object_component>
      <object_component id="oc-199">
         <name>.text</name>
         <load_address>0x3ab4</load_address>
         <run_address>0x3ab4</run_address>
         <size>0x44</size>
         <input_file_ref idref="fl-d3"/>
      </object_component>
      <object_component id="oc-f7">
         <name>.text:sprintf</name>
         <load_address>0x3af8</load_address>
         <run_address>0x3af8</run_address>
         <size>0x40</size>
         <input_file_ref idref="fl-e0"/>
      </object_component>
      <object_component id="oc-167">
         <name>.text:vsnprintf</name>
         <load_address>0x3b38</load_address>
         <run_address>0x3b38</run_address>
         <size>0x40</size>
         <input_file_ref idref="fl-e5"/>
      </object_component>
      <object_component id="oc-33c">
         <name>.text:_fcpy</name>
         <load_address>0x3b78</load_address>
         <run_address>0x3b78</run_address>
         <size>0x3e</size>
         <input_file_ref idref="fl-ea"/>
      </object_component>
      <object_component id="oc-59">
         <name>.text:_c_int00_noargs:_c_int00_noargs</name>
         <load_address>0x3bb8</load_address>
         <run_address>0x3bb8</run_address>
         <size>0x38</size>
         <input_file_ref idref="fl-da"/>
      </object_component>
      <object_component id="oc-108">
         <name>.text</name>
         <load_address>0x3bf0</load_address>
         <run_address>0x3bf0</run_address>
         <size>0x38</size>
         <input_file_ref idref="fl-d4"/>
      </object_component>
      <object_component id="oc-1af">
         <name>.text:IntRegister</name>
         <load_address>0x3c28</load_address>
         <run_address>0x3c28</run_address>
         <size>0x34</size>
         <input_file_ref idref="fl-f4"/>
      </object_component>
      <object_component id="oc-21e">
         <name>.text:_outs</name>
         <load_address>0x3c5c</load_address>
         <run_address>0x3c5c</run_address>
         <size>0x30</size>
         <input_file_ref idref="fl-e5"/>
      </object_component>
      <object_component id="oc-fd">
         <name>.text</name>
         <load_address>0x3c8c</load_address>
         <run_address>0x3c8c</run_address>
         <size>0x2e</size>
         <input_file_ref idref="fl-d5"/>
      </object_component>
      <object_component id="oc-17f">
         <name>.text:strcat</name>
         <load_address>0x3cba</load_address>
         <run_address>0x3cba</run_address>
         <size>0x1e</size>
         <input_file_ref idref="fl-e1"/>
      </object_component>
      <object_component id="oc-2a8">
         <name>.text:memccpy</name>
         <load_address>0x3cd8</load_address>
         <run_address>0x3cd8</run_address>
         <size>0x1c</size>
         <input_file_ref idref="fl-ee"/>
      </object_component>
      <object_component id="oc-224">
         <name>.text:_outc</name>
         <load_address>0x3cf4</load_address>
         <run_address>0x3cf4</run_address>
         <size>0x18</size>
         <input_file_ref idref="fl-e5"/>
      </object_component>
      <object_component id="oc-1e2">
         <name>.text:_outs</name>
         <load_address>0x3d0c</load_address>
         <run_address>0x3d0c</run_address>
         <size>0x18</size>
         <input_file_ref idref="fl-e0"/>
      </object_component>
      <object_component id="oc-16d">
         <name>.text:strcmp</name>
         <load_address>0x3d24</load_address>
         <run_address>0x3d24</run_address>
         <size>0x18</size>
         <input_file_ref idref="fl-e2"/>
      </object_component>
      <object_component id="oc-34a">
         <name>.text:strchr</name>
         <load_address>0x3d3c</load_address>
         <run_address>0x3d3c</run_address>
         <size>0x16</size>
         <input_file_ref idref="fl-ef"/>
      </object_component>
      <object_component id="oc-2fe">
         <name>.text:copysign</name>
         <load_address>0x3d52</load_address>
         <run_address>0x3d52</run_address>
         <size>0x14</size>
         <input_file_ref idref="fl-cc"/>
      </object_component>
      <object_component id="oc-173">
         <name>.text:strcpy</name>
         <load_address>0x3d66</load_address>
         <run_address>0x3d66</run_address>
         <size>0x14</size>
         <input_file_ref idref="fl-e3"/>
      </object_component>
      <object_component id="oc-179">
         <name>.text:strlen</name>
         <load_address>0x3d7a</load_address>
         <run_address>0x3d7a</run_address>
         <size>0x14</size>
         <input_file_ref idref="fl-e4"/>
      </object_component>
      <object_component id="oc-2ae">
         <name>.text:wcslen</name>
         <load_address>0x3d8e</load_address>
         <run_address>0x3d8e</run_address>
         <size>0x12</size>
         <input_file_ref idref="fl-f1"/>
      </object_component>
      <object_component id="oc-1c2">
         <name>.text:IntMasterEnable</name>
         <load_address>0x3da0</load_address>
         <run_address>0x3da0</run_address>
         <size>0x10</size>
         <input_file_ref idref="fl-f4"/>
      </object_component>
      <object_component id="oc-160">
         <name>.text:lcd_clear</name>
         <load_address>0x3db0</load_address>
         <run_address>0x3db0</run_address>
         <size>0x10</size>
         <input_file_ref idref="fl-6"/>
      </object_component>
      <object_component id="oc-18">
         <name>.text:decompress:none:__TI_decompress_none</name>
         <load_address>0x3dc0</load_address>
         <run_address>0x3dc0</run_address>
         <size>0xe</size>
         <input_file_ref idref="fl-d8"/>
      </object_component>
      <object_component id="oc-277">
         <name>.text:CPUcpsie</name>
         <load_address>0x3dce</load_address>
         <run_address>0x3dce</run_address>
         <size>0xc</size>
         <input_file_ref idref="fl-f5"/>
      </object_component>
      <object_component id="oc-4d">
         <name>.text:decompress:ZI:__TI_zero_init</name>
         <load_address>0x3dda</load_address>
         <run_address>0x3dda</run_address>
         <size>0xc</size>
         <input_file_ref idref="fl-d7"/>
      </object_component>
      <object_component id="oc-27">
         <name>.text</name>
         <load_address>0x3de6</load_address>
         <run_address>0x3de6</run_address>
         <size>0xc</size>
         <input_file_ref idref="fl-c"/>
      </object_component>
      <object_component id="oc-1e8">
         <name>.text:_outc</name>
         <load_address>0x3df2</load_address>
         <run_address>0x3df2</run_address>
         <size>0xa</size>
         <input_file_ref idref="fl-e0"/>
      </object_component>
      <object_component id="oc-260">
         <name>.text:__aeabi_errno_addr</name>
         <load_address>0x3dfc</load_address>
         <run_address>0x3dfc</run_address>
         <size>0x8</size>
         <input_file_ref idref="fl-db"/>
      </object_component>
      <object_component id="oc-99">
         <name>.text:_system_pre_init</name>
         <load_address>0x3e04</load_address>
         <run_address>0x3e04</run_address>
         <size>0x4</size>
         <input_file_ref idref="fl-e8"/>
      </object_component>
      <object_component id="oc-120">
         <name>.text:abort:abort</name>
         <load_address>0x3e08</load_address>
         <run_address>0x3e08</run_address>
         <size>0x4</size>
         <input_file_ref idref="fl-dc"/>
      </object_component>
      <object_component id="oc-313">
         <name>.const:.string:_ctypes_</name>
         <load_address>0x3e10</load_address>
         <run_address>0x3e10</run_address>
         <size>0x101</size>
         <input_file_ref idref="fl-ec"/>
      </object_component>
      <object_component id="oc-185">
         <name>.const:.string:lineAddress$1</name>
         <load_address>0x3f11</load_address>
         <run_address>0x3f11</run_address>
         <size>0x4</size>
         <input_file_ref idref="fl-6"/>
      </object_component>
      <object_component id="oc-266">
         <name>.const:$O1$$</name>
         <load_address>0x3f18</load_address>
         <run_address>0x3f18</run_address>
         <size>0x30</size>
         <input_file_ref idref="fl-c9"/>
      </object_component>
      <object_component id="oc-186">
         <name>.const:.string:lineAddresses$2</name>
         <load_address>0x3f48</load_address>
         <run_address>0x3f48</run_address>
         <size>0x4</size>
         <input_file_ref idref="fl-6"/>
      </object_component>
      <object_component id="oc-3da">
         <name>.cinit..data.load</name>
         <load_address>0x3f50</load_address>
         <run_address>0x3f50</run_address>
         <size>0xf</size>
      </object_component>
      <object_component id="oc-3d7">
         <name>__TI_handler_table</name>
         <load_address>0x3f60</load_address>
         <run_address>0x3f60</run_address>
         <size>0xc</size>
      </object_component>
      <object_component id="oc-3db">
         <name>.cinit..bss.load</name>
         <load_address>0x3f70</load_address>
         <run_address>0x3f70</run_address>
         <size>0x8</size>
      </object_component>
      <object_component id="oc-3d9">
         <name>.cinit..vtable.load</name>
         <load_address>0x3f78</load_address>
         <run_address>0x3f78</run_address>
         <size>0x8</size>
      </object_component>
      <object_component id="oc-3d8">
         <name>__TI_cinit_table</name>
         <load_address>0x3f80</load_address>
         <run_address>0x3f80</run_address>
         <size>0x18</size>
      </object_component>
      <object_component id="oc-24e">
         <name>.vtable</name>
         <uninitialized>true</uninitialized>
         <run_address>0x20000000</run_address>
         <size>0x26c</size>
         <input_file_ref idref="fl-f4"/>
      </object_component>
      <object_component id="oc-1b5">
         <name>.data</name>
         <load_address>0x200028b8</load_address>
         <run_address>0x200028b8</run_address>
         <size>0x1</size>
         <input_file_ref idref="fl-3"/>
      </object_component>
      <object_component id="oc-11a">
         <name>.data</name>
         <load_address>0x200028b0</load_address>
         <run_address>0x200028b0</run_address>
         <size>0x4</size>
         <input_file_ref idref="fl-5"/>
      </object_component>
      <object_component id="oc-1c8">
         <name>.data</name>
         <load_address>0x200028b9</load_address>
         <run_address>0x200028b9</run_address>
         <size>0x1</size>
         <input_file_ref idref="fl-9"/>
      </object_component>
      <object_component id="oc-1ab">
         <name>.data</name>
         <load_address>0x200028a8</load_address>
         <run_address>0x200028a8</run_address>
         <size>0x8</size>
         <input_file_ref idref="fl-a"/>
      </object_component>
      <object_component id="oc-2f7">
         <name>.data</name>
         <load_address>0x200028b4</load_address>
         <run_address>0x200028b4</run_address>
         <size>0x4</size>
         <input_file_ref idref="fl-db"/>
      </object_component>
      <object_component id="oc-187">
         <name>.bss:lastbuffer$3</name>
         <uninitialized>true</uninitialized>
         <run_address>0x20002810</run_address>
         <size>0x54</size>
         <input_file_ref idref="fl-6"/>
      </object_component>
      <object_component id="oc-1b6">
         <name>.common:button_event_ptr</name>
         <uninitialized>true</uninitialized>
         <run_address>0x2000287c</run_address>
         <size>0x4</size>
      </object_component>
      <object_component id="oc-1b9">
         <name>.common:button_num_ptr</name>
         <uninitialized>true</uninitialized>
         <run_address>0x20002888</run_address>
         <size>0x4</size>
      </object_component>
      <object_component id="oc-1cb">
         <name>.common:risingEdge</name>
         <uninitialized>true</uninitialized>
         <run_address>0x200028a0</run_address>
         <size>0x4</size>
      </object_component>
      <object_component id="oc-1ce">
         <name>.common:fallingEdge</name>
         <uninitialized>true</uninitialized>
         <run_address>0x20002890</run_address>
         <size>0x4</size>
      </object_component>
      <object_component id="oc-1cf">
         <name>.common:pulseLength</name>
         <uninitialized>true</uninitialized>
         <run_address>0x2000289c</run_address>
         <size>0x4</size>
      </object_component>
      <object_component id="oc-1a8">
         <name>.common:currentDegree</name>
         <uninitialized>true</uninitialized>
         <run_address>0x20002880</run_address>
         <size>0x8</size>
      </object_component>
      <object_component id="oc-117">
         <name>.common:s_data</name>
         <uninitialized>true</uninitialized>
         <run_address>0x20002864</run_address>
         <size>0x18</size>
      </object_component>
      <object_component id="oc-11d">
         <name>.common:i</name>
         <uninitialized>true</uninitialized>
         <run_address>0x20002894</run_address>
         <size>0x4</size>
      </object_component>
      <object_component id="oc-11e">
         <name>.common:data</name>
         <uninitialized>true</uninitialized>
         <run_address>0x20002270</run_address>
         <size>0x5a0</size>
      </object_component>
      <object_component id="oc-1d6">
         <name>.common:char_event_ptr</name>
         <uninitialized>true</uninitialized>
         <run_address>0x2000288c</run_address>
         <size>0x4</size>
      </object_component>
      <object_component id="oc-1d9">
         <name>.common:s_data_ptr</name>
         <uninitialized>true</uninitialized>
         <run_address>0x200028a4</run_address>
         <size>0x4</size>
      </object_component>
      <object_component id="oc-1da">
         <name>.common:i_ptr</name>
         <uninitialized>true</uninitialized>
         <run_address>0x20002898</run_address>
         <size>0x4</size>
      </object_component>
      <object_component id="oc-24">
         <name>.sysmem</name>
         <uninitialized>true</uninitialized>
         <run_address>0x20001270</run_address>
         <size>0x8</size>
         <input_file_ref idref="fl-dd"/>
      </object_component>
      <object_component id="oc-3dd">
         <name>.sysmem</name>
         <uninitialized>true</uninitialized>
         <run_address>0x20001270</run_address>
         <size>0x0</size>
      </object_component>
      <object_component id="oc-21">
         <name>.stack</name>
         <uninitialized>true</uninitialized>
         <run_address>0x20000270</run_address>
         <size>0x4</size>
         <input_file_ref idref="fl-da"/>
      </object_component>
      <object_component id="oc-3dc">
         <name>.stack</name>
         <uninitialized>true</uninitialized>
         <run_address>0x20000270</run_address>
         <size>0x0</size>
      </object_component>
      <object_component id="oc-c2">
         <name>.debug_info</name>
         <load_address>0x0</load_address>
         <run_address>0x0</run_address>
         <size>0x299</size>
         <input_file_ref idref="fl-2"/>
      </object_component>
      <object_component id="oc-e6">
         <name>.debug_info</name>
         <load_address>0x299</load_address>
         <run_address>0x299</run_address>
         <size>0x256</size>
         <input_file_ref idref="fl-2"/>
      </object_component>
      <object_component id="oc-74">
         <name>.debug_info</name>
         <load_address>0x4ef</load_address>
         <run_address>0x4ef</run_address>
         <size>0x26b</size>
         <input_file_ref idref="fl-2"/>
      </object_component>
      <object_component id="oc-36">
         <name>.debug_info</name>
         <load_address>0x75a</load_address>
         <run_address>0x75a</run_address>
         <size>0x84</size>
         <input_file_ref idref="fl-2"/>
      </object_component>
      <object_component id="oc-bd">
         <name>.debug_info</name>
         <load_address>0x7de</load_address>
         <run_address>0x7de</run_address>
         <size>0x297</size>
         <input_file_ref idref="fl-2"/>
      </object_component>
      <object_component id="oc-79">
         <name>.debug_info</name>
         <load_address>0xa75</load_address>
         <run_address>0xa75</run_address>
         <size>0xbb</size>
         <input_file_ref idref="fl-2"/>
      </object_component>
      <object_component id="oc-1b7">
         <name>.debug_info</name>
         <load_address>0xb30</load_address>
         <run_address>0xb30</run_address>
         <size>0x336</size>
         <input_file_ref idref="fl-3"/>
      </object_component>
      <object_component id="oc-e1">
         <name>.debug_info</name>
         <load_address>0xe66</load_address>
         <run_address>0xe66</run_address>
         <size>0x361</size>
         <input_file_ref idref="fl-3"/>
      </object_component>
      <object_component id="oc-240">
         <name>.debug_info</name>
         <load_address>0x11c7</load_address>
         <run_address>0x11c7</run_address>
         <size>0xcc</size>
         <input_file_ref idref="fl-3"/>
      </object_component>
      <object_component id="oc-18a">
         <name>.debug_info</name>
         <load_address>0x1293</load_address>
         <run_address>0x1293</run_address>
         <size>0x2c</size>
         <input_file_ref idref="fl-3"/>
      </object_component>
      <object_component id="oc-118">
         <name>.debug_info</name>
         <load_address>0x12bf</load_address>
         <run_address>0x12bf</run_address>
         <size>0x596</size>
         <input_file_ref idref="fl-5"/>
      </object_component>
      <object_component id="oc-11b">
         <name>.debug_info</name>
         <load_address>0x1855</load_address>
         <run_address>0x1855</run_address>
         <size>0xc2</size>
         <input_file_ref idref="fl-5"/>
      </object_component>
      <object_component id="oc-a1">
         <name>.debug_info</name>
         <load_address>0x1917</load_address>
         <run_address>0x1917</run_address>
         <size>0x2e3</size>
         <input_file_ref idref="fl-5"/>
      </object_component>
      <object_component id="oc-189">
         <name>.debug_info</name>
         <load_address>0x1bfa</load_address>
         <run_address>0x1bfa</run_address>
         <size>0x3e9</size>
         <input_file_ref idref="fl-6"/>
      </object_component>
      <object_component id="oc-162">
         <name>.debug_info</name>
         <load_address>0x1fe3</load_address>
         <run_address>0x1fe3</run_address>
         <size>0x111</size>
         <input_file_ref idref="fl-6"/>
      </object_component>
      <object_component id="oc-d5">
         <name>.debug_info</name>
         <load_address>0x20f4</load_address>
         <run_address>0x20f4</run_address>
         <size>0xa22</size>
         <input_file_ref idref="fl-6"/>
      </object_component>
      <object_component id="oc-1f2">
         <name>.debug_info</name>
         <load_address>0x2b16</load_address>
         <run_address>0x2b16</run_address>
         <size>0x2c</size>
         <input_file_ref idref="fl-7"/>
      </object_component>
      <object_component id="oc-1cc">
         <name>.debug_info</name>
         <load_address>0x2b42</load_address>
         <run_address>0x2b42</run_address>
         <size>0x382</size>
         <input_file_ref idref="fl-9"/>
      </object_component>
      <object_component id="oc-1c9">
         <name>.debug_info</name>
         <load_address>0x2ec4</load_address>
         <run_address>0x2ec4</run_address>
         <size>0xb3</size>
         <input_file_ref idref="fl-9"/>
      </object_component>
      <object_component id="oc-ed">
         <name>.debug_info</name>
         <load_address>0x2f77</load_address>
         <run_address>0x2f77</run_address>
         <size>0x28d</size>
         <input_file_ref idref="fl-9"/>
      </object_component>
      <object_component id="oc-1d1">
         <name>.debug_info</name>
         <load_address>0x3204</load_address>
         <run_address>0x3204</run_address>
         <size>0x8b</size>
         <input_file_ref idref="fl-9"/>
      </object_component>
      <object_component id="oc-1a9">
         <name>.debug_info</name>
         <load_address>0x328f</load_address>
         <run_address>0x328f</run_address>
         <size>0x2a4</size>
         <input_file_ref idref="fl-a"/>
      </object_component>
      <object_component id="oc-1ac">
         <name>.debug_info</name>
         <load_address>0x3533</load_address>
         <run_address>0x3533</run_address>
         <size>0xe7</size>
         <input_file_ref idref="fl-a"/>
      </object_component>
      <object_component id="oc-db">
         <name>.debug_info</name>
         <load_address>0x361a</load_address>
         <run_address>0x361a</run_address>
         <size>0x3e4</size>
         <input_file_ref idref="fl-a"/>
      </object_component>
      <object_component id="oc-104">
         <name>.debug_info</name>
         <load_address>0x39fe</load_address>
         <run_address>0x39fe</run_address>
         <size>0x3e1</size>
         <input_file_ref idref="fl-b"/>
      </object_component>
      <object_component id="oc-2f">
         <name>.debug_info</name>
         <load_address>0x3ddf</load_address>
         <run_address>0x3ddf</run_address>
         <size>0x298</size>
         <input_file_ref idref="fl-c"/>
      </object_component>
      <object_component id="oc-10">
         <name>.debug_info</name>
         <load_address>0x4077</load_address>
         <run_address>0x4077</run_address>
         <size>0xd7</size>
         <input_file_ref idref="fl-c"/>
      </object_component>
      <object_component id="oc-28">
         <name>.debug_info</name>
         <load_address>0x414e</load_address>
         <run_address>0x414e</run_address>
         <size>0x253</size>
         <input_file_ref idref="fl-c"/>
      </object_component>
      <object_component id="oc-1d7">
         <name>.debug_info</name>
         <load_address>0x43a1</load_address>
         <run_address>0x43a1</run_address>
         <size>0x37a</size>
         <input_file_ref idref="fl-d"/>
      </object_component>
      <object_component id="oc-f2">
         <name>.debug_info</name>
         <load_address>0x471b</load_address>
         <run_address>0x471b</run_address>
         <size>0x614</size>
         <input_file_ref idref="fl-d"/>
      </object_component>
      <object_component id="oc-275">
         <name>.debug_info</name>
         <load_address>0x4d2f</load_address>
         <run_address>0x4d2f</run_address>
         <size>0x358</size>
         <input_file_ref idref="fl-c9"/>
      </object_component>
      <object_component id="oc-267">
         <name>.debug_info</name>
         <load_address>0x5087</load_address>
         <run_address>0x5087</run_address>
         <size>0x11d</size>
         <input_file_ref idref="fl-c9"/>
      </object_component>
      <object_component id="oc-1bc">
         <name>.debug_info</name>
         <load_address>0x51a4</load_address>
         <run_address>0x51a4</run_address>
         <size>0xbd9</size>
         <input_file_ref idref="fl-c9"/>
      </object_component>
      <object_component id="oc-30b">
         <name>.debug_info</name>
         <load_address>0x5d7d</load_address>
         <run_address>0x5d7d</run_address>
         <size>0x46</size>
         <input_file_ref idref="fl-c9"/>
      </object_component>
      <object_component id="oc-270">
         <name>.debug_info</name>
         <load_address>0x5dc3</load_address>
         <run_address>0x5dc3</run_address>
         <size>0x39</size>
         <input_file_ref idref="fl-c9"/>
      </object_component>
      <object_component id="oc-2f6">
         <name>.debug_info</name>
         <load_address>0x5dfc</load_address>
         <run_address>0x5dfc</run_address>
         <size>0x2bf</size>
         <input_file_ref idref="fl-ca"/>
      </object_component>
      <object_component id="oc-25d">
         <name>.debug_info</name>
         <load_address>0x60bb</load_address>
         <run_address>0x60bb</run_address>
         <size>0x242</size>
         <input_file_ref idref="fl-ca"/>
      </object_component>
      <object_component id="oc-305">
         <name>.debug_info</name>
         <load_address>0x62fd</load_address>
         <run_address>0x62fd</run_address>
         <size>0x2f2</size>
         <input_file_ref idref="fl-cb"/>
      </object_component>
      <object_component id="oc-26a">
         <name>.debug_info</name>
         <load_address>0x65ef</load_address>
         <run_address>0x65ef</run_address>
         <size>0x21a</size>
         <input_file_ref idref="fl-cb"/>
      </object_component>
      <object_component id="oc-37e">
         <name>.debug_info</name>
         <load_address>0x6809</load_address>
         <run_address>0x6809</run_address>
         <size>0x39</size>
         <input_file_ref idref="fl-cb"/>
      </object_component>
      <object_component id="oc-306">
         <name>.debug_info</name>
         <load_address>0x6842</load_address>
         <run_address>0x6842</run_address>
         <size>0x2c</size>
         <input_file_ref idref="fl-cb"/>
      </object_component>
      <object_component id="oc-2ff">
         <name>.debug_info</name>
         <load_address>0x686e</load_address>
         <run_address>0x686e</run_address>
         <size>0x156</size>
         <input_file_ref idref="fl-cc"/>
      </object_component>
      <object_component id="oc-195">
         <name>.debug_info</name>
         <load_address>0x69c4</load_address>
         <run_address>0x69c4</run_address>
         <size>0x144</size>
         <input_file_ref idref="fl-cd"/>
      </object_component>
      <object_component id="oc-1a5">
         <name>.debug_info</name>
         <load_address>0x6b08</load_address>
         <run_address>0x6b08</run_address>
         <size>0x120</size>
         <input_file_ref idref="fl-ce"/>
      </object_component>
      <object_component id="oc-1a1">
         <name>.debug_info</name>
         <load_address>0x6c28</load_address>
         <run_address>0x6c28</run_address>
         <size>0x122</size>
         <input_file_ref idref="fl-ce"/>
      </object_component>
      <object_component id="oc-191">
         <name>.debug_info</name>
         <load_address>0x6d4a</load_address>
         <run_address>0x6d4a</run_address>
         <size>0x132</size>
         <input_file_ref idref="fl-cf"/>
      </object_component>
      <object_component id="oc-10f">
         <name>.debug_info</name>
         <load_address>0x6e7c</load_address>
         <run_address>0x6e7c</run_address>
         <size>0x132</size>
         <input_file_ref idref="fl-d0"/>
      </object_component>
      <object_component id="oc-321">
         <name>.debug_info</name>
         <load_address>0x6fae</load_address>
         <run_address>0x6fae</run_address>
         <size>0x126</size>
         <input_file_ref idref="fl-d1"/>
      </object_component>
      <object_component id="oc-113">
         <name>.debug_info</name>
         <load_address>0x70d4</load_address>
         <run_address>0x70d4</run_address>
         <size>0x136</size>
         <input_file_ref idref="fl-d2"/>
      </object_component>
      <object_component id="oc-19a">
         <name>.debug_info</name>
         <load_address>0x720a</load_address>
         <run_address>0x720a</run_address>
         <size>0x131</size>
         <input_file_ref idref="fl-d3"/>
      </object_component>
      <object_component id="oc-10a">
         <name>.debug_info</name>
         <load_address>0x733b</load_address>
         <run_address>0x733b</run_address>
         <size>0x124</size>
         <input_file_ref idref="fl-d4"/>
      </object_component>
      <object_component id="oc-fe">
         <name>.debug_info</name>
         <load_address>0x745f</load_address>
         <run_address>0x745f</run_address>
         <size>0x124</size>
         <input_file_ref idref="fl-d5"/>
      </object_component>
      <object_component id="oc-3c">
         <name>.debug_info</name>
         <load_address>0x7583</load_address>
         <run_address>0x7583</run_address>
         <size>0x111</size>
         <input_file_ref idref="fl-d6"/>
      </object_component>
      <object_component id="oc-92">
         <name>.debug_info</name>
         <load_address>0x7694</load_address>
         <run_address>0x7694</run_address>
         <size>0x313</size>
         <input_file_ref idref="fl-d7"/>
      </object_component>
      <object_component id="oc-51">
         <name>.debug_info</name>
         <load_address>0x79a7</load_address>
         <run_address>0x79a7</run_address>
         <size>0x1aa</size>
         <input_file_ref idref="fl-d7"/>
      </object_component>
      <object_component id="oc-8d">
         <name>.debug_info</name>
         <load_address>0x7b51</load_address>
         <run_address>0x7b51</run_address>
         <size>0x46</size>
         <input_file_ref idref="fl-d7"/>
      </object_component>
      <object_component id="oc-ca">
         <name>.debug_info</name>
         <load_address>0x7b97</load_address>
         <run_address>0x7b97</run_address>
         <size>0x2c</size>
         <input_file_ref idref="fl-d7"/>
      </object_component>
      <object_component id="oc-46">
         <name>.debug_info</name>
         <load_address>0x7bc3</load_address>
         <run_address>0x7bc3</run_address>
         <size>0x29d</size>
         <input_file_ref idref="fl-d8"/>
      </object_component>
      <object_component id="oc-1c">
         <name>.debug_info</name>
         <load_address>0x7e60</load_address>
         <run_address>0x7e60</run_address>
         <size>0x1df</size>
         <input_file_ref idref="fl-d8"/>
      </object_component>
      <object_component id="oc-41">
         <name>.debug_info</name>
         <load_address>0x803f</load_address>
         <run_address>0x803f</run_address>
         <size>0x46</size>
         <input_file_ref idref="fl-d8"/>
      </object_component>
      <object_component id="oc-85">
         <name>.debug_info</name>
         <load_address>0x8085</load_address>
         <run_address>0x8085</run_address>
         <size>0x2c</size>
         <input_file_ref idref="fl-d8"/>
      </object_component>
      <object_component id="oc-83">
         <name>.debug_info</name>
         <load_address>0x80b1</load_address>
         <run_address>0x80b1</run_address>
         <size>0x293</size>
         <input_file_ref idref="fl-d9"/>
      </object_component>
      <object_component id="oc-13">
         <name>.debug_info</name>
         <load_address>0x8344</load_address>
         <run_address>0x8344</run_address>
         <size>0x245</size>
         <input_file_ref idref="fl-d9"/>
      </object_component>
      <object_component id="oc-31">
         <name>.debug_info</name>
         <load_address>0x8589</load_address>
         <run_address>0x8589</run_address>
         <size>0x60</size>
         <input_file_ref idref="fl-d9"/>
      </object_component>
      <object_component id="oc-c3">
         <name>.debug_info</name>
         <load_address>0x85e9</load_address>
         <run_address>0x85e9</run_address>
         <size>0x46</size>
         <input_file_ref idref="fl-d9"/>
      </object_component>
      <object_component id="oc-7e">
         <name>.debug_info</name>
         <load_address>0x862f</load_address>
         <run_address>0x862f</run_address>
         <size>0x39</size>
         <input_file_ref idref="fl-d9"/>
      </object_component>
      <object_component id="oc-22">
         <name>.debug_info</name>
         <load_address>0x8668</load_address>
         <run_address>0x8668</run_address>
         <size>0x100</size>
         <input_file_ref idref="fl-da"/>
      </object_component>
      <object_component id="oc-5b">
         <name>.debug_info</name>
         <load_address>0x8768</load_address>
         <run_address>0x8768</run_address>
         <size>0x1a4</size>
         <input_file_ref idref="fl-da"/>
      </object_component>
      <object_component id="oc-2fb">
         <name>.debug_info</name>
         <load_address>0x890c</load_address>
         <run_address>0x890c</run_address>
         <size>0x27e</size>
         <input_file_ref idref="fl-db"/>
      </object_component>
      <object_component id="oc-2f8">
         <name>.debug_info</name>
         <load_address>0x8b8a</load_address>
         <run_address>0x8b8a</run_address>
         <size>0x103</size>
         <input_file_ref idref="fl-db"/>
      </object_component>
      <object_component id="oc-262">
         <name>.debug_info</name>
         <load_address>0x8c8d</load_address>
         <run_address>0x8c8d</run_address>
         <size>0x143</size>
         <input_file_ref idref="fl-db"/>
      </object_component>
      <object_component id="oc-122">
         <name>.debug_info</name>
         <load_address>0x8dd0</load_address>
         <run_address>0x8dd0</run_address>
         <size>0x117</size>
         <input_file_ref idref="fl-dc"/>
      </object_component>
      <object_component id="oc-6f">
         <name>.debug_info</name>
         <load_address>0x8ee7</load_address>
         <run_address>0x8ee7</run_address>
         <size>0x3bb</size>
         <input_file_ref idref="fl-dd"/>
      </object_component>
      <object_component id="oc-25">
         <name>.debug_info</name>
         <load_address>0x92a2</load_address>
         <run_address>0x92a2</run_address>
         <size>0x101</size>
         <input_file_ref idref="fl-dd"/>
      </object_component>
      <object_component id="oc-b3">
         <name>.debug_info</name>
         <load_address>0x93a3</load_address>
         <run_address>0x93a3</run_address>
         <size>0x2c</size>
         <input_file_ref idref="fl-dd"/>
      </object_component>
      <object_component id="oc-b8">
         <name>.debug_info</name>
         <load_address>0x93cf</load_address>
         <run_address>0x93cf</run_address>
         <size>0x62</size>
         <input_file_ref idref="fl-dd"/>
      </object_component>
      <object_component id="oc-1ef">
         <name>.debug_info</name>
         <load_address>0x9431</load_address>
         <run_address>0x9431</run_address>
         <size>0x328</size>
         <input_file_ref idref="fl-e0"/>
      </object_component>
      <object_component id="oc-f8">
         <name>.debug_info</name>
         <load_address>0x9759</load_address>
         <run_address>0x9759</run_address>
         <size>0x1c6</size>
         <input_file_ref idref="fl-e0"/>
      </object_component>
      <object_component id="oc-1e3">
         <name>.debug_info</name>
         <load_address>0x991f</load_address>
         <run_address>0x991f</run_address>
         <size>0x182</size>
         <input_file_ref idref="fl-e0"/>
      </object_component>
      <object_component id="oc-1ea">
         <name>.debug_info</name>
         <load_address>0x9aa1</load_address>
         <run_address>0x9aa1</run_address>
         <size>0x162</size>
         <input_file_ref idref="fl-e0"/>
      </object_component>
      <object_component id="oc-22c">
         <name>.debug_info</name>
         <load_address>0x9c03</load_address>
         <run_address>0x9c03</run_address>
         <size>0x2c</size>
         <input_file_ref idref="fl-e0"/>
      </object_component>
      <object_component id="oc-23d">
         <name>.debug_info</name>
         <load_address>0x9c2f</load_address>
         <run_address>0x9c2f</run_address>
         <size>0x299</size>
         <input_file_ref idref="fl-e1"/>
      </object_component>
      <object_component id="oc-181">
         <name>.debug_info</name>
         <load_address>0x9ec8</load_address>
         <run_address>0x9ec8</run_address>
         <size>0x24c</size>
         <input_file_ref idref="fl-e1"/>
      </object_component>
      <object_component id="oc-237">
         <name>.debug_info</name>
         <load_address>0xa114</load_address>
         <run_address>0xa114</run_address>
         <size>0x27f</size>
         <input_file_ref idref="fl-e2"/>
      </object_component>
      <object_component id="oc-170">
         <name>.debug_info</name>
         <load_address>0xa393</load_address>
         <run_address>0xa393</run_address>
         <size>0x258</size>
         <input_file_ref idref="fl-e2"/>
      </object_component>
      <object_component id="oc-239">
         <name>.debug_info</name>
         <load_address>0xa5eb</load_address>
         <run_address>0xa5eb</run_address>
         <size>0x299</size>
         <input_file_ref idref="fl-e3"/>
      </object_component>
      <object_component id="oc-175">
         <name>.debug_info</name>
         <load_address>0xa884</load_address>
         <run_address>0xa884</run_address>
         <size>0x231</size>
         <input_file_ref idref="fl-e3"/>
      </object_component>
      <object_component id="oc-23b">
         <name>.debug_info</name>
         <load_address>0xaab5</load_address>
         <run_address>0xaab5</run_address>
         <size>0x284</size>
         <input_file_ref idref="fl-e4"/>
      </object_component>
      <object_component id="oc-17b">
         <name>.debug_info</name>
         <load_address>0xad39</load_address>
         <run_address>0xad39</run_address>
         <size>0x22a</size>
         <input_file_ref idref="fl-e4"/>
      </object_component>
      <object_component id="oc-22b">
         <name>.debug_info</name>
         <load_address>0xaf63</load_address>
         <run_address>0xaf63</run_address>
         <size>0x335</size>
         <input_file_ref idref="fl-e5"/>
      </object_component>
      <object_component id="oc-168">
         <name>.debug_info</name>
         <load_address>0xb298</load_address>
         <run_address>0xb298</run_address>
         <size>0x1fd</size>
         <input_file_ref idref="fl-e5"/>
      </object_component>
      <object_component id="oc-21f">
         <name>.debug_info</name>
         <load_address>0xb495</load_address>
         <run_address>0xb495</run_address>
         <size>0x1bb</size>
         <input_file_ref idref="fl-e5"/>
      </object_component>
      <object_component id="oc-225">
         <name>.debug_info</name>
         <load_address>0xb650</load_address>
         <run_address>0xb650</run_address>
         <size>0x16e</size>
         <input_file_ref idref="fl-e5"/>
      </object_component>
      <object_component id="oc-231">
         <name>.debug_info</name>
         <load_address>0xb7be</load_address>
         <run_address>0xb7be</run_address>
         <size>0x69</size>
         <input_file_ref idref="fl-e5"/>
      </object_component>
      <object_component id="oc-94">
         <name>.debug_info</name>
         <load_address>0xb827</load_address>
         <run_address>0xb827</run_address>
         <size>0x13f</size>
         <input_file_ref idref="fl-e6"/>
      </object_component>
      <object_component id="oc-209">
         <name>.debug_info</name>
         <load_address>0xb966</load_address>
         <run_address>0xb966</run_address>
         <size>0x547</size>
         <input_file_ref idref="fl-e7"/>
      </object_component>
      <object_component id="oc-12d">
         <name>.debug_info</name>
         <load_address>0xbead</load_address>
         <run_address>0xbead</run_address>
         <size>0x19b</size>
         <input_file_ref idref="fl-e7"/>
      </object_component>
      <object_component id="oc-2d4">
         <name>.debug_info</name>
         <load_address>0xc048</load_address>
         <run_address>0xc048</run_address>
         <size>0x39</size>
         <input_file_ref idref="fl-e7"/>
      </object_component>
      <object_component id="oc-369">
         <name>.debug_info</name>
         <load_address>0xc081</load_address>
         <run_address>0xc081</run_address>
         <size>0x39</size>
         <input_file_ref idref="fl-e7"/>
      </object_component>
      <object_component id="oc-2d9">
         <name>.debug_info</name>
         <load_address>0xc0ba</load_address>
         <run_address>0xc0ba</run_address>
         <size>0x39</size>
         <input_file_ref idref="fl-e7"/>
      </object_component>
      <object_component id="oc-2de">
         <name>.debug_info</name>
         <load_address>0xc0f3</load_address>
         <run_address>0xc0f3</run_address>
         <size>0xcd</size>
         <input_file_ref idref="fl-e7"/>
      </object_component>
      <object_component id="oc-9d">
         <name>.debug_info</name>
         <load_address>0xc1c0</load_address>
         <run_address>0xc1c0</run_address>
         <size>0x148</size>
         <input_file_ref idref="fl-e8"/>
      </object_component>
      <object_component id="oc-2b5">
         <name>.debug_info</name>
         <load_address>0xc308</load_address>
         <run_address>0xc308</run_address>
         <size>0x8a6</size>
         <input_file_ref idref="fl-ea"/>
      </object_component>
      <object_component id="oc-28c">
         <name>.debug_info</name>
         <load_address>0xcbae</load_address>
         <run_address>0xcbae</run_address>
         <size>0x213</size>
         <input_file_ref idref="fl-ea"/>
      </object_component>
      <object_component id="oc-32b">
         <name>.debug_info</name>
         <load_address>0xcdc1</load_address>
         <run_address>0xcdc1</run_address>
         <size>0x1a8</size>
         <input_file_ref idref="fl-ea"/>
      </object_component>
      <object_component id="oc-331">
         <name>.debug_info</name>
         <load_address>0xcf69</load_address>
         <run_address>0xcf69</run_address>
         <size>0x210</size>
         <input_file_ref idref="fl-ea"/>
      </object_component>
      <object_component id="oc-292">
         <name>.debug_info</name>
         <load_address>0xd179</load_address>
         <run_address>0xd179</run_address>
         <size>0x3b0</size>
         <input_file_ref idref="fl-ea"/>
      </object_component>
      <object_component id="oc-338">
         <name>.debug_info</name>
         <load_address>0xd529</load_address>
         <run_address>0xd529</run_address>
         <size>0x2fa</size>
         <input_file_ref idref="fl-ea"/>
      </object_component>
      <object_component id="oc-33e">
         <name>.debug_info</name>
         <load_address>0xd823</load_address>
         <run_address>0xd823</run_address>
         <size>0x20a</size>
         <input_file_ref idref="fl-ea"/>
      </object_component>
      <object_component id="oc-299">
         <name>.debug_info</name>
         <load_address>0xda2d</load_address>
         <run_address>0xda2d</run_address>
         <size>0x20a</size>
         <input_file_ref idref="fl-ea"/>
      </object_component>
      <object_component id="oc-29f">
         <name>.debug_info</name>
         <load_address>0xdc37</load_address>
         <run_address>0xdc37</run_address>
         <size>0x2f9</size>
         <input_file_ref idref="fl-ea"/>
      </object_component>
      <object_component id="oc-2a5">
         <name>.debug_info</name>
         <load_address>0xdf30</load_address>
         <run_address>0xdf30</run_address>
         <size>0x4a5</size>
         <input_file_ref idref="fl-ea"/>
      </object_component>
      <object_component id="oc-1df">
         <name>.debug_info</name>
         <load_address>0xe3d5</load_address>
         <run_address>0xe3d5</run_address>
         <size>0x5cd</size>
         <input_file_ref idref="fl-ea"/>
      </object_component>
      <object_component id="oc-2b6">
         <name>.debug_info</name>
         <load_address>0xe9a2</load_address>
         <run_address>0xe9a2</run_address>
         <size>0x86</size>
         <input_file_ref idref="fl-ea"/>
      </object_component>
      <object_component id="oc-35c">
         <name>.debug_info</name>
         <load_address>0xea28</load_address>
         <run_address>0xea28</run_address>
         <size>0x39</size>
         <input_file_ref idref="fl-ea"/>
      </object_component>
      <object_component id="oc-3a2">
         <name>.debug_info</name>
         <load_address>0xea61</load_address>
         <run_address>0xea61</run_address>
         <size>0xb6</size>
         <input_file_ref idref="fl-ea"/>
      </object_component>
      <object_component id="oc-361">
         <name>.debug_info</name>
         <load_address>0xeb17</load_address>
         <run_address>0xeb17</run_address>
         <size>0x46</size>
         <input_file_ref idref="fl-ea"/>
      </object_component>
      <object_component id="oc-2bb">
         <name>.debug_info</name>
         <load_address>0xeb5d</load_address>
         <run_address>0xeb5d</run_address>
         <size>0x46</size>
         <input_file_ref idref="fl-ea"/>
      </object_component>
      <object_component id="oc-317">
         <name>.debug_info</name>
         <load_address>0xeba3</load_address>
         <run_address>0xeba3</run_address>
         <size>0x2ae</size>
         <input_file_ref idref="fl-eb"/>
      </object_component>
      <object_component id="oc-286">
         <name>.debug_info</name>
         <load_address>0xee51</load_address>
         <run_address>0xee51</run_address>
         <size>0x171</size>
         <input_file_ref idref="fl-eb"/>
      </object_component>
      <object_component id="oc-385">
         <name>.debug_info</name>
         <load_address>0xefc2</load_address>
         <run_address>0xefc2</run_address>
         <size>0xee</size>
         <input_file_ref idref="fl-ec"/>
      </object_component>
      <object_component id="oc-314">
         <name>.debug_info</name>
         <load_address>0xf0b0</load_address>
         <run_address>0xf0b0</run_address>
         <size>0xfa</size>
         <input_file_ref idref="fl-ec"/>
      </object_component>
      <object_component id="oc-390">
         <name>.debug_info</name>
         <load_address>0xf1aa</load_address>
         <run_address>0xf1aa</run_address>
         <size>0x290</size>
         <input_file_ref idref="fl-ed"/>
      </object_component>
      <object_component id="oc-325">
         <name>.debug_info</name>
         <load_address>0xf43a</load_address>
         <run_address>0xf43a</run_address>
         <size>0x1c2</size>
         <input_file_ref idref="fl-ed"/>
      </object_component>
      <object_component id="oc-352">
         <name>.debug_info</name>
         <load_address>0xf5fc</load_address>
         <run_address>0xf5fc</run_address>
         <size>0x28b</size>
         <input_file_ref idref="fl-ee"/>
      </object_component>
      <object_component id="oc-2a9">
         <name>.debug_info</name>
         <load_address>0xf887</load_address>
         <run_address>0xf887</run_address>
         <size>0x1ab</size>
         <input_file_ref idref="fl-ee"/>
      </object_component>
      <object_component id="oc-398">
         <name>.debug_info</name>
         <load_address>0xfa32</load_address>
         <run_address>0xfa32</run_address>
         <size>0x28f</size>
         <input_file_ref idref="fl-ef"/>
      </object_component>
      <object_component id="oc-34b">
         <name>.debug_info</name>
         <load_address>0xfcc1</load_address>
         <run_address>0xfcc1</run_address>
         <size>0x247</size>
         <input_file_ref idref="fl-ef"/>
      </object_component>
      <object_component id="oc-396">
         <name>.debug_info</name>
         <load_address>0xff08</load_address>
         <run_address>0xff08</run_address>
         <size>0x28f</size>
         <input_file_ref idref="fl-f0"/>
      </object_component>
      <object_component id="oc-345">
         <name>.debug_info</name>
         <load_address>0x10197</load_address>
         <run_address>0x10197</run_address>
         <size>0x18a</size>
         <input_file_ref idref="fl-f0"/>
      </object_component>
      <object_component id="oc-359">
         <name>.debug_info</name>
         <load_address>0x10321</load_address>
         <run_address>0x10321</run_address>
         <size>0x284</size>
         <input_file_ref idref="fl-f1"/>
      </object_component>
      <object_component id="oc-2b0">
         <name>.debug_info</name>
         <load_address>0x105a5</load_address>
         <run_address>0x105a5</run_address>
         <size>0x14f</size>
         <input_file_ref idref="fl-f1"/>
      </object_component>
      <object_component id="oc-39b">
         <name>.debug_info</name>
         <load_address>0x106f4</load_address>
         <run_address>0x106f4</run_address>
         <size>0x46</size>
         <input_file_ref idref="fl-f1"/>
      </object_component>
      <object_component id="oc-354">
         <name>.debug_info</name>
         <load_address>0x1073a</load_address>
         <run_address>0x1073a</run_address>
         <size>0x39</size>
         <input_file_ref idref="fl-f1"/>
      </object_component>
      <object_component id="oc-31b">
         <name>.debug_info</name>
         <load_address>0x10773</load_address>
         <run_address>0x10773</run_address>
         <size>0x12c</size>
         <input_file_ref idref="fl-f2"/>
      </object_component>
      <object_component id="oc-38b">
         <name>.debug_info</name>
         <load_address>0x1089f</load_address>
         <run_address>0x1089f</run_address>
         <size>0x10d</size>
         <input_file_ref idref="fl-f3"/>
      </object_component>
      <object_component id="oc-257">
         <name>.debug_info</name>
         <load_address>0x109ac</load_address>
         <run_address>0x109ac</run_address>
         <size>0x20e</size>
         <input_file_ref idref="fl-f4"/>
      </object_component>
      <object_component id="oc-24f">
         <name>.debug_info</name>
         <load_address>0x10bba</load_address>
         <run_address>0x10bba</run_address>
         <size>0x157</size>
         <input_file_ref idref="fl-f4"/>
      </object_component>
      <object_component id="oc-1b0">
         <name>.debug_info</name>
         <load_address>0x10d11</load_address>
         <run_address>0x10d11</run_address>
         <size>0x2c1</size>
         <input_file_ref idref="fl-f4"/>
      </object_component>
      <object_component id="oc-1c3">
         <name>.debug_info</name>
         <load_address>0x10fd2</load_address>
         <run_address>0x10fd2</run_address>
         <size>0x23e</size>
         <input_file_ref idref="fl-f4"/>
      </object_component>
      <object_component id="oc-252">
         <name>.debug_info</name>
         <load_address>0x11210</load_address>
         <run_address>0x11210</run_address>
         <size>0x18b</size>
         <input_file_ref idref="fl-f4"/>
      </object_component>
      <object_component id="oc-278">
         <name>.debug_info</name>
         <load_address>0x1139b</load_address>
         <run_address>0x1139b</run_address>
         <size>0x212</size>
         <input_file_ref idref="fl-f5"/>
      </object_component>
      <object_component id="oc-3de">
         <name>.debug_info</name>
         <load_address>0x115ad</load_address>
         <run_address>0x115ad</run_address>
         <size>0x8d</size>
      </object_component>
      <object_component id="oc-15f">
         <name>.debug_line</name>
         <load_address>0x0</load_address>
         <run_address>0x0</run_address>
         <size>0x71</size>
         <input_file_ref idref="fl-2"/>
      </object_component>
      <object_component id="oc-e9">
         <name>.debug_line</name>
         <load_address>0x71</load_address>
         <run_address>0x71</run_address>
         <size>0x92</size>
         <input_file_ref idref="fl-2"/>
      </object_component>
      <object_component id="oc-77">
         <name>.debug_line</name>
         <load_address>0x103</load_address>
         <run_address>0x103</run_address>
         <size>0x69</size>
         <input_file_ref idref="fl-2"/>
      </object_component>
      <object_component id="oc-39">
         <name>.debug_line</name>
         <load_address>0x16c</load_address>
         <run_address>0x16c</run_address>
         <size>0x20</size>
         <input_file_ref idref="fl-2"/>
      </object_component>
      <object_component id="oc-c0">
         <name>.debug_line</name>
         <load_address>0x18c</load_address>
         <run_address>0x18c</run_address>
         <size>0x6d</size>
         <input_file_ref idref="fl-2"/>
      </object_component>
      <object_component id="oc-7c">
         <name>.debug_line</name>
         <load_address>0x1f9</load_address>
         <run_address>0x1f9</run_address>
         <size>0x6a</size>
         <input_file_ref idref="fl-2"/>
      </object_component>
      <object_component id="oc-259">
         <name>.debug_line</name>
         <load_address>0x263</load_address>
         <run_address>0x263</run_address>
         <size>0x6a</size>
         <input_file_ref idref="fl-3"/>
      </object_component>
      <object_component id="oc-e0">
         <name>.debug_line</name>
         <load_address>0x2cd</load_address>
         <run_address>0x2cd</run_address>
         <size>0xeb</size>
         <input_file_ref idref="fl-3"/>
      </object_component>
      <object_component id="oc-243">
         <name>.debug_line</name>
         <load_address>0x3b8</load_address>
         <run_address>0x3b8</run_address>
         <size>0x64</size>
         <input_file_ref idref="fl-3"/>
      </object_component>
      <object_component id="oc-18d">
         <name>.debug_line</name>
         <load_address>0x41c</load_address>
         <run_address>0x41c</run_address>
         <size>0x65</size>
         <input_file_ref idref="fl-3"/>
      </object_component>
      <object_component id="oc-1fb">
         <name>.debug_line</name>
         <load_address>0x481</load_address>
         <run_address>0x481</run_address>
         <size>0xd1</size>
         <input_file_ref idref="fl-5"/>
      </object_component>
      <object_component id="oc-1fd">
         <name>.debug_line</name>
         <load_address>0x552</load_address>
         <run_address>0x552</run_address>
         <size>0x30</size>
         <input_file_ref idref="fl-5"/>
      </object_component>
      <object_component id="oc-a0">
         <name>.debug_line</name>
         <load_address>0x582</load_address>
         <run_address>0x582</run_address>
         <size>0x72</size>
         <input_file_ref idref="fl-5"/>
      </object_component>
      <object_component id="oc-23f">
         <name>.debug_line</name>
         <load_address>0x5f4</load_address>
         <run_address>0x5f4</run_address>
         <size>0xb7</size>
         <input_file_ref idref="fl-6"/>
      </object_component>
      <object_component id="oc-161">
         <name>.debug_line</name>
         <load_address>0x6ab</load_address>
         <run_address>0x6ab</run_address>
         <size>0x45</size>
         <input_file_ref idref="fl-6"/>
      </object_component>
      <object_component id="oc-d4">
         <name>.debug_line</name>
         <load_address>0x6f0</load_address>
         <run_address>0x6f0</run_address>
         <size>0x1e3</size>
         <input_file_ref idref="fl-6"/>
      </object_component>
      <object_component id="oc-1f5">
         <name>.debug_line</name>
         <load_address>0x8d3</load_address>
         <run_address>0x8d3</run_address>
         <size>0x2e</size>
         <input_file_ref idref="fl-7"/>
      </object_component>
      <object_component id="oc-281">
         <name>.debug_line</name>
         <load_address>0x901</load_address>
         <run_address>0x901</run_address>
         <size>0x76</size>
         <input_file_ref idref="fl-9"/>
      </object_component>
      <object_component id="oc-27f">
         <name>.debug_line</name>
         <load_address>0x977</load_address>
         <run_address>0x977</run_address>
         <size>0x2d</size>
         <input_file_ref idref="fl-9"/>
      </object_component>
      <object_component id="oc-ec">
         <name>.debug_line</name>
         <load_address>0x9a4</load_address>
         <run_address>0x9a4</run_address>
         <size>0xe8</size>
         <input_file_ref idref="fl-9"/>
      </object_component>
      <object_component id="oc-1d4">
         <name>.debug_line</name>
         <load_address>0xa8c</load_address>
         <run_address>0xa8c</run_address>
         <size>0x20</size>
         <input_file_ref idref="fl-9"/>
      </object_component>
      <object_component id="oc-24b">
         <name>.debug_line</name>
         <load_address>0xaac</load_address>
         <run_address>0xaac</run_address>
         <size>0x3d</size>
         <input_file_ref idref="fl-a"/>
      </object_component>
      <object_component id="oc-24d">
         <name>.debug_line</name>
         <load_address>0xae9</load_address>
         <run_address>0xae9</run_address>
         <size>0x2e</size>
         <input_file_ref idref="fl-a"/>
      </object_component>
      <object_component id="oc-da">
[...]
         <name>__TI_pprof_out_hndl</name>
         <value>0xffffffff</value>
      </symbol>
      <symbol id="sm-d">
         <name>__TI_prof_data_start</name>
         <value>0xffffffff</value>
      </symbol>
      <symbol id="sm-e">
         <name>__TI_prof_data_size</name>
         <value>0xffffffff</value>
      </symbol>
      <symbol id="sm-5b">
         <name>init_ADC</name>
         <value>0x2b99</value>
         <object_component_ref idref="oc-e5"/>
      </symbol>
      <symbol id="sm-5c">
         <name>adc_conversion</name>
         <value>0x2c53</value>
         <object_component_ref idref="oc-e5"/>
      </symbol>
      <symbol id="sm-5d">
         <name>adc_read</name>
         <value>0x2c25</value>
         <object_component_ref idref="oc-e5"/>
      </symbol>
      <symbol id="sm-91">
         <name>button_event_ptr</name>
         <value>0x2000287c</value>
      </symbol>
      <symbol id="sm-92">
         <name>button_num_ptr</name>
         <value>0x20002888</value>
      </symbol>
      <symbol id="sm-93">
         <name>button_getButton</name>
         <value>0x2d89</value>
         <object_component_ref idref="oc-df"/>
      </symbol>
      <symbol id="sm-94">
         <name>button_init</name>
         <value>0x2ce5</value>
         <object_component_ref idref="oc-df"/>
      </symbol>
      <symbol id="sm-95">
         <name>button_checkButtons</name>
         <value>0x2d7f</value>
         <object_component_ref idref="oc-df"/>
      </symbol>
      <symbol id="sm-96">
         <name>init_button_interrupts</name>
         <value>0x2d0f</value>
         <object_component_ref idref="oc-df"/>
      </symbol>
      <symbol id="sm-97">
         <name>gpioe_handler</name>
         <value>0x2d63</value>
         <object_component_ref idref="oc-df"/>
      </symbol>
      <symbol id="sm-bd">
         <name>risingEdge</name>
         <value>0x200028a0</value>
      </symbol>
      <symbol id="sm-be">
         <name>fallingEdge</name>
         <value>0x20002890</value>
      </symbol>
      <symbol id="sm-bf">
         <name>pulseLength</name>
         <value>0x2000289c</value>
      </symbol>
      <symbol id="sm-c0">
         <name>currentDegree</name>
         <value>0x20002880</value>
      </symbol>
      <symbol id="sm-c1">
         <name>s_data</name>
         <value>0x20002864</value>
      </symbol>
      <symbol id="sm-c2">
         <name>i</name>
         <value>0x20002894</value>
      </symbol>
      <symbol id="sm-c3">
         <name>data</name>
         <value>0x20002270</value>
      </symbol>
      <symbol id="sm-c4">
         <name>main</name>
         <value>0x2761</value>
         <object_component_ref idref="oc-9f"/>
      </symbol>
      <symbol id="sm-c5">
         <name>char_event</name>
         <value>0x200028b0</value>
         <object_component_ref idref="oc-11a"/>
      </symbol>
      <symbol id="sm-10a">
         <name>lcd_rotatingBanner</name>
         <value>0x1969</value>
         <object_component_ref idref="oc-d3"/>
      </symbol>
      <symbol id="sm-10b">
         <name>lcd_sendCommand</name>
         <value>0x17a3</value>
         <object_component_ref idref="oc-d3"/>
      </symbol>
      <symbol id="sm-10c">
         <name>lcd_sendNibble</name>
         <value>0x17e1</value>
         <object_component_ref idref="oc-d3"/>
      </symbol>
      <symbol id="sm-10d">
         <name>lcd_clear</name>
         <value>0x3db1</value>
         <object_component_ref idref="oc-160"/>
      </symbol>
      <symbol id="sm-10e">
         <name>lcd_printf</name>
         <value>0x188b</value>
         <object_component_ref idref="oc-d3"/>
      </symbol>
      <symbol id="sm-10f">
         <name>lcd_setCursorPos</name>
         <value>0x184d</value>
         <object_component_ref idref="oc-d3"/>
      </symbol>
      <symbol id="sm-110">
         <name>lcd_init</name>
         <value>0x168d</value>
         <object_component_ref idref="oc-d3"/>
      </symbol>
      <symbol id="sm-111">
         <name>lcd_puts</name>
         <value>0x1785</value>
         <object_component_ref idref="oc-d3"/>
      </symbol>
      <symbol id="sm-112">
         <name>lcd_putc</name>
         <value>0x174d</value>
         <object_component_ref idref="oc-d3"/>
      </symbol>
      <symbol id="sm-113">
         <name>lcd_gotoLine</name>
         <value>0x1825</value>
         <object_component_ref idref="oc-d3"/>
      </symbol>
      <symbol id="sm-151">
         <name>ping_read</name>
         <value>0x2305</value>
         <object_component_ref idref="oc-eb"/>
      </symbol>
      <symbol id="sm-152">
         <name>edge</name>
         <value>0x200028b9</value>
         <object_component_ref idref="oc-1c8"/>
      </symbol>
      <symbol id="sm-153">
         <name>TIMER3_Handler</name>
         <value>0x2291</value>
         <object_component_ref idref="oc-eb"/>
      </symbol>
      <symbol id="sm-154">
         <name>ping_init</name>
         <value>0x2201</value>
         <object_component_ref idref="oc-eb"/>
      </symbol>
      <symbol id="sm-155">
         <name>ping_send</name>
         <value>0x22dd</value>
         <object_component_ref idref="oc-eb"/>
      </symbol>
      <symbol id="sm-156">
         <name>ping_getDistance</name>
         <value>0x2335</value>
         <object_component_ref idref="oc-eb"/>
      </symbol>
      <symbol id="sm-18f">
         <name>servo_move</name>
         <value>0x1d8b</value>
         <object_component_ref idref="oc-d9"/>
      </symbol>
      <symbol id="sm-190">
         <name>calibration</name>
         <value>0x200028ac</value>
         <object_component_ref idref="oc-1ab"/>
      </symbol>
      <symbol id="sm-191">
         <name>servo_init</name>
         <value>0x1d09</value>
         <object_component_ref idref="oc-d9"/>
      </symbol>
      <symbol id="sm-192">
         <name>multiplier</name>
         <value>0x200028a8</value>
         <object_component_ref idref="oc-1ab"/>
      </symbol>
      <symbol id="sm-193">
         <name>button_servo_move</name>
         <value>0x1dd7</value>
         <object_component_ref idref="oc-d9"/>
      </symbol>
      <symbol id="sm-1b4">
         <name>timer_startClock</name>
         <value>0x2b05</value>
         <object_component_ref idref="oc-102"/>
      </symbol>
      <symbol id="sm-1b5">
         <name>timer_stopClock</name>
         <value>0x2b57</value>
         <object_component_ref idref="oc-102"/>
      </symbol>
      <symbol id="sm-1b6">
         <name>timer_getClock</name>
         <value>0x2b51</value>
         <object_component_ref idref="oc-102"/>
      </symbol>
      <symbol id="sm-1b7">
         <name>timer_stopTimer</name>
         <value>0x2aef</value>
         <object_component_ref idref="oc-102"/>
      </symbol>
      <symbol id="sm-1b8">
         <name>timer_startTimer</name>
         <value>0x2a9f</value>
         <object_component_ref idref="oc-102"/>
      </symbol>
      <symbol id="sm-1b9">
         <name>timer_waitMillis</name>
         <value>0x2a41</value>
         <object_component_ref idref="oc-102"/>
      </symbol>
      <symbol id="sm-1ba">
         <name>timer_waitMicros</name>
         <value>0x2a75</value>
         <object_component_ref idref="oc-102"/>
      </symbol>
      <symbol id="sm-1d6">
         <name>ResetISR</name>
         <value>0x3de7</value>
         <object_component_ref idref="oc-27"/>
      </symbol>
      <symbol id="sm-1d7">
         <name>g_pfnVectors</name>
         <value>0x0</value>
         <object_component_ref idref="oc-f"/>
      </symbol>
      <symbol id="sm-213">
         <name>char_event_ptr</name>
         <value>0x2000288c</value>
      </symbol>
      <symbol id="sm-214">
         <name>s_data_ptr</name>
         <value>0x200028a4</value>
      </symbol>
      <symbol id="sm-215">
         <name>i_ptr</name>
         <value>0x20002898</value>
      </symbol>
      <symbol id="sm-216">
         <name>UART1_Handler</name>
         <value>0x1b19</value>
         <object_component_ref idref="oc-f1"/>
      </symbol>
      <symbol id="sm-217">
         <name>putty_display</name>
         <value>0x1bc1</value>
         <object_component_ref idref="oc-f1"/>
      </symbol>
      <symbol id="sm-218">
         <name>uart_sendChar</name>
         <value>0x1bb1</value>
         <object_component_ref idref="oc-f1"/>
      </symbol>
      <symbol id="sm-219">
         <name>serial_init</name>
         <value>0x1a51</value>
         <object_component_ref idref="oc-f1"/>
      </symbol>
      <symbol id="sm-21a">
         <name>UART1_Receive</name>
         <value>0x1b73</value>
         <object_component_ref idref="oc-f1"/>
      </symbol>
      <symbol id="sm-21b">
         <name>putty_display2</name>
         <value>0x1c2f</value>
         <object_component_ref idref="oc-f1"/>
      </symbol>
      <symbol id="sm-21c">
         <name>UART1_Transmit</name>
         <value>0x1b57</value>
         <object_component_ref idref="oc-f1"/>
      </symbol>
      <symbol id="sm-21d">
         <name>uart_sendStr</name>
         <value>0x1b93</value>
         <object_component_ref idref="oc-f1"/>
      </symbol>
      <symbol id="sm-2b2">
         <name>pow</name>
         <value>0xccd</value>
         <object_component_ref idref="oc-1bb"/>
      </symbol>
      <symbol id="sm-2b3">
         <name>powl</name>
         <value>0xccd</value>
         <object_component_ref idref="oc-1bb"/>
      </symbol>
      <symbol id="sm-2d5">
         <name>sqrtl</name>
         <value>0x28e9</value>
         <object_component_ref idref="oc-25a"/>
      </symbol>
      <symbol id="sm-2d6">
         <name>sqrt</name>
         <value>0x28e9</value>
         <object_component_ref idref="oc-25a"/>
      </symbol>
      <symbol id="sm-2fd">
         <name>scalbn</name>
         <value>0x31c1</value>
         <object_component_ref idref="oc-269"/>
      </symbol>
      <symbol id="sm-2fe">
         <name>scalbnl</name>
         <value>0x31c1</value>
         <object_component_ref idref="oc-269"/>
      </symbol>
      <symbol id="sm-2ff">
         <name>ldexpl</name>
         <value>0x31c1</value>
         <object_component_ref idref="oc-269"/>
      </symbol>
      <symbol id="sm-300">
         <name>ldexp</name>
         <value>0x31c1</value>
         <object_component_ref idref="oc-269"/>
      </symbol>
      <symbol id="sm-30a">
         <name>copysign</name>
         <value>0x3d53</value>
         <object_component_ref idref="oc-2fe"/>
      </symbol>
      <symbol id="sm-30b">
         <name>copysignl</name>
         <value>0x3d53</value>
         <object_component_ref idref="oc-2fe"/>
      </symbol>
      <symbol id="sm-322">
         <name>__aeabi_dsub</name>
         <value>0x25a9</value>
         <object_component_ref idref="oc-194"/>
      </symbol>
      <symbol id="sm-323">
         <name>__aeabi_dadd</name>
         <value>0x25b3</value>
         <object_component_ref idref="oc-194"/>
      </symbol>
      <symbol id="sm-345">
         <name>__aeabi_cdcmpeq</name>
         <value>0x35b1</value>
         <object_component_ref idref="oc-1a3"/>
      </symbol>
      <symbol id="sm-346">
         <name>__aeabi_cdcmple</name>
         <value>0x35b1</value>
         <object_component_ref idref="oc-1a3"/>
      </symbol>
      <symbol id="sm-347">
         <name>__aeabi_cdrcmple</name>
         <value>0x3637</value>
         <object_component_ref idref="oc-19e"/>
      </symbol>
      <symbol id="sm-35b">
         <name>__aeabi_ddiv</name>
         <value>0x2f69</value>
         <object_component_ref idref="oc-18f"/>
      </symbol>
      <symbol id="sm-366">
         <name>__aeabi_dmul</name>
         <value>0x32d1</value>
         <object_component_ref idref="oc-10d"/>
      </symbol>
      <symbol id="sm-370">
         <name>__aeabi_d2iz</name>
         <value>0x3a29</value>
         <object_component_ref idref="oc-31e"/>
      </symbol>
      <symbol id="sm-37c">
         <name>__aeabi_d2f</name>
         <value>0x37a5</value>
         <object_component_ref idref="oc-112"/>
      </symbol>
      <symbol id="sm-386">
         <name>__aeabi_d2uiz</name>
         <value>0x3ab5</value>
         <object_component_ref idref="oc-199"/>
      </symbol>
      <symbol id="sm-391">
         <name>__aeabi_f2d</name>
         <value>0x3bf1</value>
         <object_component_ref idref="oc-108"/>
      </symbol>
      <symbol id="sm-39b">
         <name>__aeabi_i2d</name>
         <value>0x3c8d</value>
         <object_component_ref idref="oc-fd"/>
      </symbol>
      <symbol id="sm-3b6">
         <name>memcpy</name>
         <value>0x347f</value>
         <object_component_ref idref="oc-3b"/>
      </symbol>
      <symbol id="sm-3b7">
         <name>__aeabi_memcpy</name>
         <value>0x347f</value>
         <object_component_ref idref="oc-3b"/>
      </symbol>
      <symbol id="sm-3b8">
         <name>__aeabi_memcpy8</name>
         <value>0x347f</value>
         <object_component_ref idref="oc-3b"/>
      </symbol>
      <symbol id="sm-3b9">
         <name>__aeabi_memcpy4</name>
         <value>0x347f</value>
         <object_component_ref idref="oc-3b"/>
      </symbol>
      <symbol id="sm-3d0">
         <name>__TI_zero_init</name>
         <value>0x3ddb</value>
         <object_component_ref idref="oc-4d"/>
      </symbol>
      <symbol id="sm-3e7">
         <name>__TI_decompress_none</name>
         <value>0x3dc1</value>
         <object_component_ref idref="oc-18"/>
      </symbol>
      <symbol id="sm-40a">
         <name>__TI_decompress_lzss</name>
         <value>0x3813</value>
         <object_component_ref idref="oc-12"/>
      </symbol>
      <symbol id="sm-41d">
         <name>__stack</name>
         <value>0x20000270</value>
         <object_component_ref idref="oc-21"/>
      </symbol>
      <symbol id="sm-41e">
         <name>_c_int00_noargs</name>
         <value>0x3bb9</value>
         <object_component_ref idref="oc-59"/>
      </symbol>
      <symbol id="sm-434">
         <name>__aeabi_errno_addr</name>
         <value>0x3dfd</value>
         <object_component_ref idref="oc-260"/>
      </symbol>
      <symbol id="sm-435">
         <name>errno</name>
         <value>0x200028b4</value>
         <object_component_ref idref="oc-2f7"/>
      </symbol>
      <symbol id="sm-440">
         <name>C$$EXIT</name>
         <value>0x3e09</value>
         <object_component_ref idref="oc-120"/>
      </symbol>
      <symbol id="sm-441">
         <name>abort</name>
         <value>0x3e09</value>
         <object_component_ref idref="oc-120"/>
      </symbol>
      <symbol id="sm-456">
         <name>_sys_memory</name>
         <value>0x20001270</value>
         <object_component_ref idref="oc-24"/>
      </symbol>
      <symbol id="sm-47f">
         <name>sprintf</name>
         <value>0x3af9</value>
         <object_component_ref idref="oc-f7"/>
      </symbol>
      <symbol id="sm-48f">
         <name>strcat</name>
         <value>0x3cbb</value>
         <object_component_ref idref="oc-17f"/>
      </symbol>
      <symbol id="sm-49e">
         <name>strcmp</name>
         <value>0x3d25</value>
         <object_component_ref idref="oc-16d"/>
      </symbol>
      <symbol id="sm-4ac">
         <name>strcpy</name>
         <value>0x3d67</value>
         <object_component_ref idref="oc-173"/>
      </symbol>
      <symbol id="sm-4ba">
         <name>strlen</name>
         <value>0x3d7b</value>
         <object_component_ref idref="oc-179"/>
      </symbol>
      <symbol id="sm-4e4">
         <name>vsnprintf</name>
         <value>0x3b39</value>
         <object_component_ref idref="oc-167"/>
      </symbol>
      <symbol id="sm-4f3">
         <name>__aeabi_memset</name>
         <value>0x36bf</value>
         <object_component_ref idref="oc-93"/>
      </symbol>
      <symbol id="sm-4f4">
         <name>memset</name>
         <value>0x36c5</value>
         <object_component_ref idref="oc-93"/>
      </symbol>
      <symbol id="sm-4f5">
         <name>__aeabi_memset8</name>
         <value>0x36bf</value>
         <object_component_ref idref="oc-93"/>
      </symbol>
      <symbol id="sm-4f6">
         <name>__aeabi_memset4</name>
         <value>0x36bf</value>
         <object_component_ref idref="oc-93"/>
      </symbol>
      <symbol id="sm-4f7">
         <name>__aeabi_memclr8</name>
         <value>0x36bd</value>
         <object_component_ref idref="oc-93"/>
      </symbol>
      <symbol id="sm-4f8">
         <name>__aeabi_memclr4</name>
         <value>0x36bd</value>
         <object_component_ref idref="oc-93"/>
      </symbol>
      <symbol id="sm-4f9">
         <name>__aeabi_memclr</name>
         <value>0x36bd</value>
         <object_component_ref idref="oc-93"/>
      </symbol>
      <symbol id="sm-521">
         <name>__TI_auto_init_nobinit_nopinit</name>
         <value>0x3a71</value>
         <object_component_ref idref="oc-12c"/>
      </symbol>
      <symbol id="sm-52b">
         <name>_system_pre_init</name>
         <value>0x3e05</value>
         <object_component_ref idref="oc-99"/>
      </symbol>
      <symbol id="sm-691">
         <name>__TI_printfi</name>
         <value>0x26d</value>
         <object_component_ref idref="oc-1dc"/>
      </symbol>
      <symbol id="sm-6a7">
         <name>atoi</name>
         <value>0x39dd</value>
         <object_component_ref idref="oc-284"/>
      </symbol>
      <symbol id="sm-6b2">
         <name>_ctypes_</name>
         <value>0x3e10</value>
         <object_component_ref idref="oc-313"/>
      </symbol>
      <symbol id="sm-6c1">
         <name>ltoa</name>
         <value>0x3937</value>
         <object_component_ref idref="oc-323"/>
      </symbol>
      <symbol id="sm-6d1">
         <name>memccpy</name>
         <value>0x3cd9</value>
         <object_component_ref idref="oc-2a8"/>
      </symbol>
      <symbol id="sm-6e1">
         <name>strchr</name>
         <value>0x3d3d</value>
         <object_component_ref idref="oc-34a"/>
      </symbol>
      <symbol id="sm-6f7">
         <name>frexpl</name>
         <value>0x387d</value>
         <object_component_ref idref="oc-344"/>
      </symbol>
      <symbol id="sm-6f8">
         <name>frexp</name>
         <value>0x387d</value>
         <object_component_ref idref="oc-344"/>
      </symbol>
      <symbol id="sm-711">
         <name>wcslen</name>
         <value>0x3d8f</value>
         <object_component_ref idref="oc-2ae"/>
      </symbol>
      <symbol id="sm-71e">
         <name>__aeabi_uldivmod</name>
         <value>0x351b</value>
         <object_component_ref idref="oc-318"/>
      </symbol>
      <symbol id="sm-728">
         <name>__aeabi_idiv0</name>
         <value>0xccb</value>
         <object_component_ref idref="oc-388"/>
      </symbol>
      <symbol id="sm-729">
         <name>__aeabi_ldiv0</name>
         <value>0xccb</value>
         <object_component_ref idref="oc-388"/>
      </symbol>
      <symbol id="sm-74e">
         <name>IntRegister</name>
         <value>0x3c29</value>
         <object_component_ref idref="oc-1af"/>
      </symbol>
      <symbol id="sm-74f">
         <name>g_pfnRAMVectors</name>
         <value>0x20000000</value>
         <object_component_ref idref="oc-24e"/>
      </symbol>
      <symbol id="sm-750">
         <name>IntMasterEnable</name>
         <value>0x3da1</value>
         <object_component_ref idref="oc-1c2"/>
      </symbol>
      <symbol id="sm-75a">
         <name>CPUcpsie</name>
         <value>0x3dcf</value>
         <object_component_ref idref="oc-277"/>
      </symbol>
      <symbol id="sm-75b">
         <name>__TI_static_base__</name>
         <value>0x0</value>
      </symbol>
      <symbol id="sm-75e">
         <name>__mpu_init</name>
         <value>0x0</value>
      </symbol>
      <symbol id="sm-75f">
         <name>_system_post_cinit</name>
         <value>0x0</value>
      </symbol>
   </symbol_table>
   <title>Link successful</title>
</link_info>
