<?xml version="1.0" encoding="ISO-8859-1" ?>
<link_info>
   <banner>TI ARM Linker PC v18.1.2.LTS</banner>
   <copyright>Copyright (c) 1996-2017 Texas Instruments Incorporated</copyright>
   <link_time>0x5cc66e6e</link_time>
   <link_errors>0x0</link_errors>
   <output_file>To Be Decided.out</output_file>
   <entry_point>
      <name>_c_int00_noargs</name>
      <address>0x61b9</address>
   </entry_point>
   <input_file_list>
      <input_file id="fl-2">
         <path>.\</path>
         <kind>object</kind>
         <file>adc.obj</file>
         <name>adc.obj</name>
      </input_file>
      <input_file id="fl-3">
         <path>.\</path>
         <kind>object</kind>
         <file>button.obj</file>
         <name>button.obj</name>
      </input_file>
      <input_file id="fl-4">
         <path>.\</path>
         <kind>object</kind>
         <file>data.obj</file>
         <name>data.obj</name>
      </input_file>
      <input_file id="fl-5">
         <path>.\</path>
         <kind>object</kind>
         <file>goal_routine.obj</file>
         <name>goal_routine.obj</name>
      </input_file>
      <input_file id="fl-6">
         <path>.\</path>
         <kind>object</kind>
         <file>l1_main.obj</file>
         <name>l1_main.obj</name>
      </input_file>
      <input_file id="fl-7">
         <path>.\</path>
         <kind>object</kind>
         <file>lcd.obj</file>
         <name>lcd.obj</name>
      </input_file>
      <input_file id="fl-8">
         <path>.\</path>
         <kind>object</kind>
         <file>movement.obj</file>
         <name>movement.obj</name>
      </input_file>
      <input_file id="fl-9">
         <path>.\</path>
         <kind>object</kind>
         <file>open_interface.obj</file>
         <name>open_interface.obj</name>
      </input_file>
      <input_file id="fl-a">
         <path>.\</path>
         <kind>object</kind>
         <file>ping.obj</file>
         <name>ping.obj</name>
      </input_file>
      <input_file id="fl-b">
         <path>.\</path>
         <kind>object</kind>
         <file>scan.obj</file>
         <name>scan.obj</name>
      </input_file>
      <input_file id="fl-c">
         <path>.\</path>
         <kind>object</kind>
         <file>servo.obj</file>
         <name>servo.obj</name>
      </input_file>
      <input_file id="fl-d">
         <path>.\</path>
         <kind>object</kind>
         <file>timer.obj</file>
         <name>timer.obj</name>
      </input_file>
      <input_file id="fl-e">
         <path>.\</path>
         <kind>object</kind>
         <file>tm4c123gh6pm_startup_ccs.obj</file>
         <name>tm4c123gh6pm_startup_ccs.obj</name>
      </input_file>
      <input_file id="fl-f">
         <path>.\</path>
         <kind>object</kind>
         <file>uart.obj</file>
         <name>uart.obj</name>
      </input_file>
      <input_file id="fl-15">
         <kind>object</kind>
         <file>&lt;internal&gt;</file>
         <name>&lt;internal&gt;</name>
      </input_file>
      <input_file id="fl-cb">
         <path>C:\ti\ccsv8\tools\compiler\ti-cgt-arm_18.1.2.LTS\lib\</path>
         <kind>archive</kind>
         <file>rtsv7M4_T_le_v4SPD16_eabi.lib</file>
         <name>e_pow.c.obj</name>
      </input_file>
      <input_file id="fl-cc">
         <path>C:\ti\ccsv8\tools\compiler\ti-cgt-arm_18.1.2.LTS\lib\</path>
         <kind>archive</kind>
         <file>rtsv7M4_T_le_v4SPD16_eabi.lib</file>
         <name>e_sqrt.c.obj</name>
      </input_file>
      <input_file id="fl-cd">
         <path>C:\ti\ccsv8\tools\compiler\ti-cgt-arm_18.1.2.LTS\lib\</path>
         <kind>archive</kind>
         <file>rtsv7M4_T_le_v4SPD16_eabi.lib</file>
         <name>s_scalbn.c.obj</name>
      </input_file>
      <input_file id="fl-ce">
         <path>C:\ti\ccsv8\tools\compiler\ti-cgt-arm_18.1.2.LTS\lib\</path>
         <kind>archive</kind>
         <file>rtsv7M4_T_le_v4SPD16_eabi.lib</file>
         <name>s_tan.c.obj</name>
      </input_file>
      <input_file id="fl-cf">
         <path>C:\ti\ccsv8\tools\compiler\ti-cgt-arm_18.1.2.LTS\lib\</path>
         <kind>archive</kind>
         <file>rtsv7M4_T_le_v4SPD16_eabi.lib</file>
         <name>s_copysign.c.obj</name>
      </input_file>
      <input_file id="fl-d0">
         <path>C:\ti\ccsv8\tools\compiler\ti-cgt-arm_18.1.2.LTS\lib\</path>
         <kind>archive</kind>
         <file>rtsv7M4_T_le_v4SPD16_eabi.lib</file>
         <name>fd_add_t2.asm.obj</name>
      </input_file>
      <input_file id="fl-d1">
         <path>C:\ti\ccsv8\tools\compiler\ti-cgt-arm_18.1.2.LTS\lib\</path>
         <kind>archive</kind>
         <file>rtsv7M4_T_le_v4SPD16_eabi.lib</file>
         <name>fd_cmp_t2.asm.obj</name>
      </input_file>
      <input_file id="fl-d2">
         <path>C:\ti\ccsv8\tools\compiler\ti-cgt-arm_18.1.2.LTS\lib\</path>
         <kind>archive</kind>
         <file>rtsv7M4_T_le_v4SPD16_eabi.lib</file>
         <name>fd_div_t2.asm.obj</name>
      </input_file>
      <input_file id="fl-d3">
         <path>C:\ti\ccsv8\tools\compiler\ti-cgt-arm_18.1.2.LTS\lib\</path>
         <kind>archive</kind>
         <file>rtsv7M4_T_le_v4SPD16_eabi.lib</file>
         <name>fd_mul_t2.asm.obj</name>
      </input_file>
      <input_file id="fl-d4">
         <path>C:\ti\ccsv8\tools\compiler\ti-cgt-arm_18.1.2.LTS\lib\</path>
         <kind>archive</kind>
         <file>rtsv7M4_T_le_v4SPD16_eabi.lib</file>
         <name>fd_toi_t2.asm.obj</name>
      </input_file>
      <input_file id="fl-d5">
         <path>C:\ti\ccsv8\tools\compiler\ti-cgt-arm_18.1.2.LTS\lib\</path>
         <kind>archive</kind>
         <file>rtsv7M4_T_le_v4SPD16_eabi.lib</file>
         <name>fd_tou_t2.asm.obj</name>
      </input_file>
      <input_file id="fl-d6">
         <path>C:\ti\ccsv8\tools\compiler\ti-cgt-arm_18.1.2.LTS\lib\</path>
         <kind>archive</kind>
         <file>rtsv7M4_T_le_v4SPD16_eabi.lib</file>
         <name>fs_tod_t2.asm.obj</name>
      </input_file>
      <input_file id="fl-d7">
         <path>C:\ti\ccsv8\tools\compiler\ti-cgt-arm_18.1.2.LTS\lib\</path>
         <kind>archive</kind>
         <file>rtsv7M4_T_le_v4SPD16_eabi.lib</file>
         <name>i_tofd_t2.asm.obj</name>
      </input_file>
      <input_file id="fl-d8">
         <path>C:\ti\ccsv8\tools\compiler\ti-cgt-arm_18.1.2.LTS\lib\</path>
         <kind>archive</kind>
         <file>rtsv7M4_T_le_v4SPD16_eabi.lib</file>
         <name>memcpy_t2.asm.obj</name>
      </input_file>
      <input_file id="fl-d9">
         <path>C:\ti\ccsv8\tools\compiler\ti-cgt-arm_18.1.2.LTS\lib\</path>
         <kind>archive</kind>
         <file>rtsv7M4_T_le_v4SPD16_eabi.lib</file>
         <name>copy_zero_init.c.obj</name>
      </input_file>
      <input_file id="fl-da">
         <path>C:\ti\ccsv8\tools\compiler\ti-cgt-arm_18.1.2.LTS\lib\</path>
         <kind>archive</kind>
         <file>rtsv7M4_T_le_v4SPD16_eabi.lib</file>
         <name>copy_decompress_none.c.obj</name>
      </input_file>
      <input_file id="fl-db">
         <path>C:\ti\ccsv8\tools\compiler\ti-cgt-arm_18.1.2.LTS\lib\</path>
         <kind>archive</kind>
         <file>rtsv7M4_T_le_v4SPD16_eabi.lib</file>
         <name>copy_decompress_lzss.c.obj</name>
      </input_file>
      <input_file id="fl-dc">
         <path>C:\ti\ccsv8\tools\compiler\ti-cgt-arm_18.1.2.LTS\lib\</path>
         <kind>archive</kind>
         <file>rtsv7M4_T_le_v4SPD16_eabi.lib</file>
         <name>boot_cortex_m.c.obj</name>
      </input_file>
      <input_file id="fl-dd">
         <path>C:\ti\ccsv8\tools\compiler\ti-cgt-arm_18.1.2.LTS\lib\</path>
         <kind>archive</kind>
         <file>rtsv7M4_T_le_v4SPD16_eabi.lib</file>
         <name>errno.c.obj</name>
      </input_file>
      <input_file id="fl-de">
         <path>C:\ti\ccsv8\tools\compiler\ti-cgt-arm_18.1.2.LTS\lib\</path>
         <kind>archive</kind>
         <file>rtsv7M4_T_le_v4SPD16_eabi.lib</file>
         <name>exit.c.obj</name>
      </input_file>
      <input_file id="fl-df">
         <path>C:\ti\ccsv8\tools\compiler\ti-cgt-arm_18.1.2.LTS\lib\</path>
         <kind>archive</kind>
         <file>rtsv7M4_T_le_v4SPD16_eabi.lib</file>
         <name>memory.c.obj</name>
      </input_file>
      <input_file id="fl-e0">
         <path>C:\ti\ccsv8\tools\compiler\ti-cgt-arm_18.1.2.LTS\lib\</path>
         <kind>archive</kind>
         <file>rtsv7M4_T_le_v4SPD16_eabi.lib</file>
         <name>_lock.c.obj</name>
      </input_file>
      <input_file id="fl-e1">
         <path>C:\ti\ccsv8\tools\compiler\ti-cgt-arm_18.1.2.LTS\lib\</path>
         <kind>archive</kind>
         <file>rtsv7M4_T_le_v4SPD16_eabi.lib</file>
         <name>args_main.c.obj</name>
      </input_file>
      <input_file id="fl-e2">
         <path>C:\ti\ccsv8\tools\compiler\ti-cgt-arm_18.1.2.LTS\lib\</path>
         <kind>archive</kind>
         <file>rtsv7M4_T_le_v4SPD16_eabi.lib</file>
         <name>sprintf.c.obj</name>
      </input_file>
      <input_file id="fl-e3">
         <path>C:\ti\ccsv8\tools\compiler\ti-cgt-arm_18.1.2.LTS\lib\</path>
         <kind>archive</kind>
         <file>rtsv7M4_T_le_v4SPD16_eabi.lib</file>
         <name>strcat.c.obj</name>
      </input_file>
      <input_file id="fl-e4">
         <path>C:\ti\ccsv8\tools\compiler\ti-cgt-arm_18.1.2.LTS\lib\</path>
         <kind>archive</kind>
         <file>rtsv7M4_T_le_v4SPD16_eabi.lib</file>
         <name>strcmp.c.obj</name>
      </input_file>
      <input_file id="fl-e5">
         <path>C:\ti\ccsv8\tools\compiler\ti-cgt-arm_18.1.2.LTS\lib\</path>
         <kind>archive</kind>
         <file>rtsv7M4_T_le_v4SPD16_eabi.lib</file>
         <name>strcpy.c.obj</name>
      </input_file>
      <input_file id="fl-e6">
         <path>C:\ti\ccsv8\tools\compiler\ti-cgt-arm_18.1.2.LTS\lib\</path>
         <kind>archive</kind>
         <file>rtsv7M4_T_le_v4SPD16_eabi.lib</file>
         <name>strlen.c.obj</name>
      </input_file>
      <input_file id="fl-e7">
         <path>C:\ti\ccsv8\tools\compiler\ti-cgt-arm_18.1.2.LTS\lib\</path>
         <kind>archive</kind>
         <file>rtsv7M4_T_le_v4SPD16_eabi.lib</file>
         <name>vsnprintf.c.obj</name>
      </input_file>
      <input_file id="fl-e8">
         <path>C:\ti\ccsv8\tools\compiler\ti-cgt-arm_18.1.2.LTS\lib\</path>
         <kind>archive</kind>
         <file>rtsv7M4_T_le_v4SPD16_eabi.lib</file>
         <name>k_rem_pio2.c.obj</name>
      </input_file>
      <input_file id="fl-e9">
         <path>C:\ti\ccsv8\tools\compiler\ti-cgt-arm_18.1.2.LTS\lib\</path>
         <kind>archive</kind>
         <file>rtsv7M4_T_le_v4SPD16_eabi.lib</file>
         <name>k_tan.c.obj</name>
      </input_file>
      <input_file id="fl-ea">
         <path>C:\ti\ccsv8\tools\compiler\ti-cgt-arm_18.1.2.LTS\lib\</path>
         <kind>archive</kind>
         <file>rtsv7M4_T_le_v4SPD16_eabi.lib</file>
         <name>s_floor.c.obj</name>
      </input_file>
      <input_file id="fl-eb">
         <path>C:\ti\ccsv8\tools\compiler\ti-cgt-arm_18.1.2.LTS\lib\</path>
         <kind>archive</kind>
         <file>rtsv7M4_T_le_v4SPD16_eabi.lib</file>
         <name>memset_t2.asm.obj</name>
      </input_file>
      <input_file id="fl-ec">
         <path>C:\ti\ccsv8\tools\compiler\ti-cgt-arm_18.1.2.LTS\lib\</path>
         <kind>archive</kind>
         <file>rtsv7M4_T_le_v4SPD16_eabi.lib</file>
         <name>autoinit.c.obj</name>
      </input_file>
      <input_file id="fl-ed">
         <path>C:\ti\ccsv8\tools\compiler\ti-cgt-arm_18.1.2.LTS\lib\</path>
         <kind>archive</kind>
         <file>rtsv7M4_T_le_v4SPD16_eabi.lib</file>
         <name>pre_init.c.obj</name>
      </input_file>
      <input_file id="fl-ee">
         <path>C:\ti\ccsv8\tools\compiler\ti-cgt-arm_18.1.2.LTS\lib\</path>
         <kind>archive</kind>
         <file>rtsv7M4_T_le_v4SPD16_eabi.lib</file>
         <name>cpy_tbl.c.obj</name>
      </input_file>
      <input_file id="fl-ef">
         <path>C:\ti\ccsv8\tools\compiler\ti-cgt-arm_18.1.2.LTS\lib\</path>
         <kind>archive</kind>
         <file>rtsv7M4_T_le_v4SPD16_eabi.lib</file>
         <name>_printfi.c.obj</name>
      </input_file>
      <input_file id="fl-f0">
         <path>C:\ti\ccsv8\tools\compiler\ti-cgt-arm_18.1.2.LTS\lib\</path>
         <kind>archive</kind>
         <file>rtsv7M4_T_le_v4SPD16_eabi.lib</file>
         <name>atoi.c.obj</name>
      </input_file>
      <input_file id="fl-f1">
         <path>C:\ti\ccsv8\tools\compiler\ti-cgt-arm_18.1.2.LTS\lib\</path>
         <kind>archive</kind>
         <file>rtsv7M4_T_le_v4SPD16_eabi.lib</file>
         <name>ctype.c.obj</name>
      </input_file>
      <input_file id="fl-f2">
         <path>C:\ti\ccsv8\tools\compiler\ti-cgt-arm_18.1.2.LTS\lib\</path>
         <kind>archive</kind>
         <file>rtsv7M4_T_le_v4SPD16_eabi.lib</file>
         <name>ltoa.c.obj</name>
      </input_file>
      <input_file id="fl-f3">
         <path>C:\ti\ccsv8\tools\compiler\ti-cgt-arm_18.1.2.LTS\lib\</path>
         <kind>archive</kind>
         <file>rtsv7M4_T_le_v4SPD16_eabi.lib</file>
         <name>memccpy.c.obj</name>
      </input_file>
      <input_file id="fl-f4">
         <path>C:\ti\ccsv8\tools\compiler\ti-cgt-arm_18.1.2.LTS\lib\</path>
         <kind>archive</kind>
         <file>rtsv7M4_T_le_v4SPD16_eabi.lib</file>
         <name>strchr.c.obj</name>
      </input_file>
      <input_file id="fl-f5">
         <path>C:\ti\ccsv8\tools\compiler\ti-cgt-arm_18.1.2.LTS\lib\</path>
         <kind>archive</kind>
         <file>rtsv7M4_T_le_v4SPD16_eabi.lib</file>
         <name>s_frexp.c.obj</name>
      </input_file>
      <input_file id="fl-f6">
         <path>C:\ti\ccsv8\tools\compiler\ti-cgt-arm_18.1.2.LTS\lib\</path>
         <kind>archive</kind>
         <file>rtsv7M4_T_le_v4SPD16_eabi.lib</file>
         <name>wcslen.c.obj</name>
      </input_file>
      <input_file id="fl-f7">
         <path>C:\ti\ccsv8\tools\compiler\ti-cgt-arm_18.1.2.LTS\lib\</path>
         <kind>archive</kind>
         <file>rtsv7M4_T_le_v4SPD16_eabi.lib</file>
         <name>ull_div_t2.asm.obj</name>
      </input_file>
      <input_file id="fl-f8">
         <path>C:\ti\ccsv8\tools\compiler\ti-cgt-arm_18.1.2.LTS\lib\</path>
         <kind>archive</kind>
         <file>rtsv7M4_T_le_v4SPD16_eabi.lib</file>
         <name>div0.asm.obj</name>
      </input_file>
      <input_file id="fl-f9">
         <path>C:\ti\TivaWare_C_Series-2.1.4.178\driverlib\ccs\Debug\</path>
         <kind>archive</kind>
         <file>driverlib.lib</file>
         <name>interrupt.obj</name>
      </input_file>
      <input_file id="fl-fa">
         <path>C:\ti\TivaWare_C_Series-2.1.4.178\driverlib\ccs\Debug\</path>
         <kind>archive</kind>
         <file>driverlib.lib</file>
         <name>cpu.obj</name>
      </input_file>
   </input_file_list>
   <object_component_list>
      <object_component id="oc-f">
         <name>.intvecs</name>
         <load_address>0x0</load_address>
         <run_address>0x0</run_address>
         <size>0x26c</size>
         <input_file_ref idref="fl-e"/>
      </object_component>
      <object_component id="oc-f7">
         <name>.text</name>
         <load_address>0x26c</load_address>
         <run_address>0x26c</run_address>
         <size>0xa9c</size>
         <input_file_ref idref="fl-9"/>
      </object_component>
      <object_component id="oc-25f">
         <name>.text:__TI_printfi</name>
         <load_address>0xd08</load_address>
         <run_address>0xd08</run_address>
         <size>0xa5e</size>
         <input_file_ref idref="fl-ef"/>
      </object_component>
      <object_component id="oc-314">
         <name>.text:_nop</name>
         <load_address>0x1766</load_address>
         <run_address>0x1766</run_address>
         <size>0x2</size>
         <input_file_ref idref="fl-e0"/>
      </object_component>
      <object_component id="oc-1ce">
         <name>.text:pow</name>
         <load_address>0x1768</load_address>
         <run_address>0x1768</run_address>
         <size>0x9c0</size>
         <input_file_ref idref="fl-cb"/>
      </object_component>
      <object_component id="oc-2f6">
         <name>.text:__kernel_rem_pio2</name>
         <load_address>0x2128</load_address>
         <run_address>0x2128</run_address>
         <size>0x738</size>
         <input_file_ref idref="fl-e8"/>
      </object_component>
      <object_component id="oc-103">
         <name>.text</name>
         <load_address>0x2860</load_address>
         <run_address>0x2860</run_address>
         <size>0x548</size>
         <input_file_ref idref="fl-b"/>
      </object_component>
      <object_component id="oc-218">
         <name>.text:tan</name>
         <load_address>0x2da8</load_address>
         <run_address>0x2da8</run_address>
         <size>0x508</size>
         <input_file_ref idref="fl-ce"/>
      </object_component>
      <object_component id="oc-9f">
         <name>.text</name>
         <load_address>0x32b0</load_address>
         <run_address>0x32b0</run_address>
         <size>0x3c4</size>
         <input_file_ref idref="fl-6"/>
      </object_component>
      <object_component id="oc-d3">
         <name>.text</name>
         <load_address>0x3674</load_address>
         <run_address>0x3674</run_address>
         <size>0x3c4</size>
         <input_file_ref idref="fl-7"/>
      </object_component>
      <object_component id="oc-2fc">
         <name>.text:__kernel_tan</name>
         <load_address>0x3a38</load_address>
         <run_address>0x3a38</run_address>
         <size>0x318</size>
         <input_file_ref idref="fl-e9"/>
      </object_component>
      <object_component id="oc-f1">
         <name>.text</name>
         <load_address>0x3d50</load_address>
         <run_address>0x3d50</run_address>
         <size>0x2b8</size>
         <input_file_ref idref="fl-f"/>
      </object_component>
      <object_component id="oc-d9">
         <name>.text</name>
         <load_address>0x4008</load_address>
         <run_address>0x4008</run_address>
         <size>0x288</size>
         <input_file_ref idref="fl-c"/>
      </object_component>
      <object_component id="oc-351">
         <name>.text:_pconv_a</name>
         <load_address>0x4290</load_address>
         <run_address>0x4290</run_address>
         <size>0x270</size>
         <input_file_ref idref="fl-ef"/>
      </object_component>
      <object_component id="oc-fd">
         <name>.text</name>
         <load_address>0x4500</load_address>
         <run_address>0x4500</run_address>
         <size>0x270</size>
         <input_file_ref idref="fl-8"/>
      </object_component>
      <object_component id="oc-eb">
         <name>.text</name>
         <load_address>0x4770</load_address>
         <run_address>0x4770</run_address>
         <size>0x1d8</size>
         <input_file_ref idref="fl-a"/>
      </object_component>
      <object_component id="oc-33f">
         <name>.text:_pconv_g</name>
         <load_address>0x4948</load_address>
         <run_address>0x4948</run_address>
         <size>0x1d0</size>
         <input_file_ref idref="fl-ef"/>
      </object_component>
      <object_component id="oc-119">
         <name>.text</name>
         <load_address>0x4b18</load_address>
         <run_address>0x4b18</run_address>
         <size>0x1b6</size>
         <input_file_ref idref="fl-d0"/>
      </object_component>
      <object_component id="oc-434">
         <name>.text</name>
         <load_address>0x4cce</load_address>
         <run_address>0x4cce</run_address>
         <size>0x2</size>
         <input_file_ref idref="fl-f8"/>
      </object_component>
      <object_component id="oc-2a4">
         <name>.text:sqrt</name>
         <load_address>0x4cd0</load_address>
         <run_address>0x4cd0</run_address>
         <size>0x158</size>
         <input_file_ref idref="fl-cc"/>
      </object_component>
      <object_component id="oc-16e">
         <name>.text</name>
         <load_address>0x4e28</load_address>
         <run_address>0x4e28</run_address>
         <size>0x158</size>
         <input_file_ref idref="fl-d"/>
      </object_component>
      <object_component id="oc-e5">
         <name>.text</name>
         <load_address>0x4f80</load_address>
         <run_address>0x4f80</run_address>
         <size>0x14c</size>
         <input_file_ref idref="fl-2"/>
      </object_component>
      <object_component id="oc-df">
         <name>.text</name>
         <load_address>0x50cc</load_address>
         <run_address>0x50cc</run_address>
         <size>0x148</size>
         <input_file_ref idref="fl-3"/>
      </object_component>
      <object_component id="oc-34b">
         <name>.text:_pconv_e</name>
         <load_address>0x5214</load_address>
         <run_address>0x5214</run_address>
         <size>0x13c</size>
         <input_file_ref idref="fl-ef"/>
      </object_component>
      <object_component id="oc-1a8">
         <name>.text</name>
         <load_address>0x5350</load_address>
         <run_address>0x5350</run_address>
         <size>0x136</size>
         <input_file_ref idref="fl-d2"/>
      </object_component>
      <object_component id="oc-3e7">
         <name>.text:fcvt</name>
         <load_address>0x5488</load_address>
         <run_address>0x5488</run_address>
         <size>0x120</size>
         <input_file_ref idref="fl-ef"/>
      </object_component>
      <object_component id="oc-2b3">
         <name>.text:scalbn</name>
         <load_address>0x55a8</load_address>
         <run_address>0x55a8</run_address>
         <size>0x110</size>
         <input_file_ref idref="fl-cd"/>
      </object_component>
      <object_component id="oc-1a3">
         <name>.text</name>
         <load_address>0x56b8</load_address>
         <run_address>0x56b8</run_address>
         <size>0xfc</size>
         <input_file_ref idref="fl-d3"/>
      </object_component>
      <object_component id="oc-3a3">
         <name>.text:floor</name>
         <load_address>0x57b4</load_address>
         <run_address>0x57b4</run_address>
         <size>0xf8</size>
         <input_file_ref idref="fl-ea"/>
      </object_component>
      <object_component id="oc-1f5">
         <name>.text:free</name>
         <load_address>0x58ac</load_address>
         <run_address>0x58ac</run_address>
         <size>0xd8</size>
         <input_file_ref idref="fl-df"/>
      </object_component>
      <object_component id="oc-339">
         <name>.text:_ltostr</name>
         <load_address>0x5984</load_address>
         <run_address>0x5984</run_address>
         <size>0xb1</size>
         <input_file_ref idref="fl-ef"/>
      </object_component>
      <object_component id="oc-3b">
         <name>.text</name>
         <load_address>0x5a36</load_address>
         <run_address>0x5a36</run_address>
         <size>0x9c</size>
         <input_file_ref idref="fl-d8"/>
      </object_component>
      <object_component id="oc-3ce">
         <name>.text</name>
         <load_address>0x5ad2</load_address>
         <run_address>0x5ad2</run_address>
         <size>0x96</size>
         <input_file_ref idref="fl-f7"/>
      </object_component>
      <object_component id="oc-10f">
         <name>.text:__aeabi_cdcmple</name>
         <load_address>0x5b68</load_address>
         <run_address>0x5b68</run_address>
         <size>0x86</size>
         <input_file_ref idref="fl-d1"/>
      </object_component>
      <object_component id="oc-114">
         <name>.text:__aeabi_cdrcmple</name>
         <load_address>0x5bee</load_address>
         <run_address>0x5bee</run_address>
         <size>0x86</size>
         <input_file_ref idref="fl-d1"/>
      </object_component>
      <object_component id="oc-93">
         <name>.text</name>
         <load_address>0x5c74</load_address>
         <run_address>0x5c74</run_address>
         <size>0x7a</size>
         <input_file_ref idref="fl-eb"/>
      </object_component>
      <object_component id="oc-2ce">
         <name>.text:malloc</name>
         <load_address>0x5cf0</load_address>
         <run_address>0x5cf0</run_address>
         <size>0x78</size>
         <input_file_ref idref="fl-df"/>
      </object_component>
      <object_component id="oc-3e0">
         <name>.text:_mcpy</name>
         <load_address>0x5d68</load_address>
         <run_address>0x5d68</run_address>
         <size>0x6e</size>
         <input_file_ref idref="fl-ef"/>
      </object_component>
      <object_component id="oc-12">
         <name>.text:decompress:lzss:__TI_decompress_lzss</name>
         <load_address>0x5dd6</load_address>
         <run_address>0x5dd6</run_address>
         <size>0x68</size>
         <input_file_ref idref="fl-db"/>
      </object_component>
      <object_component id="oc-3f5">
         <name>.text:frexp</name>
         <load_address>0x5e40</load_address>
         <run_address>0x5e40</run_address>
         <size>0x64</size>
         <input_file_ref idref="fl-f5"/>
      </object_component>
      <object_component id="oc-345">
         <name>.text:_pconv_f</name>
         <load_address>0x5ea4</load_address>
         <run_address>0x5ea4</run_address>
         <size>0x56</size>
         <input_file_ref idref="fl-ef"/>
      </object_component>
      <object_component id="oc-3d4">
         <name>.text:ltoa</name>
         <load_address>0x5efa</load_address>
         <run_address>0x5efa</run_address>
         <size>0x54</size>
         <input_file_ref idref="fl-f2"/>
      </object_component>
      <object_component id="oc-3da">
         <name>.text:_ecpy</name>
         <load_address>0x5f4e</load_address>
         <run_address>0x5f4e</run_address>
         <size>0x52</size>
         <input_file_ref idref="fl-ef"/>
      </object_component>
      <object_component id="oc-333">
         <name>.text:atoi</name>
         <load_address>0x5fa0</load_address>
         <run_address>0x5fa0</run_address>
         <size>0x4c</size>
         <input_file_ref idref="fl-f0"/>
      </object_component>
      <object_component id="oc-11e">
         <name>.text</name>
         <load_address>0x5fec</load_address>
         <run_address>0x5fec</run_address>
         <size>0x48</size>
         <input_file_ref idref="fl-d4"/>
      </object_component>
      <object_component id="oc-13a">
         <name>.text:__TI_auto_init_nobinit_nopinit:__TI_auto_init_nobinit_nopinit</name>
         <load_address>0x6034</load_address>
         <run_address>0x6034</run_address>
         <size>0x44</size>
         <input_file_ref idref="fl-ec"/>
      </object_component>
      <object_component id="oc-1b2">
         <name>.text</name>
         <load_address>0x6078</load_address>
         <run_address>0x6078</run_address>
         <size>0x44</size>
         <input_file_ref idref="fl-d5"/>
      </object_component>
      <object_component id="oc-21e">
         <name>.text:sprintf</name>
         <load_address>0x60bc</load_address>
         <run_address>0x60bc</run_address>
         <size>0x40</size>
         <input_file_ref idref="fl-e2"/>
      </object_component>
      <object_component id="oc-17b">
         <name>.text:vsnprintf</name>
         <load_address>0x60fc</load_address>
         <run_address>0x60fc</run_address>
         <size>0x40</size>
         <input_file_ref idref="fl-e7"/>
      </object_component>
      <object_component id="oc-3ed">
         <name>.text:_fcpy</name>
         <load_address>0x613c</load_address>
         <run_address>0x613c</run_address>
         <size>0x3e</size>
         <input_file_ref idref="fl-ef"/>
      </object_component>
      <object_component id="oc-2e1">
         <name>.text:minsert</name>
         <load_address>0x617c</load_address>
         <run_address>0x617c</run_address>
         <size>0x3c</size>
         <input_file_ref idref="fl-df"/>
      </object_component>
      <object_component id="oc-59">
         <name>.text:_c_int00_noargs:_c_int00_noargs</name>
         <load_address>0x61b8</load_address>
         <run_address>0x61b8</run_address>
         <size>0x38</size>
         <input_file_ref idref="fl-dc"/>
      </object_component>
      <object_component id="oc-2d5">
         <name>.text:minit</name>
         <load_address>0x61f0</load_address>
         <run_address>0x61f0</run_address>
         <size>0x38</size>
         <input_file_ref idref="fl-df"/>
      </object_component>
      <object_component id="oc-213">
         <name>.text</name>
         <load_address>0x6228</load_address>
         <run_address>0x6228</run_address>
         <size>0x38</size>
         <input_file_ref idref="fl-d6"/>
      </object_component>
      <object_component id="oc-1c2">
         <name>.text:IntRegister</name>
         <load_address>0x6260</load_address>
         <run_address>0x6260</run_address>
         <size>0x34</size>
         <input_file_ref idref="fl-f9"/>
      </object_component>
      <object_component id="oc-265">
         <name>.text:_outs</name>
         <load_address>0x6294</load_address>
         <run_address>0x6294</run_address>
         <size>0x30</size>
         <input_file_ref idref="fl-e7"/>
      </object_component>
      <object_component id="oc-1ad">
         <name>.text</name>
         <load_address>0x62c4</load_address>
         <run_address>0x62c4</run_address>
         <size>0x2e</size>
         <input_file_ref idref="fl-d7"/>
      </object_component>
      <object_component id="oc-1ef">
         <name>.text:calloc</name>
         <load_address>0x62f2</load_address>
         <run_address>0x62f2</run_address>
         <size>0x2a</size>
         <input_file_ref idref="fl-df"/>
      </object_component>
      <object_component id="oc-2db">
         <name>.text:mremove</name>
         <load_address>0x631c</load_address>
         <run_address>0x631c</run_address>
         <size>0x28</size>
         <input_file_ref idref="fl-df"/>
      </object_component>
      <object_component id="oc-193">
         <name>.text:strcat</name>
         <load_address>0x6344</load_address>
         <run_address>0x6344</run_address>
         <size>0x1e</size>
         <input_file_ref idref="fl-e3"/>
      </object_component>
      <object_component id="oc-357">
         <name>.text:memccpy</name>
         <load_address>0x6362</load_address>
         <run_address>0x6362</run_address>
         <size>0x1c</size>
         <input_file_ref idref="fl-f3"/>
      </object_component>
      <object_component id="oc-26b">
         <name>.text:_outc</name>
         <load_address>0x637e</load_address>
         <run_address>0x637e</run_address>
         <size>0x18</size>
         <input_file_ref idref="fl-e7"/>
      </object_component>
      <object_component id="oc-304">
         <name>.text:_outs</name>
         <load_address>0x6396</load_address>
         <run_address>0x6396</run_address>
         <size>0x18</size>
         <input_file_ref idref="fl-e2"/>
      </object_component>
      <object_component id="oc-1fb">
         <name>.text:oi_parseInt</name>
         <load_address>0x63ae</load_address>
         <run_address>0x63ae</run_address>
         <size>0x18</size>
         <input_file_ref idref="fl-9"/>
      </object_component>
      <object_component id="oc-181">
         <name>.text:strcmp</name>
         <load_address>0x63c6</load_address>
         <run_address>0x63c6</run_address>
         <size>0x18</size>
         <input_file_ref idref="fl-e4"/>
      </object_component>
      <object_component id="oc-3fb">
         <name>.text:strchr</name>
         <load_address>0x63de</load_address>
         <run_address>0x63de</run_address>
         <size>0x16</size>
         <input_file_ref idref="fl-f4"/>
      </object_component>
      <object_component id="oc-388">
         <name>.text:copysign</name>
         <load_address>0x63f4</load_address>
         <run_address>0x63f4</run_address>
         <size>0x14</size>
         <input_file_ref idref="fl-cf"/>
      </object_component>
      <object_component id="oc-187">
         <name>.text:strcpy</name>
         <load_address>0x6408</load_address>
         <run_address>0x6408</run_address>
         <size>0x14</size>
         <input_file_ref idref="fl-e5"/>
      </object_component>
      <object_component id="oc-18d">
         <name>.text:strlen</name>
         <load_address>0x641c</load_address>
         <run_address>0x641c</run_address>
         <size>0x14</size>
         <input_file_ref idref="fl-e6"/>
      </object_component>
      <object_component id="oc-35d">
         <name>.text:wcslen</name>
         <load_address>0x6430</load_address>
         <run_address>0x6430</run_address>
         <size>0x12</size>
         <input_file_ref idref="fl-f6"/>
      </object_component>
      <object_component id="oc-1d5">
         <name>.text:IntMasterEnable</name>
         <load_address>0x6442</load_address>
         <run_address>0x6442</run_address>
         <size>0x10</size>
         <input_file_ref idref="fl-f9"/>
      </object_component>
      <object_component id="oc-174">
         <name>.text:lcd_clear</name>
         <load_address>0x6452</load_address>
         <run_address>0x6452</run_address>
         <size>0x10</size>
         <input_file_ref idref="fl-7"/>
      </object_component>
      <object_component id="oc-18">
         <name>.text:decompress:none:__TI_decompress_none</name>
         <load_address>0x6462</load_address>
         <run_address>0x6462</run_address>
         <size>0xe</size>
         <input_file_ref idref="fl-da"/>
      </object_component>
      <object_component id="oc-2c1">
         <name>.text:CPUcpsie</name>
         <load_address>0x6470</load_address>
         <run_address>0x6470</run_address>
         <size>0xc</size>
         <input_file_ref idref="fl-fa"/>
      </object_component>
      <object_component id="oc-4d">
         <name>.text:decompress:ZI:__TI_zero_init</name>
         <load_address>0x647c</load_address>
         <run_address>0x647c</run_address>
         <size>0xc</size>
         <input_file_ref idref="fl-d9"/>
      </object_component>
      <object_component id="oc-27">
         <name>.text</name>
         <load_address>0x6488</load_address>
         <run_address>0x6488</run_address>
         <size>0xc</size>
         <input_file_ref idref="fl-e"/>
      </object_component>
      <object_component id="oc-30a">
         <name>.text:_outc</name>
         <load_address>0x6494</load_address>
         <run_address>0x6494</run_address>
         <size>0xa</size>
         <input_file_ref idref="fl-e2"/>
      </object_component>
      <object_component id="oc-2aa">
         <name>.text:__aeabi_errno_addr</name>
         <load_address>0x64a0</load_address>
         <run_address>0x64a0</run_address>
         <size>0x8</size>
         <input_file_ref idref="fl-dd"/>
      </object_component>
      <object_component id="oc-99">
         <name>.text:_system_pre_init</name>
         <load_address>0x64a8</load_address>
         <run_address>0x64a8</run_address>
         <size>0x4</size>
         <input_file_ref idref="fl-ed"/>
      </object_component>
      <object_component id="oc-12e">
         <name>.text:abort:abort</name>
         <load_address>0x64ac</load_address>
         <run_address>0x64ac</run_address>
         <size>0x4</size>
         <input_file_ref idref="fl-de"/>
      </object_component>
      <object_component id="oc-3a9">
         <name>.const:$O1$$</name>
         <load_address>0x64b0</load_address>
         <run_address>0x64b0</run_address>
         <size>0x158</size>
         <input_file_ref idref="fl-e8"/>
      </object_component>
      <object_component id="oc-3c9">
         <name>.const:.string:_ctypes_</name>
         <load_address>0x6608</load_address>
         <run_address>0x6608</run_address>
         <size>0x101</size>
         <input_file_ref idref="fl-f1"/>
      </object_component>
      <object_component id="oc-199">
         <name>.const:.string:lineAddress$1</name>
         <load_address>0x6709</load_address>
         <run_address>0x6709</run_address>
         <size>0x4</size>
         <input_file_ref idref="fl-7"/>
      </object_component>
      <object_component id="oc-3af">
         <name>.const:xxx</name>
         <load_address>0x6710</load_address>
         <run_address>0x6710</run_address>
         <size>0x80</size>
         <input_file_ref idref="fl-e9"/>
      </object_component>
      <object_component id="oc-2b0">
         <name>.const:$O1$$</name>
         <load_address>0x6790</load_address>
         <run_address>0x6790</run_address>
         <size>0x30</size>
         <input_file_ref idref="fl-cb"/>
      </object_component>
      <object_component id="oc-123">
         <name>.const:.string:$P$T0$1</name>
         <load_address>0x67c0</load_address>
         <run_address>0x67c0</run_address>
         <size>0x10</size>
         <input_file_ref idref="fl-6"/>
      </object_component>
      <object_component id="oc-20c">
         <name>.const:.string:$P$T0$1</name>
         <load_address>0x67d0</load_address>
         <run_address>0x67d0</run_address>
         <size>0x10</size>
         <input_file_ref idref="fl-8"/>
      </object_component>
      <object_component id="oc-126">
         <name>.const:.string:$P$T1$2</name>
         <load_address>0x67e0</load_address>
         <run_address>0x67e0</run_address>
         <size>0x10</size>
         <input_file_ref idref="fl-6"/>
      </object_component>
      <object_component id="oc-20f">
         <name>.const:.string:$P$T1$2</name>
         <load_address>0x67f0</load_address>
         <run_address>0x67f0</run_address>
         <size>0x10</size>
         <input_file_ref idref="fl-8"/>
      </object_component>
      <object_component id="oc-203">
         <name>.const:.string:$P$T0$3</name>
         <load_address>0x6800</load_address>
         <run_address>0x6800</run_address>
         <size>0xf</size>
         <input_file_ref idref="fl-9"/>
      </object_component>
      <object_component id="oc-19a">
         <name>.const:.string:lineAddresses$2</name>
         <load_address>0x680f</load_address>
         <run_address>0x680f</run_address>
         <size>0x4</size>
         <input_file_ref idref="fl-7"/>
      </object_component>
      <object_component id="oc-487">
         <name>.cinit..data.load</name>
         <load_address>0x6818</load_address>
         <run_address>0x6818</run_address>
         <size>0x1d</size>
      </object_component>
      <object_component id="oc-484">
         <name>__TI_handler_table</name>
         <load_address>0x6838</load_address>
         <run_address>0x6838</run_address>
         <size>0xc</size>
      </object_component>
      <object_component id="oc-488">
         <name>.cinit..bss.load</name>
         <load_address>0x6848</load_address>
         <run_address>0x6848</run_address>
         <size>0x8</size>
      </object_component>
      <object_component id="oc-486">
         <name>.cinit..vtable.load</name>
         <load_address>0x6850</load_address>
         <run_address>0x6850</run_address>
         <size>0x8</size>
      </object_component>
      <object_component id="oc-485">
         <name>__TI_cinit_table</name>
         <load_address>0x6858</load_address>
         <run_address>0x6858</run_address>
         <size>0x18</size>
      </object_component>
      <object_component id="oc-298">
         <name>.vtable</name>
         <uninitialized>true</uninitialized>
         <run_address>0x20000000</run_address>
         <size>0x26c</size>
         <input_file_ref idref="fl-f9"/>
      </object_component>
      <object_component id="oc-1c8">
         <name>.data</name>
         <load_address>0x2000254c</load_address>
         <run_address>0x2000254c</run_address>
         <size>0x1</size>
         <input_file_ref idref="fl-3"/>
      </object_component>
      <object_component id="oc-10c">
         <name>.data</name>
         <load_address>0x2000252c</load_address>
         <run_address>0x2000252c</run_address>
         <size>0xc</size>
         <input_file_ref idref="fl-6"/>
      </object_component>
      <object_component id="oc-202">
         <name>.data</name>
         <load_address>0x20002510</load_address>
         <run_address>0x20002510</run_address>
         <size>0x10</size>
         <input_file_ref idref="fl-9"/>
      </object_component>
      <object_component id="oc-1db">
         <name>.data</name>
         <load_address>0x2000254d</load_address>
         <run_address>0x2000254d</run_address>
         <size>0x1</size>
         <input_file_ref idref="fl-a"/>
      </object_component>
      <object_component id="oc-1be">
         <name>.data</name>
         <load_address>0x20002540</load_address>
         <run_address>0x20002540</run_address>
         <size>0x8</size>
         <input_file_ref idref="fl-c"/>
      </object_component>
      <object_component id="oc-381">
         <name>.data</name>
         <load_address>0x20002548</load_address>
         <run_address>0x20002548</run_address>
         <size>0x4</size>
         <input_file_ref idref="fl-dd"/>
      </object_component>
      <object_component id="oc-2e7">
         <name>.data:$O1$$</name>
         <load_address>0x20002520</load_address>
         <run_address>0x20002520</run_address>
         <size>0xc</size>
         <input_file_ref idref="fl-df"/>
      </object_component>
      <object_component id="oc-23d">
         <name>.data:$O1$$</name>
         <load_address>0x20002538</load_address>
         <run_address>0x20002538</run_address>
         <size>0x8</size>
         <input_file_ref idref="fl-e0"/>
      </object_component>
      <object_component id="oc-19b">
         <name>.bss:lastbuffer$3</name>
         <uninitialized>true</uninitialized>
         <run_address>0x20002450</run_address>
         <size>0x54</size>
         <input_file_ref idref="fl-7"/>
      </object_component>
      <object_component id="oc-206">
         <name>.bss:firmware$2</name>
         <uninitialized>true</uninitialized>
         <run_address>0x200024a4</run_address>
         <size>0x18</size>
         <input_file_ref idref="fl-9"/>
      </object_component>
      <object_component id="oc-1c9">
         <name>.common:button_event_ptr</name>
         <uninitialized>true</uninitialized>
         <run_address>0x200024d4</run_address>
         <size>0x4</size>
      </object_component>
      <object_component id="oc-1cc">
         <name>.common:button_num_ptr</name>
         <uninitialized>true</uninitialized>
         <run_address>0x200024f0</run_address>
         <size>0x4</size>
      </object_component>
      <object_component id="oc-1de">
         <name>.common:risingEdge</name>
         <uninitialized>true</uninitialized>
         <run_address>0x20002508</run_address>
         <size>0x4</size>
      </object_component>
      <object_component id="oc-1e1">
         <name>.common:fallingEdge</name>
         <uninitialized>true</uninitialized>
         <run_address>0x200024fc</run_address>
         <size>0x4</size>
      </object_component>
      <object_component id="oc-1e2">
         <name>.common:pulseLength</name>
         <uninitialized>true</uninitialized>
         <run_address>0x20002504</run_address>
         <size>0x4</size>
      </object_component>
      <object_component id="oc-1b7">
         <name>.common:currentDegree</name>
         <uninitialized>true</uninitialized>
         <run_address>0x200024e0</run_address>
         <size>0x8</size>
      </object_component>
      <object_component id="oc-109">
         <name>.common:s_data</name>
         <uninitialized>true</uninitialized>
         <run_address>0x200024bc</run_address>
         <size>0x18</size>
      </object_component>
      <object_component id="oc-209">
         <name>.common:events</name>
         <uninitialized>true</uninitialized>
         <run_address>0x200024f8</run_address>
         <size>0x4</size>
      </object_component>
      <object_component id="oc-129">
         <name>.common:angle_small</name>
         <uninitialized>true</uninitialized>
         <run_address>0x200024d8</run_address>
         <size>0x8</size>
      </object_component>
      <object_component id="oc-12c">
         <name>.common:distance_small</name>
         <uninitialized>true</uninitialized>
         <run_address>0x200024e8</run_address>
         <size>0x8</size>
      </object_component>
      <object_component id="oc-224">
         <name>.common:objects</name>
         <uninitialized>true</uninitialized>
         <run_address>0x20002270</run_address>
         <size>0x1e0</size>
      </object_component>
      <object_component id="oc-1e9">
         <name>.common:char_event_ptr</name>
         <uninitialized>true</uninitialized>
         <run_address>0x200024f4</run_address>
         <size>0x4</size>
      </object_component>
      <object_component id="oc-1ec">
         <name>.common:s_data_ptr</name>
         <uninitialized>true</uninitialized>
         <run_address>0x2000250c</run_address>
         <size>0x4</size>
      </object_component>
      <object_component id="oc-1ed">
         <name>.common:i_ptr</name>
         <uninitialized>true</uninitialized>
         <run_address>0x20002500</run_address>
         <size>0x4</size>
      </object_component>
      <object_component id="oc-24">
         <name>.sysmem</name>
         <uninitialized>true</uninitialized>
         <run_address>0x20001270</run_address>
         <size>0x8</size>
         <input_file_ref idref="fl-df"/>
      </object_component>
      <object_component id="oc-48a">
         <name>.sysmem</name>
         <uninitialized>true</uninitialized>
         <run_address>0x20001270</run_address>
         <size>0x0</size>
      </object_component>
      <object_component id="oc-21">
         <name>.stack</name>
         <uninitialized>true</uninitialized>
         <run_address>0x20000270</run_address>
         <size>0x4</size>
         <input_file_ref idref="fl-dc"/>
      </object_component>
      <object_component id="oc-489">
         <name>.stack</name>
         <uninitialized>true</uninitialized>
         <run_address>0x20000270</run_address>
         <size>0x0</size>
      </object_component>
      <object_component id="oc-c2">
         <name>.debug_info</name>
         <load_address>0x0</load_address>
         <run_address>0x0</run_address>
         <size>0x29e</size>
         <input_file_ref idref="fl-2"/>
      </object_component>
      <object_component id="oc-e6">
         <name>.debug_info</name>
         <load_address>0x29e</load_address>
         <run_address>0x29e</run_address>
         <size>0x25b</size>
         <input_file_ref idref="fl-2"/>
      </object_component>
      <object_component id="oc-74">
         <name>.debug_info</name>
         <load_address>0x4f9</load_address>
         <run_address>0x4f9</run_address>
         <size>0x26b</size>
         <input_file_ref idref="fl-2"/>
      </object_component>
      <object_component id="oc-36">
         <name>.debug_info</name>
         <load_address>0x764</load_address>
         <run_address>0x764</run_address>
         <size>0x84</size>
         <input_file_ref idref="fl-2"/>
      </object_component>
      <object_component id="oc-bd">
         <name>.debug_info</name>
         <load_address>0x7e8</load_address>
         <run_address>0x7e8</run_address>
         <size>0x297</size>
         <input_file_ref idref="fl-2"/>
      </object_component>
      <object_component id="oc-79">
         <name>.debug_info</name>
         <load_address>0xa7f</load_address>
         <run_address>0xa7f</run_address>
         <size>0xbb</size>
         <input_file_ref idref="fl-2"/>
      </object_component>
      <object_component id="oc-1ca">
         <name>.debug_info</name>
         <load_address>0xb3a</load_address>
         <run_address>0xb3a</run_address>
         <size>0x33b</size>
         <input_file_ref idref="fl-3"/>
      </object_component>
      <object_component id="oc-e0">
         <name>.debug_info</name>
         <load_address>0xe75</load_address>
         <run_address>0xe75</run_address>
         <size>0x366</size>
         <input_file_ref idref="fl-3"/>
      </object_component>
      <object_component id="oc-287">
         <name>.debug_info</name>
         <load_address>0x11db</load_address>
         <run_address>0x11db</run_address>
         <size>0xcc</size>
         <input_file_ref idref="fl-3"/>
      </object_component>
      <object_component id="oc-19e">
         <name>.debug_info</name>
         <load_address>0x12a7</load_address>
         <run_address>0x12a7</run_address>
         <size>0x2c</size>
         <input_file_ref idref="fl-3"/>
      </object_component>
      <object_component id="oc-1ba">
         <name>.debug_info</name>
         <load_address>0x12d3</load_address>
         <run_address>0x12d3</run_address>
         <size>0x31d</size>
         <input_file_ref idref="fl-4"/>
      </object_component>
      <object_component id="oc-228">
         <name>.debug_info</name>
         <load_address>0x15f0</load_address>
         <run_address>0x15f0</run_address>
         <size>0x5aa</size>
         <input_file_ref idref="fl-4"/>
      </object_component>
      <object_component id="oc-1bc">
         <name>.debug_info</name>
         <load_address>0x1b9a</load_address>
         <run_address>0x1b9a</run_address>
         <size>0x325</size>
         <input_file_ref idref="fl-5"/>
      </object_component>
      <object_component id="oc-10a">
         <name>.debug_info</name>
         <load_address>0x1ebf</load_address>
         <run_address>0x1ebf</run_address>
         <size>0x6a6</size>
         <input_file_ref idref="fl-6"/>
      </object_component>
      <object_component id="oc-10d">
         <name>.debug_info</name>
         <load_address>0x2565</load_address>
         <run_address>0x2565</run_address>
         <size>0xe9</size>
         <input_file_ref idref="fl-6"/>
      </object_component>
      <object_component id="oc-124">
         <name>.debug_info</name>
         <load_address>0x264e</load_address>
         <run_address>0x264e</run_address>
         <size>0xc0</size>
         <input_file_ref idref="fl-6"/>
      </object_component>
      <object_component id="oc-127">
         <name>.debug_info</name>
         <load_address>0x270e</load_address>
         <run_address>0x270e</run_address>
         <size>0xc0</size>
         <input_file_ref idref="fl-6"/>
      </object_component>
      <object_component id="oc-a1">
         <name>.debug_info</name>
         <load_address>0x27ce</load_address>
         <run_address>0x27ce</run_address>
         <size>0xb11</size>
         <input_file_ref idref="fl-6"/>
      </object_component>
      <object_component id="oc-19d">
         <name>.debug_info</name>
         <load_address>0x32df</load_address>
         <run_address>0x32df</run_address>
         <size>0x3ee</size>
         <input_file_ref idref="fl-7"/>
      </object_component>
      <object_component id="oc-176">
         <name>.debug_info</name>
         <load_address>0x36cd</load_address>
         <run_address>0x36cd</run_address>
         <size>0x116</size>
         <input_file_ref idref="fl-7"/>
      </object_component>
      <object_component id="oc-d6">
         <name>.debug_info</name>
         <load_address>0x37e3</load_address>
         <run_address>0x37e3</run_address>
         <size>0xa27</size>
         <input_file_ref idref="fl-7"/>
      </object_component>
      <object_component id="oc-20a">
         <name>.debug_info</name>
         <load_address>0x420a</load_address>
         <run_address>0x420a</run_address>
         <size>0x38c</size>
         <input_file_ref idref="fl-8"/>
      </object_component>
      <object_component id="oc-20d">
         <name>.debug_info</name>
         <load_address>0x4596</load_address>
         <run_address>0x4596</run_address>
         <size>0xc1</size>
         <input_file_ref idref="fl-8"/>
      </object_component>
      <object_component id="oc-210">
         <name>.debug_info</name>
         <load_address>0x4657</load_address>
         <run_address>0x4657</run_address>
         <size>0xc1</size>
         <input_file_ref idref="fl-8"/>
      </object_component>
      <object_component id="oc-fe">
         <name>.debug_info</name>
         <load_address>0x4718</load_address>
         <run_address>0x4718</run_address>
         <size>0x6ee</size>
         <input_file_ref idref="fl-8"/>
      </object_component>
      <object_component id="oc-25a">
         <name>.debug_info</name>
         <load_address>0x4e06</load_address>
         <run_address>0x4e06</run_address>
         <size>0x2c</size>
         <input_file_ref idref="fl-8"/>
      </object_component>
      <object_component id="oc-208">
         <name>.debug_info</name>
         <load_address>0x4e32</load_address>
         <run_address>0x4e32</run_address>
         <size>0x3d3</size>
         <input_file_ref idref="fl-9"/>
      </object_component>
      <object_component id="oc-204">
         <name>.debug_info</name>
         <load_address>0x5205</load_address>
         <run_address>0x5205</run_address>
         <size>0xc8</size>
         <input_file_ref idref="fl-9"/>
      </object_component>
      <object_component id="oc-1fc">
         <name>.debug_info</name>
         <load_address>0x52cd</load_address>
         <run_address>0x52cd</run_address>
         <size>0x140</size>
         <input_file_ref idref="fl-9"/>
      </object_component>
      <object_component id="oc-f8">
         <name>.debug_info</name>
         <load_address>0x540d</load_address>
         <run_address>0x540d</run_address>
         <size>0x14da</size>
         <input_file_ref idref="fl-9"/>
      </object_component>
      <object_component id="oc-1df">
         <name>.debug_info</name>
         <load_address>0x68e7</load_address>
         <run_address>0x68e7</run_address>
         <size>0x387</size>
         <input_file_ref idref="fl-a"/>
      </object_component>
      <object_component id="oc-1dc">
         <name>.debug_info</name>
         <load_address>0x6c6e</load_address>
         <run_address>0x6c6e</run_address>
         <size>0xb8</size>
         <input_file_ref idref="fl-a"/>
      </object_component>
      <object_component id="oc-ec">
         <name>.debug_info</name>
         <load_address>0x6d26</load_address>
         <run_address>0x6d26</run_address>
         <size>0x292</size>
         <input_file_ref idref="fl-a"/>
      </object_component>
      <object_component id="oc-1e4">
         <name>.debug_info</name>
         <load_address>0x6fb8</load_address>
         <run_address>0x6fb8</run_address>
         <size>0x8b</size>
         <input_file_ref idref="fl-a"/>
      </object_component>
      <object_component id="oc-12a">
         <name>.debug_info</name>
         <load_address>0x7043</load_address>
         <run_address>0x7043</run_address>
         <size>0x584</size>
         <input_file_ref idref="fl-b"/>
      </object_component>
      <object_component id="oc-104">
         <name>.debug_info</name>
         <load_address>0x75c7</load_address>
         <run_address>0x75c7</run_address>
         <size>0x62c</size>
         <input_file_ref idref="fl-b"/>
      </object_component>
      <object_component id="oc-1b8">
         <name>.debug_info</name>
         <load_address>0x7bf3</load_address>
         <run_address>0x7bf3</run_address>
         <size>0x2a9</size>
         <input_file_ref idref="fl-c"/>
      </object_component>
      <object_component id="oc-1bf">
         <name>.debug_info</name>
         <load_address>0x7e9c</load_address>
         <run_address>0x7e9c</run_address>
         <size>0xec</size>
         <input_file_ref idref="fl-c"/>
      </object_component>
      <object_component id="oc-da">
         <name>.debug_info</name>
         <load_address>0x7f88</load_address>
         <run_address>0x7f88</run_address>
         <size>0x3e9</size>
         <input_file_ref idref="fl-c"/>
      </object_component>
      <object_component id="oc-16f">
         <name>.debug_info</name>
         <load_address>0x8371</load_address>
         <run_address>0x8371</run_address>
         <size>0x3e6</size>
         <input_file_ref idref="fl-d"/>
      </object_component>
      <object_component id="oc-2f">
         <name>.debug_info</name>
         <load_address>0x8757</load_address>
         <run_address>0x8757</run_address>
         <size>0x29d</size>
         <input_file_ref idref="fl-e"/>
      </object_component>
      <object_component id="oc-10">
         <name>.debug_info</name>
         <load_address>0x89f4</load_address>
         <run_address>0x89f4</run_address>
         <size>0xdc</size>
         <input_file_ref idref="fl-e"/>
      </object_component>
      <object_component id="oc-28">
         <name>.debug_info</name>
         <load_address>0x8ad0</load_address>
         <run_address>0x8ad0</run_address>
         <size>0x258</size>
         <input_file_ref idref="fl-e"/>
      </object_component>
      <object_component id="oc-1ea">
         <name>.debug_info</name>
         <load_address>0x8d28</load_address>
         <run_address>0x8d28</run_address>
         <size>0x37f</size>
         <input_file_ref idref="fl-f"/>
      </object_component>
      <object_component id="oc-f2">
         <name>.debug_info</name>
         <load_address>0x90a7</load_address>
         <run_address>0x90a7</run_address>
         <size>0x619</size>
         <input_file_ref idref="fl-f"/>
      </object_component>
      <object_component id="oc-2bf">
         <name>.debug_info</name>
         <load_address>0x96c0</load_address>
         <run_address>0x96c0</run_address>
         <size>0x358</size>
         <input_file_ref idref="fl-cb"/>
      </object_component>
      <object_component id="oc-2b1">
         <name>.debug_info</name>
         <load_address>0x9a18</load_address>
         <run_address>0x9a18</run_address>
         <size>0x11d</size>
         <input_file_ref idref="fl-cb"/>
      </object_component>
      <object_component id="oc-1cf">
         <name>.debug_info</name>
         <load_address>0x9b35</load_address>
         <run_address>0x9b35</run_address>
         <size>0xbd9</size>
         <input_file_ref idref="fl-cb"/>
      </object_component>
      <object_component id="oc-395">
         <name>.debug_info</name>
         <load_address>0xa70e</load_address>
         <run_address>0xa70e</run_address>
         <size>0x46</size>
         <input_file_ref idref="fl-cb"/>
      </object_component>
      <object_component id="oc-2ba">
         <name>.debug_info</name>
         <load_address>0xa754</load_address>
         <run_address>0xa754</run_address>
         <size>0x39</size>
         <input_file_ref idref="fl-cb"/>
      </object_component>
      <object_component id="oc-380">
         <name>.debug_info</name>
         <load_address>0xa78d</load_address>
         <run_address>0xa78d</run_address>
         <size>0x2bf</size>
         <input_file_ref idref="fl-cc"/>
      </object_component>
      <object_component id="oc-2a5">
         <name>.debug_info</name>
         <load_address>0xaa4c</load_address>
         <run_address>0xaa4c</run_address>
         <size>0x242</size>
         <input_file_ref idref="fl-cc"/>
      </object_component>
      <object_component id="oc-38f">
         <name>.debug_info</name>
         <load_address>0xac8e</load_address>
         <run_address>0xac8e</run_address>
         <size>0x2f2</size>
         <input_file_ref idref="fl-cd"/>
      </object_component>
      <object_component id="oc-2b4">
         <name>.debug_info</name>
         <load_address>0xaf80</load_address>
         <run_address>0xaf80</run_address>
         <size>0x21a</size>
         <input_file_ref idref="fl-cd"/>
      </object_component>
      <object_component id="oc-420">
         <name>.debug_info</name>
         <load_address>0xb19a</load_address>
         <run_address>0xb19a</run_address>
         <size>0x39</size>
         <input_file_ref idref="fl-cd"/>
      </object_component>
      <object_component id="oc-390">
         <name>.debug_info</name>
         <load_address>0xb1d3</load_address>
         <run_address>0xb1d3</run_address>
         <size>0x2c</size>
         <input_file_ref idref="fl-cd"/>
      </object_component>
      <object_component id="oc-303">
         <name>.debug_info</name>
         <load_address>0xb1ff</load_address>
         <run_address>0xb1ff</run_address>
         <size>0x3be</size>
         <input_file_ref idref="fl-ce"/>
      </object_component>
      <object_component id="oc-219">
         <name>.debug_info</name>
         <load_address>0xb5bd</load_address>
         <run_address>0xb5bd</run_address>
         <size>0x5c9</size>
         <input_file_ref idref="fl-ce"/>
      </object_component>
      <object_component id="oc-389">
         <name>.debug_info</name>
         <load_address>0xbb86</load_address>
         <run_address>0xbb86</run_address>
         <size>0x156</size>
         <input_file_ref idref="fl-cf"/>
      </object_component>
      <object_component id="oc-11a">
         <name>.debug_info</name>
         <load_address>0xbcdc</load_address>
         <run_address>0xbcdc</run_address>
         <size>0x144</size>
         <input_file_ref idref="fl-d0"/>
      </object_component>
      <object_component id="oc-111">
         <name>.debug_info</name>
         <load_address>0xbe20</load_address>
         <run_address>0xbe20</run_address>
         <size>0x120</size>
         <input_file_ref idref="fl-d1"/>
      </object_component>
      <object_component id="oc-116">
         <name>.debug_info</name>
         <load_address>0xbf40</load_address>
         <run_address>0xbf40</run_address>
         <size>0x122</size>
         <input_file_ref idref="fl-d1"/>
      </object_component>
      <object_component id="oc-1ab">
         <name>.debug_info</name>
         <load_address>0xc062</load_address>
         <run_address>0xc062</run_address>
         <size>0x132</size>
         <input_file_ref idref="fl-d2"/>
      </object_component>
      <object_component id="oc-1a4">
         <name>.debug_info</name>
         <load_address>0xc194</load_address>
         <run_address>0xc194</run_address>
         <size>0x132</size>
         <input_file_ref idref="fl-d3"/>
      </object_component>
      <object_component id="oc-11f">
         <name>.debug_info</name>
         <load_address>0xc2c6</load_address>
         <run_address>0xc2c6</run_address>
         <size>0x126</size>
         <input_file_ref idref="fl-d4"/>
      </object_component>
      <object_component id="oc-1b5">
         <name>.debug_info</name>
         <load_address>0xc3ec</load_address>
         <run_address>0xc3ec</run_address>
         <size>0x131</size>
         <input_file_ref idref="fl-d5"/>
      </object_component>
      <object_component id="oc-216">
         <name>.debug_info</name>
         <load_address>0xc51d</load_address>
         <run_address>0xc51d</run_address>
         <size>0x124</size>
         <input_file_ref idref="fl-d6"/>
      </object_component>
      <object_component id="oc-1ae">
         <name>.debug_info</name>
         <load_address>0xc641</load_address>
         <run_address>0xc641</run_address>
         <size>0x124</size>
         <input_file_ref idref="fl-d7"/>
      </object_component>
      <object_component id="oc-3d">
         <name>.debug_info</name>
         <load_address>0xc765</load_address>
         <run_address>0xc765</run_address>
         <size>0x111</size>
         <input_file_ref idref="fl-d8"/>
      </object_component>
      <object_component id="oc-92">
         <name>.debug_info</name>
         <load_address>0xc876</load_address>
         <run_address>0xc876</run_address>
         <size>0x313</size>
         <input_file_ref idref="fl-d9"/>
      </object_component>
      <object_component id="oc-4e">
         <name>.debug_info</name>
         <load_address>0xcb89</load_address>
         <run_address>0xcb89</run_address>
         <size>0x1aa</size>
         <input_file_ref idref="fl-d9"/>
      </object_component>
      <object_component id="oc-8d">
         <name>.debug_info</name>
         <load_address>0xcd33</load_address>
         <run_address>0xcd33</run_address>
         <size>0x46</size>
         <input_file_ref idref="fl-d9"/>
      </object_component>
      <object_component id="oc-ca">
         <name>.debug_info</name>
         <load_address>0xcd79</load_address>
         <run_address>0xcd79</run_address>
         <size>0x2c</size>
         <input_file_ref idref="fl-d9"/>
      </object_component>
      <object_component id="oc-46">
         <name>.debug_info</name>
         <load_address>0xcda5</load_address>
         <run_address>0xcda5</run_address>
         <size>0x29d</size>
         <input_file_ref idref="fl-da"/>
      </object_component>
      <object_component id="oc-1a">
         <name>.debug_info</name>
         <load_address>0xd042</load_address>
         <run_address>0xd042</run_address>
         <size>0x1df</size>
         <input_file_ref idref="fl-da"/>
      </object_component>
      <object_component id="oc-41">
         <name>.debug_info</name>
         <load_address>0xd221</load_address>
         <run_address>0xd221</run_address>
         <size>0x46</size>
         <input_file_ref idref="fl-da"/>
      </object_component>
      <object_component id="oc-85">
         <name>.debug_info</name>
         <load_address>0xd267</load_address>
         <run_address>0xd267</run_address>
         <size>0x2c</size>
         <input_file_ref idref="fl-da"/>
      </object_component>
      <object_component id="oc-83">
         <name>.debug_info</name>
         <load_address>0xd293</load_address>
         <run_address>0xd293</run_address>
         <size>0x293</size>
         <input_file_ref idref="fl-db"/>
      </object_component>
      <object_component id="oc-16">
         <name>.debug_info</name>
         <load_address>0xd526</load_address>
         <run_address>0xd526</run_address>
         <size>0x245</size>
         <input_file_ref idref="fl-db"/>
      </object_component>
      <object_component id="oc-31">
         <name>.debug_info</name>
         <load_address>0xd76b</load_address>
         <run_address>0xd76b</run_address>
         <size>0x60</size>
         <input_file_ref idref="fl-db"/>
      </object_component>
      <object_component id="oc-c3">
         <name>.debug_info</name>
         <load_address>0xd7cb</load_address>
         <run_address>0xd7cb</run_address>
         <size>0x46</size>
         <input_file_ref idref="fl-db"/>
      </object_component>
      <object_component id="oc-7e">
         <name>.debug_info</name>
         <load_address>0xd811</load_address>
         <run_address>0xd811</run_address>
         <size>0x39</size>
         <input_file_ref idref="fl-db"/>
      </object_component>
      <object_component id="oc-22">
         <name>.debug_info</name>
         <load_address>0xd84a</load_address>
         <run_address>0xd84a</run_address>
         <size>0x100</size>
         <input_file_ref idref="fl-dc"/>
      </object_component>
      <object_component id="oc-5c">
         <name>.debug_info</name>
         <load_address>0xd94a</load_address>
         <run_address>0xd94a</run_address>
         <size>0x1a4</size>
         <input_file_ref idref="fl-dc"/>
      </object_component>
      <object_component id="oc-385">
         <name>.debug_info</name>
         <load_address>0xdaee</load_address>
         <run_address>0xdaee</run_address>
         <size>0x27e</size>
         <input_file_ref idref="fl-dd"/>
      </object_component>
      <object_component id="oc-382">
         <name>.debug_info</name>
         <load_address>0xdd6c</load_address>
         <run_address>0xdd6c</run_address>
         <size>0x103</size>
         <input_file_ref idref="fl-dd"/>
      </object_component>
      <object_component id="oc-2ab">
         <name>.debug_info</name>
         <load_address>0xde6f</load_address>
         <run_address>0xde6f</run_address>
         <size>0x143</size>
         <input_file_ref idref="fl-dd"/>
      </object_component>
      <object_component id="oc-12f">
         <name>.debug_info</name>
         <load_address>0xdfb2</load_address>
         <run_address>0xdfb2</run_address>
         <size>0x117</size>
         <input_file_ref idref="fl-de"/>
      </object_component>
      <object_component id="oc-6f">
         <name>.debug_info</name>
         <load_address>0xe0c9</load_address>
         <run_address>0xe0c9</run_address>
         <size>0x3bb</size>
         <input_file_ref idref="fl-df"/>
      </object_component>
      <object_component id="oc-25">
         <name>.debug_info</name>
         <load_address>0xe484</load_address>
         <run_address>0xe484</run_address>
         <size>0x101</size>
         <input_file_ref idref="fl-df"/>
      </object_component>
      <object_component id="oc-2e8">
         <name>.debug_info</name>
         <load_address>0xe585</load_address>
         <run_address>0xe585</run_address>
         <size>0x14c</size>
         <input_file_ref idref="fl-df"/>
      </object_component>
      <object_component id="oc-2d6">
         <name>.debug_info</name>
         <load_address>0xe6d1</load_address>
         <run_address>0xe6d1</run_address>
         <size>0x139</size>
         <input_file_ref idref="fl-df"/>
      </object_component>
      <object_component id="oc-2dd">
         <name>.debug_info</name>
         <load_address>0xe80a</load_address>
         <run_address>0xe80a</run_address>
         <size>0x174</size>
         <input_file_ref idref="fl-df"/>
      </object_component>
      <object_component id="oc-2e3">
         <name>.debug_info</name>
         <load_address>0xe97e</load_address>
         <run_address>0xe97e</run_address>
         <size>0x172</size>
         <input_file_ref idref="fl-df"/>
      </object_component>
      <object_component id="oc-2cf">
         <name>.debug_info</name>
         <load_address>0xeaf0</load_address>
         <run_address>0xeaf0</run_address>
         <size>0x1db</size>
         <input_file_ref idref="fl-df"/>
      </object_component>
      <object_component id="oc-1f6">
         <name>.debug_info</name>
         <load_address>0xeccb</load_address>
         <run_address>0xeccb</run_address>
         <size>0x1e6</size>
         <input_file_ref idref="fl-df"/>
      </object_component>
      <object_component id="oc-1f1">
         <name>.debug_info</name>
         <load_address>0xeeb1</load_address>
         <run_address>0xeeb1</run_address>
         <size>0x1b1</size>
         <input_file_ref idref="fl-df"/>
      </object_component>
      <object_component id="oc-b3">
         <name>.debug_info</name>
         <load_address>0xf062</load_address>
         <run_address>0xf062</run_address>
         <size>0x2c</size>
         <input_file_ref idref="fl-df"/>
      </object_component>
      <object_component id="oc-b8">
         <name>.debug_info</name>
         <load_address>0xf08e</load_address>
         <run_address>0xf08e</run_address>
         <size>0x62</size>
         <input_file_ref idref="fl-df"/>
      </object_component>
      <object_component id="oc-31c">
         <name>.debug_info</name>
         <load_address>0xf0f0</load_address>
         <run_address>0xf0f0</run_address>
         <size>0x2be</size>
         <input_file_ref idref="fl-e0"/>
      </object_component>
      <object_component id="oc-23e">
         <name>.debug_info</name>
         <load_address>0xf3ae</load_address>
         <run_address>0xf3ae</run_address>
         <size>0x113</size>
         <input_file_ref idref="fl-e0"/>
      </object_component>
      <object_component id="oc-315">
         <name>.debug_info</name>
         <load_address>0xf4c1</load_address>
         <run_address>0xf4c1</run_address>
         <size>0x123</size>
         <input_file_ref idref="fl-e0"/>
      </object_component>
      <object_component id="oc-311">
         <name>.debug_info</name>
         <load_address>0xf5e4</load_address>
         <run_address>0xf5e4</run_address>
         <size>0x328</size>
         <input_file_ref idref="fl-e2"/>
      </object_component>
      <object_component id="oc-221">
         <name>.debug_info</name>
         <load_address>0xf90c</load_address>
         <run_address>0xf90c</run_address>
         <size>0x1c6</size>
         <input_file_ref idref="fl-e2"/>
      </object_component>
      <object_component id="oc-306">
         <name>.debug_info</name>
         <load_address>0xfad2</load_address>
         <run_address>0xfad2</run_address>
         <size>0x182</size>
         <input_file_ref idref="fl-e2"/>
      </object_component>
      <object_component id="oc-30b">
         <name>.debug_info</name>
         <load_address>0xfc54</load_address>
         <run_address>0xfc54</run_address>
         <size>0x162</size>
         <input_file_ref idref="fl-e2"/>
      </object_component>
      <object_component id="oc-273">
         <name>.debug_info</name>
         <load_address>0xfdb6</load_address>
         <run_address>0xfdb6</run_address>
         <size>0x2c</size>
         <input_file_ref idref="fl-e2"/>
      </object_component>
      <object_component id="oc-284">
         <name>.debug_info</name>
         <load_address>0xfde2</load_address>
         <run_address>0xfde2</run_address>
         <size>0x299</size>
         <input_file_ref idref="fl-e3"/>
      </object_component>
      <object_component id="oc-194">
         <name>.debug_info</name>
         <load_address>0x1007b</load_address>
         <run_address>0x1007b</run_address>
         <size>0x24c</size>
         <input_file_ref idref="fl-e3"/>
      </object_component>
      <object_component id="oc-27e">
         <name>.debug_info</name>
         <load_address>0x102c7</load_address>
         <run_address>0x102c7</run_address>
         <size>0x27f</size>
         <input_file_ref idref="fl-e4"/>
      </object_component>
      <object_component id="oc-183">
         <name>.debug_info</name>
         <load_address>0x10546</load_address>
         <run_address>0x10546</run_address>
         <size>0x258</size>
         <input_file_ref idref="fl-e4"/>
      </object_component>
      <object_component id="oc-280">
         <name>.debug_info</name>
         <load_address>0x1079e</load_address>
         <run_address>0x1079e</run_address>
         <size>0x299</size>
         <input_file_ref idref="fl-e5"/>
      </object_component>
      <object_component id="oc-189">
         <name>.debug_info</name>
         <load_address>0x10a37</load_address>
         <run_address>0x10a37</run_address>
         <size>0x231</size>
         <input_file_ref idref="fl-e5"/>
      </object_component>
      <object_component id="oc-282">
         <name>.debug_info</name>
         <load_address>0x10c68</load_address>
         <run_address>0x10c68</run_address>
         <size>0x284</size>
         <input_file_ref idref="fl-e6"/>
      </object_component>
      <object_component id="oc-18e">
         <name>.debug_info</name>
         <load_address>0x10eec</load_address>
         <run_address>0x10eec</run_address>
         <size>0x22a</size>
         <input_file_ref idref="fl-e6"/>
      </object_component>
      <object_component id="oc-272">
         <name>.debug_info</name>
         <load_address>0x11116</load_address>
         <run_address>0x11116</run_address>
         <size>0x335</size>
         <input_file_ref idref="fl-e7"/>
      </object_component>
      <object_component id="oc-17c">
         <name>.debug_info</name>
         <load_address>0x1144b</load_address>
         <run_address>0x1144b</run_address>
         <size>0x1fd</size>
         <input_file_ref idref="fl-e7"/>
      </object_component>
      <object_component id="oc-266">
         <name>.debug_info</name>
         <load_address>0x11648</load_address>
         <run_address>0x11648</run_address>
         <size>0x1bb</size>
         <input_file_ref idref="fl-e7"/>
      </object_component>
      <object_component id="oc-26d">
         <name>.debug_info</name>
         <load_address>0x11803</load_address>
         <run_address>0x11803</run_address>
         <size>0x16e</size>
         <input_file_ref idref="fl-e7"/>
      </object_component>
      <object_component id="oc-278">
         <name>.debug_info</name>
         <load_address>0x11971</load_address>
         <run_address>0x11971</run_address>
         <size>0x69</size>
         <input_file_ref idref="fl-e7"/>
      </object_component>
      <object_component id="oc-3ad">
         <name>.debug_info</name>
         <load_address>0x119da</load_address>
         <run_address>0x119da</run_address>
         <size>0x39f</size>
         <input_file_ref idref="fl-e8"/>
      </object_component>
      <object_component id="oc-3aa">
         <name>.debug_info</name>
         <load_address>0x11d79</load_address>
         <run_address>0x11d79</run_address>
         <size>0x12f</size>
         <input_file_ref idref="fl-e8"/>
      </object_component>
      <object_component id="oc-2f7">
         <name>.debug_info</name>
         <load_address>0x11ea8</load_address>
         <run_address>0x11ea8</run_address>
         <size>0x724</size>
         <input_file_ref idref="fl-e8"/>
      </object_component>
      <object_component id="oc-3b3">
         <name>.debug_info</name>
         <load_address>0x125cc</load_address>
         <run_address>0x125cc</run_address>
         <size>0x295</size>
         <input_file_ref idref="fl-e9"/>
      </object_component>
      <object_component id="oc-3b0">
         <name>.debug_info</name>
         <load_address>0x12861</load_address>
         <run_address>0x12861</run_address>
         <size>0xef</size>
         <input_file_ref idref="fl-e9"/>
      </object_component>
      <object_component id="oc-2ff">
         <name>.debug_info</name>
         <load_address>0x12950</load_address>
         <run_address>0x12950</run_address>
         <size>0x5c4</size>
         <input_file_ref idref="fl-e9"/>
      </object_component>
      <object_component id="oc-426">
         <name>.debug_info</name>
         <load_address>0x12f14</load_address>
         <run_address>0x12f14</run_address>
         <size>0x284</size>
         <input_file_ref idref="fl-ea"/>
      </object_component>
      <object_component id="oc-3a5">
         <name>.debug_info</name>
         <load_address>0x13198</load_address>
         <run_address>0x13198</run_address>
         <size>0x21f</size>
         <input_file_ref idref="fl-ea"/>
      </object_component>
      <object_component id="oc-96">
         <name>.debug_info</name>
         <load_address>0x133b7</load_address>
         <run_address>0x133b7</run_address>
         <size>0x13f</size>
         <input_file_ref idref="fl-eb"/>
      </object_component>
      <object_component id="oc-244">
         <name>.debug_info</name>
         <load_address>0x134f6</load_address>
         <run_address>0x134f6</run_address>
         <size>0x547</size>
         <input_file_ref idref="fl-ec"/>
      </object_component>
      <object_component id="oc-13e">
         <name>.debug_info</name>
         <load_address>0x13a3d</load_address>
         <run_address>0x13a3d</run_address>
         <size>0x19b</size>
         <input_file_ref idref="fl-ec"/>
      </object_component>
      <object_component id="oc-322">
         <name>.debug_info</name>
         <load_address>0x13bd8</load_address>
         <run_address>0x13bd8</run_address>
         <size>0x39</size>
         <input_file_ref idref="fl-ec"/>
      </object_component>
      <object_component id="oc-3bd">
         <name>.debug_info</name>
         <load_address>0x13c11</load_address>
         <run_address>0x13c11</run_address>
         <size>0x39</size>
         <input_file_ref idref="fl-ec"/>
      </object_component>
      <object_component id="oc-327">
         <name>.debug_info</name>
         <load_address>0x13c4a</load_address>
         <run_address>0x13c4a</run_address>
         <size>0x39</size>
         <input_file_ref idref="fl-ec"/>
      </object_component>
      <object_component id="oc-32c">
[...]
         <name>oi_close</name>
         <value>0x2c3</value>
         <object_component_ref idref="oc-f7"/>
      </symbol>
      <symbol id="sm-25d">
         <name>oi_uartSendBuff</name>
         <value>0xa21</value>
         <object_component_ref idref="oc-f7"/>
      </symbol>
      <symbol id="sm-25e">
         <name>oi_checkFirmware</name>
         <value>0xa53</value>
         <object_component_ref idref="oc-f7"/>
      </symbol>
      <symbol id="sm-25f">
         <name>oi_init_noupdate</name>
         <value>0x289</value>
         <object_component_ref idref="oc-f7"/>
      </symbol>
      <symbol id="sm-260">
         <name>oi_uartSendChar</name>
         <value>0x9bf</value>
         <object_component_ref idref="oc-f7"/>
      </symbol>
      <symbol id="sm-261">
         <name>oi_alloc</name>
         <value>0x26d</value>
         <object_component_ref idref="oc-f7"/>
      </symbol>
      <symbol id="sm-262">
         <name>oi_loadSong</name>
         <value>0x8bf</value>
         <object_component_ref idref="oc-f7"/>
      </symbol>
      <symbol id="sm-263">
         <name>oi_play_song</name>
         <value>0x915</value>
         <object_component_ref idref="oc-f7"/>
      </symbol>
      <symbol id="sm-264">
         <name>oi_parsePacket</name>
         <value>0x327</value>
         <object_component_ref idref="oc-f7"/>
      </symbol>
      <symbol id="sm-265">
         <name>oi_setLeds</name>
         <value>0x839</value>
         <object_component_ref idref="oc-f7"/>
      </symbol>
      <symbol id="sm-266">
         <name>oi_init</name>
         <value>0x2ad</value>
         <object_component_ref idref="oc-f7"/>
      </symbol>
      <symbol id="sm-267">
         <name>oi_update</name>
         <value>0x2d5</value>
         <object_component_ref idref="oc-f7"/>
      </symbol>
      <symbol id="sm-268">
         <name>oi_uartInit</name>
         <value>0x937</value>
         <object_component_ref idref="oc-f7"/>
      </symbol>
      <symbol id="sm-29f">
         <name>ping_read</name>
         <value>0x4875</value>
         <object_component_ref idref="oc-eb"/>
      </symbol>
      <symbol id="sm-2a0">
         <name>edge</name>
         <value>0x2000254d</value>
         <object_component_ref idref="oc-1db"/>
      </symbol>
      <symbol id="sm-2a1">
         <name>TIMER3_Handler</name>
         <value>0x4801</value>
         <object_component_ref idref="oc-eb"/>
      </symbol>
      <symbol id="sm-2a2">
         <name>ping_init</name>
         <value>0x4771</value>
         <object_component_ref idref="oc-eb"/>
      </symbol>
      <symbol id="sm-2a3">
         <name>ping_send</name>
         <value>0x484d</value>
         <object_component_ref idref="oc-eb"/>
      </symbol>
      <symbol id="sm-2a4">
         <name>ping_getDistance</name>
         <value>0x48a5</value>
         <object_component_ref idref="oc-eb"/>
      </symbol>
      <symbol id="sm-2e9">
         <name>angle_small</name>
         <value>0x200024d8</value>
      </symbol>
      <symbol id="sm-2ea">
         <name>distance_small</name>
         <value>0x200024e8</value>
      </symbol>
      <symbol id="sm-2eb">
         <name>objects</name>
         <value>0x20002270</value>
      </symbol>
      <symbol id="sm-2ec">
         <name>scan_area</name>
         <value>0x2871</value>
         <object_component_ref idref="oc-103"/>
      </symbol>
      <symbol id="sm-2ed">
         <name>scan_init</name>
         <value>0x2861</value>
         <object_component_ref idref="oc-103"/>
      </symbol>
      <symbol id="sm-326">
         <name>servo_move</name>
         <value>0x408b</value>
         <object_component_ref idref="oc-d9"/>
      </symbol>
      <symbol id="sm-327">
         <name>calibration</name>
         <value>0x20002544</value>
         <object_component_ref idref="oc-1be"/>
      </symbol>
      <symbol id="sm-328">
         <name>servo_init</name>
         <value>0x4009</value>
         <object_component_ref idref="oc-d9"/>
      </symbol>
      <symbol id="sm-329">
         <name>multiplier</name>
         <value>0x20002540</value>
         <object_component_ref idref="oc-1be"/>
      </symbol>
      <symbol id="sm-32a">
         <name>button_servo_move</name>
         <value>0x40d7</value>
         <object_component_ref idref="oc-d9"/>
      </symbol>
      <symbol id="sm-34b">
         <name>timer_startClock</name>
         <value>0x4eed</value>
         <object_component_ref idref="oc-16e"/>
      </symbol>
      <symbol id="sm-34c">
         <name>timer_stopClock</name>
         <value>0x4f3f</value>
         <object_component_ref idref="oc-16e"/>
      </symbol>
      <symbol id="sm-34d">
         <name>timer_getClock</name>
         <value>0x4f39</value>
         <object_component_ref idref="oc-16e"/>
      </symbol>
      <symbol id="sm-34e">
         <name>timer_stopTimer</name>
         <value>0x4ed7</value>
         <object_component_ref idref="oc-16e"/>
      </symbol>
      <symbol id="sm-34f">
         <name>timer_startTimer</name>
         <value>0x4e87</value>
         <object_component_ref idref="oc-16e"/>
      </symbol>
      <symbol id="sm-350">
         <name>timer_waitMillis</name>
         <value>0x4e29</value>
         <object_component_ref idref="oc-16e"/>
      </symbol>
      <symbol id="sm-351">
         <name>timer_waitMicros</name>
         <value>0x4e5d</value>
         <object_component_ref idref="oc-16e"/>
      </symbol>
      <symbol id="sm-36d">
         <name>ResetISR</name>
         <value>0x6489</value>
         <object_component_ref idref="oc-27"/>
      </symbol>
      <symbol id="sm-36e">
         <name>g_pfnVectors</name>
         <value>0x0</value>
         <object_component_ref idref="oc-f"/>
      </symbol>
      <symbol id="sm-3aa">
         <name>char_event_ptr</name>
         <value>0x200024f4</value>
      </symbol>
      <symbol id="sm-3ab">
         <name>s_data_ptr</name>
         <value>0x2000250c</value>
      </symbol>
      <symbol id="sm-3ac">
         <name>i_ptr</name>
         <value>0x20002500</value>
      </symbol>
      <symbol id="sm-3ad">
         <name>UART1_Handler</name>
         <value>0x3e19</value>
         <object_component_ref idref="oc-f1"/>
      </symbol>
      <symbol id="sm-3ae">
         <name>putty_display</name>
         <value>0x3ec1</value>
         <object_component_ref idref="oc-f1"/>
      </symbol>
      <symbol id="sm-3af">
         <name>uart_sendChar</name>
         <value>0x3eb1</value>
         <object_component_ref idref="oc-f1"/>
      </symbol>
      <symbol id="sm-3b0">
         <name>serial_init</name>
         <value>0x3d51</value>
         <object_component_ref idref="oc-f1"/>
      </symbol>
      <symbol id="sm-3b1">
         <name>UART1_Receive</name>
         <value>0x3e73</value>
         <object_component_ref idref="oc-f1"/>
      </symbol>
      <symbol id="sm-3b2">
         <name>putty_display2</name>
         <value>0x3f2f</value>
         <object_component_ref idref="oc-f1"/>
      </symbol>
      <symbol id="sm-3b3">
         <name>UART1_Transmit</name>
         <value>0x3e57</value>
         <object_component_ref idref="oc-f1"/>
      </symbol>
      <symbol id="sm-3b4">
         <name>uart_sendStr</name>
         <value>0x3e93</value>
         <object_component_ref idref="oc-f1"/>
      </symbol>
      <symbol id="sm-449">
         <name>pow</name>
         <value>0x1769</value>
         <object_component_ref idref="oc-1ce"/>
      </symbol>
      <symbol id="sm-44a">
         <name>powl</name>
         <value>0x1769</value>
         <object_component_ref idref="oc-1ce"/>
      </symbol>
      <symbol id="sm-46c">
         <name>sqrtl</name>
         <value>0x4cd1</value>
         <object_component_ref idref="oc-2a4"/>
      </symbol>
      <symbol id="sm-46d">
         <name>sqrt</name>
         <value>0x4cd1</value>
         <object_component_ref idref="oc-2a4"/>
      </symbol>
      <symbol id="sm-494">
         <name>scalbn</name>
         <value>0x55a9</value>
         <object_component_ref idref="oc-2b3"/>
      </symbol>
      <symbol id="sm-495">
         <name>scalbnl</name>
         <value>0x55a9</value>
         <object_component_ref idref="oc-2b3"/>
      </symbol>
      <symbol id="sm-496">
         <name>ldexpl</name>
         <value>0x55a9</value>
         <object_component_ref idref="oc-2b3"/>
      </symbol>
      <symbol id="sm-497">
         <name>ldexp</name>
         <value>0x55a9</value>
         <object_component_ref idref="oc-2b3"/>
      </symbol>
      <symbol id="sm-4e7">
         <name>tanl</name>
         <value>0x2da9</value>
         <object_component_ref idref="oc-218"/>
      </symbol>
      <symbol id="sm-4e8">
         <name>tan</name>
         <value>0x2da9</value>
         <object_component_ref idref="oc-218"/>
      </symbol>
      <symbol id="sm-4f2">
         <name>copysign</name>
         <value>0x63f5</value>
         <object_component_ref idref="oc-388"/>
      </symbol>
      <symbol id="sm-4f3">
         <name>copysignl</name>
         <value>0x63f5</value>
         <object_component_ref idref="oc-388"/>
      </symbol>
      <symbol id="sm-50a">
         <name>__aeabi_dsub</name>
         <value>0x4b19</value>
         <object_component_ref idref="oc-119"/>
      </symbol>
      <symbol id="sm-50b">
         <name>__aeabi_dadd</name>
         <value>0x4b23</value>
         <object_component_ref idref="oc-119"/>
      </symbol>
      <symbol id="sm-52d">
         <name>__aeabi_cdcmpeq</name>
         <value>0x5b69</value>
         <object_component_ref idref="oc-10f"/>
      </symbol>
      <symbol id="sm-52e">
         <name>__aeabi_cdcmple</name>
         <value>0x5b69</value>
         <object_component_ref idref="oc-10f"/>
      </symbol>
      <symbol id="sm-52f">
         <name>__aeabi_cdrcmple</name>
         <value>0x5bef</value>
         <object_component_ref idref="oc-114"/>
      </symbol>
      <symbol id="sm-543">
         <name>__aeabi_ddiv</name>
         <value>0x5351</value>
         <object_component_ref idref="oc-1a8"/>
      </symbol>
      <symbol id="sm-54e">
         <name>__aeabi_dmul</name>
         <value>0x56b9</value>
         <object_component_ref idref="oc-1a3"/>
      </symbol>
      <symbol id="sm-558">
         <name>__aeabi_d2iz</name>
         <value>0x5fed</value>
         <object_component_ref idref="oc-11e"/>
      </symbol>
      <symbol id="sm-562">
         <name>__aeabi_d2uiz</name>
         <value>0x6079</value>
         <object_component_ref idref="oc-1b2"/>
      </symbol>
      <symbol id="sm-56d">
         <name>__aeabi_f2d</name>
         <value>0x6229</value>
         <object_component_ref idref="oc-213"/>
      </symbol>
      <symbol id="sm-577">
         <name>__aeabi_i2d</name>
         <value>0x62c5</value>
         <object_component_ref idref="oc-1ad"/>
      </symbol>
      <symbol id="sm-592">
         <name>memcpy</name>
         <value>0x5a37</value>
         <object_component_ref idref="oc-3b"/>
      </symbol>
      <symbol id="sm-593">
         <name>__aeabi_memcpy</name>
         <value>0x5a37</value>
         <object_component_ref idref="oc-3b"/>
      </symbol>
      <symbol id="sm-594">
         <name>__aeabi_memcpy8</name>
         <value>0x5a37</value>
         <object_component_ref idref="oc-3b"/>
      </symbol>
      <symbol id="sm-595">
         <name>__aeabi_memcpy4</name>
         <value>0x5a37</value>
         <object_component_ref idref="oc-3b"/>
      </symbol>
      <symbol id="sm-5ac">
         <name>__TI_zero_init</name>
         <value>0x647d</value>
         <object_component_ref idref="oc-4d"/>
      </symbol>
      <symbol id="sm-5c3">
         <name>__TI_decompress_none</name>
         <value>0x6463</value>
         <object_component_ref idref="oc-18"/>
      </symbol>
      <symbol id="sm-5e6">
         <name>__TI_decompress_lzss</name>
         <value>0x5dd7</value>
         <object_component_ref idref="oc-12"/>
      </symbol>
      <symbol id="sm-5f9">
         <name>__stack</name>
         <value>0x20000270</value>
         <object_component_ref idref="oc-21"/>
      </symbol>
      <symbol id="sm-5fa">
         <name>_c_int00_noargs</name>
         <value>0x61b9</value>
         <object_component_ref idref="oc-59"/>
      </symbol>
      <symbol id="sm-610">
         <name>__aeabi_errno_addr</name>
         <value>0x64a1</value>
         <object_component_ref idref="oc-2aa"/>
      </symbol>
      <symbol id="sm-611">
         <name>errno</name>
         <value>0x20002548</value>
         <object_component_ref idref="oc-381"/>
      </symbol>
      <symbol id="sm-61c">
         <name>C$$EXIT</name>
         <value>0x64ad</value>
         <object_component_ref idref="oc-12e"/>
      </symbol>
      <symbol id="sm-61d">
         <name>abort</name>
         <value>0x64ad</value>
         <object_component_ref idref="oc-12e"/>
      </symbol>
      <symbol id="sm-6a3">
         <name>_sys_memory</name>
         <value>0x20001270</value>
         <object_component_ref idref="oc-24"/>
      </symbol>
      <symbol id="sm-6a4">
         <name>free</name>
         <value>0x58ad</value>
         <object_component_ref idref="oc-1f5"/>
      </symbol>
      <symbol id="sm-6a5">
         <name>calloc</name>
         <value>0x62f3</value>
         <object_component_ref idref="oc-1ef"/>
      </symbol>
      <symbol id="sm-6a6">
         <name>malloc</name>
         <value>0x5cf1</value>
         <object_component_ref idref="oc-2ce"/>
      </symbol>
      <symbol id="sm-6a7">
         <name>minit</name>
         <value>0x61f1</value>
         <object_component_ref idref="oc-2d5"/>
      </symbol>
      <symbol id="sm-6bc">
         <name>_nop</name>
         <value>0x1767</value>
         <object_component_ref idref="oc-314"/>
      </symbol>
      <symbol id="sm-6bd">
         <name>_lock</name>
         <value>0x20002538</value>
         <object_component_ref idref="oc-23d"/>
      </symbol>
      <symbol id="sm-6be">
         <name>_unlock</name>
         <value>0x2000253c</value>
         <object_component_ref idref="oc-23d"/>
      </symbol>
      <symbol id="sm-6e6">
         <name>sprintf</name>
         <value>0x60bd</value>
         <object_component_ref idref="oc-21e"/>
      </symbol>
      <symbol id="sm-6f6">
         <name>strcat</name>
         <value>0x6345</value>
         <object_component_ref idref="oc-193"/>
      </symbol>
      <symbol id="sm-705">
         <name>strcmp</name>
         <value>0x63c7</value>
         <object_component_ref idref="oc-181"/>
      </symbol>
      <symbol id="sm-713">
         <name>strcpy</name>
         <value>0x6409</value>
         <object_component_ref idref="oc-187"/>
      </symbol>
      <symbol id="sm-721">
         <name>strlen</name>
         <value>0x641d</value>
         <object_component_ref idref="oc-18d"/>
      </symbol>
      <symbol id="sm-74b">
         <name>vsnprintf</name>
         <value>0x60fd</value>
         <object_component_ref idref="oc-17b"/>
      </symbol>
      <symbol id="sm-7b2">
         <name>__kernel_rem_pio2</name>
         <value>0x2129</value>
         <object_component_ref idref="oc-2f6"/>
      </symbol>
      <symbol id="sm-7d0">
         <name>__kernel_tan</name>
         <value>0x3a39</value>
         <object_component_ref idref="oc-2fc"/>
      </symbol>
      <symbol id="sm-7ed">
         <name>floorl</name>
         <value>0x57b5</value>
         <object_component_ref idref="oc-3a3"/>
      </symbol>
      <symbol id="sm-7ee">
         <name>floor</name>
         <value>0x57b5</value>
         <object_component_ref idref="oc-3a3"/>
      </symbol>
      <symbol id="sm-7fd">
         <name>__aeabi_memset</name>
         <value>0x5c77</value>
         <object_component_ref idref="oc-93"/>
      </symbol>
      <symbol id="sm-7fe">
         <name>memset</name>
         <value>0x5c7d</value>
         <object_component_ref idref="oc-93"/>
      </symbol>
      <symbol id="sm-7ff">
         <name>__aeabi_memset8</name>
         <value>0x5c77</value>
         <object_component_ref idref="oc-93"/>
      </symbol>
      <symbol id="sm-800">
         <name>__aeabi_memset4</name>
         <value>0x5c77</value>
         <object_component_ref idref="oc-93"/>
      </symbol>
      <symbol id="sm-801">
         <name>__aeabi_memclr8</name>
         <value>0x5c75</value>
         <object_component_ref idref="oc-93"/>
      </symbol>
      <symbol id="sm-802">
         <name>__aeabi_memclr4</name>
         <value>0x5c75</value>
         <object_component_ref idref="oc-93"/>
      </symbol>
      <symbol id="sm-803">
         <name>__aeabi_memclr</name>
         <value>0x5c75</value>
         <object_component_ref idref="oc-93"/>
      </symbol>
      <symbol id="sm-82b">
         <name>__TI_auto_init_nobinit_nopinit</name>
         <value>0x6035</value>
         <object_component_ref idref="oc-13a"/>
      </symbol>
      <symbol id="sm-835">
         <name>_system_pre_init</name>
         <value>0x64a9</value>
         <object_component_ref idref="oc-99"/>
      </symbol>
      <symbol id="sm-99b">
         <name>__TI_printfi</name>
         <value>0xd09</value>
         <object_component_ref idref="oc-25f"/>
      </symbol>
      <symbol id="sm-9b1">
         <name>atoi</name>
         <value>0x5fa1</value>
         <object_component_ref idref="oc-333"/>
      </symbol>
      <symbol id="sm-9bc">
         <name>_ctypes_</name>
         <value>0x6608</value>
         <object_component_ref idref="oc-3c9"/>
      </symbol>
      <symbol id="sm-9cb">
         <name>ltoa</name>
         <value>0x5efb</value>
         <object_component_ref idref="oc-3d4"/>
      </symbol>
      <symbol id="sm-9db">
         <name>memccpy</name>
         <value>0x6363</value>
         <object_component_ref idref="oc-357"/>
      </symbol>
      <symbol id="sm-9eb">
         <name>strchr</name>
         <value>0x63df</value>
         <object_component_ref idref="oc-3fb"/>
      </symbol>
      <symbol id="sm-a01">
         <name>frexpl</name>
         <value>0x5e41</value>
         <object_component_ref idref="oc-3f5"/>
      </symbol>
      <symbol id="sm-a02">
         <name>frexp</name>
         <value>0x5e41</value>
         <object_component_ref idref="oc-3f5"/>
      </symbol>
      <symbol id="sm-a1b">
         <name>wcslen</name>
         <value>0x6431</value>
         <object_component_ref idref="oc-35d"/>
      </symbol>
      <symbol id="sm-a28">
         <name>__aeabi_uldivmod</name>
         <value>0x5ad3</value>
         <object_component_ref idref="oc-3ce"/>
      </symbol>
      <symbol id="sm-a32">
         <name>__aeabi_idiv0</name>
         <value>0x4ccf</value>
         <object_component_ref idref="oc-434"/>
      </symbol>
      <symbol id="sm-a33">
         <name>__aeabi_ldiv0</name>
         <value>0x4ccf</value>
         <object_component_ref idref="oc-434"/>
      </symbol>
      <symbol id="sm-a58">
         <name>IntRegister</name>
         <value>0x6261</value>
         <object_component_ref idref="oc-1c2"/>
      </symbol>
      <symbol id="sm-a59">
         <name>g_pfnRAMVectors</name>
         <value>0x20000000</value>
         <object_component_ref idref="oc-298"/>
      </symbol>
      <symbol id="sm-a5a">
         <name>IntMasterEnable</name>
         <value>0x6443</value>
         <object_component_ref idref="oc-1d5"/>
      </symbol>
      <symbol id="sm-a64">
         <name>CPUcpsie</name>
         <value>0x6471</value>
         <object_component_ref idref="oc-2c1"/>
      </symbol>
      <symbol id="sm-a65">
         <name>__TI_static_base__</name>
         <value>0x0</value>
      </symbol>
      <symbol id="sm-a68">
         <name>__mpu_init</name>
         <value>0x0</value>
      </symbol>
      <symbol id="sm-a69">
         <name>_system_post_cinit</name>
         <value>0x0</value>
      </symbol>
   </symbol_table>
   <title>Link successful</title>
</link_info>
