******************************************************************************
                  TI ARM Linker PC v18.1.2                     
******************************************************************************
>> Linked Tue Apr 23 14:34:43 2019

OUTPUT FILE NAME:   <To Be Decided.out>
ENTRY POINT SYMBOL: "_c_int00_noargs"  address: 00005fb1


MEMORY CONFIGURATION

         name            origin    length      used     unused   attr    fill
----------------------  --------  ---------  --------  --------  ----  --------
  FLASH                 00000000   00040000  00006627  000399d9  R  X
  SRAM                  20000000   00008000  00002356  00005caa  RW X


SEGMENT ALLOCATION MAP

run origin  load origin   length   init length attrs members
----------  ----------- ---------- ----------- ----- -------
00000000    00000000    00006630   00006630    r-x
  00000000    00000000    0000026c   0000026c    r-- .intvecs
  0000026c    0000026c    00006040   00006040    r-x .text
  000062b0    000062b0    00000323   00000323    r-- .const
  000065d8    000065d8    00000058   00000058    r-- .cinit
20000000    20000000    0000235a   00000000    rw-
  20000000    20000000    0000026c   00000000    rw- .vtable
  20000270    20000270    00001000   00000000    rw- .stack
  20001270    20001270    00001000   00000000    rw- .sysmem
  20002270    20002270    000000b0   00000000    rw- .bss
  20002320    20002320    0000003a   00000000    rw- .data


SECTION ALLOCATION MAP

 output                                  attributes/
section   page    origin      length       input sections
--------  ----  ----------  ----------   ----------------
.intvecs   0    00000000    0000026c     
                  00000000    0000026c     tm4c123gh6pm_startup_ccs.obj (.intvecs)

.text      0    0000026c    00006040     
                  0000026c    00000a9c     open_interface.obj (.text)
                  00000d08    00000a5e     rtsv7M4_T_le_v4SPD16_eabi.lib : _printfi.c.obj (.text:__TI_printfi)
                  00001766    00000002                                   : _lock.c.obj (.text:_nop)
                  00001768    000009c0                                   : e_pow.c.obj (.text:pow)
                  00002128    00000738                                   : k_rem_pio2.c.obj (.text:__kernel_rem_pio2)
                  00002860    00000514     scan.obj (.text)
                  00002d74    00000508     rtsv7M4_T_le_v4SPD16_eabi.lib : s_tan.c.obj (.text:tan)
                  0000327c    000003c4     lcd.obj (.text)
                  00003640    00000318     rtsv7M4_T_le_v4SPD16_eabi.lib : k_tan.c.obj (.text:__kernel_tan)
                  00003958    000002b8     uart.obj (.text)
                  00003c10    00000288     servo.obj (.text)
                  00003e98    00000270     rtsv7M4_T_le_v4SPD16_eabi.lib : _printfi.c.obj (.text:_pconv_a)
                  00004108    0000023c     movement.obj (.text)
                  00004344    00000224     l1_main.obj (.text)
                  00004568    000001d8     ping.obj (.text)
                  00004740    000001d0     rtsv7M4_T_le_v4SPD16_eabi.lib : _printfi.c.obj (.text:_pconv_g)
                  00004910    000001b6                                   : fd_add_t2.asm.obj (.text)
                  00004ac6    00000002                                   : div0.asm.obj (.text)
                  00004ac8    00000158                                   : e_sqrt.c.obj (.text:sqrt)
                  00004c20    00000158     timer.obj (.text)
                  00004d78    0000014c     adc.obj (.text)
                  00004ec4    00000148     button.obj (.text)
                  0000500c    0000013c     rtsv7M4_T_le_v4SPD16_eabi.lib : _printfi.c.obj (.text:_pconv_e)
                  00005148    00000136                                   : fd_div_t2.asm.obj (.text)
                  0000527e    00000002     --HOLE-- [fill = 0]
                  00005280    00000120                                   : _printfi.c.obj (.text:fcvt)
                  000053a0    00000110                                   : s_scalbn.c.obj (.text:scalbn)
                  000054b0    000000fc                                   : fd_mul_t2.asm.obj (.text)
                  000055ac    000000f8                                   : s_floor.c.obj (.text:floor)
                  000056a4    000000d8                                   : memory.c.obj (.text:free)
                  0000577c    000000b1                                   : _printfi.c.obj (.text:_ltostr)
                  0000582d    00000001     --HOLE-- [fill = 0]
                  0000582e    0000009c                                   : memcpy_t2.asm.obj (.text)
                  000058ca    00000096                                   : ull_div_t2.asm.obj (.text)
                  00005960    00000086                                   : fd_cmp_t2.asm.obj (.text:__aeabi_cdcmple)
                  000059e6    00000086                                   : fd_cmp_t2.asm.obj (.text:__aeabi_cdrcmple)
                  00005a6c    0000007a                                   : memset_t2.asm.obj (.text)
                  00005ae6    00000002     --HOLE-- [fill = 0]
                  00005ae8    00000078                                   : memory.c.obj (.text:malloc)
                  00005b60    0000006e                                   : _printfi.c.obj (.text:_mcpy)
                  00005bce    00000068                                   : copy_decompress_lzss.c.obj (.text:decompress:lzss:__TI_decompress_lzss)
                  00005c36    00000002     --HOLE-- [fill = 0]
                  00005c38    00000064                                   : s_frexp.c.obj (.text:frexp)
                  00005c9c    00000056                                   : _printfi.c.obj (.text:_pconv_f)
                  00005cf2    00000054                                   : ltoa.c.obj (.text:ltoa)
                  00005d46    00000052                                   : _printfi.c.obj (.text:_ecpy)
                  00005d98    0000004c                                   : atoi.c.obj (.text:atoi)
                  00005de4    00000048                                   : fd_toi_t2.asm.obj (.text)
                  00005e2c    00000044                                   : autoinit.c.obj (.text:__TI_auto_init_nobinit_nopinit:__TI_auto_init_nobinit_nopinit)
                  00005e70    00000044                                   : fd_tou_t2.asm.obj (.text)
                  00005eb4    00000040                                   : sprintf.c.obj (.text:sprintf)
                  00005ef4    00000040                                   : vsnprintf.c.obj (.text:vsnprintf)
                  00005f34    0000003e                                   : _printfi.c.obj (.text:_fcpy)
                  00005f72    00000002     --HOLE-- [fill = 0]
                  00005f74    0000003c                                   : memory.c.obj (.text:minsert)
                  00005fb0    00000038                                   : boot_cortex_m.c.obj (.text:_c_int00_noargs:_c_int00_noargs)
                  00005fe8    00000038                                   : memory.c.obj (.text:minit)
                  00006020    00000038                                   : fs_tod_t2.asm.obj (.text)
                  00006058    00000034     driverlib.lib : interrupt.obj (.text:IntRegister)
                  0000608c    00000030     rtsv7M4_T_le_v4SPD16_eabi.lib : vsnprintf.c.obj (.text:_outs)
                  000060bc    0000002e                                   : i_tofd_t2.asm.obj (.text)
                  000060ea    0000002a                                   : memory.c.obj (.text:calloc)
                  00006114    00000028                                   : memory.c.obj (.text:mremove)
                  0000613c    0000001e                                   : strcat.c.obj (.text:strcat)
                  0000615a    0000001c                                   : memccpy.c.obj (.text:memccpy)
                  00006176    00000018                                   : vsnprintf.c.obj (.text:_outc)
                  0000618e    00000018                                   : sprintf.c.obj (.text:_outs)
                  000061a6    00000018     open_interface.obj (.text:oi_parseInt)
                  000061be    00000018     rtsv7M4_T_le_v4SPD16_eabi.lib : strcmp.c.obj (.text:strcmp)
                  000061d6    00000016                                   : strchr.c.obj (.text:strchr)
                  000061ec    00000014                                   : s_copysign.c.obj (.text:copysign)
                  00006200    00000014                                   : strcpy.c.obj (.text:strcpy)
                  00006214    00000014                                   : strlen.c.obj (.text:strlen)
                  00006228    00000012                                   : copy_zero_init.c.obj (.text:decompress:ZI:__TI_zero_init_nomemset:__TI_zero_init_nomemset)
                  0000623a    00000012                                   : wcslen.c.obj (.text:wcslen)
                  0000624c    00000010     driverlib.lib : interrupt.obj (.text:IntMasterEnable)
                  0000625c    00000010     lcd.obj (.text:lcd_clear)
                  0000626c    0000000e     rtsv7M4_T_le_v4SPD16_eabi.lib : copy_decompress_none.c.obj (.text:decompress:none:__TI_decompress_none)
                  0000627a    0000000c     driverlib.lib : cpu.obj (.text:CPUcpsie)
                  00006286    0000000c     tm4c123gh6pm_startup_ccs.obj (.text)
                  00006292    0000000a     rtsv7M4_T_le_v4SPD16_eabi.lib : sprintf.c.obj (.text:_outc)
                  0000629c    00000008                                   : errno.c.obj (.text:__aeabi_errno_addr)
                  000062a4    00000004                                   : pre_init.c.obj (.text:_system_pre_init)
                  000062a8    00000004                                   : exit.c.obj (.text:abort:abort)

.const     0    000062b0    00000323     
                  000062b0    00000158     rtsv7M4_T_le_v4SPD16_eabi.lib : k_rem_pio2.c.obj (.const:$O1$$)
                  00006408    00000101                                   : ctype.c.obj (.const:.string:_ctypes_)
                  00006509    00000004     lcd.obj (.const:.string:lineAddress$1)
                  0000650d    00000003     --HOLE-- [fill = 0]
                  00006510    00000080     rtsv7M4_T_le_v4SPD16_eabi.lib : k_tan.c.obj (.const:xxx)
                  00006590    00000030                                   : e_pow.c.obj (.const:$O1$$)
                  000065c0    0000000f     open_interface.obj (.const:.string:$P$T0$3)
                  000065cf    00000004     lcd.obj (.const:.string:lineAddresses$2)

.cinit     0    000065d8    00000058     
                  000065d8    0000001f     (.cinit..data.load) [load image, compression = lzss]
                  000065f7    00000001     --HOLE-- [fill = 0]
                  000065f8    0000000c     (__TI_handler_table)
                  00006604    00000004     --HOLE-- [fill = 0]
                  00006608    00000008     (.cinit..bss.load) [load image, compression = zero_init]
                  00006610    00000008     (.cinit..vtable.load) [load image, compression = zero_init]
                  00006618    00000018     (__TI_cinit_table)

.init_array 
*          0    00000000    00000000     UNINITIALIZED

.vtable    0    20000000    0000026c     UNINITIALIZED
                  20000000    0000026c     driverlib.lib : interrupt.obj (.vtable)

.stack     0    20000270    00001000     UNINITIALIZED
                  20000270    00000004     rtsv7M4_T_le_v4SPD16_eabi.lib : boot_cortex_m.c.obj (.stack)
                  20000274    00000ffc     --HOLE--

.sysmem    0    20001270    00001000     UNINITIALIZED
                  20001270    00000008     rtsv7M4_T_le_v4SPD16_eabi.lib : memory.c.obj (.sysmem)
                  20001278    00000ff8     --HOLE--

.bss       0    20002270    000000b0     UNINITIALIZED
                  20002270    00000054     lcd.obj (.bss:lastbuffer$3)
                  200022c4    00000018     open_interface.obj (.bss:firmware$2)
                  200022dc    00000018     (.common:s_data)
                  200022f4    00000004     (.common:button_event_ptr)
                  200022f8    00000008     (.common:currentDegree)
                  20002300    00000004     (.common:button_num_ptr)
                  20002304    00000004     (.common:char_event_ptr)
                  20002308    00000004     (.common:events)
                  2000230c    00000004     (.common:fallingEdge)
                  20002310    00000004     (.common:i_ptr)
                  20002314    00000004     (.common:pulseLength)
                  20002318    00000004     (.common:risingEdge)
                  2000231c    00000004     (.common:s_data_ptr)

.data      0    20002320    0000003a     UNINITIALIZED
                  20002320    00000010     open_interface.obj (.data)
                  20002330    0000000c     rtsv7M4_T_le_v4SPD16_eabi.lib : memory.c.obj (.data:$O1$$)
                  2000233c    00000008                                   : _lock.c.obj (.data:$O1$$)
                  20002344    00000008     l1_main.obj (.data)
                  2000234c    00000008     servo.obj (.data)
                  20002354    00000004     rtsv7M4_T_le_v4SPD16_eabi.lib : errno.c.obj (.data)
                  20002358    00000001     button.obj (.data)
                  20002359    00000001     ping.obj (.data)

MODULE SUMMARY

       Module                         code    ro data   rw data
       ------                         ----    -------   -------
    .\
       open_interface.obj             2740    15        40     
       scan.obj                       1300    0         0      
       lcd.obj                        980     8         84     
       uart.obj                       696     0         12     
       servo.obj                      648     0         8      
       tm4c123gh6pm_startup_ccs.obj   12      620       0      
       l1_main.obj                    548     0         32     
       movement.obj                   572     0         4      
       ping.obj                       472     0         1      
       timer.obj                      344     0         0      
       button.obj                     328     0         9      
       adc.obj                        332     0         0      
       data.obj                       0       0         20     
    +--+------------------------------+-------+---------+---------+
       Total:                         8972    643       210    
                                                               
    C:/ti/TivaWare_C_Series-2.1.4.178/driverlib/ccs/Debug/driverlib.lib
       interrupt.obj                  68      0         620    
       cpu.obj                        12      0         0      
    +--+------------------------------+-------+---------+---------+
       Total:                         80      0         620    
                                                               
    C:\ti\ccsv8\tools\compiler\ti-cgt-arm_18.1.2.LTS\lib\rtsv7M4_T_le_v4SPD16_eabi.lib
       _printfi.c.obj                 4863    0         0      
       e_pow.c.obj                    2496    48        0      
       k_rem_pio2.c.obj               1848    344       0      
       s_tan.c.obj                    1288    0         0      
       k_tan.c.obj                    792     128       0      
       memory.c.obj                   534     0         12     
       fd_add_t2.asm.obj              438     0         0      
       e_sqrt.c.obj                   344     0         0      
       fd_div_t2.asm.obj              310     0         0      
       s_scalbn.c.obj                 272     0         0      
       fd_cmp_t2.asm.obj              268     0         0      
       ctype.c.obj                    0       257       0      
       fd_mul_t2.asm.obj              252     0         0      
       s_floor.c.obj                  248     0         0      
       memcpy_t2.asm.obj              156     0         0      
       ull_div_t2.asm.obj             150     0         0      
       vsnprintf.c.obj                136     0         0      
       memset_t2.asm.obj              122     0         0      
       copy_decompress_lzss.c.obj     104     0         0      
       s_frexp.c.obj                  100     0         0      
       sprintf.c.obj                  98      0         0      
       ltoa.c.obj                     84      0         0      
       atoi.c.obj                     76      0         0      
       fd_toi_t2.asm.obj              72      0         0      
       autoinit.c.obj                 68      0         0      
       fd_tou_t2.asm.obj              68      0         0      
       boot_cortex_m.c.obj            56      0         0      
       fs_tod_t2.asm.obj              56      0         0      
       i_tofd_t2.asm.obj              46      0         0      
       strcat.c.obj                   30      0         0      
       memccpy.c.obj                  28      0         0      
       strcmp.c.obj                   24      0         0      
       strchr.c.obj                   22      0         0      
       s_copysign.c.obj               20      0         0      
       strcpy.c.obj                   20      0         0      
       strlen.c.obj                   20      0         0      
       copy_zero_init.c.obj           18      0         0      
       wcslen.c.obj                   18      0         0      
       copy_decompress_none.c.obj     14      0         0      
       errno.c.obj                    8       0         4      
       _lock.c.obj                    2       0         8      
       exit.c.obj                     4       0         0      
       pre_init.c.obj                 4       0         0      
       div0.asm.obj                   2       0         0      
    +--+------------------------------+-------+---------+---------+
       Total:                         15579   777       24     
                                                               
       Heap:                          0       0         4096   
       Stack:                         0       0         4096   
       Linker Generated:              0       83        0      
    +--+------------------------------+-------+---------+---------+
       Grand Total:                   24631   1503      9046   


LINKER GENERATED COPY TABLES

__TI_cinit_table @ 00006618 records: 3, size/record: 8, table size: 24
	.data: load addr=000065d8, load size=0000001f bytes, run addr=20002320, run size=0000003a bytes, compression=lzss
	.bss: load addr=00006608, load size=00000008 bytes, run addr=20002270, run size=000000b0 bytes, compression=zero_init
	.vtable: load addr=00006610, load size=00000008 bytes, run addr=20000000, run size=0000026c bytes, compression=zero_init


LINKER GENERATED HANDLER TABLE

__TI_handler_table @ 000065f8 records: 3, size/record: 4, table size: 12
	index: 0, handler: __TI_zero_init
	index: 1, handler: __TI_decompress_lzss
	index: 2, handler: __TI_decompress_none


GLOBAL SYMBOLS: SORTED ALPHABETICALLY BY Name 

address   name                          
-------   ----                          
000062a9  C$$EXIT                       
0000627b  CPUcpsie                      
00000b6d  GPIOF_Handler                 
0000624d  IntMasterEnable               
00006059  IntRegister                   
00006287  ResetISR                      
000045f9  TIMER3_Handler                
00003a21  UART1_Handler                 
00003a7b  UART1_Receive                 
00003a5f  UART1_Transmit                
20001270  __STACK_END                   
00001000  __STACK_SIZE                  
20000470  __STACK_TOP                   
00001000  __SYSMEM_SIZE                 
00006618  __TI_CINIT_Base               
00006630  __TI_CINIT_Limit              
000065f8  __TI_Handler_Table_Base       
00006604  __TI_Handler_Table_Limit      
00005e2d  __TI_auto_init_nobinit_nopinit
00005bcf  __TI_decompress_lzss          
0000626d  __TI_decompress_none          
ffffffff  __TI_pprof_out_hndl           
00000d09  __TI_printfi                  
ffffffff  __TI_prof_data_size           
ffffffff  __TI_prof_data_start          
00000000  __TI_static_base__            
00006229  __TI_zero_init_nomemset       
00005961  __aeabi_cdcmpeq               
00005961  __aeabi_cdcmple               
000059e7  __aeabi_cdrcmple              
00005de5  __aeabi_d2iz                  
00005e71  __aeabi_d2uiz                 
0000491b  __aeabi_dadd                  
00005149  __aeabi_ddiv                  
000054b1  __aeabi_dmul                  
00004911  __aeabi_dsub                  
0000629d  __aeabi_errno_addr            
00006021  __aeabi_f2d                   
000060bd  __aeabi_i2d                   
00004ac7  __aeabi_idiv0                 
00004ac7  __aeabi_ldiv0                 
00005a6d  __aeabi_memclr                
00005a6d  __aeabi_memclr4               
00005a6d  __aeabi_memclr8               
0000582f  __aeabi_memcpy                
0000582f  __aeabi_memcpy4               
0000582f  __aeabi_memcpy8               
00005a6f  __aeabi_memset                
00005a6f  __aeabi_memset4               
00005a6f  __aeabi_memset8               
000058cb  __aeabi_uldivmod              
ffffffff  __binit__                     
ffffffff  __c_args__                    
00002129  __kernel_rem_pio2             
00003641  __kernel_tan                  
UNDEFED   __mpu_init                    
20000270  __stack                       
00005fb1  _c_int00_noargs               
00006408  _ctypes_                      
2000233c  _lock                         
00001767  _nop                          
20001270  _sys_memory                   
UNDEFED   _system_post_cinit            
000062a5  _system_pre_init              
20002340  _unlock                       
000062a9  abort                         
00004e33  adc_conversion                
00004e05  adc_read                      
00005d99  atoi                          
ffffffff  binit                         
00004f5f  button_checkButtons           
200022f4  button_event_ptr              
00004f69  button_getButton              
00004ec5  button_init                   
20002300  button_num_ptr                
00003cdf  button_servo_move             
20002350  calibration                   
000060eb  calloc                        
20002304  char_event_ptr                
000061ed  copysign                      
000061ed  copysignl                     
200022f8  currentDegree                 
20002359  edge                          
20002354  errno                         
20002344  event                         
20002308  events                        
2000230c  fallingEdge                   
000055ad  floor                         
000055ad  floorl                        
000056a5  free                          
00005c39  frexp                         
00005c39  frexpl                        
20000000  g_pfnRAMVectors               
00000000  g_pfnVectors                  
00000b99  getDegrees                    
00000929  go_charge                     
00004f43  gpioe_handler                 
20002348  i                             
20002310  i_ptr                         
00004d79  init_ADC                      
00004eef  init_button_interrupts        
0000625d  lcd_clear                     
00003415  lcd_gotoLine                  
0000327d  lcd_init                      
0000347b  lcd_printf                    
0000333d  lcd_putc                      
00003375  lcd_puts                      
00003559  lcd_rotatingBanner            
00003393  lcd_sendCommand               
000033d1  lcd_sendNibble                
0000343d  lcd_setCursorPos              
000053a1  ldexp                         
000053a1  ldexpl                        
00005cf3  ltoa                          
00004345  main                          
00005ae9  malloc                        
0000615b  memccpy                       
0000582f  memcpy                        
00005a75  memset                        
00005fe9  minit                         
0000420d  move_backward                 
00004119  move_forward                  
00004109  move_init                     
2000234c  multiplier                    
0000026d  oi_alloc                      
00000a53  oi_checkFirmware              
000002c3  oi_close                      
00000279  oi_free                       
000002ad  oi_init                       
00000289  oi_init_noupdate              
000008bf  oi_loadSong                   
000061a7  oi_parseInt                   
00000327  oi_parsePacket                
00000915  oi_play_song                  
00000839  oi_setLeds                    
0000087d  oi_setWheels                  
00000afb  oi_shutoff_init               
00000937  oi_uartInit                   
000009db  oi_uartReceive                
00000a21  oi_uartSendBuff               
000009bf  oi_uartSendChar               
00000a03  oi_uartSendStr                
000002d5  oi_update                     
0000469d  ping_getDistance              
00004569  ping_init                     
0000466d  ping_read                     
00004645  ping_send                     
00001769  pow                           
00001769  powl                          
20002314  pulseLength                   
00003ac9  putty_display                 
00003b37  putty_display2                
20002318  risingEdge                    
200022dc  s_data                        
2000231c  s_data_ptr                    
000053a1  scalbn                        
000053a1  scalbnl                       
00002871  scan_area                     
00002861  scan_init                     
00003959  serial_init                   
00003c11  servo_init                    
00003c93  servo_move                    
00005eb5  sprintf                       
00004ac9  sqrt                          
00004ac9  sqrtl                         
0000613d  strcat                        
000061d7  strchr                        
000061bf  strcmp                        
00006201  strcpy                        
00006215  strlen                        
00002d75  tan                           
00002d75  tanl                          
00004d31  timer_getClock                
00004ce5  timer_startClock              
00004c7f  timer_startTimer              
00004d37  timer_stopClock               
00004ccf  timer_stopTimer               
00004c55  timer_waitMicros              
00004c21  timer_waitMillis              
000042c7  turn_left                     
00004257  turn_right                    
00003ab9  uart_sendChar                 
00003a9b  uart_sendStr                  
00005ef5  vsnprintf                     
0000623b  wcslen                        


GLOBAL SYMBOLS: SORTED BY Symbol Address 

address   name                          
-------   ----                          
00000000  __TI_static_base__            
00000000  g_pfnVectors                  
0000026d  oi_alloc                      
00000279  oi_free                       
00000289  oi_init_noupdate              
000002ad  oi_init                       
000002c3  oi_close                      
000002d5  oi_update                     
00000327  oi_parsePacket                
00000839  oi_setLeds                    
0000087d  oi_setWheels                  
000008bf  oi_loadSong                   
00000915  oi_play_song                  
00000929  go_charge                     
00000937  oi_uartInit                   
000009bf  oi_uartSendChar               
000009db  oi_uartReceive                
00000a03  oi_uartSendStr                
00000a21  oi_uartSendBuff               
00000a53  oi_checkFirmware              
00000afb  oi_shutoff_init               
00000b6d  GPIOF_Handler                 
00000b99  getDegrees                    
00000d09  __TI_printfi                  
00001000  __STACK_SIZE                  
00001000  __SYSMEM_SIZE                 
00001767  _nop                          
00001769  pow                           
00001769  powl                          
00002129  __kernel_rem_pio2             
00002861  scan_init                     
00002871  scan_area                     
00002d75  tan                           
00002d75  tanl                          
0000327d  lcd_init                      
0000333d  lcd_putc                      
00003375  lcd_puts                      
00003393  lcd_sendCommand               
000033d1  lcd_sendNibble                
00003415  lcd_gotoLine                  
0000343d  lcd_setCursorPos              
0000347b  lcd_printf                    
00003559  lcd_rotatingBanner            
00003641  __kernel_tan                  
00003959  serial_init                   
00003a21  UART1_Handler                 
00003a5f  UART1_Transmit                
00003a7b  UART1_Receive                 
00003a9b  uart_sendStr                  
00003ab9  uart_sendChar                 
00003ac9  putty_display                 
00003b37  putty_display2                
00003c11  servo_init                    
00003c93  servo_move                    
00003cdf  button_servo_move             
00004109  move_init                     
00004119  move_forward                  
0000420d  move_backward                 
00004257  turn_right                    
000042c7  turn_left                     
00004345  main                          
00004569  ping_init                     
000045f9  TIMER3_Handler                
00004645  ping_send                     
0000466d  ping_read                     
0000469d  ping_getDistance              
00004911  __aeabi_dsub                  
0000491b  __aeabi_dadd                  
00004ac7  __aeabi_idiv0                 
00004ac7  __aeabi_ldiv0                 
00004ac9  sqrt                          
00004ac9  sqrtl                         
00004c21  timer_waitMillis              
00004c55  timer_waitMicros              
00004c7f  timer_startTimer              
00004ccf  timer_stopTimer               
00004ce5  timer_startClock              
00004d31  timer_getClock                
00004d37  timer_stopClock               
00004d79  init_ADC                      
00004e05  adc_read                      
00004e33  adc_conversion                
00004ec5  button_init                   
00004eef  init_button_interrupts        
00004f43  gpioe_handler                 
00004f5f  button_checkButtons           
00004f69  button_getButton              
00005149  __aeabi_ddiv                  
000053a1  ldexp                         
000053a1  ldexpl                        
000053a1  scalbn                        
000053a1  scalbnl                       
000054b1  __aeabi_dmul                  
000055ad  floor                         
000055ad  floorl                        
000056a5  free                          
0000582f  __aeabi_memcpy                
0000582f  __aeabi_memcpy4               
0000582f  __aeabi_memcpy8               
0000582f  memcpy                        
000058cb  __aeabi_uldivmod              
00005961  __aeabi_cdcmpeq               
00005961  __aeabi_cdcmple               
000059e7  __aeabi_cdrcmple              
00005a6d  __aeabi_memclr                
00005a6d  __aeabi_memclr4               
00005a6d  __aeabi_memclr8               
00005a6f  __aeabi_memset                
00005a6f  __aeabi_memset4               
00005a6f  __aeabi_memset8               
00005a75  memset                        
00005ae9  malloc                        
00005bcf  __TI_decompress_lzss          
00005c39  frexp                         
00005c39  frexpl                        
00005cf3  ltoa                          
00005d99  atoi                          
00005de5  __aeabi_d2iz                  
00005e2d  __TI_auto_init_nobinit_nopinit
00005e71  __aeabi_d2uiz                 
00005eb5  sprintf                       
00005ef5  vsnprintf                     
00005fb1  _c_int00_noargs               
00005fe9  minit                         
00006021  __aeabi_f2d                   
00006059  IntRegister                   
000060bd  __aeabi_i2d                   
000060eb  calloc                        
0000613d  strcat                        
0000615b  memccpy                       
000061a7  oi_parseInt                   
000061bf  strcmp                        
000061d7  strchr                        
000061ed  copysign                      
000061ed  copysignl                     
00006201  strcpy                        
00006215  strlen                        
00006229  __TI_zero_init_nomemset       
0000623b  wcslen                        
0000624d  IntMasterEnable               
0000625d  lcd_clear                     
0000626d  __TI_decompress_none          
0000627b  CPUcpsie                      
00006287  ResetISR                      
0000629d  __aeabi_errno_addr            
000062a5  _system_pre_init              
000062a9  C$$EXIT                       
000062a9  abort                         
00006408  _ctypes_                      
000065f8  __TI_Handler_Table_Base       
00006604  __TI_Handler_Table_Limit      
00006618  __TI_CINIT_Base               
00006630  __TI_CINIT_Limit              
20000000  g_pfnRAMVectors               
20000270  __stack                       
20000470  __STACK_TOP                   
20001270  __STACK_END                   
20001270  _sys_memory                   
200022dc  s_data                        
200022f4  button_event_ptr              
200022f8  currentDegree                 
20002300  button_num_ptr                
20002304  char_event_ptr                
20002308  events                        
2000230c  fallingEdge                   
20002310  i_ptr                         
20002314  pulseLength                   
20002318  risingEdge                    
2000231c  s_data_ptr                    
2000233c  _lock                         
20002340  _unlock                       
20002344  event                         
20002348  i                             
2000234c  multiplier                    
20002350  calibration                   
20002354  errno                         
20002359  edge                          
ffffffff  __TI_pprof_out_hndl           
ffffffff  __TI_prof_data_size           
ffffffff  __TI_prof_data_start          
ffffffff  __binit__                     
ffffffff  __c_args__                    
ffffffff  binit                         
UNDEFED   __mpu_init                    
UNDEFED   _system_post_cinit            

[185 symbols]
