******************************************************************************
                  TI ARM Linker PC v18.1.2                     
******************************************************************************
>> Linked Mon Apr 29 13:28:30 2019

OUTPUT FILE NAME:   <To Be Decided.out>
ENTRY POINT SYMBOL: "_c_int00_noargs"  address: 00006bbd


MEMORY CONFIGURATION

         name            origin    length      used     unused   attr    fill
----------------------  --------  ---------  --------  --------  ----  --------
  FLASH                 00000000   00040000  00007269  00038d97  R  X
  SRAM                  20000000   00008000  0000235a  00005ca6  RW X


SEGMENT ALLOCATION MAP

run origin  load origin   length   init length attrs members
----------  ----------- ---------- ----------- ----- -------
00000000    00000000    00007270   00007270    r-x
  00000000    00000000    0000026c   0000026c    r-- .intvecs
  0000026c    0000026c    00006c4c   00006c4c    r-x .text
  00006eb8    00006eb8    00000359   00000359    r-- .const
  00007218    00007218    00000058   00000058    r-- .cinit
20000000    20000000    0000235e   00000000    rw-
  20000000    20000000    0000026c   00000000    rw- .vtable
  20000270    20000270    00001000   00000000    rw- .stack
  20001270    20001270    00001000   00000000    rw- .sysmem
  20002270    20002270    000000b0   00000000    rw- .bss
  20002320    20002320    0000003e   00000000    rw- .data


SECTION ALLOCATION MAP

 output                                  attributes/
section   page    origin      length       input sections
--------  ----  ----------  ----------   ----------------
.intvecs   0    00000000    0000026c     
                  00000000    0000026c     tm4c123gh6pm_startup_ccs.obj (.intvecs)

.text      0    0000026c    00006c4c     
                  0000026c    00000d0c     scan.obj (.text)
                  00000f78    00000a9c     open_interface.obj (.text)
                  00001a14    00000a5e     rtsv7M4_T_le_v4SPD16_eabi.lib : _printfi.c.obj (.text:__TI_printfi)
                  00002472    00000002                                   : _lock.c.obj (.text:_nop)
                  00002474    000009c0                                   : e_pow.c.obj (.text:pow)
                  00002e34    00000738                                   : k_rem_pio2.c.obj (.text:__kernel_rem_pio2)
                  0000356c    000005a4     l1_main.obj (.text)
                  00003b10    00000508     rtsv7M4_T_le_v4SPD16_eabi.lib : s_tan.c.obj (.text:tan)
                  00004018    000003c4     lcd.obj (.text)
                  000043dc    00000318     rtsv7M4_T_le_v4SPD16_eabi.lib : k_tan.c.obj (.text:__kernel_tan)
                  000046f4    000002d0     movement.obj (.text)
                  000049c4    000002b8     uart.obj (.text)
                  00004c7c    00000288     servo.obj (.text)
                  00004f04    00000270     rtsv7M4_T_le_v4SPD16_eabi.lib : _printfi.c.obj (.text:_pconv_a)
                  00005174    000001d8     ping.obj (.text)
                  0000534c    000001d0     rtsv7M4_T_le_v4SPD16_eabi.lib : _printfi.c.obj (.text:_pconv_g)
                  0000551c    000001b6                                   : fd_add_t2.asm.obj (.text)
                  000056d2    00000002                                   : div0.asm.obj (.text)
                  000056d4    00000158                                   : e_sqrt.c.obj (.text:sqrt)
                  0000582c    00000158     timer.obj (.text)
                  00005984    0000014c     adc.obj (.text)
                  00005ad0    00000148     button.obj (.text)
                  00005c18    0000013c     rtsv7M4_T_le_v4SPD16_eabi.lib : _printfi.c.obj (.text:_pconv_e)
                  00005d54    00000136                                   : fd_div_t2.asm.obj (.text)
                  00005e8a    00000002     --HOLE-- [fill = 0]
                  00005e8c    00000120                                   : _printfi.c.obj (.text:fcvt)
                  00005fac    00000110                                   : s_scalbn.c.obj (.text:scalbn)
                  000060bc    000000fc                                   : fd_mul_t2.asm.obj (.text)
                  000061b8    000000f8                                   : s_floor.c.obj (.text:floor)
                  000062b0    000000d8                                   : memory.c.obj (.text:free)
                  00006388    000000b1                                   : _printfi.c.obj (.text:_ltostr)
                  00006439    00000001     --HOLE-- [fill = 0]
                  0000643a    0000009c                                   : memcpy_t2.asm.obj (.text)
                  000064d6    00000096                                   : ull_div_t2.asm.obj (.text)
                  0000656c    00000086                                   : fd_cmp_t2.asm.obj (.text:__aeabi_cdcmple)
                  000065f2    00000086                                   : fd_cmp_t2.asm.obj (.text:__aeabi_cdrcmple)
                  00006678    0000007a                                   : memset_t2.asm.obj (.text)
                  000066f2    00000002     --HOLE-- [fill = 0]
                  000066f4    00000078                                   : memory.c.obj (.text:malloc)
                  0000676c    0000006e                                   : _printfi.c.obj (.text:_mcpy)
                  000067da    00000068                                   : copy_decompress_lzss.c.obj (.text:decompress:lzss:__TI_decompress_lzss)
                  00006842    00000002     --HOLE-- [fill = 0]
                  00006844    00000064                                   : s_frexp.c.obj (.text:frexp)
                  000068a8    00000056                                   : _printfi.c.obj (.text:_pconv_f)
                  000068fe    00000054                                   : ltoa.c.obj (.text:ltoa)
                  00006952    00000052                                   : _printfi.c.obj (.text:_ecpy)
                  000069a4    0000004c                                   : atoi.c.obj (.text:atoi)
                  000069f0    00000048                                   : fd_toi_t2.asm.obj (.text)
                  00006a38    00000044                                   : autoinit.c.obj (.text:__TI_auto_init_nobinit_nopinit:__TI_auto_init_nobinit_nopinit)
                  00006a7c    00000044                                   : fd_tou_t2.asm.obj (.text)
                  00006ac0    00000040                                   : sprintf.c.obj (.text:sprintf)
                  00006b00    00000040                                   : vsnprintf.c.obj (.text:vsnprintf)
                  00006b40    0000003e                                   : _printfi.c.obj (.text:_fcpy)
                  00006b7e    00000002     --HOLE-- [fill = 0]
                  00006b80    0000003c                                   : memory.c.obj (.text:minsert)
                  00006bbc    00000038                                   : boot_cortex_m.c.obj (.text:_c_int00_noargs:_c_int00_noargs)
                  00006bf4    00000038                                   : memory.c.obj (.text:minit)
                  00006c2c    00000038                                   : fs_tod_t2.asm.obj (.text)
                  00006c64    00000034     driverlib.lib : interrupt.obj (.text:IntRegister)
                  00006c98    00000030     rtsv7M4_T_le_v4SPD16_eabi.lib : vsnprintf.c.obj (.text:_outs)
                  00006cc8    0000002e                                   : i_tofd_t2.asm.obj (.text)
                  00006cf6    0000002a                                   : memory.c.obj (.text:calloc)
                  00006d20    00000028                                   : memory.c.obj (.text:mremove)
                  00006d48    0000001e                                   : strcat.c.obj (.text:strcat)
                  00006d66    0000001c                                   : memccpy.c.obj (.text:memccpy)
                  00006d82    00000018                                   : vsnprintf.c.obj (.text:_outc)
                  00006d9a    00000018                                   : sprintf.c.obj (.text:_outs)
                  00006db2    00000018     open_interface.obj (.text:oi_parseInt)
                  00006dca    00000018     rtsv7M4_T_le_v4SPD16_eabi.lib : strcmp.c.obj (.text:strcmp)
                  00006de2    00000016                                   : strchr.c.obj (.text:strchr)
                  00006df8    00000014                                   : s_copysign.c.obj (.text:copysign)
                  00006e0c    00000014                                   : strcpy.c.obj (.text:strcpy)
                  00006e20    00000014                                   : strlen.c.obj (.text:strlen)
                  00006e34    00000012                                   : copy_zero_init.c.obj (.text:decompress:ZI:__TI_zero_init_nomemset:__TI_zero_init_nomemset)
                  00006e46    00000012                                   : wcslen.c.obj (.text:wcslen)
                  00006e58    00000010     driverlib.lib : interrupt.obj (.text:IntMasterEnable)
                  00006e68    00000010     lcd.obj (.text:lcd_clear)
                  00006e78    0000000e     rtsv7M4_T_le_v4SPD16_eabi.lib : copy_decompress_none.c.obj (.text:decompress:none:__TI_decompress_none)
                  00006e86    0000000c     driverlib.lib : cpu.obj (.text:CPUcpsie)
                  00006e92    0000000c     tm4c123gh6pm_startup_ccs.obj (.text)
                  00006e9e    0000000a     rtsv7M4_T_le_v4SPD16_eabi.lib : sprintf.c.obj (.text:_outc)
                  00006ea8    00000008                                   : errno.c.obj (.text:__aeabi_errno_addr)
                  00006eb0    00000004                                   : pre_init.c.obj (.text:_system_pre_init)
                  00006eb4    00000004                                   : exit.c.obj (.text:abort:abort)

.const     0    00006eb8    00000359     
                  00006eb8    00000158     rtsv7M4_T_le_v4SPD16_eabi.lib : k_rem_pio2.c.obj (.const:$O1$$)
                  00007010    00000101                                   : ctype.c.obj (.const:.string:_ctypes_)
                  00007111    00000004     lcd.obj (.const:.string:lineAddress$1)
                  00007115    00000003     --HOLE-- [fill = 0]
                  00007118    00000080     rtsv7M4_T_le_v4SPD16_eabi.lib : k_tan.c.obj (.const:xxx)
                  00007198    00000030                                   : e_pow.c.obj (.const:$O1$$)
                  000071c8    00000010     movement.obj (.const:.string:$P$T0$1)
                  000071d8    00000010     movement.obj (.const:.string:$P$T1$2)
                  000071e8    0000000f     open_interface.obj (.const:.string:$P$T0$3)
                  000071f7    0000000b     l1_main.obj (.const:.string:$P$T0$1)
                  00007202    0000000b     l1_main.obj (.const:.string:$P$T1$2)
                  0000720d    00000004     lcd.obj (.const:.string:lineAddresses$2)

.cinit     0    00007218    00000058     
                  00007218    0000001d     (.cinit..data.load) [load image, compression = lzss]
                  00007235    00000003     --HOLE-- [fill = 0]
                  00007238    0000000c     (__TI_handler_table)
                  00007244    00000004     --HOLE-- [fill = 0]
                  00007248    00000008     (.cinit..bss.load) [load image, compression = zero_init]
                  00007250    00000008     (.cinit..vtable.load) [load image, compression = zero_init]
                  00007258    00000018     (__TI_cinit_table)

.init_array 
*          0    00000000    00000000     UNINITIALIZED

.vtable    0    20000000    0000026c     UNINITIALIZED
                  20000000    0000026c     driverlib.lib : interrupt.obj (.vtable)

.stack     0    20000270    00001000     UNINITIALIZED
                  20000270    00000004     rtsv7M4_T_le_v4SPD16_eabi.lib : boot_cortex_m.c.obj (.stack)
                  20000274    00000ffc     --HOLE--

.sysmem    0    20001270    00001000     UNINITIALIZED
                  20001270    00000008     rtsv7M4_T_le_v4SPD16_eabi.lib : memory.c.obj (.sysmem)
                  20001278    00000ff8     --HOLE--

.bss       0    20002270    000000b0     UNINITIALIZED
                  20002270    00000054     lcd.obj (.bss:lastbuffer$3)
                  200022c4    00000018     open_interface.obj (.bss:firmware$2)
                  200022dc    00000018     (.common:s_data)
                  200022f4    00000004     (.common:button_event_ptr)
                  200022f8    00000008     (.common:currentDegree)
                  20002300    00000004     (.common:button_num_ptr)
                  20002304    00000004     (.common:char_event_ptr)
                  20002308    00000004     (.common:events)
                  2000230c    00000004     (.common:fallingEdge)
                  20002310    00000004     (.common:i_ptr)
                  20002314    00000004     (.common:pulseLength)
                  20002318    00000004     (.common:risingEdge)
                  2000231c    00000004     (.common:s_data_ptr)

.data      0    20002320    0000003e     UNINITIALIZED
                  20002320    00000010     open_interface.obj (.data)
                  20002330    0000000c     rtsv7M4_T_le_v4SPD16_eabi.lib : memory.c.obj (.data:$O1$$)
                  2000233c    0000000c     l1_main.obj (.data)
                  20002348    00000008     rtsv7M4_T_le_v4SPD16_eabi.lib : _lock.c.obj (.data:$O1$$)
                  20002350    00000008     servo.obj (.data)
                  20002358    00000004     rtsv7M4_T_le_v4SPD16_eabi.lib : errno.c.obj (.data)
                  2000235c    00000001     button.obj (.data)
                  2000235d    00000001     ping.obj (.data)

MODULE SUMMARY

       Module                         code    ro data   rw data
       ------                         ----    -------   -------
    .\
       scan.obj                       3340    0         0      
       open_interface.obj             2740    15        40     
       l1_main.obj                    1444    22        36     
       lcd.obj                        980     8         84     
       movement.obj                   720     32        4      
       uart.obj                       696     0         12     
       servo.obj                      648     0         8      
       tm4c123gh6pm_startup_ccs.obj   12      620       0      
       ping.obj                       472     0         1      
       timer.obj                      344     0         0      
       button.obj                     328     0         9      
       adc.obj                        332     0         0      
       data.obj                       0       0         20     
    +--+------------------------------+-------+---------+---------+
       Total:                         12056   697       214    
                                                               
    C:/ti/TivaWare_C_Series-2.1.4.178/driverlib/ccs/Debug/driverlib.lib
       interrupt.obj                  68      0         620    
       cpu.obj                        12      0         0      
    +--+------------------------------+-------+---------+---------+
       Total:                         80      0         620    
                                                               
    C:\ti\ccsv8\tools\compiler\ti-cgt-arm_18.1.2.LTS\lib\rtsv7M4_T_le_v4SPD16_eabi.lib
       _printfi.c.obj                 4863    0         0      
       e_pow.c.obj                    2496    48        0      
       k_rem_pio2.c.obj               1848    344       0      
       s_tan.c.obj                    1288    0         0      
       k_tan.c.obj                    792     128       0      
       memory.c.obj                   534     0         12     
       fd_add_t2.asm.obj              438     0         0      
       e_sqrt.c.obj                   344     0         0      
       fd_div_t2.asm.obj              310     0         0      
       s_scalbn.c.obj                 272     0         0      
       fd_cmp_t2.asm.obj              268     0         0      
       ctype.c.obj                    0       257       0      
       fd_mul_t2.asm.obj              252     0         0      
       s_floor.c.obj                  248     0         0      
       memcpy_t2.asm.obj              156     0         0      
       ull_div_t2.asm.obj             150     0         0      
       vsnprintf.c.obj                136     0         0      
       memset_t2.asm.obj              122     0         0      
       copy_decompress_lzss.c.obj     104     0         0      
       s_frexp.c.obj                  100     0         0      
       sprintf.c.obj                  98      0         0      
       ltoa.c.obj                     84      0         0      
       atoi.c.obj                     76      0         0      
       fd_toi_t2.asm.obj              72      0         0      
       autoinit.c.obj                 68      0         0      
       fd_tou_t2.asm.obj              68      0         0      
       boot_cortex_m.c.obj            56      0         0      
       fs_tod_t2.asm.obj              56      0         0      
       i_tofd_t2.asm.obj              46      0         0      
       strcat.c.obj                   30      0         0      
       memccpy.c.obj                  28      0         0      
       strcmp.c.obj                   24      0         0      
       strchr.c.obj                   22      0         0      
       s_copysign.c.obj               20      0         0      
       strcpy.c.obj                   20      0         0      
       strlen.c.obj                   20      0         0      
       copy_zero_init.c.obj           18      0         0      
       wcslen.c.obj                   18      0         0      
       copy_decompress_none.c.obj     14      0         0      
       errno.c.obj                    8       0         4      
       _lock.c.obj                    2       0         8      
       exit.c.obj                     4       0         0      
       pre_init.c.obj                 4       0         0      
       div0.asm.obj                   2       0         0      
    +--+------------------------------+-------+---------+---------+
       Total:                         15579   777       24     
                                                               
       Heap:                          0       0         4096   
       Stack:                         0       0         4096   
       Linker Generated:              0       81        0      
    +--+------------------------------+-------+---------+---------+
       Grand Total:                   27715   1555      9050   


LINKER GENERATED COPY TABLES

__TI_cinit_table @ 00007258 records: 3, size/record: 8, table size: 24
	.data: load addr=00007218, load size=0000001d bytes, run addr=20002320, run size=0000003e bytes, compression=lzss
	.bss: load addr=00007248, load size=00000008 bytes, run addr=20002270, run size=000000b0 bytes, compression=zero_init
	.vtable: load addr=00007250, load size=00000008 bytes, run addr=20000000, run size=0000026c bytes, compression=zero_init


LINKER GENERATED HANDLER TABLE

__TI_handler_table @ 00007238 records: 3, size/record: 4, table size: 12
	index: 0, handler: __TI_zero_init
	index: 1, handler: __TI_decompress_lzss
	index: 2, handler: __TI_decompress_none


GLOBAL SYMBOLS: SORTED ALPHABETICALLY BY Name 

address   name                          
-------   ----                          
00006eb5  C$$EXIT                       
00006e87  CPUcpsie                      
20002344  DONE                          
00001879  GPIOF_Handler                 
00006e59  IntMasterEnable               
00006c65  IntRegister                   
00006e93  ResetISR                      
00005205  TIMER3_Handler                
00004a8d  UART1_Handler                 
00004ae7  UART1_Receive                 
00004acb  UART1_Transmit                
20001270  __STACK_END                   
00001000  __STACK_SIZE                  
20000470  __STACK_TOP                   
00001000  __SYSMEM_SIZE                 
00007258  __TI_CINIT_Base               
00007270  __TI_CINIT_Limit              
00007238  __TI_Handler_Table_Base       
00007244  __TI_Handler_Table_Limit      
00006a39  __TI_auto_init_nobinit_nopinit
000067db  __TI_decompress_lzss          
00006e79  __TI_decompress_none          
ffffffff  __TI_pprof_out_hndl           
00001a15  __TI_printfi                  
ffffffff  __TI_prof_data_size           
ffffffff  __TI_prof_data_start          
00000000  __TI_static_base__            
00006e35  __TI_zero_init_nomemset       
0000656d  __aeabi_cdcmpeq               
0000656d  __aeabi_cdcmple               
000065f3  __aeabi_cdrcmple              
000069f1  __aeabi_d2iz                  
00006a7d  __aeabi_d2uiz                 
00005527  __aeabi_dadd                  
00005d55  __aeabi_ddiv                  
000060bd  __aeabi_dmul                  
0000551d  __aeabi_dsub                  
00006ea9  __aeabi_errno_addr            
00006c2d  __aeabi_f2d                   
00006cc9  __aeabi_i2d                   
000056d3  __aeabi_idiv0                 
000056d3  __aeabi_ldiv0                 
00006679  __aeabi_memclr                
00006679  __aeabi_memclr4               
00006679  __aeabi_memclr8               
0000643b  __aeabi_memcpy                
0000643b  __aeabi_memcpy4               
0000643b  __aeabi_memcpy8               
0000667b  __aeabi_memset                
0000667b  __aeabi_memset4               
0000667b  __aeabi_memset8               
000064d7  __aeabi_uldivmod              
ffffffff  __binit__                     
ffffffff  __c_args__                    
00002e35  __kernel_rem_pio2             
000043dd  __kernel_tan                  
UNDEFED   __mpu_init                    
20000270  __stack                       
00006bbd  _c_int00_noargs               
00007010  _ctypes_                      
20002348  _lock                         
00002473  _nop                          
20001270  _sys_memory                   
UNDEFED   _system_post_cinit            
00006eb1  _system_pre_init              
2000234c  _unlock                       
00006eb5  abort                         
00005a3f  adc_conversion                
00005a11  adc_read                      
000069a5  atoi                          
ffffffff  binit                         
00005b6b  button_checkButtons           
200022f4  button_event_ptr              
00005b75  button_getButton              
00005ad1  button_init                   
20002300  button_num_ptr                
00004d4b  button_servo_move             
20002354  calibration                   
00006cf7  calloc                        
20002304  char_event_ptr                
00006df9  copysign                      
00006df9  copysignl                     
200022f8  currentDegree                 
2000235d  edge                          
20002358  errno                         
2000233c  event                         
000035ef  event_0                       
000035fd  event_1                       
00003765  event_10                      
00003a07  event_100                     
00003785  event_11                      
00003819  event_12                      
0000384d  event_13                      
00003881  event_14                      
000038cd  event_15                      
00003903  event_16                      
0000394d  event_17                      
00003985  event_18                      
000039c5  event_19                      
00003629  event_2                       
00003a75  event_200                     
00003655  event_3                       
00003681  event_4                       
000036ad  event_5                       
000036d9  event_6                       
00003705  event_7                       
00003721  event_8                       
00003743  event_9                       
20002308  events                        
2000230c  fallingEdge                   
000061b9  floor                         
000061b9  floorl                        
000062b1  free                          
00006845  frexp                         
00006845  frexpl                        
20000000  g_pfnRAMVectors               
00000000  g_pfnVectors                  
000018a5  getDegrees                    
00001635  go_charge                     
00005b4f  gpioe_handler                 
20002340  i                             
20002310  i_ptr                         
00005985  init_ADC                      
00005afb  init_button_interrupts        
00006e69  lcd_clear                     
000041b1  lcd_gotoLine                  
00004019  lcd_init                      
00004217  lcd_printf                    
000040d9  lcd_putc                      
00004111  lcd_puts                      
000042f5  lcd_rotatingBanner            
0000412f  lcd_sendCommand               
0000416d  lcd_sendNibble                
000041d9  lcd_setCursorPos              
00005fad  ldexp                         
00005fad  ldexpl                        
000068ff  ltoa                          
0000356d  main                          
000066f5  malloc                        
00006d67  memccpy                       
0000643b  memcpy                        
00006681  memset                        
00006bf5  minit                         
0000485b  move_backward                 
00004705  move_forward                  
000046f5  move_init                     
20002350  multiplier                    
00000f79  oi_alloc                      
0000175f  oi_checkFirmware              
00000fcf  oi_close                      
00000f85  oi_free                       
00000fb9  oi_init                       
00000f95  oi_init_noupdate              
000015cb  oi_loadSong                   
00006db3  oi_parseInt                   
00001033  oi_parsePacket                
00001621  oi_play_song                  
00001545  oi_setLeds                    
00001589  oi_setWheels                  
00001807  oi_shutoff_init               
00001643  oi_uartInit                   
000016e7  oi_uartReceive                
0000172d  oi_uartSendBuff               
000016cb  oi_uartSendChar               
0000170f  oi_uartSendStr                
00000fe1  oi_update                     
000052a9  ping_getDistance              
00005175  ping_init                     
00005279  ping_read                     
00005251  ping_send                     
000047f9  plow_forward                  
00002475  pow                           
00002475  powl                          
20002314  pulseLength                   
00004b35  putty_display                 
00004ba3  putty_display2                
20002318  risingEdge                    
200022dc  s_data                        
2000231c  s_data_ptr                    
00005fad  scalbn                        
00005fad  scalbnl                       
00000281  scan_area                     
00000b59  scan_goal                     
0000026d  scan_init                     
00000a49  scan_quick                    
000049c5  serial_init                   
00004c7d  servo_init                    
00004cff  servo_move                    
00006ac1  sprintf                       
000056d5  sqrt                          
000056d5  sqrtl                         
00006d49  strcat                        
00006de3  strchr                        
00006dcb  strcmp                        
00006e0d  strcpy                        
00006e21  strlen                        
00003b11  tan                           
00003b11  tanl                          
0000593d  timer_getClock                
000058f1  timer_startClock              
0000588b  timer_startTimer              
00005943  timer_stopClock               
000058db  timer_stopTimer               
00005861  timer_waitMicros              
0000582d  timer_waitMillis              
00004941  turn_left                     
000048d1  turn_right                    
00004b25  uart_sendChar                 
00004b07  uart_sendStr                  
00006b01  vsnprintf                     
00006e47  wcslen                        


GLOBAL SYMBOLS: SORTED BY Symbol Address 

address   name                          
-------   ----                          
00000000  __TI_static_base__            
00000000  g_pfnVectors                  
0000026d  scan_init                     
00000281  scan_area                     
00000a49  scan_quick                    
00000b59  scan_goal                     
00000f79  oi_alloc                      
00000f85  oi_free                       
00000f95  oi_init_noupdate              
00000fb9  oi_init                       
00000fcf  oi_close                      
00000fe1  oi_update                     
00001000  __STACK_SIZE                  
00001000  __SYSMEM_SIZE                 
00001033  oi_parsePacket                
00001545  oi_setLeds                    
00001589  oi_setWheels                  
000015cb  oi_loadSong                   
00001621  oi_play_song                  
00001635  go_charge                     
00001643  oi_uartInit                   
000016cb  oi_uartSendChar               
000016e7  oi_uartReceive                
0000170f  oi_uartSendStr                
0000172d  oi_uartSendBuff               
0000175f  oi_checkFirmware              
00001807  oi_shutoff_init               
00001879  GPIOF_Handler                 
000018a5  getDegrees                    
00001a15  __TI_printfi                  
00002473  _nop                          
00002475  pow                           
00002475  powl                          
00002e35  __kernel_rem_pio2             
0000356d  main                          
000035ef  event_0                       
000035fd  event_1                       
00003629  event_2                       
00003655  event_3                       
00003681  event_4                       
000036ad  event_5                       
000036d9  event_6                       
00003705  event_7                       
00003721  event_8                       
00003743  event_9                       
00003765  event_10                      
00003785  event_11                      
00003819  event_12                      
0000384d  event_13                      
00003881  event_14                      
000038cd  event_15                      
00003903  event_16                      
0000394d  event_17                      
00003985  event_18                      
000039c5  event_19                      
00003a07  event_100                     
00003a75  event_200                     
00003b11  tan                           
00003b11  tanl                          
00004019  lcd_init                      
000040d9  lcd_putc                      
00004111  lcd_puts                      
0000412f  lcd_sendCommand               
0000416d  lcd_sendNibble                
000041b1  lcd_gotoLine                  
000041d9  lcd_setCursorPos              
00004217  lcd_printf                    
000042f5  lcd_rotatingBanner            
000043dd  __kernel_tan                  
000046f5  move_init                     
00004705  move_forward                  
000047f9  plow_forward                  
0000485b  move_backward                 
000048d1  turn_right                    
00004941  turn_left                     
000049c5  serial_init                   
00004a8d  UART1_Handler                 
00004acb  UART1_Transmit                
00004ae7  UART1_Receive                 
00004b07  uart_sendStr                  
00004b25  uart_sendChar                 
00004b35  putty_display                 
00004ba3  putty_display2                
00004c7d  servo_init                    
00004cff  servo_move                    
00004d4b  button_servo_move             
00005175  ping_init                     
00005205  TIMER3_Handler                
00005251  ping_send                     
00005279  ping_read                     
000052a9  ping_getDistance              
0000551d  __aeabi_dsub                  
00005527  __aeabi_dadd                  
000056d3  __aeabi_idiv0                 
000056d3  __aeabi_ldiv0                 
000056d5  sqrt                          
000056d5  sqrtl                         
0000582d  timer_waitMillis              
00005861  timer_waitMicros              
0000588b  timer_startTimer              
000058db  timer_stopTimer               
000058f1  timer_startClock              
0000593d  timer_getClock                
00005943  timer_stopClock               
00005985  init_ADC                      
00005a11  adc_read                      
00005a3f  adc_conversion                
00005ad1  button_init                   
00005afb  init_button_interrupts        
00005b4f  gpioe_handler                 
00005b6b  button_checkButtons           
00005b75  button_getButton              
00005d55  __aeabi_ddiv                  
00005fad  ldexp                         
00005fad  ldexpl                        
00005fad  scalbn                        
00005fad  scalbnl                       
000060bd  __aeabi_dmul                  
000061b9  floor                         
000061b9  floorl                        
000062b1  free                          
0000643b  __aeabi_memcpy                
0000643b  __aeabi_memcpy4               
0000643b  __aeabi_memcpy8               
0000643b  memcpy                        
000064d7  __aeabi_uldivmod              
0000656d  __aeabi_cdcmpeq               
0000656d  __aeabi_cdcmple               
000065f3  __aeabi_cdrcmple              
00006679  __aeabi_memclr                
00006679  __aeabi_memclr4               
00006679  __aeabi_memclr8               
0000667b  __aeabi_memset                
0000667b  __aeabi_memset4               
0000667b  __aeabi_memset8               
00006681  memset                        
000066f5  malloc                        
000067db  __TI_decompress_lzss          
00006845  frexp                         
00006845  frexpl                        
000068ff  ltoa                          
000069a5  atoi                          
000069f1  __aeabi_d2iz                  
00006a39  __TI_auto_init_nobinit_nopinit
00006a7d  __aeabi_d2uiz                 
00006ac1  sprintf                       
00006b01  vsnprintf                     
00006bbd  _c_int00_noargs               
00006bf5  minit                         
00006c2d  __aeabi_f2d                   
00006c65  IntRegister                   
00006cc9  __aeabi_i2d                   
00006cf7  calloc                        
00006d49  strcat                        
00006d67  memccpy                       
00006db3  oi_parseInt                   
00006dcb  strcmp                        
00006de3  strchr                        
00006df9  copysign                      
00006df9  copysignl                     
00006e0d  strcpy                        
00006e21  strlen                        
00006e35  __TI_zero_init_nomemset       
00006e47  wcslen                        
00006e59  IntMasterEnable               
00006e69  lcd_clear                     
00006e79  __TI_decompress_none          
00006e87  CPUcpsie                      
00006e93  ResetISR                      
00006ea9  __aeabi_errno_addr            
00006eb1  _system_pre_init              
00006eb5  C$$EXIT                       
00006eb5  abort                         
00007010  _ctypes_                      
00007238  __TI_Handler_Table_Base       
00007244  __TI_Handler_Table_Limit      
00007258  __TI_CINIT_Base               
00007270  __TI_CINIT_Limit              
20000000  g_pfnRAMVectors               
20000270  __stack                       
20000470  __STACK_TOP                   
20001270  __STACK_END                   
20001270  _sys_memory                   
200022dc  s_data                        
200022f4  button_event_ptr              
200022f8  currentDegree                 
20002300  button_num_ptr                
20002304  char_event_ptr                
20002308  events                        
2000230c  fallingEdge                   
20002310  i_ptr                         
20002314  pulseLength                   
20002318  risingEdge                    
2000231c  s_data_ptr                    
2000233c  event                         
20002340  i                             
20002344  DONE                          
20002348  _lock                         
2000234c  _unlock                       
20002350  multiplier                    
20002354  calibration                   
20002358  errno                         
2000235d  edge                          
ffffffff  __TI_pprof_out_hndl           
ffffffff  __TI_prof_data_size           
ffffffff  __TI_prof_data_start          
ffffffff  __binit__                     
ffffffff  __c_args__                    
ffffffff  binit                         
UNDEFED   __mpu_init                    
UNDEFED   _system_post_cinit            

[211 symbols]
