******************************************************************************
                  TI ARM Linker PC v18.1.2                     
******************************************************************************
>> Linked Tue Apr 23 15:18:03 2019

OUTPUT FILE NAME:   <To Be Decided.out>
ENTRY POINT SYMBOL: "_c_int00_noargs"  address: 00006089


MEMORY CONFIGURATION

         name            origin    length      used     unused   attr    fill
----------------------  --------  ---------  --------  --------  ----  --------
  FLASH                 00000000   00040000  000066ff  00039901  R  X
  SRAM                  20000000   00008000  00002356  00005caa  RW X


SEGMENT ALLOCATION MAP

run origin  load origin   length   init length attrs members
----------  ----------- ---------- ----------- ----- -------
00000000    00000000    00006708   00006708    r-x
  00000000    00000000    0000026c   0000026c    r-- .intvecs
  0000026c    0000026c    00006118   00006118    r-x .text
  00006388    00006388    00000323   00000323    r-- .const
  000066b0    000066b0    00000058   00000058    r-- .cinit
20000000    20000000    0000235a   00000000    rw-
  20000000    20000000    0000026c   00000000    rw- .vtable
  20000270    20000270    00001000   00000000    rw- .stack
  20001270    20001270    00001000   00000000    rw- .sysmem
  20002270    20002270    000000b0   00000000    rw- .bss
  20002320    20002320    0000003a   00000000    rw- .data


SECTION ALLOCATION MAP

 output                                  attributes/
section   page    origin      length       input sections
--------  ----  ----------  ----------   ----------------
.intvecs   0    00000000    0000026c     
                  00000000    0000026c     tm4c123gh6pm_startup_ccs.obj (.intvecs)

.text      0    0000026c    00006118     
                  0000026c    00000a9c     open_interface.obj (.text)
                  00000d08    00000a5e     rtsv7M4_T_le_v4SPD16_eabi.lib : _printfi.c.obj (.text:__TI_printfi)
                  00001766    00000002                                   : _lock.c.obj (.text:_nop)
                  00001768    000009c0                                   : e_pow.c.obj (.text:pow)
                  00002128    00000738                                   : k_rem_pio2.c.obj (.text:__kernel_rem_pio2)
                  00002860    000005bc     scan.obj (.text)
                  00002e1c    00000508     rtsv7M4_T_le_v4SPD16_eabi.lib : s_tan.c.obj (.text:tan)
                  00003324    000003c4     lcd.obj (.text)
                  000036e8    00000318     rtsv7M4_T_le_v4SPD16_eabi.lib : k_tan.c.obj (.text:__kernel_tan)
                  00003a00    000002b8     uart.obj (.text)
                  00003cb8    00000288     servo.obj (.text)
                  00003f40    00000270     rtsv7M4_T_le_v4SPD16_eabi.lib : _printfi.c.obj (.text:_pconv_a)
                  000041b0    00000254     l1_main.obj (.text)
                  00004404    0000023c     movement.obj (.text)
                  00004640    000001d8     ping.obj (.text)
                  00004818    000001d0     rtsv7M4_T_le_v4SPD16_eabi.lib : _printfi.c.obj (.text:_pconv_g)
                  000049e8    000001b6                                   : fd_add_t2.asm.obj (.text)
                  00004b9e    00000002                                   : div0.asm.obj (.text)
                  00004ba0    00000158                                   : e_sqrt.c.obj (.text:sqrt)
                  00004cf8    00000158     timer.obj (.text)
                  00004e50    0000014c     adc.obj (.text)
                  00004f9c    00000148     button.obj (.text)
                  000050e4    0000013c     rtsv7M4_T_le_v4SPD16_eabi.lib : _printfi.c.obj (.text:_pconv_e)
                  00005220    00000136                                   : fd_div_t2.asm.obj (.text)
                  00005356    00000002     --HOLE-- [fill = 0]
                  00005358    00000120                                   : _printfi.c.obj (.text:fcvt)
                  00005478    00000110                                   : s_scalbn.c.obj (.text:scalbn)
                  00005588    000000fc                                   : fd_mul_t2.asm.obj (.text)
                  00005684    000000f8                                   : s_floor.c.obj (.text:floor)
                  0000577c    000000d8                                   : memory.c.obj (.text:free)
                  00005854    000000b1                                   : _printfi.c.obj (.text:_ltostr)
                  00005905    00000001     --HOLE-- [fill = 0]
                  00005906    0000009c                                   : memcpy_t2.asm.obj (.text)
                  000059a2    00000096                                   : ull_div_t2.asm.obj (.text)
                  00005a38    00000086                                   : fd_cmp_t2.asm.obj (.text:__aeabi_cdcmple)
                  00005abe    00000086                                   : fd_cmp_t2.asm.obj (.text:__aeabi_cdrcmple)
                  00005b44    0000007a                                   : memset_t2.asm.obj (.text)
                  00005bbe    00000002     --HOLE-- [fill = 0]
                  00005bc0    00000078                                   : memory.c.obj (.text:malloc)
                  00005c38    0000006e                                   : _printfi.c.obj (.text:_mcpy)
                  00005ca6    00000068                                   : copy_decompress_lzss.c.obj (.text:decompress:lzss:__TI_decompress_lzss)
                  00005d0e    00000002     --HOLE-- [fill = 0]
                  00005d10    00000064                                   : s_frexp.c.obj (.text:frexp)
                  00005d74    00000056                                   : _printfi.c.obj (.text:_pconv_f)
                  00005dca    00000054                                   : ltoa.c.obj (.text:ltoa)
                  00005e1e    00000052                                   : _printfi.c.obj (.text:_ecpy)
                  00005e70    0000004c                                   : atoi.c.obj (.text:atoi)
                  00005ebc    00000048                                   : fd_toi_t2.asm.obj (.text)
                  00005f04    00000044                                   : autoinit.c.obj (.text:__TI_auto_init_nobinit_nopinit:__TI_auto_init_nobinit_nopinit)
                  00005f48    00000044                                   : fd_tou_t2.asm.obj (.text)
                  00005f8c    00000040                                   : sprintf.c.obj (.text:sprintf)
                  00005fcc    00000040                                   : vsnprintf.c.obj (.text:vsnprintf)
                  0000600c    0000003e                                   : _printfi.c.obj (.text:_fcpy)
                  0000604a    00000002     --HOLE-- [fill = 0]
                  0000604c    0000003c                                   : memory.c.obj (.text:minsert)
                  00006088    00000038                                   : boot_cortex_m.c.obj (.text:_c_int00_noargs:_c_int00_noargs)
                  000060c0    00000038                                   : memory.c.obj (.text:minit)
                  000060f8    00000038                                   : fs_tod_t2.asm.obj (.text)
                  00006130    00000034     driverlib.lib : interrupt.obj (.text:IntRegister)
                  00006164    00000030     rtsv7M4_T_le_v4SPD16_eabi.lib : vsnprintf.c.obj (.text:_outs)
                  00006194    0000002e                                   : i_tofd_t2.asm.obj (.text)
                  000061c2    0000002a                                   : memory.c.obj (.text:calloc)
                  000061ec    00000028                                   : memory.c.obj (.text:mremove)
                  00006214    0000001e                                   : strcat.c.obj (.text:strcat)
                  00006232    0000001c                                   : memccpy.c.obj (.text:memccpy)
                  0000624e    00000018                                   : vsnprintf.c.obj (.text:_outc)
                  00006266    00000018                                   : sprintf.c.obj (.text:_outs)
                  0000627e    00000018     open_interface.obj (.text:oi_parseInt)
                  00006296    00000018     rtsv7M4_T_le_v4SPD16_eabi.lib : strcmp.c.obj (.text:strcmp)
                  000062ae    00000016                                   : strchr.c.obj (.text:strchr)
                  000062c4    00000014                                   : s_copysign.c.obj (.text:copysign)
                  000062d8    00000014                                   : strcpy.c.obj (.text:strcpy)
                  000062ec    00000014                                   : strlen.c.obj (.text:strlen)
                  00006300    00000012                                   : copy_zero_init.c.obj (.text:decompress:ZI:__TI_zero_init_nomemset:__TI_zero_init_nomemset)
                  00006312    00000012                                   : wcslen.c.obj (.text:wcslen)
                  00006324    00000010     driverlib.lib : interrupt.obj (.text:IntMasterEnable)
                  00006334    00000010     lcd.obj (.text:lcd_clear)
                  00006344    0000000e     rtsv7M4_T_le_v4SPD16_eabi.lib : copy_decompress_none.c.obj (.text:decompress:none:__TI_decompress_none)
                  00006352    0000000c     driverlib.lib : cpu.obj (.text:CPUcpsie)
                  0000635e    0000000c     tm4c123gh6pm_startup_ccs.obj (.text)
                  0000636a    0000000a     rtsv7M4_T_le_v4SPD16_eabi.lib : sprintf.c.obj (.text:_outc)
                  00006374    00000008                                   : errno.c.obj (.text:__aeabi_errno_addr)
                  0000637c    00000004                                   : pre_init.c.obj (.text:_system_pre_init)
                  00006380    00000004                                   : exit.c.obj (.text:abort:abort)

.const     0    00006388    00000323     
                  00006388    00000158     rtsv7M4_T_le_v4SPD16_eabi.lib : k_rem_pio2.c.obj (.const:$O1$$)
                  000064e0    00000101                                   : ctype.c.obj (.const:.string:_ctypes_)
                  000065e1    00000004     lcd.obj (.const:.string:lineAddress$1)
                  000065e5    00000003     --HOLE-- [fill = 0]
                  000065e8    00000080     rtsv7M4_T_le_v4SPD16_eabi.lib : k_tan.c.obj (.const:xxx)
                  00006668    00000030                                   : e_pow.c.obj (.const:$O1$$)
                  00006698    0000000f     open_interface.obj (.const:.string:$P$T0$3)
                  000066a7    00000004     lcd.obj (.const:.string:lineAddresses$2)

.cinit     0    000066b0    00000058     
                  000066b0    0000001f     (.cinit..data.load) [load image, compression = lzss]
                  000066cf    00000001     --HOLE-- [fill = 0]
                  000066d0    0000000c     (__TI_handler_table)
                  000066dc    00000004     --HOLE-- [fill = 0]
                  000066e0    00000008     (.cinit..bss.load) [load image, compression = zero_init]
                  000066e8    00000008     (.cinit..vtable.load) [load image, compression = zero_init]
                  000066f0    00000018     (__TI_cinit_table)

.init_array 
*          0    00000000    00000000     UNINITIALIZED

.vtable    0    20000000    0000026c     UNINITIALIZED
                  20000000    0000026c     driverlib.lib : interrupt.obj (.vtable)

.stack     0    20000270    00001000     UNINITIALIZED
                  20000270    00000004     rtsv7M4_T_le_v4SPD16_eabi.lib : boot_cortex_m.c.obj (.stack)
                  20000274    00000ffc     --HOLE--

.sysmem    0    20001270    00001000     UNINITIALIZED
                  20001270    00000008     rtsv7M4_T_le_v4SPD16_eabi.lib : memory.c.obj (.sysmem)
                  20001278    00000ff8     --HOLE--

.bss       0    20002270    000000b0     UNINITIALIZED
                  20002270    00000054     lcd.obj (.bss:lastbuffer$3)
                  200022c4    00000018     open_interface.obj (.bss:firmware$2)
                  200022dc    00000018     (.common:s_data)
                  200022f4    00000004     (.common:button_event_ptr)
                  200022f8    00000008     (.common:currentDegree)
                  20002300    00000004     (.common:button_num_ptr)
                  20002304    00000004     (.common:char_event_ptr)
                  20002308    00000004     (.common:events)
                  2000230c    00000004     (.common:fallingEdge)
                  20002310    00000004     (.common:i_ptr)
                  20002314    00000004     (.common:pulseLength)
                  20002318    00000004     (.common:risingEdge)
                  2000231c    00000004     (.common:s_data_ptr)

.data      0    20002320    0000003a     UNINITIALIZED
                  20002320    00000010     open_interface.obj (.data)
                  20002330    0000000c     rtsv7M4_T_le_v4SPD16_eabi.lib : memory.c.obj (.data:$O1$$)
                  2000233c    00000008                                   : _lock.c.obj (.data:$O1$$)
                  20002344    00000008     l1_main.obj (.data)
                  2000234c    00000008     servo.obj (.data)
                  20002354    00000004     rtsv7M4_T_le_v4SPD16_eabi.lib : errno.c.obj (.data)
                  20002358    00000001     button.obj (.data)
                  20002359    00000001     ping.obj (.data)

MODULE SUMMARY

       Module                         code    ro data   rw data
       ------                         ----    -------   -------
    .\
       open_interface.obj             2740    15        40     
       scan.obj                       1468    0         0      
       lcd.obj                        980     8         84     
       uart.obj                       696     0         12     
       servo.obj                      648     0         8      
       tm4c123gh6pm_startup_ccs.obj   12      620       0      
       l1_main.obj                    596     0         32     
       movement.obj                   572     0         4      
       ping.obj                       472     0         1      
       timer.obj                      344     0         0      
       button.obj                     328     0         9      
       adc.obj                        332     0         0      
       data.obj                       0       0         20     
    +--+------------------------------+-------+---------+---------+
       Total:                         9188    643       210    
                                                               
    C:/ti/TivaWare_C_Series-2.1.4.178/driverlib/ccs/Debug/driverlib.lib
       interrupt.obj                  68      0         620    
       cpu.obj                        12      0         0      
    +--+------------------------------+-------+---------+---------+
       Total:                         80      0         620    
                                                               
    C:\ti\ccsv8\tools\compiler\ti-cgt-arm_18.1.2.LTS\lib\rtsv7M4_T_le_v4SPD16_eabi.lib
       _printfi.c.obj                 4863    0         0      
       e_pow.c.obj                    2496    48        0      
       k_rem_pio2.c.obj               1848    344       0      
       s_tan.c.obj                    1288    0         0      
       k_tan.c.obj                    792     128       0      
       memory.c.obj                   534     0         12     
       fd_add_t2.asm.obj              438     0         0      
       e_sqrt.c.obj                   344     0         0      
       fd_div_t2.asm.obj              310     0         0      
       s_scalbn.c.obj                 272     0         0      
       fd_cmp_t2.asm.obj              268     0         0      
       ctype.c.obj                    0       257       0      
       fd_mul_t2.asm.obj              252     0         0      
       s_floor.c.obj                  248     0         0      
       memcpy_t2.asm.obj              156     0         0      
       ull_div_t2.asm.obj             150     0         0      
       vsnprintf.c.obj                136     0         0      
       memset_t2.asm.obj              122     0         0      
       copy_decompress_lzss.c.obj     104     0         0      
       s_frexp.c.obj                  100     0         0      
       sprintf.c.obj                  98      0         0      
       ltoa.c.obj                     84      0         0      
       atoi.c.obj                     76      0         0      
       fd_toi_t2.asm.obj              72      0         0      
       autoinit.c.obj                 68      0         0      
       fd_tou_t2.asm.obj              68      0         0      
       boot_cortex_m.c.obj            56      0         0      
       fs_tod_t2.asm.obj              56      0         0      
       i_tofd_t2.asm.obj              46      0         0      
       strcat.c.obj                   30      0         0      
       memccpy.c.obj                  28      0         0      
       strcmp.c.obj                   24      0         0      
       strchr.c.obj                   22      0         0      
       s_copysign.c.obj               20      0         0      
       strcpy.c.obj                   20      0         0      
       strlen.c.obj                   20      0         0      
       copy_zero_init.c.obj           18      0         0      
       wcslen.c.obj                   18      0         0      
       copy_decompress_none.c.obj     14      0         0      
       errno.c.obj                    8       0         4      
       _lock.c.obj                    2       0         8      
       exit.c.obj                     4       0         0      
       pre_init.c.obj                 4       0         0      
       div0.asm.obj                   2       0         0      
    +--+------------------------------+-------+---------+---------+
       Total:                         15579   777       24     
                                                               
       Heap:                          0       0         4096   
       Stack:                         0       0         4096   
       Linker Generated:              0       83        0      
    +--+------------------------------+-------+---------+---------+
       Grand Total:                   24847   1503      9046   


LINKER GENERATED COPY TABLES

__TI_cinit_table @ 000066f0 records: 3, size/record: 8, table size: 24
	.data: load addr=000066b0, load size=0000001f bytes, run addr=20002320, run size=0000003a bytes, compression=lzss
	.bss: load addr=000066e0, load size=00000008 bytes, run addr=20002270, run size=000000b0 bytes, compression=zero_init
	.vtable: load addr=000066e8, load size=00000008 bytes, run addr=20000000, run size=0000026c bytes, compression=zero_init


LINKER GENERATED HANDLER TABLE

__TI_handler_table @ 000066d0 records: 3, size/record: 4, table size: 12
	index: 0, handler: __TI_zero_init
	index: 1, handler: __TI_decompress_lzss
	index: 2, handler: __TI_decompress_none


GLOBAL SYMBOLS: SORTED ALPHABETICALLY BY Name 

address   name                          
-------   ----                          
00006381  C$$EXIT                       
00006353  CPUcpsie                      
00000b6d  GPIOF_Handler                 
00006325  IntMasterEnable               
00006131  IntRegister                   
0000635f  ResetISR                      
000046d1  TIMER3_Handler                
00003ac9  UART1_Handler                 
00003b23  UART1_Receive                 
00003b07  UART1_Transmit                
20001270  __STACK_END                   
00001000  __STACK_SIZE                  
20000470  __STACK_TOP                   
00001000  __SYSMEM_SIZE                 
000066f0  __TI_CINIT_Base               
00006708  __TI_CINIT_Limit              
000066d0  __TI_Handler_Table_Base       
000066dc  __TI_Handler_Table_Limit      
00005f05  __TI_auto_init_nobinit_nopinit
00005ca7  __TI_decompress_lzss          
00006345  __TI_decompress_none          
ffffffff  __TI_pprof_out_hndl           
00000d09  __TI_printfi                  
ffffffff  __TI_prof_data_size           
ffffffff  __TI_prof_data_start          
00000000  __TI_static_base__            
00006301  __TI_zero_init_nomemset       
00005a39  __aeabi_cdcmpeq               
00005a39  __aeabi_cdcmple               
00005abf  __aeabi_cdrcmple              
00005ebd  __aeabi_d2iz                  
00005f49  __aeabi_d2uiz                 
000049f3  __aeabi_dadd                  
00005221  __aeabi_ddiv                  
00005589  __aeabi_dmul                  
000049e9  __aeabi_dsub                  
00006375  __aeabi_errno_addr            
000060f9  __aeabi_f2d                   
00006195  __aeabi_i2d                   
00004b9f  __aeabi_idiv0                 
00004b9f  __aeabi_ldiv0                 
00005b45  __aeabi_memclr                
00005b45  __aeabi_memclr4               
00005b45  __aeabi_memclr8               
00005907  __aeabi_memcpy                
00005907  __aeabi_memcpy4               
00005907  __aeabi_memcpy8               
00005b47  __aeabi_memset                
00005b47  __aeabi_memset4               
00005b47  __aeabi_memset8               
000059a3  __aeabi_uldivmod              
ffffffff  __binit__                     
ffffffff  __c_args__                    
00002129  __kernel_rem_pio2             
000036e9  __kernel_tan                  
UNDEFED   __mpu_init                    
20000270  __stack                       
00006089  _c_int00_noargs               
000064e0  _ctypes_                      
2000233c  _lock                         
00001767  _nop                          
20001270  _sys_memory                   
UNDEFED   _system_post_cinit            
0000637d  _system_pre_init              
20002340  _unlock                       
00006381  abort                         
00004f0b  adc_conversion                
00004edd  adc_read                      
00005e71  atoi                          
ffffffff  binit                         
00005037  button_checkButtons           
200022f4  button_event_ptr              
00005041  button_getButton              
00004f9d  button_init                   
20002300  button_num_ptr                
00003d87  button_servo_move             
20002350  calibration                   
000061c3  calloc                        
20002304  char_event_ptr                
000062c5  copysign                      
000062c5  copysignl                     
200022f8  currentDegree                 
20002359  edge                          
20002354  errno                         
20002344  event                         
20002308  events                        
2000230c  fallingEdge                   
00005685  floor                         
00005685  floorl                        
0000577d  free                          
00005d11  frexp                         
00005d11  frexpl                        
20000000  g_pfnRAMVectors               
00000000  g_pfnVectors                  
00000b99  getDegrees                    
00000929  go_charge                     
0000501b  gpioe_handler                 
20002348  i                             
20002310  i_ptr                         
00004e51  init_ADC                      
00004fc7  init_button_interrupts        
00006335  lcd_clear                     
000034bd  lcd_gotoLine                  
00003325  lcd_init                      
00003523  lcd_printf                    
000033e5  lcd_putc                      
0000341d  lcd_puts                      
00003601  lcd_rotatingBanner            
0000343b  lcd_sendCommand               
00003479  lcd_sendNibble                
000034e5  lcd_setCursorPos              
00005479  ldexp                         
00005479  ldexpl                        
00005dcb  ltoa                          
000041b1  main                          
00005bc1  malloc                        
00006233  memccpy                       
00005907  memcpy                        
00005b4d  memset                        
000060c1  minit                         
00004509  move_backward                 
00004415  move_forward                  
00004405  move_init                     
2000234c  multiplier                    
0000026d  oi_alloc                      
00000a53  oi_checkFirmware              
000002c3  oi_close                      
00000279  oi_free                       
000002ad  oi_init                       
00000289  oi_init_noupdate              
000008bf  oi_loadSong                   
0000627f  oi_parseInt                   
00000327  oi_parsePacket                
00000915  oi_play_song                  
00000839  oi_setLeds                    
0000087d  oi_setWheels                  
00000afb  oi_shutoff_init               
00000937  oi_uartInit                   
000009db  oi_uartReceive                
00000a21  oi_uartSendBuff               
000009bf  oi_uartSendChar               
00000a03  oi_uartSendStr                
000002d5  oi_update                     
00004775  ping_getDistance              
00004641  ping_init                     
00004745  ping_read                     
0000471d  ping_send                     
00001769  pow                           
00001769  powl                          
20002314  pulseLength                   
00003b71  putty_display                 
00003bdf  putty_display2                
20002318  risingEdge                    
200022dc  s_data                        
2000231c  s_data_ptr                    
00005479  scalbn                        
00005479  scalbnl                       
00002871  scan_area                     
00002861  scan_init                     
00003a01  serial_init                   
00003cb9  servo_init                    
00003d3b  servo_move                    
00005f8d  sprintf                       
00004ba1  sqrt                          
00004ba1  sqrtl                         
00006215  strcat                        
000062af  strchr                        
00006297  strcmp                        
000062d9  strcpy                        
000062ed  strlen                        
00002e1d  tan                           
00002e1d  tanl                          
00004e09  timer_getClock                
00004dbd  timer_startClock              
00004d57  timer_startTimer              
00004e0f  timer_stopClock               
00004da7  timer_stopTimer               
00004d2d  timer_waitMicros              
00004cf9  timer_waitMillis              
000045c3  turn_left                     
00004553  turn_right                    
00003b61  uart_sendChar                 
00003b43  uart_sendStr                  
00005fcd  vsnprintf                     
00006313  wcslen                        


GLOBAL SYMBOLS: SORTED BY Symbol Address 

address   name                          
-------   ----                          
00000000  __TI_static_base__            
00000000  g_pfnVectors                  
0000026d  oi_alloc                      
00000279  oi_free                       
00000289  oi_init_noupdate              
000002ad  oi_init                       
000002c3  oi_close                      
000002d5  oi_update                     
00000327  oi_parsePacket                
00000839  oi_setLeds                    
0000087d  oi_setWheels                  
000008bf  oi_loadSong                   
00000915  oi_play_song                  
00000929  go_charge                     
00000937  oi_uartInit                   
000009bf  oi_uartSendChar               
000009db  oi_uartReceive                
00000a03  oi_uartSendStr                
00000a21  oi_uartSendBuff               
00000a53  oi_checkFirmware              
00000afb  oi_shutoff_init               
00000b6d  GPIOF_Handler                 
00000b99  getDegrees                    
00000d09  __TI_printfi                  
00001000  __STACK_SIZE                  
00001000  __SYSMEM_SIZE                 
00001767  _nop                          
00001769  pow                           
00001769  powl                          
00002129  __kernel_rem_pio2             
00002861  scan_init                     
00002871  scan_area                     
00002e1d  tan                           
00002e1d  tanl                          
00003325  lcd_init                      
000033e5  lcd_putc                      
0000341d  lcd_puts                      
0000343b  lcd_sendCommand               
00003479  lcd_sendNibble                
000034bd  lcd_gotoLine                  
000034e5  lcd_setCursorPos              
00003523  lcd_printf                    
00003601  lcd_rotatingBanner            
000036e9  __kernel_tan                  
00003a01  serial_init                   
00003ac9  UART1_Handler                 
00003b07  UART1_Transmit                
00003b23  UART1_Receive                 
00003b43  uart_sendStr                  
00003b61  uart_sendChar                 
00003b71  putty_display                 
00003bdf  putty_display2                
00003cb9  servo_init                    
00003d3b  servo_move                    
00003d87  button_servo_move             
000041b1  main                          
00004405  move_init                     
00004415  move_forward                  
00004509  move_backward                 
00004553  turn_right                    
000045c3  turn_left                     
00004641  ping_init                     
000046d1  TIMER3_Handler                
0000471d  ping_send                     
00004745  ping_read                     
00004775  ping_getDistance              
000049e9  __aeabi_dsub                  
000049f3  __aeabi_dadd                  
00004b9f  __aeabi_idiv0                 
00004b9f  __aeabi_ldiv0                 
00004ba1  sqrt                          
00004ba1  sqrtl                         
00004cf9  timer_waitMillis              
00004d2d  timer_waitMicros              
00004d57  timer_startTimer              
00004da7  timer_stopTimer               
00004dbd  timer_startClock              
00004e09  timer_getClock                
00004e0f  timer_stopClock               
00004e51  init_ADC                      
00004edd  adc_read                      
00004f0b  adc_conversion                
00004f9d  button_init                   
00004fc7  init_button_interrupts        
0000501b  gpioe_handler                 
00005037  button_checkButtons           
00005041  button_getButton              
00005221  __aeabi_ddiv                  
00005479  ldexp                         
00005479  ldexpl                        
00005479  scalbn                        
00005479  scalbnl                       
00005589  __aeabi_dmul                  
00005685  floor                         
00005685  floorl                        
0000577d  free                          
00005907  __aeabi_memcpy                
00005907  __aeabi_memcpy4               
00005907  __aeabi_memcpy8               
00005907  memcpy                        
000059a3  __aeabi_uldivmod              
00005a39  __aeabi_cdcmpeq               
00005a39  __aeabi_cdcmple               
00005abf  __aeabi_cdrcmple              
00005b45  __aeabi_memclr                
00005b45  __aeabi_memclr4               
00005b45  __aeabi_memclr8               
00005b47  __aeabi_memset                
00005b47  __aeabi_memset4               
00005b47  __aeabi_memset8               
00005b4d  memset                        
00005bc1  malloc                        
00005ca7  __TI_decompress_lzss          
00005d11  frexp                         
00005d11  frexpl                        
00005dcb  ltoa                          
00005e71  atoi                          
00005ebd  __aeabi_d2iz                  
00005f05  __TI_auto_init_nobinit_nopinit
00005f49  __aeabi_d2uiz                 
00005f8d  sprintf                       
00005fcd  vsnprintf                     
00006089  _c_int00_noargs               
000060c1  minit                         
000060f9  __aeabi_f2d                   
00006131  IntRegister                   
00006195  __aeabi_i2d                   
000061c3  calloc                        
00006215  strcat                        
00006233  memccpy                       
0000627f  oi_parseInt                   
00006297  strcmp                        
000062af  strchr                        
000062c5  copysign                      
000062c5  copysignl                     
000062d9  strcpy                        
000062ed  strlen                        
00006301  __TI_zero_init_nomemset       
00006313  wcslen                        
00006325  IntMasterEnable               
00006335  lcd_clear                     
00006345  __TI_decompress_none          
00006353  CPUcpsie                      
0000635f  ResetISR                      
00006375  __aeabi_errno_addr            
0000637d  _system_pre_init              
00006381  C$$EXIT                       
00006381  abort                         
000064e0  _ctypes_                      
000066d0  __TI_Handler_Table_Base       
000066dc  __TI_Handler_Table_Limit      
000066f0  __TI_CINIT_Base               
00006708  __TI_CINIT_Limit              
20000000  g_pfnRAMVectors               
20000270  __stack                       
20000470  __STACK_TOP                   
20001270  __STACK_END                   
20001270  _sys_memory                   
200022dc  s_data                        
200022f4  button_event_ptr              
200022f8  currentDegree                 
20002300  button_num_ptr                
20002304  char_event_ptr                
20002308  events                        
2000230c  fallingEdge                   
20002310  i_ptr                         
20002314  pulseLength                   
20002318  risingEdge                    
2000231c  s_data_ptr                    
2000233c  _lock                         
20002340  _unlock                       
20002344  event                         
20002348  i                             
2000234c  multiplier                    
20002350  calibration                   
20002354  errno                         
20002359  edge                          
ffffffff  __TI_pprof_out_hndl           
ffffffff  __TI_prof_data_size           
ffffffff  __TI_prof_data_start          
ffffffff  __binit__                     
ffffffff  __c_args__                    
ffffffff  binit                         
UNDEFED   __mpu_init                    
UNDEFED   _system_post_cinit            

[185 symbols]
