******************************************************************************
                  TI ARM Linker PC v18.1.2                     
******************************************************************************
>> Linked Tue Apr 23 15:03:30 2019

OUTPUT FILE NAME:   <To Be Decided.out>
ENTRY POINT SYMBOL: "_c_int00_noargs"  address: 00005fe1


MEMORY CONFIGURATION

         name            origin    length      used     unused   attr    fill
----------------------  --------  ---------  --------  --------  ----  --------
  FLASH                 00000000   00040000  00006657  000399a9  R  X
  SRAM                  20000000   00008000  00002356  00005caa  RW X


SEGMENT ALLOCATION MAP

run origin  load origin   length   init length attrs members
----------  ----------- ---------- ----------- ----- -------
00000000    00000000    00006660   00006660    r-x
  00000000    00000000    0000026c   0000026c    r-- .intvecs
  0000026c    0000026c    00006070   00006070    r-x .text
  000062e0    000062e0    00000323   00000323    r-- .const
  00006608    00006608    00000058   00000058    r-- .cinit
20000000    20000000    0000235a   00000000    rw-
  20000000    20000000    0000026c   00000000    rw- .vtable
  20000270    20000270    00001000   00000000    rw- .stack
  20001270    20001270    00001000   00000000    rw- .sysmem
  20002270    20002270    000000b0   00000000    rw- .bss
  20002320    20002320    0000003a   00000000    rw- .data


SECTION ALLOCATION MAP

 output                                  attributes/
section   page    origin      length       input sections
--------  ----  ----------  ----------   ----------------
.intvecs   0    00000000    0000026c     
                  00000000    0000026c     tm4c123gh6pm_startup_ccs.obj (.intvecs)

.text      0    0000026c    00006070     
                  0000026c    00000a9c     open_interface.obj (.text)
                  00000d08    00000a5e     rtsv7M4_T_le_v4SPD16_eabi.lib : _printfi.c.obj (.text:__TI_printfi)
                  00001766    00000002                                   : _lock.c.obj (.text:_nop)
                  00001768    000009c0                                   : e_pow.c.obj (.text:pow)
                  00002128    00000738                                   : k_rem_pio2.c.obj (.text:__kernel_rem_pio2)
                  00002860    00000514     scan.obj (.text)
                  00002d74    00000508     rtsv7M4_T_le_v4SPD16_eabi.lib : s_tan.c.obj (.text:tan)
                  0000327c    000003c4     lcd.obj (.text)
                  00003640    00000318     rtsv7M4_T_le_v4SPD16_eabi.lib : k_tan.c.obj (.text:__kernel_tan)
                  00003958    000002b8     uart.obj (.text)
                  00003c10    00000288     servo.obj (.text)
                  00003e98    00000270     rtsv7M4_T_le_v4SPD16_eabi.lib : _printfi.c.obj (.text:_pconv_a)
                  00004108    00000254     l1_main.obj (.text)
                  0000435c    0000023c     movement.obj (.text)
                  00004598    000001d8     ping.obj (.text)
                  00004770    000001d0     rtsv7M4_T_le_v4SPD16_eabi.lib : _printfi.c.obj (.text:_pconv_g)
                  00004940    000001b6                                   : fd_add_t2.asm.obj (.text)
                  00004af6    00000002                                   : div0.asm.obj (.text)
                  00004af8    00000158                                   : e_sqrt.c.obj (.text:sqrt)
                  00004c50    00000158     timer.obj (.text)
                  00004da8    0000014c     adc.obj (.text)
                  00004ef4    00000148     button.obj (.text)
                  0000503c    0000013c     rtsv7M4_T_le_v4SPD16_eabi.lib : _printfi.c.obj (.text:_pconv_e)
                  00005178    00000136                                   : fd_div_t2.asm.obj (.text)
                  000052ae    00000002     --HOLE-- [fill = 0]
                  000052b0    00000120                                   : _printfi.c.obj (.text:fcvt)
                  000053d0    00000110                                   : s_scalbn.c.obj (.text:scalbn)
                  000054e0    000000fc                                   : fd_mul_t2.asm.obj (.text)
                  000055dc    000000f8                                   : s_floor.c.obj (.text:floor)
                  000056d4    000000d8                                   : memory.c.obj (.text:free)
                  000057ac    000000b1                                   : _printfi.c.obj (.text:_ltostr)
                  0000585d    00000001     --HOLE-- [fill = 0]
                  0000585e    0000009c                                   : memcpy_t2.asm.obj (.text)
                  000058fa    00000096                                   : ull_div_t2.asm.obj (.text)
                  00005990    00000086                                   : fd_cmp_t2.asm.obj (.text:__aeabi_cdcmple)
                  00005a16    00000086                                   : fd_cmp_t2.asm.obj (.text:__aeabi_cdrcmple)
                  00005a9c    0000007a                                   : memset_t2.asm.obj (.text)
                  00005b16    00000002     --HOLE-- [fill = 0]
                  00005b18    00000078                                   : memory.c.obj (.text:malloc)
                  00005b90    0000006e                                   : _printfi.c.obj (.text:_mcpy)
                  00005bfe    00000068                                   : copy_decompress_lzss.c.obj (.text:decompress:lzss:__TI_decompress_lzss)
                  00005c66    00000002     --HOLE-- [fill = 0]
                  00005c68    00000064                                   : s_frexp.c.obj (.text:frexp)
                  00005ccc    00000056                                   : _printfi.c.obj (.text:_pconv_f)
                  00005d22    00000054                                   : ltoa.c.obj (.text:ltoa)
                  00005d76    00000052                                   : _printfi.c.obj (.text:_ecpy)
                  00005dc8    0000004c                                   : atoi.c.obj (.text:atoi)
                  00005e14    00000048                                   : fd_toi_t2.asm.obj (.text)
                  00005e5c    00000044                                   : autoinit.c.obj (.text:__TI_auto_init_nobinit_nopinit:__TI_auto_init_nobinit_nopinit)
                  00005ea0    00000044                                   : fd_tou_t2.asm.obj (.text)
                  00005ee4    00000040                                   : sprintf.c.obj (.text:sprintf)
                  00005f24    00000040                                   : vsnprintf.c.obj (.text:vsnprintf)
                  00005f64    0000003e                                   : _printfi.c.obj (.text:_fcpy)
                  00005fa2    00000002     --HOLE-- [fill = 0]
                  00005fa4    0000003c                                   : memory.c.obj (.text:minsert)
                  00005fe0    00000038                                   : boot_cortex_m.c.obj (.text:_c_int00_noargs:_c_int00_noargs)
                  00006018    00000038                                   : memory.c.obj (.text:minit)
                  00006050    00000038                                   : fs_tod_t2.asm.obj (.text)
                  00006088    00000034     driverlib.lib : interrupt.obj (.text:IntRegister)
                  000060bc    00000030     rtsv7M4_T_le_v4SPD16_eabi.lib : vsnprintf.c.obj (.text:_outs)
                  000060ec    0000002e                                   : i_tofd_t2.asm.obj (.text)
                  0000611a    0000002a                                   : memory.c.obj (.text:calloc)
                  00006144    00000028                                   : memory.c.obj (.text:mremove)
                  0000616c    0000001e                                   : strcat.c.obj (.text:strcat)
                  0000618a    0000001c                                   : memccpy.c.obj (.text:memccpy)
                  000061a6    00000018                                   : vsnprintf.c.obj (.text:_outc)
                  000061be    00000018                                   : sprintf.c.obj (.text:_outs)
                  000061d6    00000018     open_interface.obj (.text:oi_parseInt)
                  000061ee    00000018     rtsv7M4_T_le_v4SPD16_eabi.lib : strcmp.c.obj (.text:strcmp)
                  00006206    00000016                                   : strchr.c.obj (.text:strchr)
                  0000621c    00000014                                   : s_copysign.c.obj (.text:copysign)
                  00006230    00000014                                   : strcpy.c.obj (.text:strcpy)
                  00006244    00000014                                   : strlen.c.obj (.text:strlen)
                  00006258    00000012                                   : copy_zero_init.c.obj (.text:decompress:ZI:__TI_zero_init_nomemset:__TI_zero_init_nomemset)
                  0000626a    00000012                                   : wcslen.c.obj (.text:wcslen)
                  0000627c    00000010     driverlib.lib : interrupt.obj (.text:IntMasterEnable)
                  0000628c    00000010     lcd.obj (.text:lcd_clear)
                  0000629c    0000000e     rtsv7M4_T_le_v4SPD16_eabi.lib : copy_decompress_none.c.obj (.text:decompress:none:__TI_decompress_none)
                  000062aa    0000000c     driverlib.lib : cpu.obj (.text:CPUcpsie)
                  000062b6    0000000c     tm4c123gh6pm_startup_ccs.obj (.text)
                  000062c2    0000000a     rtsv7M4_T_le_v4SPD16_eabi.lib : sprintf.c.obj (.text:_outc)
                  000062cc    00000008                                   : errno.c.obj (.text:__aeabi_errno_addr)
                  000062d4    00000004                                   : pre_init.c.obj (.text:_system_pre_init)
                  000062d8    00000004                                   : exit.c.obj (.text:abort:abort)

.const     0    000062e0    00000323     
                  000062e0    00000158     rtsv7M4_T_le_v4SPD16_eabi.lib : k_rem_pio2.c.obj (.const:$O1$$)
                  00006438    00000101                                   : ctype.c.obj (.const:.string:_ctypes_)
                  00006539    00000004     lcd.obj (.const:.string:lineAddress$1)
                  0000653d    00000003     --HOLE-- [fill = 0]
                  00006540    00000080     rtsv7M4_T_le_v4SPD16_eabi.lib : k_tan.c.obj (.const:xxx)
                  000065c0    00000030                                   : e_pow.c.obj (.const:$O1$$)
                  000065f0    0000000f     open_interface.obj (.const:.string:$P$T0$3)
                  000065ff    00000004     lcd.obj (.const:.string:lineAddresses$2)

.cinit     0    00006608    00000058     
                  00006608    0000001f     (.cinit..data.load) [load image, compression = lzss]
                  00006627    00000001     --HOLE-- [fill = 0]
                  00006628    0000000c     (__TI_handler_table)
                  00006634    00000004     --HOLE-- [fill = 0]
                  00006638    00000008     (.cinit..bss.load) [load image, compression = zero_init]
                  00006640    00000008     (.cinit..vtable.load) [load image, compression = zero_init]
                  00006648    00000018     (__TI_cinit_table)

.init_array 
*          0    00000000    00000000     UNINITIALIZED

.vtable    0    20000000    0000026c     UNINITIALIZED
                  20000000    0000026c     driverlib.lib : interrupt.obj (.vtable)

.stack     0    20000270    00001000     UNINITIALIZED
                  20000270    00000004     rtsv7M4_T_le_v4SPD16_eabi.lib : boot_cortex_m.c.obj (.stack)
                  20000274    00000ffc     --HOLE--

.sysmem    0    20001270    00001000     UNINITIALIZED
                  20001270    00000008     rtsv7M4_T_le_v4SPD16_eabi.lib : memory.c.obj (.sysmem)
                  20001278    00000ff8     --HOLE--

.bss       0    20002270    000000b0     UNINITIALIZED
                  20002270    00000054     lcd.obj (.bss:lastbuffer$3)
                  200022c4    00000018     open_interface.obj (.bss:firmware$2)
                  200022dc    00000018     (.common:s_data)
                  200022f4    00000004     (.common:button_event_ptr)
                  200022f8    00000008     (.common:currentDegree)
                  20002300    00000004     (.common:button_num_ptr)
                  20002304    00000004     (.common:char_event_ptr)
                  20002308    00000004     (.common:events)
                  2000230c    00000004     (.common:fallingEdge)
                  20002310    00000004     (.common:i_ptr)
                  20002314    00000004     (.common:pulseLength)
                  20002318    00000004     (.common:risingEdge)
                  2000231c    00000004     (.common:s_data_ptr)

.data      0    20002320    0000003a     UNINITIALIZED
                  20002320    00000010     open_interface.obj (.data)
                  20002330    0000000c     rtsv7M4_T_le_v4SPD16_eabi.lib : memory.c.obj (.data:$O1$$)
                  2000233c    00000008                                   : _lock.c.obj (.data:$O1$$)
                  20002344    00000008     l1_main.obj (.data)
                  2000234c    00000008     servo.obj (.data)
                  20002354    00000004     rtsv7M4_T_le_v4SPD16_eabi.lib : errno.c.obj (.data)
                  20002358    00000001     button.obj (.data)
                  20002359    00000001     ping.obj (.data)

MODULE SUMMARY

       Module                         code    ro data   rw data
       ------                         ----    -------   -------
    .\
       open_interface.obj             2740    15        40     
       scan.obj                       1300    0         0      
       lcd.obj                        980     8         84     
       uart.obj                       696     0         12     
       servo.obj                      648     0         8      
       tm4c123gh6pm_startup_ccs.obj   12      620       0      
       l1_main.obj                    596     0         32     
       movement.obj                   572     0         4      
       ping.obj                       472     0         1      
       timer.obj                      344     0         0      
       button.obj                     328     0         9      
       adc.obj                        332     0         0      
       data.obj                       0       0         20     
    +--+------------------------------+-------+---------+---------+
       Total:                         9020    643       210    
                                                               
    C:/ti/TivaWare_C_Series-2.1.4.178/driverlib/ccs/Debug/driverlib.lib
       interrupt.obj                  68      0         620    
       cpu.obj                        12      0         0      
    +--+------------------------------+-------+---------+---------+
       Total:                         80      0         620    
                                                               
    C:\ti\ccsv8\tools\compiler\ti-cgt-arm_18.1.2.LTS\lib\rtsv7M4_T_le_v4SPD16_eabi.lib
       _printfi.c.obj                 4863    0         0      
       e_pow.c.obj                    2496    48        0      
       k_rem_pio2.c.obj               1848    344       0      
       s_tan.c.obj                    1288    0         0      
       k_tan.c.obj                    792     128       0      
       memory.c.obj                   534     0         12     
       fd_add_t2.asm.obj              438     0         0      
       e_sqrt.c.obj                   344     0         0      
       fd_div_t2.asm.obj              310     0         0      
       s_scalbn.c.obj                 272     0         0      
       fd_cmp_t2.asm.obj              268     0         0      
       ctype.c.obj                    0       257       0      
       fd_mul_t2.asm.obj              252     0         0      
       s_floor.c.obj                  248     0         0      
       memcpy_t2.asm.obj              156     0         0      
       ull_div_t2.asm.obj             150     0         0      
       vsnprintf.c.obj                136     0         0      
       memset_t2.asm.obj              122     0         0      
       copy_decompress_lzss.c.obj     104     0         0      
       s_frexp.c.obj                  100     0         0      
       sprintf.c.obj                  98      0         0      
       ltoa.c.obj                     84      0         0      
       atoi.c.obj                     76      0         0      
       fd_toi_t2.asm.obj              72      0         0      
       autoinit.c.obj                 68      0         0      
       fd_tou_t2.asm.obj              68      0         0      
       boot_cortex_m.c.obj            56      0         0      
       fs_tod_t2.asm.obj              56      0         0      
       i_tofd_t2.asm.obj              46      0         0      
       strcat.c.obj                   30      0         0      
       memccpy.c.obj                  28      0         0      
       strcmp.c.obj                   24      0         0      
       strchr.c.obj                   22      0         0      
       s_copysign.c.obj               20      0         0      
       strcpy.c.obj                   20      0         0      
       strlen.c.obj                   20      0         0      
       copy_zero_init.c.obj           18      0         0      
       wcslen.c.obj                   18      0         0      
       copy_decompress_none.c.obj     14      0         0      
       errno.c.obj                    8       0         4      
       _lock.c.obj                    2       0         8      
       exit.c.obj                     4       0         0      
       pre_init.c.obj                 4       0         0      
       div0.asm.obj                   2       0         0      
    +--+------------------------------+-------+---------+---------+
       Total:                         15579   777       24     
                                                               
       Heap:                          0       0         4096   
       Stack:                         0       0         4096   
       Linker Generated:              0       83        0      
    +--+------------------------------+-------+---------+---------+
       Grand Total:                   24679   1503      9046   


LINKER GENERATED COPY TABLES

__TI_cinit_table @ 00006648 records: 3, size/record: 8, table size: 24
	.data: load addr=00006608, load size=0000001f bytes, run addr=20002320, run size=0000003a bytes, compression=lzss
	.bss: load addr=00006638, load size=00000008 bytes, run addr=20002270, run size=000000b0 bytes, compression=zero_init
	.vtable: load addr=00006640, load size=00000008 bytes, run addr=20000000, run size=0000026c bytes, compression=zero_init


LINKER GENERATED HANDLER TABLE

__TI_handler_table @ 00006628 records: 3, size/record: 4, table size: 12
	index: 0, handler: __TI_zero_init
	index: 1, handler: __TI_decompress_lzss
	index: 2, handler: __TI_decompress_none


GLOBAL SYMBOLS: SORTED ALPHABETICALLY BY Name 

address   name                          
-------   ----                          
000062d9  C$$EXIT                       
000062ab  CPUcpsie                      
00000b6d  GPIOF_Handler                 
0000627d  IntMasterEnable               
00006089  IntRegister                   
000062b7  ResetISR                      
00004629  TIMER3_Handler                
00003a21  UART1_Handler                 
00003a7b  UART1_Receive                 
00003a5f  UART1_Transmit                
20001270  __STACK_END                   
00001000  __STACK_SIZE                  
20000470  __STACK_TOP                   
00001000  __SYSMEM_SIZE                 
00006648  __TI_CINIT_Base               
00006660  __TI_CINIT_Limit              
00006628  __TI_Handler_Table_Base       
00006634  __TI_Handler_Table_Limit      
00005e5d  __TI_auto_init_nobinit_nopinit
00005bff  __TI_decompress_lzss          
0000629d  __TI_decompress_none          
ffffffff  __TI_pprof_out_hndl           
00000d09  __TI_printfi                  
ffffffff  __TI_prof_data_size           
ffffffff  __TI_prof_data_start          
00000000  __TI_static_base__            
00006259  __TI_zero_init_nomemset       
00005991  __aeabi_cdcmpeq               
00005991  __aeabi_cdcmple               
00005a17  __aeabi_cdrcmple              
00005e15  __aeabi_d2iz                  
00005ea1  __aeabi_d2uiz                 
0000494b  __aeabi_dadd                  
00005179  __aeabi_ddiv                  
000054e1  __aeabi_dmul                  
00004941  __aeabi_dsub                  
000062cd  __aeabi_errno_addr            
00006051  __aeabi_f2d                   
000060ed  __aeabi_i2d                   
00004af7  __aeabi_idiv0                 
00004af7  __aeabi_ldiv0                 
00005a9d  __aeabi_memclr                
00005a9d  __aeabi_memclr4               
00005a9d  __aeabi_memclr8               
0000585f  __aeabi_memcpy                
0000585f  __aeabi_memcpy4               
0000585f  __aeabi_memcpy8               
00005a9f  __aeabi_memset                
00005a9f  __aeabi_memset4               
00005a9f  __aeabi_memset8               
000058fb  __aeabi_uldivmod              
ffffffff  __binit__                     
ffffffff  __c_args__                    
00002129  __kernel_rem_pio2             
00003641  __kernel_tan                  
UNDEFED   __mpu_init                    
20000270  __stack                       
00005fe1  _c_int00_noargs               
00006438  _ctypes_                      
2000233c  _lock                         
00001767  _nop                          
20001270  _sys_memory                   
UNDEFED   _system_post_cinit            
000062d5  _system_pre_init              
20002340  _unlock                       
000062d9  abort                         
00004e63  adc_conversion                
00004e35  adc_read                      
00005dc9  atoi                          
ffffffff  binit                         
00004f8f  button_checkButtons           
200022f4  button_event_ptr              
00004f99  button_getButton              
00004ef5  button_init                   
20002300  button_num_ptr                
00003cdf  button_servo_move             
20002350  calibration                   
0000611b  calloc                        
20002304  char_event_ptr                
0000621d  copysign                      
0000621d  copysignl                     
200022f8  currentDegree                 
20002359  edge                          
20002354  errno                         
20002344  event                         
20002308  events                        
2000230c  fallingEdge                   
000055dd  floor                         
000055dd  floorl                        
000056d5  free                          
00005c69  frexp                         
00005c69  frexpl                        
20000000  g_pfnRAMVectors               
00000000  g_pfnVectors                  
00000b99  getDegrees                    
00000929  go_charge                     
00004f73  gpioe_handler                 
20002348  i                             
20002310  i_ptr                         
00004da9  init_ADC                      
00004f1f  init_button_interrupts        
0000628d  lcd_clear                     
00003415  lcd_gotoLine                  
0000327d  lcd_init                      
0000347b  lcd_printf                    
0000333d  lcd_putc                      
00003375  lcd_puts                      
00003559  lcd_rotatingBanner            
00003393  lcd_sendCommand               
000033d1  lcd_sendNibble                
0000343d  lcd_setCursorPos              
000053d1  ldexp                         
000053d1  ldexpl                        
00005d23  ltoa                          
00004109  main                          
00005b19  malloc                        
0000618b  memccpy                       
0000585f  memcpy                        
00005aa5  memset                        
00006019  minit                         
00004461  move_backward                 
0000436d  move_forward                  
0000435d  move_init                     
2000234c  multiplier                    
0000026d  oi_alloc                      
00000a53  oi_checkFirmware              
000002c3  oi_close                      
00000279  oi_free                       
000002ad  oi_init                       
00000289  oi_init_noupdate              
000008bf  oi_loadSong                   
000061d7  oi_parseInt                   
00000327  oi_parsePacket                
00000915  oi_play_song                  
00000839  oi_setLeds                    
0000087d  oi_setWheels                  
00000afb  oi_shutoff_init               
00000937  oi_uartInit                   
000009db  oi_uartReceive                
00000a21  oi_uartSendBuff               
000009bf  oi_uartSendChar               
00000a03  oi_uartSendStr                
000002d5  oi_update                     
000046cd  ping_getDistance              
00004599  ping_init                     
0000469d  ping_read                     
00004675  ping_send                     
00001769  pow                           
00001769  powl                          
20002314  pulseLength                   
00003ac9  putty_display                 
00003b37  putty_display2                
20002318  risingEdge                    
200022dc  s_data                        
2000231c  s_data_ptr                    
000053d1  scalbn                        
000053d1  scalbnl                       
00002871  scan_area                     
00002861  scan_init                     
00003959  serial_init                   
00003c11  servo_init                    
00003c93  servo_move                    
00005ee5  sprintf                       
00004af9  sqrt                          
00004af9  sqrtl                         
0000616d  strcat                        
00006207  strchr                        
000061ef  strcmp                        
00006231  strcpy                        
00006245  strlen                        
00002d75  tan                           
00002d75  tanl                          
00004d61  timer_getClock                
00004d15  timer_startClock              
00004caf  timer_startTimer              
00004d67  timer_stopClock               
00004cff  timer_stopTimer               
00004c85  timer_waitMicros              
00004c51  timer_waitMillis              
0000451b  turn_left                     
000044ab  turn_right                    
00003ab9  uart_sendChar                 
00003a9b  uart_sendStr                  
00005f25  vsnprintf                     
0000626b  wcslen                        


GLOBAL SYMBOLS: SORTED BY Symbol Address 

address   name                          
-------   ----                          
00000000  __TI_static_base__            
00000000  g_pfnVectors                  
0000026d  oi_alloc                      
00000279  oi_free                       
00000289  oi_init_noupdate              
000002ad  oi_init                       
000002c3  oi_close                      
000002d5  oi_update                     
00000327  oi_parsePacket                
00000839  oi_setLeds                    
0000087d  oi_setWheels                  
000008bf  oi_loadSong                   
00000915  oi_play_song                  
00000929  go_charge                     
00000937  oi_uartInit                   
000009bf  oi_uartSendChar               
000009db  oi_uartReceive                
00000a03  oi_uartSendStr                
00000a21  oi_uartSendBuff               
00000a53  oi_checkFirmware              
00000afb  oi_shutoff_init               
00000b6d  GPIOF_Handler                 
00000b99  getDegrees                    
00000d09  __TI_printfi                  
00001000  __STACK_SIZE                  
00001000  __SYSMEM_SIZE                 
00001767  _nop                          
00001769  pow                           
00001769  powl                          
00002129  __kernel_rem_pio2             
00002861  scan_init                     
00002871  scan_area                     
00002d75  tan                           
00002d75  tanl                          
0000327d  lcd_init                      
0000333d  lcd_putc                      
00003375  lcd_puts                      
00003393  lcd_sendCommand               
000033d1  lcd_sendNibble                
00003415  lcd_gotoLine                  
0000343d  lcd_setCursorPos              
0000347b  lcd_printf                    
00003559  lcd_rotatingBanner            
00003641  __kernel_tan                  
00003959  serial_init                   
00003a21  UART1_Handler                 
00003a5f  UART1_Transmit                
00003a7b  UART1_Receive                 
00003a9b  uart_sendStr                  
00003ab9  uart_sendChar                 
00003ac9  putty_display                 
00003b37  putty_display2                
00003c11  servo_init                    
00003c93  servo_move                    
00003cdf  button_servo_move             
00004109  main                          
0000435d  move_init                     
0000436d  move_forward                  
00004461  move_backward                 
000044ab  turn_right                    
0000451b  turn_left                     
00004599  ping_init                     
00004629  TIMER3_Handler                
00004675  ping_send                     
0000469d  ping_read                     
000046cd  ping_getDistance              
00004941  __aeabi_dsub                  
0000494b  __aeabi_dadd                  
00004af7  __aeabi_idiv0                 
00004af7  __aeabi_ldiv0                 
00004af9  sqrt                          
00004af9  sqrtl                         
00004c51  timer_waitMillis              
00004c85  timer_waitMicros              
00004caf  timer_startTimer              
00004cff  timer_stopTimer               
00004d15  timer_startClock              
00004d61  timer_getClock                
00004d67  timer_stopClock               
00004da9  init_ADC                      
00004e35  adc_read                      
00004e63  adc_conversion                
00004ef5  button_init                   
00004f1f  init_button_interrupts        
00004f73  gpioe_handler                 
00004f8f  button_checkButtons           
00004f99  button_getButton              
00005179  __aeabi_ddiv                  
000053d1  ldexp                         
000053d1  ldexpl                        
000053d1  scalbn                        
000053d1  scalbnl                       
000054e1  __aeabi_dmul                  
000055dd  floor                         
000055dd  floorl                        
000056d5  free                          
0000585f  __aeabi_memcpy                
0000585f  __aeabi_memcpy4               
0000585f  __aeabi_memcpy8               
0000585f  memcpy                        
000058fb  __aeabi_uldivmod              
00005991  __aeabi_cdcmpeq               
00005991  __aeabi_cdcmple               
00005a17  __aeabi_cdrcmple              
00005a9d  __aeabi_memclr                
00005a9d  __aeabi_memclr4               
00005a9d  __aeabi_memclr8               
00005a9f  __aeabi_memset                
00005a9f  __aeabi_memset4               
00005a9f  __aeabi_memset8               
00005aa5  memset                        
00005b19  malloc                        
00005bff  __TI_decompress_lzss          
00005c69  frexp                         
00005c69  frexpl                        
00005d23  ltoa                          
00005dc9  atoi                          
00005e15  __aeabi_d2iz                  
00005e5d  __TI_auto_init_nobinit_nopinit
00005ea1  __aeabi_d2uiz                 
00005ee5  sprintf                       
00005f25  vsnprintf                     
00005fe1  _c_int00_noargs               
00006019  minit                         
00006051  __aeabi_f2d                   
00006089  IntRegister                   
000060ed  __aeabi_i2d                   
0000611b  calloc                        
0000616d  strcat                        
0000618b  memccpy                       
000061d7  oi_parseInt                   
000061ef  strcmp                        
00006207  strchr                        
0000621d  copysign                      
0000621d  copysignl                     
00006231  strcpy                        
00006245  strlen                        
00006259  __TI_zero_init_nomemset       
0000626b  wcslen                        
0000627d  IntMasterEnable               
0000628d  lcd_clear                     
0000629d  __TI_decompress_none          
000062ab  CPUcpsie                      
000062b7  ResetISR                      
000062cd  __aeabi_errno_addr            
000062d5  _system_pre_init              
000062d9  C$$EXIT                       
000062d9  abort                         
00006438  _ctypes_                      
00006628  __TI_Handler_Table_Base       
00006634  __TI_Handler_Table_Limit      
00006648  __TI_CINIT_Base               
00006660  __TI_CINIT_Limit              
20000000  g_pfnRAMVectors               
20000270  __stack                       
20000470  __STACK_TOP                   
20001270  __STACK_END                   
20001270  _sys_memory                   
200022dc  s_data                        
200022f4  button_event_ptr              
200022f8  currentDegree                 
20002300  button_num_ptr                
20002304  char_event_ptr                
20002308  events                        
2000230c  fallingEdge                   
20002310  i_ptr                         
20002314  pulseLength                   
20002318  risingEdge                    
2000231c  s_data_ptr                    
2000233c  _lock                         
20002340  _unlock                       
20002344  event                         
20002348  i                             
2000234c  multiplier                    
20002350  calibration                   
20002354  errno                         
20002359  edge                          
ffffffff  __TI_pprof_out_hndl           
ffffffff  __TI_prof_data_size           
ffffffff  __TI_prof_data_start          
ffffffff  __binit__                     
ffffffff  __c_args__                    
ffffffff  binit                         
UNDEFED   __mpu_init                    
UNDEFED   _system_post_cinit            

[185 symbols]
