******************************************************************************
                  TI ARM Linker PC v18.1.2                     
******************************************************************************
>> Linked Sun Apr 28 22:38:37 2019

OUTPUT FILE NAME:   <To Be Decided.out>
ENTRY POINT SYMBOL: "_c_int00_noargs"  address: 000062a9


MEMORY CONFIGURATION

         name            origin    length      used     unused   attr    fill
----------------------  --------  ---------  --------  --------  ----  --------
  FLASH                 00000000   00040000  0000695b  000396a5  R  X
  SRAM                  20000000   00008000  0000254e  00005ab2  RW X


SEGMENT ALLOCATION MAP

run origin  load origin   length   init length attrs members
----------  ----------- ---------- ----------- ----- -------
00000000    00000000    00006960   00006960    r-x
  00000000    00000000    0000026c   0000026c    r-- .intvecs
  0000026c    0000026c    00006334   00006334    r-x .text
  000065a0    000065a0    00000363   00000363    r-- .const
  00006908    00006908    00000058   00000058    r-- .cinit
20000000    20000000    00002552   00000000    rw-
  20000000    20000000    0000026c   00000000    rw- .vtable
  20000270    20000270    00001000   00000000    rw- .stack
  20001270    20001270    00001000   00000000    rw- .sysmem
  20002270    20002270    000002a4   00000000    rw- .bss
  20002514    20002514    0000003e   00000000    rw- .data


SECTION ALLOCATION MAP

 output                                  attributes/
section   page    origin      length       input sections
--------  ----  ----------  ----------   ----------------
.intvecs   0    00000000    0000026c     
                  00000000    0000026c     tm4c123gh6pm_startup_ccs.obj (.intvecs)

.text      0    0000026c    00006334     
                  0000026c    00000a9c     open_interface.obj (.text)
                  00000d08    00000a5e     rtsv7M4_T_le_v4SPD16_eabi.lib : _printfi.c.obj (.text:__TI_printfi)
                  00001766    00000002                                   : _lock.c.obj (.text:_nop)
                  00001768    000009c0                                   : e_pow.c.obj (.text:pow)
                  00002128    00000738                                   : k_rem_pio2.c.obj (.text:__kernel_rem_pio2)
                  00002860    00000550     scan.obj (.text)
                  00002db0    00000508     rtsv7M4_T_le_v4SPD16_eabi.lib : s_tan.c.obj (.text:tan)
                  000032b8    000004ac     l1_main.obj (.text)
                  00003764    000003c4     lcd.obj (.text)
                  00003b28    00000318     rtsv7M4_T_le_v4SPD16_eabi.lib : k_tan.c.obj (.text:__kernel_tan)
                  00003e40    000002b8     uart.obj (.text)
                  000040f8    00000288     servo.obj (.text)
                  00004380    00000270     rtsv7M4_T_le_v4SPD16_eabi.lib : _printfi.c.obj (.text:_pconv_a)
                  000045f0    00000270     movement.obj (.text)
                  00004860    000001d8     ping.obj (.text)
                  00004a38    000001d0     rtsv7M4_T_le_v4SPD16_eabi.lib : _printfi.c.obj (.text:_pconv_g)
                  00004c08    000001b6                                   : fd_add_t2.asm.obj (.text)
                  00004dbe    00000002                                   : div0.asm.obj (.text)
                  00004dc0    00000158                                   : e_sqrt.c.obj (.text:sqrt)
                  00004f18    00000158     timer.obj (.text)
                  00005070    0000014c     adc.obj (.text)
                  000051bc    00000148     button.obj (.text)
                  00005304    0000013c     rtsv7M4_T_le_v4SPD16_eabi.lib : _printfi.c.obj (.text:_pconv_e)
                  00005440    00000136                                   : fd_div_t2.asm.obj (.text)
                  00005576    00000002     --HOLE-- [fill = 0]
                  00005578    00000120                                   : _printfi.c.obj (.text:fcvt)
                  00005698    00000110                                   : s_scalbn.c.obj (.text:scalbn)
                  000057a8    000000fc                                   : fd_mul_t2.asm.obj (.text)
                  000058a4    000000f8                                   : s_floor.c.obj (.text:floor)
                  0000599c    000000d8                                   : memory.c.obj (.text:free)
                  00005a74    000000b1                                   : _printfi.c.obj (.text:_ltostr)
                  00005b25    00000001     --HOLE-- [fill = 0]
                  00005b26    0000009c                                   : memcpy_t2.asm.obj (.text)
                  00005bc2    00000096                                   : ull_div_t2.asm.obj (.text)
                  00005c58    00000086                                   : fd_cmp_t2.asm.obj (.text:__aeabi_cdcmple)
                  00005cde    00000086                                   : fd_cmp_t2.asm.obj (.text:__aeabi_cdrcmple)
                  00005d64    0000007a                                   : memset_t2.asm.obj (.text)
                  00005dde    00000002     --HOLE-- [fill = 0]
                  00005de0    00000078                                   : memory.c.obj (.text:malloc)
                  00005e58    0000006e                                   : _printfi.c.obj (.text:_mcpy)
                  00005ec6    00000068                                   : copy_decompress_lzss.c.obj (.text:decompress:lzss:__TI_decompress_lzss)
                  00005f2e    00000002     --HOLE-- [fill = 0]
                  00005f30    00000064                                   : s_frexp.c.obj (.text:frexp)
                  00005f94    00000056                                   : _printfi.c.obj (.text:_pconv_f)
                  00005fea    00000054                                   : ltoa.c.obj (.text:ltoa)
                  0000603e    00000052                                   : _printfi.c.obj (.text:_ecpy)
                  00006090    0000004c                                   : atoi.c.obj (.text:atoi)
                  000060dc    00000048                                   : fd_toi_t2.asm.obj (.text)
                  00006124    00000044                                   : autoinit.c.obj (.text:__TI_auto_init_nobinit_nopinit:__TI_auto_init_nobinit_nopinit)
                  00006168    00000044                                   : fd_tou_t2.asm.obj (.text)
                  000061ac    00000040                                   : sprintf.c.obj (.text:sprintf)
                  000061ec    00000040                                   : vsnprintf.c.obj (.text:vsnprintf)
                  0000622c    0000003e                                   : _printfi.c.obj (.text:_fcpy)
                  0000626a    00000002     --HOLE-- [fill = 0]
                  0000626c    0000003c                                   : memory.c.obj (.text:minsert)
                  000062a8    00000038                                   : boot_cortex_m.c.obj (.text:_c_int00_noargs:_c_int00_noargs)
                  000062e0    00000038                                   : memory.c.obj (.text:minit)
                  00006318    00000038                                   : fs_tod_t2.asm.obj (.text)
                  00006350    00000034     driverlib.lib : interrupt.obj (.text:IntRegister)
                  00006384    00000030     rtsv7M4_T_le_v4SPD16_eabi.lib : vsnprintf.c.obj (.text:_outs)
                  000063b4    0000002e                                   : i_tofd_t2.asm.obj (.text)
                  000063e2    0000002a                                   : memory.c.obj (.text:calloc)
                  0000640c    00000028                                   : memory.c.obj (.text:mremove)
                  00006434    0000001e                                   : strcat.c.obj (.text:strcat)
                  00006452    0000001c                                   : memccpy.c.obj (.text:memccpy)
                  0000646e    00000018                                   : vsnprintf.c.obj (.text:_outc)
                  00006486    00000018                                   : sprintf.c.obj (.text:_outs)
                  0000649e    00000018     open_interface.obj (.text:oi_parseInt)
                  000064b6    00000018     rtsv7M4_T_le_v4SPD16_eabi.lib : strcmp.c.obj (.text:strcmp)
                  000064ce    00000016                                   : strchr.c.obj (.text:strchr)
                  000064e4    00000014                                   : s_copysign.c.obj (.text:copysign)
                  000064f8    00000014                                   : strcpy.c.obj (.text:strcpy)
                  0000650c    00000014                                   : strlen.c.obj (.text:strlen)
                  00006520    00000012                                   : wcslen.c.obj (.text:wcslen)
                  00006532    00000010     driverlib.lib : interrupt.obj (.text:IntMasterEnable)
                  00006542    00000010     lcd.obj (.text:lcd_clear)
                  00006552    0000000e     rtsv7M4_T_le_v4SPD16_eabi.lib : copy_decompress_none.c.obj (.text:decompress:none:__TI_decompress_none)
                  00006560    0000000c     driverlib.lib : cpu.obj (.text:CPUcpsie)
                  0000656c    0000000c     rtsv7M4_T_le_v4SPD16_eabi.lib : copy_zero_init.c.obj (.text:decompress:ZI:__TI_zero_init)
                  00006578    0000000c     tm4c123gh6pm_startup_ccs.obj (.text)
                  00006584    0000000a     rtsv7M4_T_le_v4SPD16_eabi.lib : sprintf.c.obj (.text:_outc)
                  0000658e    00000002     --HOLE-- [fill = 0]
                  00006590    00000008                                   : errno.c.obj (.text:__aeabi_errno_addr)
                  00006598    00000004                                   : pre_init.c.obj (.text:_system_pre_init)
                  0000659c    00000004                                   : exit.c.obj (.text:abort:abort)

.const     0    000065a0    00000363     
                  000065a0    00000158     rtsv7M4_T_le_v4SPD16_eabi.lib : k_rem_pio2.c.obj (.const:$O1$$)
                  000066f8    00000101                                   : ctype.c.obj (.const:.string:_ctypes_)
                  000067f9    00000004     lcd.obj (.const:.string:lineAddress$1)
                  000067fd    00000003     --HOLE-- [fill = 0]
                  00006800    00000080     rtsv7M4_T_le_v4SPD16_eabi.lib : k_tan.c.obj (.const:xxx)
                  00006880    00000030                                   : e_pow.c.obj (.const:$O1$$)
                  000068b0    00000010     l1_main.obj (.const:.string:$P$T0$1)
                  000068c0    00000010     movement.obj (.const:.string:$P$T0$1)
                  000068d0    00000010     l1_main.obj (.const:.string:$P$T1$2)
                  000068e0    00000010     movement.obj (.const:.string:$P$T1$2)
                  000068f0    0000000f     open_interface.obj (.const:.string:$P$T0$3)
                  000068ff    00000004     lcd.obj (.const:.string:lineAddresses$2)

.cinit     0    00006908    00000058     
                  00006908    0000001d     (.cinit..data.load) [load image, compression = lzss]
                  00006925    00000003     --HOLE-- [fill = 0]
                  00006928    0000000c     (__TI_handler_table)
                  00006934    00000004     --HOLE-- [fill = 0]
                  00006938    00000008     (.cinit..bss.load) [load image, compression = zero_init]
                  00006940    00000008     (.cinit..vtable.load) [load image, compression = zero_init]
                  00006948    00000018     (__TI_cinit_table)

.init_array 
*          0    00000000    00000000     UNINITIALIZED

.vtable    0    20000000    0000026c     UNINITIALIZED
                  20000000    0000026c     driverlib.lib : interrupt.obj (.vtable)

.stack     0    20000270    00001000     UNINITIALIZED
                  20000270    00000004     rtsv7M4_T_le_v4SPD16_eabi.lib : boot_cortex_m.c.obj (.stack)
                  20000274    00000ffc     --HOLE--

.sysmem    0    20001270    00001000     UNINITIALIZED
                  20001270    00000008     rtsv7M4_T_le_v4SPD16_eabi.lib : memory.c.obj (.sysmem)
                  20001278    00000ff8     --HOLE--

.bss       0    20002270    000002a4     UNINITIALIZED
                  20002270    000001e0     (.common:objects)
                  20002450    00000054     lcd.obj (.bss:lastbuffer$3)
                  200024a4    00000018     open_interface.obj (.bss:firmware$2)
                  200024bc    00000018     (.common:s_data)
                  200024d4    00000004     (.common:button_event_ptr)
                  200024d8    00000008     (.common:angle_small)
                  200024e0    00000008     (.common:currentDegree)
                  200024e8    00000008     (.common:distance_small)
                  200024f0    00000004     (.common:button_num_ptr)
                  200024f4    00000004     (.common:char_event_ptr)
                  200024f8    00000004     (.common:events)
                  200024fc    00000004     (.common:fallingEdge)
                  20002500    00000004     (.common:i_ptr)
                  20002504    00000004     (.common:num_objects)
                  20002508    00000004     (.common:pulseLength)
                  2000250c    00000004     (.common:risingEdge)
                  20002510    00000004     (.common:s_data_ptr)

.data      0    20002514    0000003e     UNINITIALIZED
                  20002514    00000010     open_interface.obj (.data)
                  20002524    0000000c     rtsv7M4_T_le_v4SPD16_eabi.lib : memory.c.obj (.data:$O1$$)
                  20002530    0000000c     l1_main.obj (.data)
                  2000253c    00000008     rtsv7M4_T_le_v4SPD16_eabi.lib : _lock.c.obj (.data:$O1$$)
                  20002544    00000008     servo.obj (.data)
                  2000254c    00000004     rtsv7M4_T_le_v4SPD16_eabi.lib : errno.c.obj (.data)
                  20002550    00000001     button.obj (.data)
                  20002551    00000001     ping.obj (.data)

MODULE SUMMARY

       Module                         code    ro data   rw data
       ------                         ----    -------   -------
    .\
       open_interface.obj             2740    15        40     
       scan.obj                       1360    0         500    
       l1_main.obj                    1196    32        36     
       lcd.obj                        980     8         84     
       uart.obj                       696     0         12     
       movement.obj                   624     32        4      
       servo.obj                      648     0         8      
       tm4c123gh6pm_startup_ccs.obj   12      620       0      
       ping.obj                       472     0         1      
       timer.obj                      344     0         0      
       button.obj                     328     0         9      
       adc.obj                        332     0         0      
       data.obj                       0       0         20     
    +--+------------------------------+-------+---------+---------+
       Total:                         9732    707       714    
                                                               
    C:/ti/TivaWare_C_Series-2.1.4.178/driverlib/ccs/Debug/driverlib.lib
       interrupt.obj                  68      0         620    
       cpu.obj                        12      0         0      
    +--+------------------------------+-------+---------+---------+
       Total:                         80      0         620    
                                                               
    C:\ti\ccsv8\tools\compiler\ti-cgt-arm_18.1.2.LTS\lib\rtsv7M4_T_le_v4SPD16_eabi.lib
       _printfi.c.obj                 4863    0         0      
       e_pow.c.obj                    2496    48        0      
       k_rem_pio2.c.obj               1848    344       0      
       s_tan.c.obj                    1288    0         0      
       k_tan.c.obj                    792     128       0      
       memory.c.obj                   534     0         12     
       fd_add_t2.asm.obj              438     0         0      
       e_sqrt.c.obj                   344     0         0      
       fd_div_t2.asm.obj              310     0         0      
       s_scalbn.c.obj                 272     0         0      
       fd_cmp_t2.asm.obj              268     0         0      
       ctype.c.obj                    0       257       0      
       fd_mul_t2.asm.obj              252     0         0      
       s_floor.c.obj                  248     0         0      
       memcpy_t2.asm.obj              156     0         0      
       ull_div_t2.asm.obj             150     0         0      
       vsnprintf.c.obj                136     0         0      
       memset_t2.asm.obj              122     0         0      
       copy_decompress_lzss.c.obj     104     0         0      
       s_frexp.c.obj                  100     0         0      
       sprintf.c.obj                  98      0         0      
       ltoa.c.obj                     84      0         0      
       atoi.c.obj                     76      0         0      
       fd_toi_t2.asm.obj              72      0         0      
       autoinit.c.obj                 68      0         0      
       fd_tou_t2.asm.obj              68      0         0      
       boot_cortex_m.c.obj            56      0         0      
       fs_tod_t2.asm.obj              56      0         0      
       i_tofd_t2.asm.obj              46      0         0      
       strcat.c.obj                   30      0         0      
       memccpy.c.obj                  28      0         0      
       strcmp.c.obj                   24      0         0      
       strchr.c.obj                   22      0         0      
       s_copysign.c.obj               20      0         0      
       strcpy.c.obj                   20      0         0      
       strlen.c.obj                   20      0         0      
       wcslen.c.obj                   18      0         0      
       copy_decompress_none.c.obj     14      0         0      
       copy_zero_init.c.obj           12      0         0      
       errno.c.obj                    8       0         4      
       _lock.c.obj                    2       0         8      
       exit.c.obj                     4       0         0      
       pre_init.c.obj                 4       0         0      
       div0.asm.obj                   2       0         0      
    +--+------------------------------+-------+---------+---------+
       Total:                         15573   777       24     
                                                               
       Heap:                          0       0         4096   
       Stack:                         0       0         4096   
       Linker Generated:              0       81        0      
    +--+------------------------------+-------+---------+---------+
       Grand Total:                   25385   1565      9550   


LINKER GENERATED COPY TABLES

__TI_cinit_table @ 00006948 records: 3, size/record: 8, table size: 24
	.data: load addr=00006908, load size=0000001d bytes, run addr=20002514, run size=0000003e bytes, compression=lzss
	.bss: load addr=00006938, load size=00000008 bytes, run addr=20002270, run size=000002a4 bytes, compression=zero_init
	.vtable: load addr=00006940, load size=00000008 bytes, run addr=20000000, run size=0000026c bytes, compression=zero_init


LINKER GENERATED HANDLER TABLE

__TI_handler_table @ 00006928 records: 3, size/record: 4, table size: 12
	index: 0, handler: __TI_zero_init
	index: 1, handler: __TI_decompress_lzss
	index: 2, handler: __TI_decompress_none


GLOBAL SYMBOLS: SORTED ALPHABETICALLY BY Name 

address   name                          
-------   ----                          
0000659d  C$$EXIT                       
00006561  CPUcpsie                      
20002534  DONE                          
00000b6d  GPIOF_Handler                 
00006533  IntMasterEnable               
00006351  IntRegister                   
00006579  ResetISR                      
000048f1  TIMER3_Handler                
00003f09  UART1_Handler                 
00003f63  UART1_Receive                 
00003f47  UART1_Transmit                
20001270  __STACK_END                   
00001000  __STACK_SIZE                  
20000470  __STACK_TOP                   
00001000  __SYSMEM_SIZE                 
00006948  __TI_CINIT_Base               
00006960  __TI_CINIT_Limit              
00006928  __TI_Handler_Table_Base       
00006934  __TI_Handler_Table_Limit      
00006125  __TI_auto_init_nobinit_nopinit
00005ec7  __TI_decompress_lzss          
00006553  __TI_decompress_none          
ffffffff  __TI_pprof_out_hndl           
00000d09  __TI_printfi                  
ffffffff  __TI_prof_data_size           
ffffffff  __TI_prof_data_start          
00000000  __TI_static_base__            
0000656d  __TI_zero_init                
00005c59  __aeabi_cdcmpeq               
00005c59  __aeabi_cdcmple               
00005cdf  __aeabi_cdrcmple              
000060dd  __aeabi_d2iz                  
00006169  __aeabi_d2uiz                 
00004c13  __aeabi_dadd                  
00005441  __aeabi_ddiv                  
000057a9  __aeabi_dmul                  
00004c09  __aeabi_dsub                  
00006591  __aeabi_errno_addr            
00006319  __aeabi_f2d                   
000063b5  __aeabi_i2d                   
00004dbf  __aeabi_idiv0                 
00004dbf  __aeabi_ldiv0                 
00005d65  __aeabi_memclr                
00005d65  __aeabi_memclr4               
00005d65  __aeabi_memclr8               
00005b27  __aeabi_memcpy                
00005b27  __aeabi_memcpy4               
00005b27  __aeabi_memcpy8               
00005d67  __aeabi_memset                
00005d67  __aeabi_memset4               
00005d67  __aeabi_memset8               
00005bc3  __aeabi_uldivmod              
ffffffff  __binit__                     
ffffffff  __c_args__                    
00002129  __kernel_rem_pio2             
00003b29  __kernel_tan                  
UNDEFED   __mpu_init                    
20000270  __stack                       
000062a9  _c_int00_noargs               
000066f8  _ctypes_                      
2000253c  _lock                         
00001767  _nop                          
20001270  _sys_memory                   
UNDEFED   _system_post_cinit            
00006599  _system_pre_init              
20002540  _unlock                       
0000659d  abort                         
0000512b  adc_conversion                
000050fd  adc_read                      
200024d8  angle_small                   
00006091  atoi                          
ffffffff  binit                         
00005257  button_checkButtons           
200024d4  button_event_ptr              
00005261  button_getButton              
000051bd  button_init                   
200024f0  button_num_ptr                
000041c7  button_servo_move             
20002548  calibration                   
000063e3  calloc                        
200024f4  char_event_ptr                
000064e5  copysign                      
000064e5  copysignl                     
200024e0  currentDegree                 
200024e8  distance_small                
20002551  edge                          
2000254c  errno                         
20002530  event                         
000033bf  event_0                       
000033cf  event_1                       
000033f7  event_2                       
0000341f  event_3                       
00003447  event_4                       
0000346f  event_5                       
00003497  event_6                       
000034bf  event_7                       
000034d9  event_8                       
00003505  event_9                       
000035e9  event_CHECK_GOAL              
200024f8  events                        
200024fc  fallingEdge                   
000058a5  floor                         
000058a5  floorl                        
0000599d  free                          
00005f31  frexp                         
00005f31  frexpl                        
20000000  g_pfnRAMVectors               
00000000  g_pfnVectors                  
00000b99  getDegrees                    
00000929  go_charge                     
0000523b  gpioe_handler                 
20002538  i                             
20002500  i_ptr                         
00005071  init_ADC                      
000051e7  init_button_interrupts        
00006543  lcd_clear                     
000038fd  lcd_gotoLine                  
00003765  lcd_init                      
00003963  lcd_printf                    
00003825  lcd_putc                      
0000385d  lcd_puts                      
00003a41  lcd_rotatingBanner            
0000387b  lcd_sendCommand               
000038b9  lcd_sendNibble                
00003925  lcd_setCursorPos              
00005699  ldexp                         
00005699  ldexpl                        
00005feb  ltoa                          
000032b9  main                          
00005de1  malloc                        
00006453  memccpy                       
00005b27  memcpy                        
00005d6d  memset                        
000062e1  minit                         
000046f5  move_backward                 
00004601  move_forward                  
000045f1  move_init                     
20002544  multiplier                    
20002504  num_objects                   
20002270  objects                       
0000026d  oi_alloc                      
00000a53  oi_checkFirmware              
000002c3  oi_close                      
00000279  oi_free                       
000002ad  oi_init                       
00000289  oi_init_noupdate              
000008bf  oi_loadSong                   
0000649f  oi_parseInt                   
00000327  oi_parsePacket                
00000915  oi_play_song                  
00000839  oi_setLeds                    
0000087d  oi_setWheels                  
00000afb  oi_shutoff_init               
00000937  oi_uartInit                   
000009db  oi_uartReceive                
00000a21  oi_uartSendBuff               
000009bf  oi_uartSendChar               
00000a03  oi_uartSendStr                
000002d5  oi_update                     
00004995  ping_getDistance              
00004861  ping_init                     
00004965  ping_read                     
0000493d  ping_send                     
00001769  pow                           
00001769  powl                          
20002508  pulseLength                   
00003fb1  putty_display                 
0000401f  putty_display2                
2000250c  risingEdge                    
200024bc  s_data                        
20002510  s_data_ptr                    
00005699  scalbn                        
00005699  scalbnl                       
00002871  scan_area                     
00002861  scan_init                     
00003e41  serial_init                   
000040f9  servo_init                    
0000417b  servo_move                    
000061ad  sprintf                       
00004dc1  sqrt                          
00004dc1  sqrtl                         
00006435  strcat                        
000064cf  strchr                        
000064b7  strcmp                        
000064f9  strcpy                        
0000650d  strlen                        
00002db1  tan                           
00002db1  tanl                          
00005029  timer_getClock                
00004fdd  timer_startClock              
00004f77  timer_startTimer              
0000502f  timer_stopClock               
00004fc7  timer_stopTimer               
00004f4d  timer_waitMicros              
00004f19  timer_waitMillis              
000047db  turn_left                     
0000476b  turn_right                    
00003fa1  uart_sendChar                 
00003f83  uart_sendStr                  
000061ed  vsnprintf                     
00006521  wcslen                        


GLOBAL SYMBOLS: SORTED BY Symbol Address 

address   name                          
-------   ----                          
00000000  __TI_static_base__            
00000000  g_pfnVectors                  
0000026d  oi_alloc                      
00000279  oi_free                       
00000289  oi_init_noupdate              
000002ad  oi_init                       
000002c3  oi_close                      
000002d5  oi_update                     
00000327  oi_parsePacket                
00000839  oi_setLeds                    
0000087d  oi_setWheels                  
000008bf  oi_loadSong                   
00000915  oi_play_song                  
00000929  go_charge                     
00000937  oi_uartInit                   
000009bf  oi_uartSendChar               
000009db  oi_uartReceive                
00000a03  oi_uartSendStr                
00000a21  oi_uartSendBuff               
00000a53  oi_checkFirmware              
00000afb  oi_shutoff_init               
00000b6d  GPIOF_Handler                 
00000b99  getDegrees                    
00000d09  __TI_printfi                  
00001000  __STACK_SIZE                  
00001000  __SYSMEM_SIZE                 
00001767  _nop                          
00001769  pow                           
00001769  powl                          
00002129  __kernel_rem_pio2             
00002861  scan_init                     
00002871  scan_area                     
00002db1  tan                           
00002db1  tanl                          
000032b9  main                          
000033bf  event_0                       
000033cf  event_1                       
000033f7  event_2                       
0000341f  event_3                       
00003447  event_4                       
0000346f  event_5                       
00003497  event_6                       
000034bf  event_7                       
000034d9  event_8                       
00003505  event_9                       
000035e9  event_CHECK_GOAL              
00003765  lcd_init                      
00003825  lcd_putc                      
0000385d  lcd_puts                      
0000387b  lcd_sendCommand               
000038b9  lcd_sendNibble                
000038fd  lcd_gotoLine                  
00003925  lcd_setCursorPos              
00003963  lcd_printf                    
00003a41  lcd_rotatingBanner            
00003b29  __kernel_tan                  
00003e41  serial_init                   
00003f09  UART1_Handler                 
00003f47  UART1_Transmit                
00003f63  UART1_Receive                 
00003f83  uart_sendStr                  
00003fa1  uart_sendChar                 
00003fb1  putty_display                 
0000401f  putty_display2                
000040f9  servo_init                    
0000417b  servo_move                    
000041c7  button_servo_move             
000045f1  move_init                     
00004601  move_forward                  
000046f5  move_backward                 
0000476b  turn_right                    
000047db  turn_left                     
00004861  ping_init                     
000048f1  TIMER3_Handler                
0000493d  ping_send                     
00004965  ping_read                     
00004995  ping_getDistance              
00004c09  __aeabi_dsub                  
00004c13  __aeabi_dadd                  
00004dbf  __aeabi_idiv0                 
00004dbf  __aeabi_ldiv0                 
00004dc1  sqrt                          
00004dc1  sqrtl                         
00004f19  timer_waitMillis              
00004f4d  timer_waitMicros              
00004f77  timer_startTimer              
00004fc7  timer_stopTimer               
00004fdd  timer_startClock              
00005029  timer_getClock                
0000502f  timer_stopClock               
00005071  init_ADC                      
000050fd  adc_read                      
0000512b  adc_conversion                
000051bd  button_init                   
000051e7  init_button_interrupts        
0000523b  gpioe_handler                 
00005257  button_checkButtons           
00005261  button_getButton              
00005441  __aeabi_ddiv                  
00005699  ldexp                         
00005699  ldexpl                        
00005699  scalbn                        
00005699  scalbnl                       
000057a9  __aeabi_dmul                  
000058a5  floor                         
000058a5  floorl                        
0000599d  free                          
00005b27  __aeabi_memcpy                
00005b27  __aeabi_memcpy4               
00005b27  __aeabi_memcpy8               
00005b27  memcpy                        
00005bc3  __aeabi_uldivmod              
00005c59  __aeabi_cdcmpeq               
00005c59  __aeabi_cdcmple               
00005cdf  __aeabi_cdrcmple              
00005d65  __aeabi_memclr                
00005d65  __aeabi_memclr4               
00005d65  __aeabi_memclr8               
00005d67  __aeabi_memset                
00005d67  __aeabi_memset4               
00005d67  __aeabi_memset8               
00005d6d  memset                        
00005de1  malloc                        
00005ec7  __TI_decompress_lzss          
00005f31  frexp                         
00005f31  frexpl                        
00005feb  ltoa                          
00006091  atoi                          
000060dd  __aeabi_d2iz                  
00006125  __TI_auto_init_nobinit_nopinit
00006169  __aeabi_d2uiz                 
000061ad  sprintf                       
000061ed  vsnprintf                     
000062a9  _c_int00_noargs               
000062e1  minit                         
00006319  __aeabi_f2d                   
00006351  IntRegister                   
000063b5  __aeabi_i2d                   
000063e3  calloc                        
00006435  strcat                        
00006453  memccpy                       
0000649f  oi_parseInt                   
000064b7  strcmp                        
000064cf  strchr                        
000064e5  copysign                      
000064e5  copysignl                     
000064f9  strcpy                        
0000650d  strlen                        
00006521  wcslen                        
00006533  IntMasterEnable               
00006543  lcd_clear                     
00006553  __TI_decompress_none          
00006561  CPUcpsie                      
0000656d  __TI_zero_init                
00006579  ResetISR                      
00006591  __aeabi_errno_addr            
00006599  _system_pre_init              
0000659d  C$$EXIT                       
0000659d  abort                         
000066f8  _ctypes_                      
00006928  __TI_Handler_Table_Base       
00006934  __TI_Handler_Table_Limit      
00006948  __TI_CINIT_Base               
00006960  __TI_CINIT_Limit              
20000000  g_pfnRAMVectors               
20000270  __stack                       
20000470  __STACK_TOP                   
20001270  __STACK_END                   
20001270  _sys_memory                   
20002270  objects                       
200024bc  s_data                        
200024d4  button_event_ptr              
200024d8  angle_small                   
200024e0  currentDegree                 
200024e8  distance_small                
200024f0  button_num_ptr                
200024f4  char_event_ptr                
200024f8  events                        
200024fc  fallingEdge                   
20002500  i_ptr                         
20002504  num_objects                   
20002508  pulseLength                   
2000250c  risingEdge                    
20002510  s_data_ptr                    
20002530  event                         
20002534  DONE                          
20002538  i                             
2000253c  _lock                         
20002540  _unlock                       
20002544  multiplier                    
20002548  calibration                   
2000254c  errno                         
20002551  edge                          
ffffffff  __TI_pprof_out_hndl           
ffffffff  __TI_prof_data_size           
ffffffff  __TI_prof_data_start          
ffffffff  __binit__                     
ffffffff  __c_args__                    
ffffffff  binit                         
UNDEFED   __mpu_init                    
UNDEFED   _system_post_cinit            

[201 symbols]
