******************************************************************************
                  TI ARM Linker PC v18.1.2                     
******************************************************************************
>> Linked Mon Apr 29 10:36:13 2019

OUTPUT FILE NAME:   <To Be Decided.out>
ENTRY POINT SYMBOL: "_c_int00_noargs"  address: 00006185


MEMORY CONFIGURATION

         name            origin    length      used     unused   attr    fill
----------------------  --------  ---------  --------  --------  ----  --------
  FLASH                 00000000   00040000  00006817  000397e9  R  X
  SRAM                  20000000   00008000  00002536  00005aca  RW X


SEGMENT ALLOCATION MAP

run origin  load origin   length   init length attrs members
----------  ----------- ---------- ----------- ----- -------
00000000    00000000    00006820   00006820    r-x
  00000000    00000000    0000026c   0000026c    r-- .intvecs
  0000026c    0000026c    00006210   00006210    r-x .text
  00006480    00006480    00000343   00000343    r-- .const
  000067c8    000067c8    00000058   00000058    r-- .cinit
20000000    20000000    0000253a   00000000    rw-
  20000000    20000000    0000026c   00000000    rw- .vtable
  20000270    20000270    00001000   00000000    rw- .stack
  20001270    20001270    00001000   00000000    rw- .sysmem
  20002270    20002270    0000028c   00000000    rw- .bss
  200024fc    200024fc    0000003e   00000000    rw- .data


SECTION ALLOCATION MAP

 output                                  attributes/
section   page    origin      length       input sections
--------  ----  ----------  ----------   ----------------
.intvecs   0    00000000    0000026c     
                  00000000    0000026c     tm4c123gh6pm_startup_ccs.obj (.intvecs)

.text      0    0000026c    00006210     
                  0000026c    00000a9c     open_interface.obj (.text)
                  00000d08    00000a5e     rtsv7M4_T_le_v4SPD16_eabi.lib : _printfi.c.obj (.text:__TI_printfi)
                  00001766    00000002                                   : _lock.c.obj (.text:_nop)
                  00001768    000009c0                                   : e_pow.c.obj (.text:pow)
                  00002128    00000738                                   : k_rem_pio2.c.obj (.text:__kernel_rem_pio2)
                  00002860    00000550     scan.obj (.text)
                  00002db0    00000508     rtsv7M4_T_le_v4SPD16_eabi.lib : s_tan.c.obj (.text:tan)
                  000032b8    000003c4     lcd.obj (.text)
                  0000367c    00000388     l1_main.obj (.text)
                  00003a04    00000318     rtsv7M4_T_le_v4SPD16_eabi.lib : k_tan.c.obj (.text:__kernel_tan)
                  00003d1c    000002b8     uart.obj (.text)
                  00003fd4    00000288     servo.obj (.text)
                  0000425c    00000270     rtsv7M4_T_le_v4SPD16_eabi.lib : _printfi.c.obj (.text:_pconv_a)
                  000044cc    00000270     movement.obj (.text)
                  0000473c    000001d8     ping.obj (.text)
                  00004914    000001d0     rtsv7M4_T_le_v4SPD16_eabi.lib : _printfi.c.obj (.text:_pconv_g)
                  00004ae4    000001b6                                   : fd_add_t2.asm.obj (.text)
                  00004c9a    00000002                                   : div0.asm.obj (.text)
                  00004c9c    00000158                                   : e_sqrt.c.obj (.text:sqrt)
                  00004df4    00000158     timer.obj (.text)
                  00004f4c    0000014c     adc.obj (.text)
                  00005098    00000148     button.obj (.text)
                  000051e0    0000013c     rtsv7M4_T_le_v4SPD16_eabi.lib : _printfi.c.obj (.text:_pconv_e)
                  0000531c    00000136                                   : fd_div_t2.asm.obj (.text)
                  00005452    00000002     --HOLE-- [fill = 0]
                  00005454    00000120                                   : _printfi.c.obj (.text:fcvt)
                  00005574    00000110                                   : s_scalbn.c.obj (.text:scalbn)
                  00005684    000000fc                                   : fd_mul_t2.asm.obj (.text)
                  00005780    000000f8                                   : s_floor.c.obj (.text:floor)
                  00005878    000000d8                                   : memory.c.obj (.text:free)
                  00005950    000000b1                                   : _printfi.c.obj (.text:_ltostr)
                  00005a01    00000001     --HOLE-- [fill = 0]
                  00005a02    0000009c                                   : memcpy_t2.asm.obj (.text)
                  00005a9e    00000096                                   : ull_div_t2.asm.obj (.text)
                  00005b34    00000086                                   : fd_cmp_t2.asm.obj (.text:__aeabi_cdcmple)
                  00005bba    00000086                                   : fd_cmp_t2.asm.obj (.text:__aeabi_cdrcmple)
                  00005c40    0000007a                                   : memset_t2.asm.obj (.text)
                  00005cba    00000002     --HOLE-- [fill = 0]
                  00005cbc    00000078                                   : memory.c.obj (.text:malloc)
                  00005d34    0000006e                                   : _printfi.c.obj (.text:_mcpy)
                  00005da2    00000068                                   : copy_decompress_lzss.c.obj (.text:decompress:lzss:__TI_decompress_lzss)
                  00005e0a    00000002     --HOLE-- [fill = 0]
                  00005e0c    00000064                                   : s_frexp.c.obj (.text:frexp)
                  00005e70    00000056                                   : _printfi.c.obj (.text:_pconv_f)
                  00005ec6    00000054                                   : ltoa.c.obj (.text:ltoa)
                  00005f1a    00000052                                   : _printfi.c.obj (.text:_ecpy)
                  00005f6c    0000004c                                   : atoi.c.obj (.text:atoi)
                  00005fb8    00000048                                   : fd_toi_t2.asm.obj (.text)
                  00006000    00000044                                   : autoinit.c.obj (.text:__TI_auto_init_nobinit_nopinit:__TI_auto_init_nobinit_nopinit)
                  00006044    00000044                                   : fd_tou_t2.asm.obj (.text)
                  00006088    00000040                                   : sprintf.c.obj (.text:sprintf)
                  000060c8    00000040                                   : vsnprintf.c.obj (.text:vsnprintf)
                  00006108    0000003e                                   : _printfi.c.obj (.text:_fcpy)
                  00006146    00000002     --HOLE-- [fill = 0]
                  00006148    0000003c                                   : memory.c.obj (.text:minsert)
                  00006184    00000038                                   : boot_cortex_m.c.obj (.text:_c_int00_noargs:_c_int00_noargs)
                  000061bc    00000038                                   : memory.c.obj (.text:minit)
                  000061f4    00000038                                   : fs_tod_t2.asm.obj (.text)
                  0000622c    00000034     driverlib.lib : interrupt.obj (.text:IntRegister)
                  00006260    00000030     rtsv7M4_T_le_v4SPD16_eabi.lib : vsnprintf.c.obj (.text:_outs)
                  00006290    0000002e                                   : i_tofd_t2.asm.obj (.text)
                  000062be    0000002a                                   : memory.c.obj (.text:calloc)
                  000062e8    00000028                                   : memory.c.obj (.text:mremove)
                  00006310    0000001e                                   : strcat.c.obj (.text:strcat)
                  0000632e    0000001c                                   : memccpy.c.obj (.text:memccpy)
                  0000634a    00000018                                   : vsnprintf.c.obj (.text:_outc)
                  00006362    00000018                                   : sprintf.c.obj (.text:_outs)
                  0000637a    00000018     open_interface.obj (.text:oi_parseInt)
                  00006392    00000018     rtsv7M4_T_le_v4SPD16_eabi.lib : strcmp.c.obj (.text:strcmp)
                  000063aa    00000016                                   : strchr.c.obj (.text:strchr)
                  000063c0    00000014                                   : s_copysign.c.obj (.text:copysign)
                  000063d4    00000014                                   : strcpy.c.obj (.text:strcpy)
                  000063e8    00000014                                   : strlen.c.obj (.text:strlen)
                  000063fc    00000012                                   : wcslen.c.obj (.text:wcslen)
                  0000640e    00000010     driverlib.lib : interrupt.obj (.text:IntMasterEnable)
                  0000641e    00000010     lcd.obj (.text:lcd_clear)
                  0000642e    0000000e     rtsv7M4_T_le_v4SPD16_eabi.lib : copy_decompress_none.c.obj (.text:decompress:none:__TI_decompress_none)
                  0000643c    0000000c     driverlib.lib : cpu.obj (.text:CPUcpsie)
                  00006448    0000000c     rtsv7M4_T_le_v4SPD16_eabi.lib : copy_zero_init.c.obj (.text:decompress:ZI:__TI_zero_init)
                  00006454    0000000c     tm4c123gh6pm_startup_ccs.obj (.text)
                  00006460    0000000a     rtsv7M4_T_le_v4SPD16_eabi.lib : sprintf.c.obj (.text:_outc)
                  0000646a    00000002     --HOLE-- [fill = 0]
                  0000646c    00000008                                   : errno.c.obj (.text:__aeabi_errno_addr)
                  00006474    00000004                                   : pre_init.c.obj (.text:_system_pre_init)
                  00006478    00000004                                   : exit.c.obj (.text:abort:abort)

.const     0    00006480    00000343     
                  00006480    00000158     rtsv7M4_T_le_v4SPD16_eabi.lib : k_rem_pio2.c.obj (.const:$O1$$)
                  000065d8    00000101                                   : ctype.c.obj (.const:.string:_ctypes_)
                  000066d9    00000004     lcd.obj (.const:.string:lineAddress$1)
                  000066dd    00000003     --HOLE-- [fill = 0]
                  000066e0    00000080     rtsv7M4_T_le_v4SPD16_eabi.lib : k_tan.c.obj (.const:xxx)
                  00006760    00000030                                   : e_pow.c.obj (.const:$O1$$)
                  00006790    00000010     movement.obj (.const:.string:$P$T0$1)
                  000067a0    00000010     movement.obj (.const:.string:$P$T1$2)
                  000067b0    0000000f     open_interface.obj (.const:.string:$P$T0$3)
                  000067bf    00000004     lcd.obj (.const:.string:lineAddresses$2)

.cinit     0    000067c8    00000058     
                  000067c8    0000001d     (.cinit..data.load) [load image, compression = lzss]
                  000067e5    00000003     --HOLE-- [fill = 0]
                  000067e8    0000000c     (__TI_handler_table)
                  000067f4    00000004     --HOLE-- [fill = 0]
                  000067f8    00000008     (.cinit..bss.load) [load image, compression = zero_init]
                  00006800    00000008     (.cinit..vtable.load) [load image, compression = zero_init]
                  00006808    00000018     (__TI_cinit_table)

.init_array 
*          0    00000000    00000000     UNINITIALIZED

.vtable    0    20000000    0000026c     UNINITIALIZED
                  20000000    0000026c     driverlib.lib : interrupt.obj (.vtable)

.stack     0    20000270    00001000     UNINITIALIZED
                  20000270    00000004     rtsv7M4_T_le_v4SPD16_eabi.lib : boot_cortex_m.c.obj (.stack)
                  20000274    00000ffc     --HOLE--

.sysmem    0    20001270    00001000     UNINITIALIZED
                  20001270    00000008     rtsv7M4_T_le_v4SPD16_eabi.lib : memory.c.obj (.sysmem)
                  20001278    00000ff8     --HOLE--

.bss       0    20002270    0000028c     UNINITIALIZED
                  20002270    000001e0     (.common:objects)
                  20002450    00000054     lcd.obj (.bss:lastbuffer$3)
                  200024a4    00000018     open_interface.obj (.bss:firmware$2)
                  200024bc    00000004     (.common:button_event_ptr)
                  200024c0    00000008     (.common:angle_small)
                  200024c8    00000008     (.common:currentDegree)
                  200024d0    00000008     (.common:distance_small)
                  200024d8    00000004     (.common:button_num_ptr)
                  200024dc    00000004     (.common:char_event_ptr)
                  200024e0    00000004     (.common:events)
                  200024e4    00000004     (.common:fallingEdge)
                  200024e8    00000004     (.common:i_ptr)
                  200024ec    00000004     (.common:num_objects)
                  200024f0    00000004     (.common:pulseLength)
                  200024f4    00000004     (.common:risingEdge)
                  200024f8    00000004     (.common:s_data_ptr)

.data      0    200024fc    0000003e     UNINITIALIZED
                  200024fc    00000010     open_interface.obj (.data)
                  2000250c    0000000c     rtsv7M4_T_le_v4SPD16_eabi.lib : memory.c.obj (.data:$O1$$)
                  20002518    0000000c     l1_main.obj (.data)
                  20002524    00000008     rtsv7M4_T_le_v4SPD16_eabi.lib : _lock.c.obj (.data:$O1$$)
                  2000252c    00000008     servo.obj (.data)
                  20002534    00000004     rtsv7M4_T_le_v4SPD16_eabi.lib : errno.c.obj (.data)
                  20002538    00000001     button.obj (.data)
                  20002539    00000001     ping.obj (.data)

MODULE SUMMARY

       Module                         code    ro data   rw data
       ------                         ----    -------   -------
    .\
       open_interface.obj             2740    15        40     
       scan.obj                       1360    0         500    
       lcd.obj                        980     8         84     
       l1_main.obj                    904     0         12     
       uart.obj                       696     0         12     
       movement.obj                   624     32        4      
       servo.obj                      648     0         8      
       tm4c123gh6pm_startup_ccs.obj   12      620       0      
       ping.obj                       472     0         1      
       timer.obj                      344     0         0      
       button.obj                     328     0         9      
       adc.obj                        332     0         0      
       data.obj                       0       0         20     
    +--+------------------------------+-------+---------+---------+
       Total:                         9440    675       690    
                                                               
    C:/ti/TivaWare_C_Series-2.1.4.178/driverlib/ccs/Debug/driverlib.lib
       interrupt.obj                  68      0         620    
       cpu.obj                        12      0         0      
    +--+------------------------------+-------+---------+---------+
       Total:                         80      0         620    
                                                               
    C:\ti\ccsv8\tools\compiler\ti-cgt-arm_18.1.2.LTS\lib\rtsv7M4_T_le_v4SPD16_eabi.lib
       _printfi.c.obj                 4863    0         0      
       e_pow.c.obj                    2496    48        0      
       k_rem_pio2.c.obj               1848    344       0      
       s_tan.c.obj                    1288    0         0      
       k_tan.c.obj                    792     128       0      
       memory.c.obj                   534     0         12     
       fd_add_t2.asm.obj              438     0         0      
       e_sqrt.c.obj                   344     0         0      
       fd_div_t2.asm.obj              310     0         0      
       s_scalbn.c.obj                 272     0         0      
       fd_cmp_t2.asm.obj              268     0         0      
       ctype.c.obj                    0       257       0      
       fd_mul_t2.asm.obj              252     0         0      
       s_floor.c.obj                  248     0         0      
       memcpy_t2.asm.obj              156     0         0      
       ull_div_t2.asm.obj             150     0         0      
       vsnprintf.c.obj                136     0         0      
       memset_t2.asm.obj              122     0         0      
       copy_decompress_lzss.c.obj     104     0         0      
       s_frexp.c.obj                  100     0         0      
       sprintf.c.obj                  98      0         0      
       ltoa.c.obj                     84      0         0      
       atoi.c.obj                     76      0         0      
       fd_toi_t2.asm.obj              72      0         0      
       autoinit.c.obj                 68      0         0      
       fd_tou_t2.asm.obj              68      0         0      
       boot_cortex_m.c.obj            56      0         0      
       fs_tod_t2.asm.obj              56      0         0      
       i_tofd_t2.asm.obj              46      0         0      
       strcat.c.obj                   30      0         0      
       memccpy.c.obj                  28      0         0      
       strcmp.c.obj                   24      0         0      
       strchr.c.obj                   22      0         0      
       s_copysign.c.obj               20      0         0      
       strcpy.c.obj                   20      0         0      
       strlen.c.obj                   20      0         0      
       wcslen.c.obj                   18      0         0      
       copy_decompress_none.c.obj     14      0         0      
       copy_zero_init.c.obj           12      0         0      
       errno.c.obj                    8       0         4      
       _lock.c.obj                    2       0         8      
       exit.c.obj                     4       0         0      
       pre_init.c.obj                 4       0         0      
       div0.asm.obj                   2       0         0      
    +--+------------------------------+-------+---------+---------+
       Total:                         15573   777       24     
                                                               
       Heap:                          0       0         4096   
       Stack:                         0       0         4096   
       Linker Generated:              0       81        0      
    +--+------------------------------+-------+---------+---------+
       Grand Total:                   25093   1533      9526   


LINKER GENERATED COPY TABLES

__TI_cinit_table @ 00006808 records: 3, size/record: 8, table size: 24
	.data: load addr=000067c8, load size=0000001d bytes, run addr=200024fc, run size=0000003e bytes, compression=lzss
	.bss: load addr=000067f8, load size=00000008 bytes, run addr=20002270, run size=0000028c bytes, compression=zero_init
	.vtable: load addr=00006800, load size=00000008 bytes, run addr=20000000, run size=0000026c bytes, compression=zero_init


LINKER GENERATED HANDLER TABLE

__TI_handler_table @ 000067e8 records: 3, size/record: 4, table size: 12
	index: 0, handler: __TI_zero_init
	index: 1, handler: __TI_decompress_lzss
	index: 2, handler: __TI_decompress_none


GLOBAL SYMBOLS: SORTED ALPHABETICALLY BY Name 

address   name                          
-------   ----                          
00006479  C$$EXIT                       
0000643d  CPUcpsie                      
2000251c  DONE                          
00000b6d  GPIOF_Handler                 
0000640f  IntMasterEnable               
0000622d  IntRegister                   
00006455  ResetISR                      
000047cd  TIMER3_Handler                
00003de5  UART1_Handler                 
00003e3f  UART1_Receive                 
00003e23  UART1_Transmit                
20001270  __STACK_END                   
00001000  __STACK_SIZE                  
20000470  __STACK_TOP                   
00001000  __SYSMEM_SIZE                 
00006808  __TI_CINIT_Base               
00006820  __TI_CINIT_Limit              
000067e8  __TI_Handler_Table_Base       
000067f4  __TI_Handler_Table_Limit      
00006001  __TI_auto_init_nobinit_nopinit
00005da3  __TI_decompress_lzss          
0000642f  __TI_decompress_none          
ffffffff  __TI_pprof_out_hndl           
00000d09  __TI_printfi                  
ffffffff  __TI_prof_data_size           
ffffffff  __TI_prof_data_start          
00000000  __TI_static_base__            
00006449  __TI_zero_init                
00005b35  __aeabi_cdcmpeq               
00005b35  __aeabi_cdcmple               
00005bbb  __aeabi_cdrcmple              
00005fb9  __aeabi_d2iz                  
00006045  __aeabi_d2uiz                 
00004aef  __aeabi_dadd                  
0000531d  __aeabi_ddiv                  
00005685  __aeabi_dmul                  
00004ae5  __aeabi_dsub                  
0000646d  __aeabi_errno_addr            
000061f5  __aeabi_f2d                   
00006291  __aeabi_i2d                   
00004c9b  __aeabi_idiv0                 
00004c9b  __aeabi_ldiv0                 
00005c41  __aeabi_memclr                
00005c41  __aeabi_memclr4               
00005c41  __aeabi_memclr8               
00005a03  __aeabi_memcpy                
00005a03  __aeabi_memcpy4               
00005a03  __aeabi_memcpy8               
00005c43  __aeabi_memset                
00005c43  __aeabi_memset4               
00005c43  __aeabi_memset8               
00005a9f  __aeabi_uldivmod              
ffffffff  __binit__                     
ffffffff  __c_args__                    
00002129  __kernel_rem_pio2             
00003a05  __kernel_tan                  
UNDEFED   __mpu_init                    
20000270  __stack                       
00006185  _c_int00_noargs               
000065d8  _ctypes_                      
20002524  _lock                         
00001767  _nop                          
20001270  _sys_memory                   
UNDEFED   _system_post_cinit            
00006475  _system_pre_init              
20002528  _unlock                       
00006479  abort                         
00005007  adc_conversion                
00004fd9  adc_read                      
200024c0  angle_small                   
00005f6d  atoi                          
ffffffff  binit                         
00005133  button_checkButtons           
200024bc  button_event_ptr              
0000513d  button_getButton              
00005099  button_init                   
200024d8  button_num_ptr                
000040a3  button_servo_move             
20002530  calibration                   
000062bf  calloc                        
200024dc  char_event_ptr                
000063c1  copysign                      
000063c1  copysignl                     
200024c8  currentDegree                 
200024d0  distance_small                
20002539  edge                          
20002534  errno                         
20002518  event                         
000036a3  event_0                       
000036b3  event_1                       
000036c3  event_2                       
000036eb  event_3                       
00003713  event_4                       
0000373b  event_5                       
00003763  event_6                       
0000378b  event_7                       
000037a5  event_8                       
000037c5  event_9                       
00003889  event_CHECK_GOAL              
200024e0  events                        
200024e4  fallingEdge                   
00005781  floor                         
00005781  floorl                        
00005879  free                          
00005e0d  frexp                         
00005e0d  frexpl                        
20000000  g_pfnRAMVectors               
00000000  g_pfnVectors                  
00000b99  getDegrees                    
00000929  go_charge                     
00005117  gpioe_handler                 
20002520  i                             
200024e8  i_ptr                         
00004f4d  init_ADC                      
000050c3  init_button_interrupts        
0000641f  lcd_clear                     
00003451  lcd_gotoLine                  
000032b9  lcd_init                      
000034b7  lcd_printf                    
00003379  lcd_putc                      
000033b1  lcd_puts                      
00003595  lcd_rotatingBanner            
000033cf  lcd_sendCommand               
0000340d  lcd_sendNibble                
00003479  lcd_setCursorPos              
00005575  ldexp                         
00005575  ldexpl                        
00005ec7  ltoa                          
0000367d  main                          
00005cbd  malloc                        
0000632f  memccpy                       
00005a03  memcpy                        
00005c49  memset                        
000061bd  minit                         
000045d1  move_backward                 
000044dd  move_forward                  
000044cd  move_init                     
2000252c  multiplier                    
200024ec  num_objects                   
20002270  objects                       
0000026d  oi_alloc                      
00000a53  oi_checkFirmware              
000002c3  oi_close                      
00000279  oi_free                       
000002ad  oi_init                       
00000289  oi_init_noupdate              
000008bf  oi_loadSong                   
0000637b  oi_parseInt                   
00000327  oi_parsePacket                
00000915  oi_play_song                  
00000839  oi_setLeds                    
0000087d  oi_setWheels                  
00000afb  oi_shutoff_init               
00000937  oi_uartInit                   
000009db  oi_uartReceive                
00000a21  oi_uartSendBuff               
000009bf  oi_uartSendChar               
00000a03  oi_uartSendStr                
000002d5  oi_update                     
00004871  ping_getDistance              
0000473d  ping_init                     
00004841  ping_read                     
00004819  ping_send                     
00001769  pow                           
00001769  powl                          
200024f0  pulseLength                   
00003e8d  putty_display                 
00003efb  putty_display2                
200024f4  risingEdge                    
200024f8  s_data_ptr                    
00005575  scalbn                        
00005575  scalbnl                       
00002871  scan_area                     
00002861  scan_init                     
00003d1d  serial_init                   
00003fd5  servo_init                    
00004057  servo_move                    
00006089  sprintf                       
00004c9d  sqrt                          
00004c9d  sqrtl                         
00006311  strcat                        
000063ab  strchr                        
00006393  strcmp                        
000063d5  strcpy                        
000063e9  strlen                        
00002db1  tan                           
00002db1  tanl                          
00004f05  timer_getClock                
00004eb9  timer_startClock              
00004e53  timer_startTimer              
00004f0b  timer_stopClock               
00004ea3  timer_stopTimer               
00004e29  timer_waitMicros              
00004df5  timer_waitMillis              
000046b7  turn_left                     
00004647  turn_right                    
00003e7d  uart_sendChar                 
00003e5f  uart_sendStr                  
000060c9  vsnprintf                     
000063fd  wcslen                        


GLOBAL SYMBOLS: SORTED BY Symbol Address 

address   name                          
-------   ----                          
00000000  __TI_static_base__            
00000000  g_pfnVectors                  
0000026d  oi_alloc                      
00000279  oi_free                       
00000289  oi_init_noupdate              
000002ad  oi_init                       
000002c3  oi_close                      
000002d5  oi_update                     
00000327  oi_parsePacket                
00000839  oi_setLeds                    
0000087d  oi_setWheels                  
000008bf  oi_loadSong                   
00000915  oi_play_song                  
00000929  go_charge                     
00000937  oi_uartInit                   
000009bf  oi_uartSendChar               
000009db  oi_uartReceive                
00000a03  oi_uartSendStr                
00000a21  oi_uartSendBuff               
00000a53  oi_checkFirmware              
00000afb  oi_shutoff_init               
00000b6d  GPIOF_Handler                 
00000b99  getDegrees                    
00000d09  __TI_printfi                  
00001000  __STACK_SIZE                  
00001000  __SYSMEM_SIZE                 
00001767  _nop                          
00001769  pow                           
00001769  powl                          
00002129  __kernel_rem_pio2             
00002861  scan_init                     
00002871  scan_area                     
00002db1  tan                           
00002db1  tanl                          
000032b9  lcd_init                      
00003379  lcd_putc                      
000033b1  lcd_puts                      
000033cf  lcd_sendCommand               
0000340d  lcd_sendNibble                
00003451  lcd_gotoLine                  
00003479  lcd_setCursorPos              
000034b7  lcd_printf                    
00003595  lcd_rotatingBanner            
0000367d  main                          
000036a3  event_0                       
000036b3  event_1                       
000036c3  event_2                       
000036eb  event_3                       
00003713  event_4                       
0000373b  event_5                       
00003763  event_6                       
0000378b  event_7                       
000037a5  event_8                       
000037c5  event_9                       
00003889  event_CHECK_GOAL              
00003a05  __kernel_tan                  
00003d1d  serial_init                   
00003de5  UART1_Handler                 
00003e23  UART1_Transmit                
00003e3f  UART1_Receive                 
00003e5f  uart_sendStr                  
00003e7d  uart_sendChar                 
00003e8d  putty_display                 
00003efb  putty_display2                
00003fd5  servo_init                    
00004057  servo_move                    
000040a3  button_servo_move             
000044cd  move_init                     
000044dd  move_forward                  
000045d1  move_backward                 
00004647  turn_right                    
000046b7  turn_left                     
0000473d  ping_init                     
000047cd  TIMER3_Handler                
00004819  ping_send                     
00004841  ping_read                     
00004871  ping_getDistance              
00004ae5  __aeabi_dsub                  
00004aef  __aeabi_dadd                  
00004c9b  __aeabi_idiv0                 
00004c9b  __aeabi_ldiv0                 
00004c9d  sqrt                          
00004c9d  sqrtl                         
00004df5  timer_waitMillis              
00004e29  timer_waitMicros              
00004e53  timer_startTimer              
00004ea3  timer_stopTimer               
00004eb9  timer_startClock              
00004f05  timer_getClock                
00004f0b  timer_stopClock               
00004f4d  init_ADC                      
00004fd9  adc_read                      
00005007  adc_conversion                
00005099  button_init                   
000050c3  init_button_interrupts        
00005117  gpioe_handler                 
00005133  button_checkButtons           
0000513d  button_getButton              
0000531d  __aeabi_ddiv                  
00005575  ldexp                         
00005575  ldexpl                        
00005575  scalbn                        
00005575  scalbnl                       
00005685  __aeabi_dmul                  
00005781  floor                         
00005781  floorl                        
00005879  free                          
00005a03  __aeabi_memcpy                
00005a03  __aeabi_memcpy4               
00005a03  __aeabi_memcpy8               
00005a03  memcpy                        
00005a9f  __aeabi_uldivmod              
00005b35  __aeabi_cdcmpeq               
00005b35  __aeabi_cdcmple               
00005bbb  __aeabi_cdrcmple              
00005c41  __aeabi_memclr                
00005c41  __aeabi_memclr4               
00005c41  __aeabi_memclr8               
00005c43  __aeabi_memset                
00005c43  __aeabi_memset4               
00005c43  __aeabi_memset8               
00005c49  memset                        
00005cbd  malloc                        
00005da3  __TI_decompress_lzss          
00005e0d  frexp                         
00005e0d  frexpl                        
00005ec7  ltoa                          
00005f6d  atoi                          
00005fb9  __aeabi_d2iz                  
00006001  __TI_auto_init_nobinit_nopinit
00006045  __aeabi_d2uiz                 
00006089  sprintf                       
000060c9  vsnprintf                     
00006185  _c_int00_noargs               
000061bd  minit                         
000061f5  __aeabi_f2d                   
0000622d  IntRegister                   
00006291  __aeabi_i2d                   
000062bf  calloc                        
00006311  strcat                        
0000632f  memccpy                       
0000637b  oi_parseInt                   
00006393  strcmp                        
000063ab  strchr                        
000063c1  copysign                      
000063c1  copysignl                     
000063d5  strcpy                        
000063e9  strlen                        
000063fd  wcslen                        
0000640f  IntMasterEnable               
0000641f  lcd_clear                     
0000642f  __TI_decompress_none          
0000643d  CPUcpsie                      
00006449  __TI_zero_init                
00006455  ResetISR                      
0000646d  __aeabi_errno_addr            
00006475  _system_pre_init              
00006479  C$$EXIT                       
00006479  abort                         
000065d8  _ctypes_                      
000067e8  __TI_Handler_Table_Base       
000067f4  __TI_Handler_Table_Limit      
00006808  __TI_CINIT_Base               
00006820  __TI_CINIT_Limit              
20000000  g_pfnRAMVectors               
20000270  __stack                       
20000470  __STACK_TOP                   
20001270  __STACK_END                   
20001270  _sys_memory                   
20002270  objects                       
200024bc  button_event_ptr              
200024c0  angle_small                   
200024c8  currentDegree                 
200024d0  distance_small                
200024d8  button_num_ptr                
200024dc  char_event_ptr                
200024e0  events                        
200024e4  fallingEdge                   
200024e8  i_ptr                         
200024ec  num_objects                   
200024f0  pulseLength                   
200024f4  risingEdge                    
200024f8  s_data_ptr                    
20002518  event                         
2000251c  DONE                          
20002520  i                             
20002524  _lock                         
20002528  _unlock                       
2000252c  multiplier                    
20002530  calibration                   
20002534  errno                         
20002539  edge                          
ffffffff  __TI_pprof_out_hndl           
ffffffff  __TI_prof_data_size           
ffffffff  __TI_prof_data_start          
ffffffff  __binit__                     
ffffffff  __c_args__                    
ffffffff  binit                         
UNDEFED   __mpu_init                    
UNDEFED   _system_post_cinit            

[200 symbols]
