******************************************************************************
                  TI ARM Linker PC v18.1.2                     
******************************************************************************
>> Linked Tue Apr 30 15:35:27 2019

OUTPUT FILE NAME:   <To Be Decided.out>
ENTRY POINT SYMBOL: "_c_int00_noargs"  address: 00007139


MEMORY CONFIGURATION

         name            origin    length      used     unused   attr    fill
----------------------  --------  ---------  --------  --------  ----  --------
  FLASH                 00000000   00040000  000077e1  0003881f  R  X
  SRAM                  20000000   00008000  00002542  00005abe  RW X


SEGMENT ALLOCATION MAP

run origin  load origin   length   init length attrs members
----------  ----------- ---------- ----------- ----- -------
00000000    00000000    000077e8   000077e8    r-x
  00000000    00000000    0000026c   0000026c    r-- .intvecs
  0000026c    0000026c    000071c4   000071c4    r-x .text
  00007430    00007430    00000359   00000359    r-- .const
  00007790    00007790    00000058   00000058    r-- .cinit
20000000    20000000    00002546   00000000    rw-
  20000000    20000000    0000026c   00000000    rw- .vtable
  20000270    20000270    00001000   00000000    rw- .stack
  20001270    20001270    00001000   00000000    rw- .sysmem
  20002270    20002270    00000294   00000000    rw- .bss
  20002504    20002504    00000042   00000000    rw- .data


SECTION ALLOCATION MAP

 output                                  attributes/
section   page    origin      length       input sections
--------  ----  ----------  ----------   ----------------
.intvecs   0    00000000    0000026c     
                  00000000    0000026c     tm4c123gh6pm_startup_ccs.obj (.intvecs)

.text      0    0000026c    000071c4     
                  0000026c    00000ff4     scan.obj (.text)
                  00001260    00000a9c     open_interface.obj (.text)
                  00001cfc    00000a5e     rtsv7M4_T_le_v4SPD16_eabi.lib : _printfi.c.obj (.text:__TI_printfi)
                  0000275a    00000002                                   : _lock.c.obj (.text:_nop)
                  0000275c    000009c0                                   : e_pow.c.obj (.text:pow)
                  0000311c    000007f8     l1_main.obj (.text)
                  00003914    00000738     rtsv7M4_T_le_v4SPD16_eabi.lib : k_rem_pio2.c.obj (.text:__kernel_rem_pio2)
                  0000404c    00000508                                   : s_tan.c.obj (.text:tan)
                  00004554    000003c4     lcd.obj (.text)
                  00004918    00000360     movement.obj (.text)
                  00004c78    00000318     rtsv7M4_T_le_v4SPD16_eabi.lib : k_tan.c.obj (.text:__kernel_tan)
                  00004f90    000002b8     uart.obj (.text)
                  00005248    00000288     servo.obj (.text)
                  000054d0    00000270     rtsv7M4_T_le_v4SPD16_eabi.lib : _printfi.c.obj (.text:_pconv_a)
                  00005740    000001d8     ping.obj (.text)
                  00005918    000001d0     rtsv7M4_T_le_v4SPD16_eabi.lib : _printfi.c.obj (.text:_pconv_g)
                  00005ae8    000001b6                                   : fd_add_t2.asm.obj (.text)
                  00005c9e    00000002                                   : div0.asm.obj (.text)
                  00005ca0    00000158                                   : e_sqrt.c.obj (.text:sqrt)
                  00005df8    00000158     timer.obj (.text)
                  00005f50    0000014c     adc.obj (.text)
                  0000609c    0000013c     rtsv7M4_T_le_v4SPD16_eabi.lib : _printfi.c.obj (.text:_pconv_e)
                  000061d8    00000136                                   : fd_div_t2.asm.obj (.text)
                  0000630e    00000002     --HOLE-- [fill = 0]
                  00006310    00000120                                   : _printfi.c.obj (.text:fcvt)
                  00006430    00000110                                   : s_scalbn.c.obj (.text:scalbn)
                  00006540    000000fc                                   : fd_mul_t2.asm.obj (.text)
                  0000663c    000000f8     button.obj (.text)
                  00006734    000000f8     rtsv7M4_T_le_v4SPD16_eabi.lib : s_floor.c.obj (.text:floor)
                  0000682c    000000d8                                   : memory.c.obj (.text:free)
                  00006904    000000b1                                   : _printfi.c.obj (.text:_ltostr)
                  000069b5    00000001     --HOLE-- [fill = 0]
                  000069b6    0000009c                                   : memcpy_t2.asm.obj (.text)
                  00006a52    00000096                                   : ull_div_t2.asm.obj (.text)
                  00006ae8    00000086                                   : fd_cmp_t2.asm.obj (.text:__aeabi_cdcmple)
                  00006b6e    00000086                                   : fd_cmp_t2.asm.obj (.text:__aeabi_cdrcmple)
                  00006bf4    0000007a                                   : memset_t2.asm.obj (.text)
                  00006c6e    00000002     --HOLE-- [fill = 0]
                  00006c70    00000078                                   : memory.c.obj (.text:malloc)
                  00006ce8    0000006e                                   : _printfi.c.obj (.text:_mcpy)
                  00006d56    00000068                                   : copy_decompress_lzss.c.obj (.text:decompress:lzss:__TI_decompress_lzss)
                  00006dbe    00000002     --HOLE-- [fill = 0]
                  00006dc0    00000064                                   : s_frexp.c.obj (.text:frexp)
                  00006e24    00000056                                   : _printfi.c.obj (.text:_pconv_f)
                  00006e7a    00000054                                   : ltoa.c.obj (.text:ltoa)
                  00006ece    00000052                                   : _printfi.c.obj (.text:_ecpy)
                  00006f20    0000004c                                   : atoi.c.obj (.text:atoi)
                  00006f6c    00000048                                   : fd_toi_t2.asm.obj (.text)
                  00006fb4    00000044                                   : autoinit.c.obj (.text:__TI_auto_init_nobinit_nopinit:__TI_auto_init_nobinit_nopinit)
                  00006ff8    00000044                                   : fd_tou_t2.asm.obj (.text)
                  0000703c    00000040                                   : sprintf.c.obj (.text:sprintf)
                  0000707c    00000040                                   : vsnprintf.c.obj (.text:vsnprintf)
                  000070bc    0000003e                                   : _printfi.c.obj (.text:_fcpy)
                  000070fa    00000002     --HOLE-- [fill = 0]
                  000070fc    0000003c                                   : memory.c.obj (.text:minsert)
                  00007138    00000038                                   : boot_cortex_m.c.obj (.text:_c_int00_noargs:_c_int00_noargs)
                  00007170    00000038                                   : memory.c.obj (.text:minit)
                  000071a8    00000038                                   : fs_tod_t2.asm.obj (.text)
                  000071e0    00000034     driverlib.lib : interrupt.obj (.text:IntRegister)
                  00007214    00000030     rtsv7M4_T_le_v4SPD16_eabi.lib : vsnprintf.c.obj (.text:_outs)
                  00007244    0000002e                                   : i_tofd_t2.asm.obj (.text)
                  00007272    0000002a                                   : memory.c.obj (.text:calloc)
                  0000729c    00000028                                   : memory.c.obj (.text:mremove)
                  000072c4    0000001e                                   : strcat.c.obj (.text:strcat)
                  000072e2    0000001c                                   : memccpy.c.obj (.text:memccpy)
                  000072fe    00000018                                   : vsnprintf.c.obj (.text:_outc)
                  00007316    00000018                                   : sprintf.c.obj (.text:_outs)
                  0000732e    00000018     open_interface.obj (.text:oi_parseInt)
                  00007346    00000018     rtsv7M4_T_le_v4SPD16_eabi.lib : strcmp.c.obj (.text:strcmp)
                  0000735e    00000016                                   : strchr.c.obj (.text:strchr)
                  00007374    00000014                                   : s_copysign.c.obj (.text:copysign)
                  00007388    00000014                                   : strcpy.c.obj (.text:strcpy)
                  0000739c    00000014                                   : strlen.c.obj (.text:strlen)
                  000073b0    00000012                                   : wcslen.c.obj (.text:wcslen)
                  000073c2    00000010     driverlib.lib : interrupt.obj (.text:IntMasterEnable)
                  000073d2    00000010     lcd.obj (.text:lcd_clear)
                  000073e2    0000000e     rtsv7M4_T_le_v4SPD16_eabi.lib : copy_decompress_none.c.obj (.text:decompress:none:__TI_decompress_none)
                  000073f0    0000000c     driverlib.lib : cpu.obj (.text:CPUcpsie)
                  000073fc    0000000c     rtsv7M4_T_le_v4SPD16_eabi.lib : copy_zero_init.c.obj (.text:decompress:ZI:__TI_zero_init)
                  00007408    0000000c     tm4c123gh6pm_startup_ccs.obj (.text)
                  00007414    0000000a     rtsv7M4_T_le_v4SPD16_eabi.lib : sprintf.c.obj (.text:_outc)
                  0000741e    00000002     --HOLE-- [fill = 0]
                  00007420    00000008                                   : errno.c.obj (.text:__aeabi_errno_addr)
                  00007428    00000004                                   : pre_init.c.obj (.text:_system_pre_init)
                  0000742c    00000004                                   : exit.c.obj (.text:abort:abort)

.const     0    00007430    00000359     
                  00007430    00000158     rtsv7M4_T_le_v4SPD16_eabi.lib : k_rem_pio2.c.obj (.const:$O1$$)
                  00007588    00000101                                   : ctype.c.obj (.const:.string:_ctypes_)
                  00007689    00000004     lcd.obj (.const:.string:lineAddress$1)
                  0000768d    00000003     --HOLE-- [fill = 0]
                  00007690    00000080     rtsv7M4_T_le_v4SPD16_eabi.lib : k_tan.c.obj (.const:xxx)
                  00007710    00000030                                   : e_pow.c.obj (.const:$O1$$)
                  00007740    00000010     movement.obj (.const:.string:$P$T0$1)
                  00007750    00000010     movement.obj (.const:.string:$P$T1$2)
                  00007760    0000000f     open_interface.obj (.const:.string:$P$T0$3)
                  0000776f    0000000b     l1_main.obj (.const:.string:$P$T0$1)
                  0000777a    0000000b     l1_main.obj (.const:.string:$P$T1$2)
                  00007785    00000004     lcd.obj (.const:.string:lineAddresses$2)

.cinit     0    00007790    00000058     
                  00007790    0000001e     (.cinit..data.load) [load image, compression = lzss]
                  000077ae    00000002     --HOLE-- [fill = 0]
                  000077b0    0000000c     (__TI_handler_table)
                  000077bc    00000004     --HOLE-- [fill = 0]
                  000077c0    00000008     (.cinit..bss.load) [load image, compression = zero_init]
                  000077c8    00000008     (.cinit..vtable.load) [load image, compression = zero_init]
                  000077d0    00000018     (__TI_cinit_table)

.init_array 
*          0    00000000    00000000     UNINITIALIZED

.vtable    0    20000000    0000026c     UNINITIALIZED
                  20000000    0000026c     driverlib.lib : interrupt.obj (.vtable)

.stack     0    20000270    00001000     UNINITIALIZED
                  20000270    00000004     rtsv7M4_T_le_v4SPD16_eabi.lib : boot_cortex_m.c.obj (.stack)
                  20000274    00000ffc     --HOLE--

.sysmem    0    20001270    00001000     UNINITIALIZED
                  20001270    00000008     rtsv7M4_T_le_v4SPD16_eabi.lib : memory.c.obj (.sysmem)
                  20001278    00000ff8     --HOLE--

.bss       0    20002270    00000294     UNINITIALIZED
                  20002270    000001e0     (.common:objects)
                  20002450    00000054     lcd.obj (.bss:lastbuffer$3)
                  200024a4    00000018     open_interface.obj (.bss:firmware$2)
                  200024bc    00000018     (.common:s_data)
                  200024d4    00000004     (.common:button_event_ptr)
                  200024d8    00000008     (.common:currentDegree)
                  200024e0    00000004     (.common:button_num_ptr)
                  200024e4    00000004     (.common:char_event_ptr)
                  200024e8    00000004     (.common:events)
                  200024ec    00000004     (.common:fallingEdge)
                  200024f0    00000004     (.common:i_ptr)
                  200024f4    00000004     (.common:num_objects)
                  200024f8    00000004     (.common:pulseLength)
                  200024fc    00000004     (.common:risingEdge)
                  20002500    00000004     (.common:s_data_ptr)

.data      0    20002504    00000042     UNINITIALIZED
                  20002504    00000010     l1_main.obj (.data)
                  20002514    00000010     open_interface.obj (.data)
                  20002524    0000000c     rtsv7M4_T_le_v4SPD16_eabi.lib : memory.c.obj (.data:$O1$$)
                  20002530    00000008                                   : _lock.c.obj (.data:$O1$$)
                  20002538    00000008     servo.obj (.data)
                  20002540    00000004     rtsv7M4_T_le_v4SPD16_eabi.lib : errno.c.obj (.data)
                  20002544    00000001     button.obj (.data)
                  20002545    00000001     ping.obj (.data)

MODULE SUMMARY

       Module                         code    ro data   rw data
       ------                         ----    -------   -------
    .\
       scan.obj                       4084    0         484    
       open_interface.obj             2740    15        40     
       l1_main.obj                    2040    22        40     
       lcd.obj                        980     8         84     
       movement.obj                   864     32        4      
       uart.obj                       696     0         12     
       servo.obj                      648     0         8      
       tm4c123gh6pm_startup_ccs.obj   12      620       0      
       ping.obj                       472     0         1      
       timer.obj                      344     0         0      
       adc.obj                        332     0         0      
       button.obj                     248     0         9      
       data.obj                       0       0         20     
    +--+------------------------------+-------+---------+---------+
       Total:                         13460   697       702    
                                                               
    C:/ti/TivaWare_C_Series-2.1.4.178/driverlib/ccs/Debug/driverlib.lib
       interrupt.obj                  68      0         620    
       cpu.obj                        12      0         0      
    +--+------------------------------+-------+---------+---------+
       Total:                         80      0         620    
                                                               
    C:\ti\ccsv8\tools\compiler\ti-cgt-arm_18.1.2.LTS\lib\rtsv7M4_T_le_v4SPD16_eabi.lib
       _printfi.c.obj                 4863    0         0      
       e_pow.c.obj                    2496    48        0      
       k_rem_pio2.c.obj               1848    344       0      
       s_tan.c.obj                    1288    0         0      
       k_tan.c.obj                    792     128       0      
       memory.c.obj                   534     0         12     
       fd_add_t2.asm.obj              438     0         0      
       e_sqrt.c.obj                   344     0         0      
       fd_div_t2.asm.obj              310     0         0      
       s_scalbn.c.obj                 272     0         0      
       fd_cmp_t2.asm.obj              268     0         0      
       ctype.c.obj                    0       257       0      
       fd_mul_t2.asm.obj              252     0         0      
       s_floor.c.obj                  248     0         0      
       memcpy_t2.asm.obj              156     0         0      
       ull_div_t2.asm.obj             150     0         0      
       vsnprintf.c.obj                136     0         0      
       memset_t2.asm.obj              122     0         0      
       copy_decompress_lzss.c.obj     104     0         0      
       s_frexp.c.obj                  100     0         0      
       sprintf.c.obj                  98      0         0      
       ltoa.c.obj                     84      0         0      
       atoi.c.obj                     76      0         0      
       fd_toi_t2.asm.obj              72      0         0      
       autoinit.c.obj                 68      0         0      
       fd_tou_t2.asm.obj              68      0         0      
       boot_cortex_m.c.obj            56      0         0      
       fs_tod_t2.asm.obj              56      0         0      
       i_tofd_t2.asm.obj              46      0         0      
       strcat.c.obj                   30      0         0      
       memccpy.c.obj                  28      0         0      
       strcmp.c.obj                   24      0         0      
       strchr.c.obj                   22      0         0      
       s_copysign.c.obj               20      0         0      
       strcpy.c.obj                   20      0         0      
       strlen.c.obj                   20      0         0      
       wcslen.c.obj                   18      0         0      
       copy_decompress_none.c.obj     14      0         0      
       copy_zero_init.c.obj           12      0         0      
       errno.c.obj                    8       0         4      
       _lock.c.obj                    2       0         8      
       exit.c.obj                     4       0         0      
       pre_init.c.obj                 4       0         0      
       div0.asm.obj                   2       0         0      
    +--+------------------------------+-------+---------+---------+
       Total:                         15573   777       24     
                                                               
       Heap:                          0       0         4096   
       Stack:                         0       0         4096   
       Linker Generated:              0       82        0      
    +--+------------------------------+-------+---------+---------+
       Grand Total:                   29113   1556      9538   


LINKER GENERATED COPY TABLES

__TI_cinit_table @ 000077d0 records: 3, size/record: 8, table size: 24
	.data: load addr=00007790, load size=0000001e bytes, run addr=20002504, run size=00000042 bytes, compression=lzss
	.bss: load addr=000077c0, load size=00000008 bytes, run addr=20002270, run size=00000294 bytes, compression=zero_init
	.vtable: load addr=000077c8, load size=00000008 bytes, run addr=20000000, run size=0000026c bytes, compression=zero_init


LINKER GENERATED HANDLER TABLE

__TI_handler_table @ 000077b0 records: 3, size/record: 4, table size: 12
	index: 0, handler: __TI_zero_init
	index: 1, handler: __TI_decompress_lzss
	index: 2, handler: __TI_decompress_none


GLOBAL SYMBOLS: SORTED ALPHABETICALLY BY Name 

address   name                          
-------   ----                          
0000742d  C$$EXIT                       
000073f1  CPUcpsie                      
20002510  DONE                          
00001b61  GPIOF_Handler                 
000073c3  IntMasterEnable               
000071e1  IntRegister                   
00007409  ResetISR                      
000057d1  TIMER3_Handler                
00005059  UART1_Handler                 
000050b3  UART1_Receive                 
00005097  UART1_Transmit                
20001270  __STACK_END                   
00001000  __STACK_SIZE                  
20000470  __STACK_TOP                   
00001000  __SYSMEM_SIZE                 
000077d0  __TI_CINIT_Base               
000077e8  __TI_CINIT_Limit              
000077b0  __TI_Handler_Table_Base       
000077bc  __TI_Handler_Table_Limit      
00006fb5  __TI_auto_init_nobinit_nopinit
00006d57  __TI_decompress_lzss          
000073e3  __TI_decompress_none          
ffffffff  __TI_pprof_out_hndl           
00001cfd  __TI_printfi                  
ffffffff  __TI_prof_data_size           
ffffffff  __TI_prof_data_start          
00000000  __TI_static_base__            
000073fd  __TI_zero_init                
00006ae9  __aeabi_cdcmpeq               
00006ae9  __aeabi_cdcmple               
00006b6f  __aeabi_cdrcmple              
00006f6d  __aeabi_d2iz                  
00006ff9  __aeabi_d2uiz                 
00005af3  __aeabi_dadd                  
000061d9  __aeabi_ddiv                  
00006541  __aeabi_dmul                  
00005ae9  __aeabi_dsub                  
00007421  __aeabi_errno_addr            
000071a9  __aeabi_f2d                   
00007245  __aeabi_i2d                   
00005c9f  __aeabi_idiv0                 
00005c9f  __aeabi_ldiv0                 
00006bf5  __aeabi_memclr                
00006bf5  __aeabi_memclr4               
00006bf5  __aeabi_memclr8               
000069b7  __aeabi_memcpy                
000069b7  __aeabi_memcpy4               
000069b7  __aeabi_memcpy8               
00006bf7  __aeabi_memset                
00006bf7  __aeabi_memset4               
00006bf7  __aeabi_memset8               
00006a53  __aeabi_uldivmod              
ffffffff  __binit__                     
ffffffff  __c_args__                    
00003915  __kernel_rem_pio2             
00004c79  __kernel_tan                  
UNDEFED   __mpu_init                    
20000270  __stack                       
00007139  _c_int00_noargs               
00007588  _ctypes_                      
20002530  _lock                         
0000275b  _nop                          
20001270  _sys_memory                   
UNDEFED   _system_post_cinit            
00007429  _system_pre_init              
20002534  _unlock                       
0000742d  abort                         
0000600b  adc_conversion                
00005fdd  adc_read                      
00006f21  atoi                          
ffffffff  binit                         
000066d7  button_checkButtons           
200024d4  button_event_ptr              
000066e1  button_getButton              
0000663d  button_init                   
200024e0  button_num_ptr                
00005317  button_servo_move             
2000253c  calibration                   
00007273  calloc                        
200024e4  char_event_ptr                
00007375  copysign                      
00007375  copysignl                     
200024d8  currentDegree                 
20002545  edge                          
20002540  errno                         
20002504  event                         
200024e8  events                        
200024ec  fallingEdge                   
00006735  floor                         
00006735  floorl                        
0000682d  free                          
00006dc1  frexp                         
00006dc1  frexpl                        
20000000  g_pfnRAMVectors               
00000000  g_pfnVectors                  
00001b8d  getDegrees                    
0000191d  go_charge                     
000066bb  gpioe_handler                 
2000250c  i                             
200024f0  i_ptr                         
00005f51  init_ADC                      
00006667  init_button_interrupts        
000073d3  lcd_clear                     
000046ed  lcd_gotoLine                  
00004555  lcd_init                      
00004753  lcd_printf                    
00004615  lcd_putc                      
0000464d  lcd_puts                      
00004831  lcd_rotatingBanner            
0000466b  lcd_sendCommand               
000046a9  lcd_sendNibble                
00004715  lcd_setCursorPos              
00006431  ldexp                         
00006431  ldexpl                        
00006e7b  ltoa                          
0000311d  main                          
00006c71  malloc                        
000072e3  memccpy                       
000069b7  memcpy                        
00006bfd  memset                        
00007171  minit                         
00004b0d  move_backward                 
00004929  move_forward                  
00004919  move_init                     
20002538  multiplier                    
200024f4  num_objects                   
20002270  objects                       
00001261  oi_alloc                      
00001a47  oi_checkFirmware              
000012b7  oi_close                      
0000126d  oi_free                       
000012a1  oi_init                       
0000127d  oi_init_noupdate              
000018b3  oi_loadSong                   
0000732f  oi_parseInt                   
0000131b  oi_parsePacket                
00001909  oi_play_song                  
0000182d  oi_setLeds                    
00001871  oi_setWheels                  
00001aef  oi_shutoff_init               
0000192b  oi_uartInit                   
000019cf  oi_uartReceive                
00001a15  oi_uartSendBuff               
000019b3  oi_uartSendChar               
000019f7  oi_uartSendStr                
000012c9  oi_update                     
00005875  ping_getDistance              
00005741  ping_init                     
00005845  ping_read                     
0000581d  ping_send                     
00004a1d  plow_forward                  
0000275d  pow                           
0000275d  powl                          
200024f8  pulseLength                   
00005101  putty_display                 
0000516f  putty_display2                
200024fc  risingEdge                    
200024bc  s_data                        
20002500  s_data_ptr                    
20002508  s_event                       
00006431  scalbn                        
00006431  scalbnl                       
00000281  scan_area                     
00000e31  scan_goal                     
0000026d  scan_init                     
00000d1d  scan_quick                    
00004f91  serial_init                   
00005249  servo_init                    
000052cb  servo_move                    
0000703d  sprintf                       
00005ca1  sqrt                          
00005ca1  sqrtl                         
000072c5  strcat                        
0000735f  strchr                        
00007347  strcmp                        
00007389  strcpy                        
0000739d  strlen                        
0000404d  tan                           
0000404d  tanl                          
00005f09  timer_getClock                
00005ebd  timer_startClock              
00005e57  timer_startTimer              
00005f0f  timer_stopClock               
00005ea7  timer_stopTimer               
00005e2d  timer_waitMicros              
00005df9  timer_waitMillis              
00004bf9  turn_left                     
00004b89  turn_right                    
000050f1  uart_sendChar                 
000050d3  uart_sendStr                  
0000707d  vsnprintf                     
000073b1  wcslen                        


GLOBAL SYMBOLS: SORTED BY Symbol Address 

address   name                          
-------   ----                          
00000000  __TI_static_base__            
00000000  g_pfnVectors                  
0000026d  scan_init                     
00000281  scan_area                     
00000d1d  scan_quick                    
00000e31  scan_goal                     
00001000  __STACK_SIZE                  
00001000  __SYSMEM_SIZE                 
00001261  oi_alloc                      
0000126d  oi_free                       
0000127d  oi_init_noupdate              
000012a1  oi_init                       
000012b7  oi_close                      
000012c9  oi_update                     
0000131b  oi_parsePacket                
0000182d  oi_setLeds                    
00001871  oi_setWheels                  
000018b3  oi_loadSong                   
00001909  oi_play_song                  
0000191d  go_charge                     
0000192b  oi_uartInit                   
000019b3  oi_uartSendChar               
000019cf  oi_uartReceive                
000019f7  oi_uartSendStr                
00001a15  oi_uartSendBuff               
00001a47  oi_checkFirmware              
00001aef  oi_shutoff_init               
00001b61  GPIOF_Handler                 
00001b8d  getDegrees                    
00001cfd  __TI_printfi                  
0000275b  _nop                          
0000275d  pow                           
0000275d  powl                          
0000311d  main                          
00003915  __kernel_rem_pio2             
0000404d  tan                           
0000404d  tanl                          
00004555  lcd_init                      
00004615  lcd_putc                      
0000464d  lcd_puts                      
0000466b  lcd_sendCommand               
000046a9  lcd_sendNibble                
000046ed  lcd_gotoLine                  
00004715  lcd_setCursorPos              
00004753  lcd_printf                    
00004831  lcd_rotatingBanner            
00004919  move_init                     
00004929  move_forward                  
00004a1d  plow_forward                  
00004b0d  move_backward                 
00004b89  turn_right                    
00004bf9  turn_left                     
00004c79  __kernel_tan                  
00004f91  serial_init                   
00005059  UART1_Handler                 
00005097  UART1_Transmit                
000050b3  UART1_Receive                 
000050d3  uart_sendStr                  
000050f1  uart_sendChar                 
00005101  putty_display                 
0000516f  putty_display2                
00005249  servo_init                    
000052cb  servo_move                    
00005317  button_servo_move             
00005741  ping_init                     
000057d1  TIMER3_Handler                
0000581d  ping_send                     
00005845  ping_read                     
00005875  ping_getDistance              
00005ae9  __aeabi_dsub                  
00005af3  __aeabi_dadd                  
00005c9f  __aeabi_idiv0                 
00005c9f  __aeabi_ldiv0                 
00005ca1  sqrt                          
00005ca1  sqrtl                         
00005df9  timer_waitMillis              
00005e2d  timer_waitMicros              
00005e57  timer_startTimer              
00005ea7  timer_stopTimer               
00005ebd  timer_startClock              
00005f09  timer_getClock                
00005f0f  timer_stopClock               
00005f51  init_ADC                      
00005fdd  adc_read                      
0000600b  adc_conversion                
000061d9  __aeabi_ddiv                  
00006431  ldexp                         
00006431  ldexpl                        
00006431  scalbn                        
00006431  scalbnl                       
00006541  __aeabi_dmul                  
0000663d  button_init                   
00006667  init_button_interrupts        
000066bb  gpioe_handler                 
000066d7  button_checkButtons           
000066e1  button_getButton              
00006735  floor                         
00006735  floorl                        
0000682d  free                          
000069b7  __aeabi_memcpy                
000069b7  __aeabi_memcpy4               
000069b7  __aeabi_memcpy8               
000069b7  memcpy                        
00006a53  __aeabi_uldivmod              
00006ae9  __aeabi_cdcmpeq               
00006ae9  __aeabi_cdcmple               
00006b6f  __aeabi_cdrcmple              
00006bf5  __aeabi_memclr                
00006bf5  __aeabi_memclr4               
00006bf5  __aeabi_memclr8               
00006bf7  __aeabi_memset                
00006bf7  __aeabi_memset4               
00006bf7  __aeabi_memset8               
00006bfd  memset                        
00006c71  malloc                        
00006d57  __TI_decompress_lzss          
00006dc1  frexp                         
00006dc1  frexpl                        
00006e7b  ltoa                          
00006f21  atoi                          
00006f6d  __aeabi_d2iz                  
00006fb5  __TI_auto_init_nobinit_nopinit
00006ff9  __aeabi_d2uiz                 
0000703d  sprintf                       
0000707d  vsnprintf                     
00007139  _c_int00_noargs               
00007171  minit                         
000071a9  __aeabi_f2d                   
000071e1  IntRegister                   
00007245  __aeabi_i2d                   
00007273  calloc                        
000072c5  strcat                        
000072e3  memccpy                       
0000732f  oi_parseInt                   
00007347  strcmp                        
0000735f  strchr                        
00007375  copysign                      
00007375  copysignl                     
00007389  strcpy                        
0000739d  strlen                        
000073b1  wcslen                        
000073c3  IntMasterEnable               
000073d3  lcd_clear                     
000073e3  __TI_decompress_none          
000073f1  CPUcpsie                      
000073fd  __TI_zero_init                
00007409  ResetISR                      
00007421  __aeabi_errno_addr            
00007429  _system_pre_init              
0000742d  C$$EXIT                       
0000742d  abort                         
00007588  _ctypes_                      
000077b0  __TI_Handler_Table_Base       
000077bc  __TI_Handler_Table_Limit      
000077d0  __TI_CINIT_Base               
000077e8  __TI_CINIT_Limit              
20000000  g_pfnRAMVectors               
20000270  __stack                       
20000470  __STACK_TOP                   
20001270  __STACK_END                   
20001270  _sys_memory                   
20002270  objects                       
200024bc  s_data                        
200024d4  button_event_ptr              
200024d8  currentDegree                 
200024e0  button_num_ptr                
200024e4  char_event_ptr                
200024e8  events                        
200024ec  fallingEdge                   
200024f0  i_ptr                         
200024f4  num_objects                   
200024f8  pulseLength                   
200024fc  risingEdge                    
20002500  s_data_ptr                    
20002504  event                         
20002508  s_event                       
2000250c  i                             
20002510  DONE                          
20002530  _lock                         
20002534  _unlock                       
20002538  multiplier                    
2000253c  calibration                   
20002540  errno                         
20002545  edge                          
ffffffff  __TI_pprof_out_hndl           
ffffffff  __TI_prof_data_size           
ffffffff  __TI_prof_data_start          
ffffffff  __binit__                     
ffffffff  __c_args__                    
ffffffff  binit                         
UNDEFED   __mpu_init                    
UNDEFED   _system_post_cinit            

[192 symbols]
