******************************************************************************
                  TI ARM Linker PC v18.1.2                     
******************************************************************************
>> Linked Sun Apr 21 20:19:28 2019

OUTPUT FILE NAME:   <Final Project.out>
ENTRY POINT SYMBOL: "_c_int00_noargs"  address: 00004861


MEMORY CONFIGURATION

         name            origin    length      used     unused   attr    fill
----------------------  --------  ---------  --------  --------  ----  --------
  FLASH                 00000000   00040000  00004d03  0003b2fd  R  X
  SRAM                  20000000   00008000  00002922  000056de  RW X


SEGMENT ALLOCATION MAP

run origin  load origin   length   init length attrs members
----------  ----------- ---------- ----------- ----- -------
00000000    00000000    00004d08   00004d08    r-x
  00000000    00000000    0000026c   0000026c    r-- .intvecs
  0000026c    0000026c    000048ec   000048ec    r-x .text
  00004b58    00004b58    0000014b   0000014b    r-- .const
  00004ca8    00004ca8    00000060   00000060    r-- .cinit
20000000    20000000    00002926   00000000    rw-
  20000000    20000000    0000026c   00000000    rw- .vtable
  20000270    20000270    00001000   00000000    rw- .stack
  20001270    20001270    00001000   00000000    rw- .sysmem
  20002270    20002270    00000650   00000000    rw- .bss
  200028c0    200028c0    00000066   00000000    rw- .data


SECTION ALLOCATION MAP

 output                                  attributes/
section   page    origin      length       input sections
--------  ----  ----------  ----------   ----------------
.intvecs   0    00000000    0000026c     
                  00000000    0000026c     tm4c123gh6pm_startup_ccs.obj (.intvecs)

.text      0    0000026c    000048ec     
                  0000026c    00000a9c     open_interface.obj (.text)
                  00000d08    00000a5e     rtsv7M4_T_le_v4SPD16_eabi.lib : _printfi.c.obj (.text:__TI_printfi)
                  00001766    00000002                                   : _lock.c.obj (.text:_nop)
                  00001768    000009c0                                   : e_pow.c.obj (.text:pow)
                  00002128    000003c4     lcd.obj (.text)
                  000024ec    000002b8     uart.obj (.text)
                  000027a4    00000288     servo.obj (.text)
                  00002a2c    00000270     rtsv7M4_T_le_v4SPD16_eabi.lib : _printfi.c.obj (.text:_pconv_a)
                  00002c9c    000001d8     ping.obj (.text)
                  00002e74    000001d0     rtsv7M4_T_le_v4SPD16_eabi.lib : _printfi.c.obj (.text:_pconv_g)
                  00003044    000001bc     l1_main.obj (.text)
                  00003200    000001b6     rtsv7M4_T_le_v4SPD16_eabi.lib : fd_add_t2.asm.obj (.text)
                  000033b6    00000002                                   : div0.asm.obj (.text)
                  000033b8    00000158                                   : e_sqrt.c.obj (.text:sqrt)
                  00003510    00000158     timer.obj (.text)
                  00003668    0000014c     adc.obj (.text)
                  000037b4    00000148     button.obj (.text)
                  000038fc    0000013c     rtsv7M4_T_le_v4SPD16_eabi.lib : _printfi.c.obj (.text:_pconv_e)
                  00003a38    00000136                                   : fd_div_t2.asm.obj (.text)
                  00003b6e    00000002     --HOLE-- [fill = 0]
                  00003b70    00000120                                   : _printfi.c.obj (.text:fcvt)
                  00003c90    00000110                                   : s_scalbn.c.obj (.text:scalbn)
                  00003da0    000000fc                                   : fd_mul_t2.asm.obj (.text)
                  00003e9c    000000d8                                   : memory.c.obj (.text:free)
                  00003f74    000000b1                                   : _printfi.c.obj (.text:_ltostr)
                  00004025    00000001     --HOLE-- [fill = 0]
                  00004026    0000009c                                   : memcpy_t2.asm.obj (.text)
                  000040c2    00000096                                   : ull_div_t2.asm.obj (.text)
                  00004158    00000086                                   : fd_cmp_t2.asm.obj (.text:__aeabi_cdcmple)
                  000041de    00000086                                   : fd_cmp_t2.asm.obj (.text:__aeabi_cdrcmple)
                  00004264    0000007a                                   : memset_t2.asm.obj (.text)
                  000042de    00000002     --HOLE-- [fill = 0]
                  000042e0    00000078                                   : memory.c.obj (.text:malloc)
                  00004358    0000006e                                   : _printfi.c.obj (.text:_mcpy)
                  000043c6    0000006e                                   : fd_tos_t2.asm.obj (.text)
                  00004434    00000068                                   : copy_decompress_lzss.c.obj (.text:decompress:lzss:__TI_decompress_lzss)
                  0000449c    00000064                                   : s_frexp.c.obj (.text:frexp)
                  00004500    00000056                                   : _printfi.c.obj (.text:_pconv_f)
                  00004556    00000054                                   : ltoa.c.obj (.text:ltoa)
                  000045aa    00000052                                   : _printfi.c.obj (.text:_ecpy)
                  000045fc    0000004c                                   : atoi.c.obj (.text:atoi)
                  00004648    0000004c     data.obj (.text)
                  00004694    00000048     rtsv7M4_T_le_v4SPD16_eabi.lib : fd_toi_t2.asm.obj (.text)
                  000046dc    00000044                                   : autoinit.c.obj (.text:__TI_auto_init_nobinit_nopinit:__TI_auto_init_nobinit_nopinit)
                  00004720    00000044                                   : fd_tou_t2.asm.obj (.text)
                  00004764    00000040                                   : sprintf.c.obj (.text:sprintf)
                  000047a4    00000040                                   : vsnprintf.c.obj (.text:vsnprintf)
                  000047e4    0000003e                                   : _printfi.c.obj (.text:_fcpy)
                  00004822    00000002     --HOLE-- [fill = 0]
                  00004824    0000003c                                   : memory.c.obj (.text:minsert)
                  00004860    00000038                                   : boot_cortex_m.c.obj (.text:_c_int00_noargs:_c_int00_noargs)
                  00004898    00000038                                   : memory.c.obj (.text:minit)
                  000048d0    00000038                                   : fs_tod_t2.asm.obj (.text)
                  00004908    00000034     driverlib.lib : interrupt.obj (.text:IntRegister)
                  0000493c    00000030     rtsv7M4_T_le_v4SPD16_eabi.lib : vsnprintf.c.obj (.text:_outs)
                  0000496c    0000002e                                   : i_tofd_t2.asm.obj (.text)
                  0000499a    0000002a                                   : memory.c.obj (.text:calloc)
                  000049c4    00000028                                   : memory.c.obj (.text:mremove)
                  000049ec    0000001e                                   : strcat.c.obj (.text:strcat)
                  00004a0a    0000001c                                   : memccpy.c.obj (.text:memccpy)
                  00004a26    00000018                                   : vsnprintf.c.obj (.text:_outc)
                  00004a3e    00000018                                   : sprintf.c.obj (.text:_outs)
                  00004a56    00000018     open_interface.obj (.text:oi_parseInt)
                  00004a6e    00000018     rtsv7M4_T_le_v4SPD16_eabi.lib : strcmp.c.obj (.text:strcmp)
                  00004a86    00000016                                   : strchr.c.obj (.text:strchr)
                  00004a9c    00000014                                   : s_copysign.c.obj (.text:copysign)
                  00004ab0    00000014                                   : strcpy.c.obj (.text:strcpy)
                  00004ac4    00000014                                   : strlen.c.obj (.text:strlen)
                  00004ad8    00000012                                   : wcslen.c.obj (.text:wcslen)
                  00004aea    00000010     driverlib.lib : interrupt.obj (.text:IntMasterEnable)
                  00004afa    00000010     lcd.obj (.text:lcd_clear)
                  00004b0a    0000000e     rtsv7M4_T_le_v4SPD16_eabi.lib : copy_decompress_none.c.obj (.text:decompress:none:__TI_decompress_none)
                  00004b18    0000000c     driverlib.lib : cpu.obj (.text:CPUcpsie)
                  00004b24    0000000c     rtsv7M4_T_le_v4SPD16_eabi.lib : copy_zero_init.c.obj (.text:decompress:ZI:__TI_zero_init)
                  00004b30    0000000c     tm4c123gh6pm_startup_ccs.obj (.text)
                  00004b3c    0000000a     rtsv7M4_T_le_v4SPD16_eabi.lib : sprintf.c.obj (.text:_outc)
                  00004b46    00000002     --HOLE-- [fill = 0]
                  00004b48    00000008                                   : errno.c.obj (.text:__aeabi_errno_addr)
                  00004b50    00000004                                   : pre_init.c.obj (.text:_system_pre_init)
                  00004b54    00000004                                   : exit.c.obj (.text:abort:abort)

.const     0    00004b58    0000014b     
                  00004b58    00000101     rtsv7M4_T_le_v4SPD16_eabi.lib : ctype.c.obj (.const:.string:_ctypes_)
                  00004c59    00000004     lcd.obj (.const:.string:lineAddress$1)
                  00004c5d    00000003     --HOLE-- [fill = 0]
                  00004c60    00000030     rtsv7M4_T_le_v4SPD16_eabi.lib : e_pow.c.obj (.const:$O1$$)
                  00004c90    0000000f     open_interface.obj (.const:.string:$P$T0$3)
                  00004c9f    00000004     lcd.obj (.const:.string:lineAddresses$2)

.cinit     0    00004ca8    00000060     
                  00004ca8    00000027     (.cinit..data.load) [load image, compression = lzss]
                  00004ccf    00000001     --HOLE-- [fill = 0]
                  00004cd0    0000000c     (__TI_handler_table)
                  00004cdc    00000004     --HOLE-- [fill = 0]
                  00004ce0    00000008     (.cinit..bss.load) [load image, compression = zero_init]
                  00004ce8    00000008     (.cinit..vtable.load) [load image, compression = zero_init]
                  00004cf0    00000018     (__TI_cinit_table)

.init_array 
*          0    00000000    00000000     UNINITIALIZED

.vtable    0    20000000    0000026c     UNINITIALIZED
                  20000000    0000026c     driverlib.lib : interrupt.obj (.vtable)

.stack     0    20000270    00001000     UNINITIALIZED
                  20000270    00000004     rtsv7M4_T_le_v4SPD16_eabi.lib : boot_cortex_m.c.obj (.stack)
                  20000274    00000ffc     --HOLE--

.sysmem    0    20001270    00001000     UNINITIALIZED
                  20001270    00000008     rtsv7M4_T_le_v4SPD16_eabi.lib : memory.c.obj (.sysmem)
                  20001278    00000ff8     --HOLE--

.bss       0    20002270    00000650     UNINITIALIZED
                  20002270    000005a0     (.common:data)
                  20002810    00000054     lcd.obj (.bss:lastbuffer$3)
                  20002864    00000018     open_interface.obj (.bss:firmware$2)
                  2000287c    00000018     (.common:s_data)
                  20002894    00000004     (.common:button_event_ptr)
                  20002898    00000008     (.common:currentDegree)
                  200028a0    00000004     (.common:button_num_ptr)
                  200028a4    00000004     (.common:char_event_ptr)
                  200028a8    00000004     (.common:fallingEdge)
                  200028ac    00000004     (.common:i)
                  200028b0    00000004     (.common:i_ptr)
                  200028b4    00000004     (.common:pulseLength)
                  200028b8    00000004     (.common:risingEdge)
                  200028bc    00000004     (.common:s_data_ptr)

.data      0    200028c0    00000066     UNINITIALIZED
                  200028c0    00000034     l1_main.obj (.data)
                  200028f4    00000010     open_interface.obj (.data)
                  20002904    0000000c     rtsv7M4_T_le_v4SPD16_eabi.lib : memory.c.obj (.data:$O1$$)
                  20002910    00000008                                   : _lock.c.obj (.data:$O1$$)
                  20002918    00000008     servo.obj (.data)
                  20002920    00000004     rtsv7M4_T_le_v4SPD16_eabi.lib : errno.c.obj (.data)
                  20002924    00000001     button.obj (.data)
                  20002925    00000001     ping.obj (.data)

MODULE SUMMARY

       Module                         code    ro data   rw data
       ------                         ----    -------   -------
    .\
       open_interface.obj             2740    15        40     
       l1_main.obj                    444     0         1540   
       lcd.obj                        980     8         84     
       uart.obj                       696     0         12     
       servo.obj                      648     0         8      
       tm4c123gh6pm_startup_ccs.obj   12      620       0      
       ping.obj                       472     0         1      
       timer.obj                      344     0         0      
       button.obj                     328     0         9      
       adc.obj                        332     0         0      
       data.obj                       76      0         0      
    +--+------------------------------+-------+---------+---------+
       Total:                         7072    643       1694   
                                                               
    C:/ti/TivaWare_C_Series-2.1.4.178/driverlib/ccs/Debug/driverlib.lib
       interrupt.obj                  68      0         620    
       cpu.obj                        12      0         0      
    +--+------------------------------+-------+---------+---------+
       Total:                         80      0         620    
                                                               
    C:\ti\ccsv8\tools\compiler\ti-cgt-arm_18.1.2.LTS\lib\rtsv7M4_T_le_v4SPD16_eabi.lib
       _printfi.c.obj                 4863    0         0      
       e_pow.c.obj                    2496    48        0      
       memory.c.obj                   534     0         12     
       fd_add_t2.asm.obj              438     0         0      
       e_sqrt.c.obj                   344     0         0      
       fd_div_t2.asm.obj              310     0         0      
       s_scalbn.c.obj                 272     0         0      
       fd_cmp_t2.asm.obj              268     0         0      
       ctype.c.obj                    0       257       0      
       fd_mul_t2.asm.obj              252     0         0      
       memcpy_t2.asm.obj              156     0         0      
       ull_div_t2.asm.obj             150     0         0      
       vsnprintf.c.obj                136     0         0      
       memset_t2.asm.obj              122     0         0      
       fd_tos_t2.asm.obj              110     0         0      
       copy_decompress_lzss.c.obj     104     0         0      
       s_frexp.c.obj                  100     0         0      
       sprintf.c.obj                  98      0         0      
       ltoa.c.obj                     84      0         0      
       atoi.c.obj                     76      0         0      
       fd_toi_t2.asm.obj              72      0         0      
       autoinit.c.obj                 68      0         0      
       fd_tou_t2.asm.obj              68      0         0      
       boot_cortex_m.c.obj            56      0         0      
       fs_tod_t2.asm.obj              56      0         0      
       i_tofd_t2.asm.obj              46      0         0      
       strcat.c.obj                   30      0         0      
       memccpy.c.obj                  28      0         0      
       strcmp.c.obj                   24      0         0      
       strchr.c.obj                   22      0         0      
       s_copysign.c.obj               20      0         0      
       strcpy.c.obj                   20      0         0      
       strlen.c.obj                   20      0         0      
       wcslen.c.obj                   18      0         0      
       copy_decompress_none.c.obj     14      0         0      
       copy_zero_init.c.obj           12      0         0      
       errno.c.obj                    8       0         4      
       _lock.c.obj                    2       0         8      
       exit.c.obj                     4       0         0      
       pre_init.c.obj                 4       0         0      
       div0.asm.obj                   2       0         0      
    +--+------------------------------+-------+---------+---------+
       Total:                         11507   305       24     
                                                               
       Heap:                          0       0         4096   
       Stack:                         0       0         4096   
       Linker Generated:              0       91        0      
    +--+------------------------------+-------+---------+---------+
       Grand Total:                   18659   1039      10530  


LINKER GENERATED COPY TABLES

__TI_cinit_table @ 00004cf0 records: 3, size/record: 8, table size: 24
	.data: load addr=00004ca8, load size=00000027 bytes, run addr=200028c0, run size=00000066 bytes, compression=lzss
	.bss: load addr=00004ce0, load size=00000008 bytes, run addr=20002270, run size=00000650 bytes, compression=zero_init
	.vtable: load addr=00004ce8, load size=00000008 bytes, run addr=20000000, run size=0000026c bytes, compression=zero_init


LINKER GENERATED HANDLER TABLE

__TI_handler_table @ 00004cd0 records: 3, size/record: 4, table size: 12
	index: 0, handler: __TI_zero_init
	index: 1, handler: __TI_decompress_lzss
	index: 2, handler: __TI_decompress_none


GLOBAL SYMBOLS: SORTED ALPHABETICALLY BY Name 

address   name                          
-------   ----                          
00004b55  C$$EXIT                       
00004b19  CPUcpsie                      
00000b6d  GPIOF_Handler                 
00004aeb  IntMasterEnable               
00004909  IntRegister                   
00004b31  ResetISR                      
00002d2d  TIMER3_Handler                
000025b5  UART1_Handler                 
0000260f  UART1_Receive                 
000025f3  UART1_Transmit                
20001270  __STACK_END                   
00001000  __STACK_SIZE                  
20000470  __STACK_TOP                   
00001000  __SYSMEM_SIZE                 
00004cf0  __TI_CINIT_Base               
00004d08  __TI_CINIT_Limit              
00004cd0  __TI_Handler_Table_Base       
00004cdc  __TI_Handler_Table_Limit      
000046dd  __TI_auto_init_nobinit_nopinit
00004435  __TI_decompress_lzss          
00004b0b  __TI_decompress_none          
ffffffff  __TI_pprof_out_hndl           
00000d09  __TI_printfi                  
ffffffff  __TI_prof_data_size           
ffffffff  __TI_prof_data_start          
00000000  __TI_static_base__            
00004b25  __TI_zero_init                
00004159  __aeabi_cdcmpeq               
00004159  __aeabi_cdcmple               
000041df  __aeabi_cdrcmple              
000043c7  __aeabi_d2f                   
00004695  __aeabi_d2iz                  
00004721  __aeabi_d2uiz                 
0000320b  __aeabi_dadd                  
00003a39  __aeabi_ddiv                  
00003da1  __aeabi_dmul                  
00003201  __aeabi_dsub                  
00004b49  __aeabi_errno_addr            
000048d1  __aeabi_f2d                   
0000496d  __aeabi_i2d                   
000033b7  __aeabi_idiv0                 
000033b7  __aeabi_ldiv0                 
00004265  __aeabi_memclr                
00004265  __aeabi_memclr4               
00004265  __aeabi_memclr8               
00004027  __aeabi_memcpy                
00004027  __aeabi_memcpy4               
00004027  __aeabi_memcpy8               
00004267  __aeabi_memset                
00004267  __aeabi_memset4               
00004267  __aeabi_memset8               
000040c3  __aeabi_uldivmod              
ffffffff  __binit__                     
ffffffff  __c_args__                    
UNDEFED   __mpu_init                    
20000270  __stack                       
00004861  _c_int00_noargs               
00004b58  _ctypes_                      
20002910  _lock                         
00001767  _nop                          
20001270  _sys_memory                   
UNDEFED   _system_post_cinit            
00004b51  _system_pre_init              
20002914  _unlock                       
00004b55  abort                         
00003723  adc_conversion                
000036f5  adc_read                      
000045fd  atoi                          
ffffffff  binit                         
0000384f  button_checkButtons           
20002894  button_event_ptr              
00003859  button_getButton              
000037b5  button_init                   
200028a0  button_num_ptr                
00002873  button_servo_move             
2000291c  calibration                   
0000499b  calloc                        
200028c0  char_event                    
200028a4  char_event_ptr                
00004a9d  copysign                      
00004a9d  copysignl                     
20002898  currentDegree                 
20002270  data                          
200028d0  degree_count                  
200028c8  direction                     
20002925  edge                          
200028e4  ending_angle                  
20002920  errno                         
200028a8  fallingEdge                   
00003e9d  free                          
0000449d  frexp                         
0000449d  frexpl                        
20000000  g_pfnRAMVectors               
00000000  g_pfnVectors                  
00000b99  getDegrees                    
00000929  go_charge                     
00003833  gpioe_handler                 
200028ac  i                             
200028b0  i_ptr                         
00003669  init_ADC                      
000037df  init_button_interrupts        
00004afb  lcd_clear                     
000022c1  lcd_gotoLine                  
00002129  lcd_init                      
00002327  lcd_printf                    
000021e9  lcd_putc                      
00002221  lcd_puts                      
00002405  lcd_rotatingBanner            
0000223f  lcd_sendCommand               
0000227d  lcd_sendNibble                
000022e9  lcd_setCursorPos              
00003c91  ldexp                         
00003c91  ldexpl                        
00004557  ltoa                          
00003045  main                          
000042e1  malloc                        
00004a0b  memccpy                       
00004027  memcpy                        
0000426d  memset                        
00004899  minit                         
20002918  multiplier                    
200028cc  obj_see                       
00004649  object_Distance               
0000026d  oi_alloc                      
00000a53  oi_checkFirmware              
000002c3  oi_close                      
00000279  oi_free                       
000002ad  oi_init                       
00000289  oi_init_noupdate              
000008bf  oi_loadSong                   
00004a57  oi_parseInt                   
00000327  oi_parsePacket                
00000915  oi_play_song                  
00000839  oi_setLeds                    
0000087d  oi_setWheels                  
00000afb  oi_shutoff_init               
00000937  oi_uartInit                   
000009db  oi_uartReceive                
00000a21  oi_uartSendBuff               
000009bf  oi_uartSendChar               
00000a03  oi_uartSendStr                
000002d5  oi_update                     
00002dd1  ping_getDistance              
00002c9d  ping_init                     
00002da1  ping_read                     
00002d79  ping_send                     
00001769  pow                           
00001769  powl                          
200028b4  pulseLength                   
0000265d  putty_display                 
000026cb  putty_display2                
200028b8  risingEdge                    
2000287c  s_data                        
200028bc  s_data_ptr                    
00003c91  scalbn                        
00003c91  scalbnl                       
200028f0  scan_done                     
200028c4  ser_total                     
000024ed  serial_init                   
000027a5  servo_init                    
00002827  servo_move                    
200028d8  smallest_degree               
200028e8  smallest_dist_width           
200028dc  smallest_obj_num              
00004765  sprintf                       
000033b9  sqrt                          
000033b9  sqrtl                         
200028e0  starting_angle                
000049ed  strcat                        
00004a87  strchr                        
00004a6f  strcmp                        
00004ab1  strcpy                        
00004ac5  strlen                        
00003621  timer_getClock                
000035d5  timer_startClock              
0000356f  timer_startTimer              
00003627  timer_stopClock               
000035bf  timer_stopTimer               
00003545  timer_waitMicros              
00003511  timer_waitMillis              
200028d4  total_obj_count               
0000264d  uart_sendChar                 
0000262f  uart_sendStr                  
000047a5  vsnprintf                     
00004ad9  wcslen                        


GLOBAL SYMBOLS: SORTED BY Symbol Address 

address   name                          
-------   ----                          
00000000  __TI_static_base__            
00000000  g_pfnVectors                  
0000026d  oi_alloc                      
00000279  oi_free                       
00000289  oi_init_noupdate              
000002ad  oi_init                       
000002c3  oi_close                      
000002d5  oi_update                     
00000327  oi_parsePacket                
00000839  oi_setLeds                    
0000087d  oi_setWheels                  
000008bf  oi_loadSong                   
00000915  oi_play_song                  
00000929  go_charge                     
00000937  oi_uartInit                   
000009bf  oi_uartSendChar               
000009db  oi_uartReceive                
00000a03  oi_uartSendStr                
00000a21  oi_uartSendBuff               
00000a53  oi_checkFirmware              
00000afb  oi_shutoff_init               
00000b6d  GPIOF_Handler                 
00000b99  getDegrees                    
00000d09  __TI_printfi                  
00001000  __STACK_SIZE                  
00001000  __SYSMEM_SIZE                 
00001767  _nop                          
00001769  pow                           
00001769  powl                          
00002129  lcd_init                      
000021e9  lcd_putc                      
00002221  lcd_puts                      
0000223f  lcd_sendCommand               
0000227d  lcd_sendNibble                
000022c1  lcd_gotoLine                  
000022e9  lcd_setCursorPos              
00002327  lcd_printf                    
00002405  lcd_rotatingBanner            
000024ed  serial_init                   
000025b5  UART1_Handler                 
000025f3  UART1_Transmit                
0000260f  UART1_Receive                 
0000262f  uart_sendStr                  
0000264d  uart_sendChar                 
0000265d  putty_display                 
000026cb  putty_display2                
000027a5  servo_init                    
00002827  servo_move                    
00002873  button_servo_move             
00002c9d  ping_init                     
00002d2d  TIMER3_Handler                
00002d79  ping_send                     
00002da1  ping_read                     
00002dd1  ping_getDistance              
00003045  main                          
00003201  __aeabi_dsub                  
0000320b  __aeabi_dadd                  
000033b7  __aeabi_idiv0                 
000033b7  __aeabi_ldiv0                 
000033b9  sqrt                          
000033b9  sqrtl                         
00003511  timer_waitMillis              
00003545  timer_waitMicros              
0000356f  timer_startTimer              
000035bf  timer_stopTimer               
000035d5  timer_startClock              
00003621  timer_getClock                
00003627  timer_stopClock               
00003669  init_ADC                      
000036f5  adc_read                      
00003723  adc_conversion                
000037b5  button_init                   
000037df  init_button_interrupts        
00003833  gpioe_handler                 
0000384f  button_checkButtons           
00003859  button_getButton              
00003a39  __aeabi_ddiv                  
00003c91  ldexp                         
00003c91  ldexpl                        
00003c91  scalbn                        
00003c91  scalbnl                       
00003da1  __aeabi_dmul                  
00003e9d  free                          
00004027  __aeabi_memcpy                
00004027  __aeabi_memcpy4               
00004027  __aeabi_memcpy8               
00004027  memcpy                        
000040c3  __aeabi_uldivmod              
00004159  __aeabi_cdcmpeq               
00004159  __aeabi_cdcmple               
000041df  __aeabi_cdrcmple              
00004265  __aeabi_memclr                
00004265  __aeabi_memclr4               
00004265  __aeabi_memclr8               
00004267  __aeabi_memset                
00004267  __aeabi_memset4               
00004267  __aeabi_memset8               
0000426d  memset                        
000042e1  malloc                        
000043c7  __aeabi_d2f                   
00004435  __TI_decompress_lzss          
0000449d  frexp                         
0000449d  frexpl                        
00004557  ltoa                          
000045fd  atoi                          
00004649  object_Distance               
00004695  __aeabi_d2iz                  
000046dd  __TI_auto_init_nobinit_nopinit
00004721  __aeabi_d2uiz                 
00004765  sprintf                       
000047a5  vsnprintf                     
00004861  _c_int00_noargs               
00004899  minit                         
000048d1  __aeabi_f2d                   
00004909  IntRegister                   
0000496d  __aeabi_i2d                   
0000499b  calloc                        
000049ed  strcat                        
00004a0b  memccpy                       
00004a57  oi_parseInt                   
00004a6f  strcmp                        
00004a87  strchr                        
00004a9d  copysign                      
00004a9d  copysignl                     
00004ab1  strcpy                        
00004ac5  strlen                        
00004ad9  wcslen                        
00004aeb  IntMasterEnable               
00004afb  lcd_clear                     
00004b0b  __TI_decompress_none          
00004b19  CPUcpsie                      
00004b25  __TI_zero_init                
00004b31  ResetISR                      
00004b49  __aeabi_errno_addr            
00004b51  _system_pre_init              
00004b55  C$$EXIT                       
00004b55  abort                         
00004b58  _ctypes_                      
00004cd0  __TI_Handler_Table_Base       
00004cdc  __TI_Handler_Table_Limit      
00004cf0  __TI_CINIT_Base               
00004d08  __TI_CINIT_Limit              
20000000  g_pfnRAMVectors               
20000270  __stack                       
20000470  __STACK_TOP                   
20001270  __STACK_END                   
20001270  _sys_memory                   
20002270  data                          
2000287c  s_data                        
20002894  button_event_ptr              
20002898  currentDegree                 
200028a0  button_num_ptr                
200028a4  char_event_ptr                
200028a8  fallingEdge                   
200028ac  i                             
200028b0  i_ptr                         
200028b4  pulseLength                   
200028b8  risingEdge                    
200028bc  s_data_ptr                    
200028c0  char_event                    
200028c4  ser_total                     
200028c8  direction                     
200028cc  obj_see                       
200028d0  degree_count                  
200028d4  total_obj_count               
200028d8  smallest_degree               
200028dc  smallest_obj_num              
200028e0  starting_angle                
200028e4  ending_angle                  
200028e8  smallest_dist_width           
200028f0  scan_done                     
20002910  _lock                         
20002914  _unlock                       
20002918  multiplier                    
2000291c  calibration                   
20002920  errno                         
20002925  edge                          
ffffffff  __TI_pprof_out_hndl           
ffffffff  __TI_prof_data_size           
ffffffff  __TI_prof_data_start          
ffffffff  __binit__                     
ffffffff  __c_args__                    
ffffffff  binit                         
UNDEFED   __mpu_init                    
UNDEFED   _system_post_cinit            

[185 symbols]
