******************************************************************************
                  TI ARM Linker PC v18.1.2                     
******************************************************************************
>> Linked Fri Apr 19 21:12:44 2019

OUTPUT FILE NAME:   <Final Project.out>
ENTRY POINT SYMBOL: "_c_int00_noargs"  address: 00003405


MEMORY CONFIGURATION

         name            origin    length      used     unused   attr    fill
----------------------  --------  ---------  --------  --------  ----  --------
  FLASH                 00000000   00040000  00003834  0003c7cc  R  X
  SRAM                  20000000   00008000  00002300  00005d00  RW X


SEGMENT ALLOCATION MAP

run origin  load origin   length   init length attrs members
----------  ----------- ---------- ----------- ----- -------
00000000    00000000    00003838   00003838    r-x
  00000000    00000000    0000026c   0000026c    r-- .intvecs
  0000026c    0000026c    00003460   00003460    r-x .text
  000036cc    000036cc    00000118   00000118    r-- .const
  000037e8    000037e8    00000050   00000050    r-- .cinit
20000000    20000000    00002304   00000000    rw-
  20000000    20000000    0000026c   00000000    rw- .vtable
  20000270    20000270    00001000   00000000    rw- .stack
  20001270    20001270    00001000   00000000    rw- .sysmem
  20002270    20002270    0000006c   00000000    rw- .bss
  200022dc    200022dc    00000028   00000000    rw- .data


SECTION ALLOCATION MAP

 output                                  attributes/
section   page    origin      length       input sections
--------  ----  ----------  ----------   ----------------
.intvecs   0    00000000    0000026c     
                  00000000    0000026c     tm4c123gh6pm_startup_ccs.obj (.intvecs)

.text      0    0000026c    00003460     
                  0000026c    00000a9c     open_interface.obj (.text)
                  00000d08    00000a5e     rtsv7M4_T_le_v4SPD16_eabi.lib : _printfi.c.obj (.text:__TI_printfi)
                  00001766    00000002                                   : _lock.c.obj (.text:_nop)
                  00001768    000003c4     lcd.obj (.text)
                  00001b2c    00000360     movement.obj (.text)
                  00001e8c    00000270     rtsv7M4_T_le_v4SPD16_eabi.lib : _printfi.c.obj (.text:_pconv_a)
                  000020fc    000001d0                                   : _printfi.c.obj (.text:_pconv_g)
                  000022cc    000001b6                                   : fd_add_t2.asm.obj (.text)
                  00002482    00000002                                   : div0.asm.obj (.text)
                  00002484    00000158     timer.obj (.text)
                  000025dc    0000013c     rtsv7M4_T_le_v4SPD16_eabi.lib : _printfi.c.obj (.text:_pconv_e)
                  00002718    00000136                                   : fd_div_t2.asm.obj (.text)
                  0000284e    00000002     --HOLE-- [fill = 0]
                  00002850    00000120                                   : _printfi.c.obj (.text:fcvt)
                  00002970    00000110                                   : s_scalbn.c.obj (.text:scalbn)
                  00002a80    000000fc                                   : fd_mul_t2.asm.obj (.text)
                  00002b7c    000000d8                                   : memory.c.obj (.text:free)
                  00002c54    000000b1                                   : _printfi.c.obj (.text:_ltostr)
                  00002d05    00000001     --HOLE-- [fill = 0]
                  00002d06    0000009c                                   : memcpy_t2.asm.obj (.text)
                  00002da2    00000096                                   : ull_div_t2.asm.obj (.text)
                  00002e38    00000086                                   : fd_cmp_t2.asm.obj (.text:__aeabi_cdcmple)
                  00002ebe    00000086                                   : fd_cmp_t2.asm.obj (.text:__aeabi_cdrcmple)
                  00002f44    0000007a                                   : memset_t2.asm.obj (.text)
                  00002fbe    00000002     --HOLE-- [fill = 0]
                  00002fc0    00000078                                   : memory.c.obj (.text:malloc)
                  00003038    0000006e                                   : _printfi.c.obj (.text:_mcpy)
                  000030a6    00000068                                   : copy_decompress_lzss.c.obj (.text:decompress:lzss:__TI_decompress_lzss)
                  0000310e    00000002     --HOLE-- [fill = 0]
                  00003110    00000064                                   : s_frexp.c.obj (.text:frexp)
                  00003174    00000056                                   : _printfi.c.obj (.text:_pconv_f)
                  000031ca    00000054                                   : ltoa.c.obj (.text:ltoa)
                  0000321e    00000052                                   : _printfi.c.obj (.text:_ecpy)
                  00003270    0000004c                                   : atoi.c.obj (.text:atoi)
                  000032bc    00000048                                   : fd_toi_t2.asm.obj (.text)
                  00003304    00000044                                   : autoinit.c.obj (.text:__TI_auto_init_nobinit_nopinit:__TI_auto_init_nobinit_nopinit)
                  00003348    00000040                                   : vsnprintf.c.obj (.text:vsnprintf)
                  00003388    0000003e                                   : _printfi.c.obj (.text:_fcpy)
                  000033c6    00000002     --HOLE-- [fill = 0]
                  000033c8    0000003c                                   : memory.c.obj (.text:minsert)
                  00003404    00000038                                   : boot_cortex_m.c.obj (.text:_c_int00_noargs:_c_int00_noargs)
                  0000343c    00000038                                   : memory.c.obj (.text:minit)
                  00003474    00000034     driverlib.lib : interrupt.obj (.text:IntRegister)
                  000034a8    00000030     rtsv7M4_T_le_v4SPD16_eabi.lib : vsnprintf.c.obj (.text:_outs)
                  000034d8    0000002e                                   : i_tofd_t2.asm.obj (.text)
                  00003506    0000002a                                   : memory.c.obj (.text:calloc)
                  00003530    00000028                                   : memory.c.obj (.text:mremove)
                  00003558    00000026     l1_main.obj (.text)
                  0000357e    0000001e     rtsv7M4_T_le_v4SPD16_eabi.lib : strcat.c.obj (.text:strcat)
                  0000359c    0000001c                                   : memccpy.c.obj (.text:memccpy)
                  000035b8    00000018                                   : vsnprintf.c.obj (.text:_outc)
                  000035d0    00000018     open_interface.obj (.text:oi_parseInt)
                  000035e8    00000018     rtsv7M4_T_le_v4SPD16_eabi.lib : strcmp.c.obj (.text:strcmp)
                  00003600    00000016                                   : strchr.c.obj (.text:strchr)
                  00003616    00000014                                   : s_copysign.c.obj (.text:copysign)
                  0000362a    00000014                                   : strcpy.c.obj (.text:strcpy)
                  0000363e    00000014                                   : strlen.c.obj (.text:strlen)
                  00003652    00000012                                   : copy_zero_init.c.obj (.text:decompress:ZI:__TI_zero_init_nomemset:__TI_zero_init_nomemset)
                  00003664    00000012                                   : wcslen.c.obj (.text:wcslen)
                  00003676    00000010     driverlib.lib : interrupt.obj (.text:IntMasterEnable)
                  00003686    00000010     lcd.obj (.text:lcd_clear)
                  00003696    0000000e     rtsv7M4_T_le_v4SPD16_eabi.lib : copy_decompress_none.c.obj (.text:decompress:none:__TI_decompress_none)
                  000036a4    0000000c     driverlib.lib : cpu.obj (.text:CPUcpsie)
                  000036b0    0000000c     tm4c123gh6pm_startup_ccs.obj (.text)
                  000036bc    00000008     rtsv7M4_T_le_v4SPD16_eabi.lib : errno.c.obj (.text:__aeabi_errno_addr)
                  000036c4    00000004                                   : pre_init.c.obj (.text:_system_pre_init)
                  000036c8    00000004                                   : exit.c.obj (.text:abort:abort)

.const     0    000036cc    00000118     
                  000036cc    00000101     rtsv7M4_T_le_v4SPD16_eabi.lib : ctype.c.obj (.const:.string:_ctypes_)
                  000037cd    0000000f     open_interface.obj (.const:.string:$P$T0$3)
                  000037dc    00000004     lcd.obj (.const:.string:lineAddress$1)
                  000037e0    00000004     lcd.obj (.const:.string:lineAddresses$2)

.cinit     0    000037e8    00000050     
                  000037e8    00000018     (.cinit..data.load) [load image, compression = lzss]
                  00003800    0000000c     (__TI_handler_table)
                  0000380c    00000004     --HOLE-- [fill = 0]
                  00003810    00000008     (.cinit..bss.load) [load image, compression = zero_init]
                  00003818    00000008     (.cinit..vtable.load) [load image, compression = zero_init]
                  00003820    00000018     (__TI_cinit_table)

.init_array 
*          0    00000000    00000000     UNINITIALIZED

.vtable    0    20000000    0000026c     UNINITIALIZED
                  20000000    0000026c     driverlib.lib : interrupt.obj (.vtable)

.stack     0    20000270    00001000     UNINITIALIZED
                  20000270    00000004     rtsv7M4_T_le_v4SPD16_eabi.lib : boot_cortex_m.c.obj (.stack)
                  20000274    00000ffc     --HOLE--

.sysmem    0    20001270    00001000     UNINITIALIZED
                  20001270    00000008     rtsv7M4_T_le_v4SPD16_eabi.lib : memory.c.obj (.sysmem)
                  20001278    00000ff8     --HOLE--

.bss       0    20002270    0000006c     UNINITIALIZED
                  20002270    00000054     lcd.obj (.bss:lastbuffer$3)
                  200022c4    00000018     open_interface.obj (.bss:firmware$2)

.data      0    200022dc    00000028     UNINITIALIZED
                  200022dc    00000010     open_interface.obj (.data)
                  200022ec    0000000c     rtsv7M4_T_le_v4SPD16_eabi.lib : memory.c.obj (.data:$O1$$)
                  200022f8    00000008                                   : _lock.c.obj (.data:$O1$$)
                  20002300    00000004                                   : errno.c.obj (.data)

MODULE SUMMARY

       Module                         code    ro data   rw data
       ------                         ----    -------   -------
    .\
       open_interface.obj             2740    15        40     
       lcd.obj                        980     8         84     
       movement.obj                   864     0         0      
       tm4c123gh6pm_startup_ccs.obj   12      620       0      
       timer.obj                      344     0         0      
       l1_main.obj                    38      0         0      
    +--+------------------------------+-------+---------+---------+
       Total:                         4978    643       124    
                                                               
    C:/ti/TivaWare_C_Series-2.1.4.178/driverlib/ccs/Debug/driverlib.lib
       interrupt.obj                  68      0         620    
       cpu.obj                        12      0         0      
    +--+------------------------------+-------+---------+---------+
       Total:                         80      0         620    
                                                               
    C:\ti\ccsv8\tools\compiler\ti-cgt-arm_18.1.2.LTS\lib\rtsv7M4_T_le_v4SPD16_eabi.lib
       _printfi.c.obj                 4863    0         0      
       memory.c.obj                   534     0         12     
       fd_add_t2.asm.obj              438     0         0      
       fd_div_t2.asm.obj              310     0         0      
       s_scalbn.c.obj                 272     0         0      
       fd_cmp_t2.asm.obj              268     0         0      
       ctype.c.obj                    0       257       0      
       fd_mul_t2.asm.obj              252     0         0      
       memcpy_t2.asm.obj              156     0         0      
       ull_div_t2.asm.obj             150     0         0      
       vsnprintf.c.obj                136     0         0      
       memset_t2.asm.obj              122     0         0      
       copy_decompress_lzss.c.obj     104     0         0      
       s_frexp.c.obj                  100     0         0      
       ltoa.c.obj                     84      0         0      
       atoi.c.obj                     76      0         0      
       fd_toi_t2.asm.obj              72      0         0      
       autoinit.c.obj                 68      0         0      
       boot_cortex_m.c.obj            56      0         0      
       i_tofd_t2.asm.obj              46      0         0      
       strcat.c.obj                   30      0         0      
       memccpy.c.obj                  28      0         0      
       strcmp.c.obj                   24      0         0      
       strchr.c.obj                   22      0         0      
       s_copysign.c.obj               20      0         0      
       strcpy.c.obj                   20      0         0      
       strlen.c.obj                   20      0         0      
       copy_zero_init.c.obj           18      0         0      
       wcslen.c.obj                   18      0         0      
       copy_decompress_none.c.obj     14      0         0      
       errno.c.obj                    8       0         4      
       _lock.c.obj                    2       0         8      
       exit.c.obj                     4       0         0      
       pre_init.c.obj                 4       0         0      
       div0.asm.obj                   2       0         0      
    +--+------------------------------+-------+---------+---------+
       Total:                         8341    257       24     
                                                               
       Heap:                          0       0         4096   
       Stack:                         0       0         4096   
       Linker Generated:              0       76        0      
    +--+------------------------------+-------+---------+---------+
       Grand Total:                   13399   976       8960   


LINKER GENERATED COPY TABLES

__TI_cinit_table @ 00003820 records: 3, size/record: 8, table size: 24
	.data: load addr=000037e8, load size=00000018 bytes, run addr=200022dc, run size=00000028 bytes, compression=lzss
	.bss: load addr=00003810, load size=00000008 bytes, run addr=20002270, run size=0000006c bytes, compression=zero_init
	.vtable: load addr=00003818, load size=00000008 bytes, run addr=20000000, run size=0000026c bytes, compression=zero_init


LINKER GENERATED HANDLER TABLE

__TI_handler_table @ 00003800 records: 3, size/record: 4, table size: 12
	index: 0, handler: __TI_zero_init
	index: 1, handler: __TI_decompress_lzss
	index: 2, handler: __TI_decompress_none


GLOBAL SYMBOLS: SORTED ALPHABETICALLY BY Name 

address   name                          
-------   ----                          
000036c9  C$$EXIT                       
000036a5  CPUcpsie                      
00000b6d  GPIOF_Handler                 
00003677  IntMasterEnable               
00003475  IntRegister                   
000036b1  ResetISR                      
20001270  __STACK_END                   
00001000  __STACK_SIZE                  
20000470  __STACK_TOP                   
00001000  __SYSMEM_SIZE                 
00003820  __TI_CINIT_Base               
00003838  __TI_CINIT_Limit              
00003800  __TI_Handler_Table_Base       
0000380c  __TI_Handler_Table_Limit      
00003305  __TI_auto_init_nobinit_nopinit
000030a7  __TI_decompress_lzss          
00003697  __TI_decompress_none          
ffffffff  __TI_pprof_out_hndl           
00000d09  __TI_printfi                  
ffffffff  __TI_prof_data_size           
ffffffff  __TI_prof_data_start          
00000000  __TI_static_base__            
00003653  __TI_zero_init_nomemset       
00002e39  __aeabi_cdcmpeq               
00002e39  __aeabi_cdcmple               
00002ebf  __aeabi_cdrcmple              
000032bd  __aeabi_d2iz                  
000022d7  __aeabi_dadd                  
00002719  __aeabi_ddiv                  
00002a81  __aeabi_dmul                  
000022cd  __aeabi_dsub                  
000036bd  __aeabi_errno_addr            
000034d9  __aeabi_i2d                   
00002483  __aeabi_idiv0                 
00002483  __aeabi_ldiv0                 
00002f45  __aeabi_memclr                
00002f45  __aeabi_memclr4               
00002f45  __aeabi_memclr8               
00002d07  __aeabi_memcpy                
00002d07  __aeabi_memcpy4               
00002d07  __aeabi_memcpy8               
00002f47  __aeabi_memset                
00002f47  __aeabi_memset4               
00002f47  __aeabi_memset8               
00002da3  __aeabi_uldivmod              
ffffffff  __binit__                     
ffffffff  __c_args__                    
UNDEFED   __mpu_init                    
20000270  __stack                       
00003405  _c_int00_noargs               
000036cc  _ctypes_                      
200022f8  _lock                         
00001767  _nop                          
20001270  _sys_memory                   
UNDEFED   _system_post_cinit            
000036c5  _system_pre_init              
200022fc  _unlock                       
000036c9  abort                         
00003271  atoi                          
ffffffff  binit                         
00003507  calloc                        
00001d4b  collision_detection           
00003617  copysign                      
00003617  copysignl                     
20002300  errno                         
00002b7d  free                          
00003111  frexp                         
00003111  frexpl                        
20000000  g_pfnRAMVectors               
00000000  g_pfnVectors                  
00000b99  getDegrees                    
00000929  go_charge                     
00003687  lcd_clear                     
00001901  lcd_gotoLine                  
00001769  lcd_init                      
00001967  lcd_printf                    
00001829  lcd_putc                      
00001861  lcd_puts                      
00001a45  lcd_rotatingBanner            
0000187f  lcd_sendCommand               
000018bd  lcd_sendNibble                
00001929  lcd_setCursorPos              
00002971  ldexp                         
00002971  ldexpl                        
000031cb  ltoa                          
00003559  main                          
00002fc1  malloc                        
0000359d  memccpy                       
00002d07  memcpy                        
00002f4d  memset                        
0000343d  minit                         
00001bcd  move_backward                 
00001b2d  move_foward                   
00001d17  moving_in_square              
0000026d  oi_alloc                      
00000a53  oi_checkFirmware              
000002c3  oi_close                      
00000279  oi_free                       
000002ad  oi_init                       
00000289  oi_init_noupdate              
000008bf  oi_loadSong                   
000035d1  oi_parseInt                   
00000327  oi_parsePacket                
00000915  oi_play_song                  
00000839  oi_setLeds                    
0000087d  oi_setWheels                  
00000afb  oi_shutoff_init               
00000937  oi_uartInit                   
000009db  oi_uartReceive                
00000a21  oi_uartSendBuff               
000009bf  oi_uartSendChar               
00000a03  oi_uartSendStr                
000002d5  oi_update                     
00002971  scalbn                        
00002971  scalbnl                       
0000357f  strcat                        
00003601  strchr                        
000035e9  strcmp                        
0000362b  strcpy                        
0000363f  strlen                        
00002595  timer_getClock                
00002549  timer_startClock              
000024e3  timer_startTimer              
0000259b  timer_stopClock               
00002533  timer_stopTimer               
000024b9  timer_waitMicros              
00002485  timer_waitMillis              
00001c9b  turn_left                     
00001c1f  turn_right                    
00003349  vsnprintf                     
00003665  wcslen                        


GLOBAL SYMBOLS: SORTED BY Symbol Address 

address   name                          
-------   ----                          
00000000  __TI_static_base__            
00000000  g_pfnVectors                  
0000026d  oi_alloc                      
00000279  oi_free                       
00000289  oi_init_noupdate              
000002ad  oi_init                       
000002c3  oi_close                      
000002d5  oi_update                     
00000327  oi_parsePacket                
00000839  oi_setLeds                    
0000087d  oi_setWheels                  
000008bf  oi_loadSong                   
00000915  oi_play_song                  
00000929  go_charge                     
00000937  oi_uartInit                   
000009bf  oi_uartSendChar               
000009db  oi_uartReceive                
00000a03  oi_uartSendStr                
00000a21  oi_uartSendBuff               
00000a53  oi_checkFirmware              
00000afb  oi_shutoff_init               
00000b6d  GPIOF_Handler                 
00000b99  getDegrees                    
00000d09  __TI_printfi                  
00001000  __STACK_SIZE                  
00001000  __SYSMEM_SIZE                 
00001767  _nop                          
00001769  lcd_init                      
00001829  lcd_putc                      
00001861  lcd_puts                      
0000187f  lcd_sendCommand               
000018bd  lcd_sendNibble                
00001901  lcd_gotoLine                  
00001929  lcd_setCursorPos              
00001967  lcd_printf                    
00001a45  lcd_rotatingBanner            
00001b2d  move_foward                   
00001bcd  move_backward                 
00001c1f  turn_right                    
00001c9b  turn_left                     
00001d17  moving_in_square              
00001d4b  collision_detection           
000022cd  __aeabi_dsub                  
000022d7  __aeabi_dadd                  
00002483  __aeabi_idiv0                 
00002483  __aeabi_ldiv0                 
00002485  timer_waitMillis              
000024b9  timer_waitMicros              
000024e3  timer_startTimer              
00002533  timer_stopTimer               
00002549  timer_startClock              
00002595  timer_getClock                
0000259b  timer_stopClock               
00002719  __aeabi_ddiv                  
00002971  ldexp                         
00002971  ldexpl                        
00002971  scalbn                        
00002971  scalbnl                       
00002a81  __aeabi_dmul                  
00002b7d  free                          
00002d07  __aeabi_memcpy                
00002d07  __aeabi_memcpy4               
00002d07  __aeabi_memcpy8               
00002d07  memcpy                        
00002da3  __aeabi_uldivmod              
00002e39  __aeabi_cdcmpeq               
00002e39  __aeabi_cdcmple               
00002ebf  __aeabi_cdrcmple              
00002f45  __aeabi_memclr                
00002f45  __aeabi_memclr4               
00002f45  __aeabi_memclr8               
00002f47  __aeabi_memset                
00002f47  __aeabi_memset4               
00002f47  __aeabi_memset8               
00002f4d  memset                        
00002fc1  malloc                        
000030a7  __TI_decompress_lzss          
00003111  frexp                         
00003111  frexpl                        
000031cb  ltoa                          
00003271  atoi                          
000032bd  __aeabi_d2iz                  
00003305  __TI_auto_init_nobinit_nopinit
00003349  vsnprintf                     
00003405  _c_int00_noargs               
0000343d  minit                         
00003475  IntRegister                   
000034d9  __aeabi_i2d                   
00003507  calloc                        
00003559  main                          
0000357f  strcat                        
0000359d  memccpy                       
000035d1  oi_parseInt                   
000035e9  strcmp                        
00003601  strchr                        
00003617  copysign                      
00003617  copysignl                     
0000362b  strcpy                        
0000363f  strlen                        
00003653  __TI_zero_init_nomemset       
00003665  wcslen                        
00003677  IntMasterEnable               
00003687  lcd_clear                     
00003697  __TI_decompress_none          
000036a5  CPUcpsie                      
000036b1  ResetISR                      
000036bd  __aeabi_errno_addr            
000036c5  _system_pre_init              
000036c9  C$$EXIT                       
000036c9  abort                         
000036cc  _ctypes_                      
00003800  __TI_Handler_Table_Base       
0000380c  __TI_Handler_Table_Limit      
00003820  __TI_CINIT_Base               
00003838  __TI_CINIT_Limit              
20000000  g_pfnRAMVectors               
20000270  __stack                       
20000470  __STACK_TOP                   
20001270  __STACK_END                   
20001270  _sys_memory                   
200022f8  _lock                         
200022fc  _unlock                       
20002300  errno                         
ffffffff  __TI_pprof_out_hndl           
ffffffff  __TI_prof_data_size           
ffffffff  __TI_prof_data_start          
ffffffff  __binit__                     
ffffffff  __c_args__                    
ffffffff  binit                         
UNDEFED   __mpu_init                    
UNDEFED   _system_post_cinit            

[131 symbols]
