******************************************************************************
                  TI ARM Linker PC v18.1.2                     
******************************************************************************
>> Linked Tue Feb 26 14:44:15 2019

OUTPUT FILE NAME:   <Lab4.out>
ENTRY POINT SYMBOL: "_c_int00_noargs"  address: 00002799


MEMORY CONFIGURATION

         name            origin    length      used     unused   attr    fill
----------------------  --------  ---------  --------  --------  ----  --------
  FLASH                 00000000   00040000  00002ae1  0003d51f  R  X
  SRAM                  20000000   00008000  000022f0  00005d10  RW X


SEGMENT ALLOCATION MAP

run origin  load origin   length   init length attrs members
----------  ----------- ---------- ----------- ----- -------
00000000    00000000    00002ae8   00002ae8    r-x
  00000000    00000000    0000026c   0000026c    r-- .intvecs
  0000026c    0000026c    0000272c   0000272c    r-x .text
  00002998    00002998    00000109   00000109    r-- .const
  00002aa8    00002aa8    00000040   00000040    r-- .cinit
20000000    20000000    000022f4   00000000    rw-
  20000000    20000000    0000026c   00000000    rw- .vtable
  20000270    20000270    00001000   00000000    rw- .stack
  20001270    20001270    00001000   00000000    rw- .sysmem
  20002270    20002270    0000007c   00000000    rw- .bss
  200022ec    200022ec    00000008   00000000    rw- .data


SECTION ALLOCATION MAP

 output                                  attributes/
section   page    origin      length       input sections
--------  ----  ----------  ----------   ----------------
.intvecs   0    00000000    0000026c     
                  00000000    0000026c     tm4c123gh6pm_startup_ccs.obj (.intvecs)

.text      0    0000026c    0000272c     
                  0000026c    00000a5e     rtsv7M4_T_le_v4SPD16_eabi.lib : _printfi.c.obj (.text:__TI_printfi)
                  00000cca    00000002                                   : div0.asm.obj (.text)
                  00000ccc    000003c4     lcd.obj (.text)
                  00001090    0000028c     uart.obj (.text)
                  0000131c    00000270     rtsv7M4_T_le_v4SPD16_eabi.lib : _printfi.c.obj (.text:_pconv_a)
                  0000158c    000001d0                                   : _printfi.c.obj (.text:_pconv_g)
                  0000175c    000001b6                                   : fd_add_t2.asm.obj (.text)
                  00001912    00000002     --HOLE-- [fill = 0]
                  00001914    00000158     timer.obj (.text)
                  00001a6c    0000013c     rtsv7M4_T_le_v4SPD16_eabi.lib : _printfi.c.obj (.text:_pconv_e)
                  00001ba8    00000136                                   : fd_div_t2.asm.obj (.text)
                  00001cde    00000002     --HOLE-- [fill = 0]
                  00001ce0    00000120                                   : _printfi.c.obj (.text:fcvt)
                  00001e00    00000110                                   : s_scalbn.c.obj (.text:scalbn)
                  00001f10    000000fc                                   : fd_mul_t2.asm.obj (.text)
                  0000200c    000000b1                                   : _printfi.c.obj (.text:_ltostr)
                  000020bd    00000001     --HOLE-- [fill = 0]
                  000020be    0000009c                                   : memcpy_t2.asm.obj (.text)
                  0000215a    00000096                                   : ull_div_t2.asm.obj (.text)
                  000021f0    00000094     l1_main.obj (.text)
                  00002284    00000086     rtsv7M4_T_le_v4SPD16_eabi.lib : fd_cmp_t2.asm.obj (.text:__aeabi_cdcmple)
                  0000230a    00000086                                   : fd_cmp_t2.asm.obj (.text:__aeabi_cdrcmple)
                  00002390    0000007a                                   : memset_t2.asm.obj (.text)
                  0000240a    0000006e                                   : _printfi.c.obj (.text:_mcpy)
                  00002478    00000068                                   : copy_decompress_lzss.c.obj (.text:decompress:lzss:__TI_decompress_lzss)
                  000024e0    00000064                                   : s_frexp.c.obj (.text:frexp)
                  00002544    00000056                                   : _printfi.c.obj (.text:_pconv_f)
                  0000259a    00000054                                   : ltoa.c.obj (.text:ltoa)
                  000025ee    00000052                                   : _printfi.c.obj (.text:_ecpy)
                  00002640    0000004c                                   : atoi.c.obj (.text:atoi)
                  0000268c    00000048                                   : fd_toi_t2.asm.obj (.text)
                  000026d4    00000044                                   : autoinit.c.obj (.text:__TI_auto_init_nobinit_nopinit:__TI_auto_init_nobinit_nopinit)
                  00002718    00000040                                   : vsnprintf.c.obj (.text:vsnprintf)
                  00002758    0000003e                                   : _printfi.c.obj (.text:_fcpy)
                  00002796    00000002     --HOLE-- [fill = 0]
                  00002798    00000038                                   : boot_cortex_m.c.obj (.text:_c_int00_noargs:_c_int00_noargs)
                  000027d0    00000034     driverlib.lib : interrupt.obj (.text:IntRegister)
                  00002804    00000030     rtsv7M4_T_le_v4SPD16_eabi.lib : vsnprintf.c.obj (.text:_outs)
                  00002834    0000002e                                   : i_tofd_t2.asm.obj (.text)
                  00002862    0000001e                                   : strcat.c.obj (.text:strcat)
                  00002880    0000001c                                   : memccpy.c.obj (.text:memccpy)
                  0000289c    00000018                                   : vsnprintf.c.obj (.text:_outc)
                  000028b4    00000018                                   : strcmp.c.obj (.text:strcmp)
                  000028cc    00000016                                   : strchr.c.obj (.text:strchr)
                  000028e2    00000014                                   : s_copysign.c.obj (.text:copysign)
                  000028f6    00000014                                   : strcpy.c.obj (.text:strcpy)
                  0000290a    00000014                                   : strlen.c.obj (.text:strlen)
                  0000291e    00000012                                   : copy_zero_init.c.obj (.text:decompress:ZI:__TI_zero_init_nomemset:__TI_zero_init_nomemset)
                  00002930    00000012                                   : wcslen.c.obj (.text:wcslen)
                  00002942    00000010     driverlib.lib : interrupt.obj (.text:IntMasterEnable)
                  00002952    00000010     lcd.obj (.text:lcd_clear)
                  00002962    0000000e     rtsv7M4_T_le_v4SPD16_eabi.lib : copy_decompress_none.c.obj (.text:decompress:none:__TI_decompress_none)
                  00002970    0000000c     driverlib.lib : cpu.obj (.text:CPUcpsie)
                  0000297c    0000000c     tm4c123gh6pm_startup_ccs.obj (.text)
                  00002988    00000008     rtsv7M4_T_le_v4SPD16_eabi.lib : errno.c.obj (.text:__aeabi_errno_addr)
                  00002990    00000004                                   : pre_init.c.obj (.text:_system_pre_init)
                  00002994    00000004                                   : exit.c.obj (.text:abort:abort)

.const     0    00002998    00000109     
                  00002998    00000101     rtsv7M4_T_le_v4SPD16_eabi.lib : ctype.c.obj (.const:.string:_ctypes_)
                  00002a99    00000004     lcd.obj (.const:.string:lineAddress$1)
                  00002a9d    00000004     lcd.obj (.const:.string:lineAddresses$2)

.cinit     0    00002aa8    00000040     
                  00002aa8    0000000c     (__TI_handler_table)
                  00002ab4    00000004     --HOLE-- [fill = 0]
                  00002ab8    00000008     (.cinit..bss.load) [load image, compression = zero_init]
                  00002ac0    00000008     (.cinit..vtable.load) [load image, compression = zero_init]
                  00002ac8    00000007     (.cinit..data.load) [load image, compression = lzss]
                  00002acf    00000001     --HOLE-- [fill = 0]
                  00002ad0    00000018     (__TI_cinit_table)

.init_array 
*          0    00000000    00000000     UNINITIALIZED

.vtable    0    20000000    0000026c     UNINITIALIZED
                  20000000    0000026c     driverlib.lib : interrupt.obj (.vtable)

.stack     0    20000270    00001000     UNINITIALIZED
                  20000270    00000004     rtsv7M4_T_le_v4SPD16_eabi.lib : boot_cortex_m.c.obj (.stack)
                  20000274    00000ffc     --HOLE--

.sysmem    0    20001270    00001000     UNINITIALIZED
                  20001270    00000008     rtsv7M4_T_le_v4SPD16_eabi.lib : memory.c.obj (.sysmem)
                  20001278    00000ff8     --HOLE--

.bss       0    20002270    0000007c     UNINITIALIZED
                  20002270    00000054     lcd.obj (.bss:lastbuffer$3)
                  200022c4    00000018     (.common:s_data)
                  200022dc    00000004     (.common:char_event_ptr)
                  200022e0    00000004     (.common:i)
                  200022e4    00000004     (.common:i_ptr)
                  200022e8    00000004     (.common:s_data_ptr)

.data      0    200022ec    00000008     UNINITIALIZED
                  200022ec    00000004     l1_main.obj (.data)
                  200022f0    00000004     rtsv7M4_T_le_v4SPD16_eabi.lib : errno.c.obj (.data)

MODULE SUMMARY

       Module                         code    ro data   rw data
       ------                         ----    -------   -------
    .\
       lcd.obj                        980     8         84     
       uart.obj                       652     0         12     
       tm4c123gh6pm_startup_ccs.obj   12      620       0      
       timer.obj                      344     0         0      
       l1_main.obj                    148     0         32     
    +--+------------------------------+-------+---------+---------+
       Total:                         2136    628       128    
                                                               
    C:/ti/TivaWare_C_Series-2.1.4.178/driverlib/ccs/Debug/driverlib.lib
       interrupt.obj                  68      0         620    
       cpu.obj                        12      0         0      
    +--+------------------------------+-------+---------+---------+
       Total:                         80      0         620    
                                                               
    C:\ti\ccsv8\tools\compiler\ti-cgt-arm_18.1.2.LTS\lib\rtsv7M4_T_le_v4SPD16_eabi.lib
       _printfi.c.obj                 4863    0         0      
       fd_add_t2.asm.obj              438     0         0      
       fd_div_t2.asm.obj              310     0         0      
       s_scalbn.c.obj                 272     0         0      
       fd_cmp_t2.asm.obj              268     0         0      
       ctype.c.obj                    0       257       0      
       fd_mul_t2.asm.obj              252     0         0      
       memcpy_t2.asm.obj              156     0         0      
       ull_div_t2.asm.obj             150     0         0      
       vsnprintf.c.obj                136     0         0      
       memset_t2.asm.obj              122     0         0      
       copy_decompress_lzss.c.obj     104     0         0      
       s_frexp.c.obj                  100     0         0      
       ltoa.c.obj                     84      0         0      
       atoi.c.obj                     76      0         0      
       fd_toi_t2.asm.obj              72      0         0      
       autoinit.c.obj                 68      0         0      
       boot_cortex_m.c.obj            56      0         0      
       i_tofd_t2.asm.obj              46      0         0      
       strcat.c.obj                   30      0         0      
       memccpy.c.obj                  28      0         0      
       strcmp.c.obj                   24      0         0      
       strchr.c.obj                   22      0         0      
       s_copysign.c.obj               20      0         0      
       strcpy.c.obj                   20      0         0      
       strlen.c.obj                   20      0         0      
       copy_zero_init.c.obj           18      0         0      
       wcslen.c.obj                   18      0         0      
       copy_decompress_none.c.obj     14      0         0      
       errno.c.obj                    8       0         4      
       exit.c.obj                     4       0         0      
       pre_init.c.obj                 4       0         0      
       div0.asm.obj                   2       0         0      
    +--+------------------------------+-------+---------+---------+
       Total:                         7805    257       4      
                                                               
       Heap:                          0       0         4096   
       Stack:                         0       0         4096   
       Linker Generated:              0       59        0      
    +--+------------------------------+-------+---------+---------+
       Grand Total:                   10021   944       8944   


LINKER GENERATED COPY TABLES

__TI_cinit_table @ 00002ad0 records: 3, size/record: 8, table size: 24
	.bss: load addr=00002ab8, load size=00000008 bytes, run addr=20002270, run size=0000007c bytes, compression=zero_init
	.vtable: load addr=00002ac0, load size=00000008 bytes, run addr=20000000, run size=0000026c bytes, compression=zero_init
	.data: load addr=00002ac8, load size=00000007 bytes, run addr=200022ec, run size=00000008 bytes, compression=lzss


LINKER GENERATED HANDLER TABLE

__TI_handler_table @ 00002aa8 records: 3, size/record: 4, table size: 12
	index: 0, handler: __TI_zero_init
	index: 1, handler: __TI_decompress_lzss
	index: 2, handler: __TI_decompress_none


GLOBAL SYMBOLS: SORTED ALPHABETICALLY BY Name 

address   name                          
-------   ----                          
00002995  C$$EXIT                       
00002971  CPUcpsie                      
00002943  IntMasterEnable               
000027d1  IntRegister                   
0000297d  ResetISR                      
00001159  UART1_Handler                 
000011b3  UART1_Receive                 
00001197  UART1_Transmit                
20001270  __STACK_END                   
00001000  __STACK_SIZE                  
20000470  __STACK_TOP                   
00001000  __SYSMEM_SIZE                 
00002ad0  __TI_CINIT_Base               
00002ae8  __TI_CINIT_Limit              
00002aa8  __TI_Handler_Table_Base       
00002ab4  __TI_Handler_Table_Limit      
000026d5  __TI_auto_init_nobinit_nopinit
00002479  __TI_decompress_lzss          
00002963  __TI_decompress_none          
ffffffff  __TI_pprof_out_hndl           
0000026d  __TI_printfi                  
ffffffff  __TI_prof_data_size           
ffffffff  __TI_prof_data_start          
00000000  __TI_static_base__            
0000291f  __TI_zero_init_nomemset       
00002285  __aeabi_cdcmpeq               
00002285  __aeabi_cdcmple               
0000230b  __aeabi_cdrcmple              
0000268d  __aeabi_d2iz                  
00001767  __aeabi_dadd                  
00001ba9  __aeabi_ddiv                  
00001f11  __aeabi_dmul                  
0000175d  __aeabi_dsub                  
00002989  __aeabi_errno_addr            
00002835  __aeabi_i2d                   
00000ccb  __aeabi_idiv0                 
00000ccb  __aeabi_ldiv0                 
00002391  __aeabi_memclr                
00002391  __aeabi_memclr4               
00002391  __aeabi_memclr8               
000020bf  __aeabi_memcpy                
000020bf  __aeabi_memcpy4               
000020bf  __aeabi_memcpy8               
00002393  __aeabi_memset                
00002393  __aeabi_memset4               
00002393  __aeabi_memset8               
0000215b  __aeabi_uldivmod              
ffffffff  __binit__                     
ffffffff  __c_args__                    
UNDEFED   __mpu_init                    
20000270  __stack                       
00002799  _c_int00_noargs               
00002998  _ctypes_                      
20001270  _sys_memory                   
UNDEFED   _system_post_cinit            
00002991  _system_pre_init              
00002995  abort                         
00002641  atoi                          
ffffffff  binit                         
200022ec  char_event                    
200022dc  char_event_ptr                
000028e3  copysign                      
000028e3  copysignl                     
200022f0  errno                         
000024e1  frexp                         
000024e1  frexpl                        
20000000  g_pfnRAMVectors               
00000000  g_pfnVectors                  
200022e0  i                             
200022e4  i_ptr                         
00002953  lcd_clear                     
00000e65  lcd_gotoLine                  
00000ccd  lcd_init                      
00000ecb  lcd_printf                    
00000d8d  lcd_putc                      
00000dc5  lcd_puts                      
00000fa9  lcd_rotatingBanner            
00000de3  lcd_sendCommand               
00000e21  lcd_sendNibble                
00000e8d  lcd_setCursorPos              
00001e01  ldexp                         
00001e01  ldexpl                        
0000259b  ltoa                          
000021f1  main                          
00002881  memccpy                       
000020bf  memcpy                        
00002399  memset                        
000011d3  putty_display                 
00001241  putty_display2                
200022c4  s_data                        
200022e8  s_data_ptr                    
00001e01  scalbn                        
00001e01  scalbnl                       
00001091  serial_init                   
00002863  strcat                        
000028cd  strchr                        
000028b5  strcmp                        
000028f7  strcpy                        
0000290b  strlen                        
00001a25  timer_getClock                
000019d9  timer_startClock              
00001973  timer_startTimer              
00001a2b  timer_stopClock               
000019c3  timer_stopTimer               
00001949  timer_waitMicros              
00001915  timer_waitMillis              
00002719  vsnprintf                     
00002931  wcslen                        


GLOBAL SYMBOLS: SORTED BY Symbol Address 

address   name                          
-------   ----                          
00000000  __TI_static_base__            
00000000  g_pfnVectors                  
0000026d  __TI_printfi                  
00000ccb  __aeabi_idiv0                 
00000ccb  __aeabi_ldiv0                 
00000ccd  lcd_init                      
00000d8d  lcd_putc                      
00000dc5  lcd_puts                      
00000de3  lcd_sendCommand               
00000e21  lcd_sendNibble                
00000e65  lcd_gotoLine                  
00000e8d  lcd_setCursorPos              
00000ecb  lcd_printf                    
00000fa9  lcd_rotatingBanner            
00001000  __STACK_SIZE                  
00001000  __SYSMEM_SIZE                 
00001091  serial_init                   
00001159  UART1_Handler                 
00001197  UART1_Transmit                
000011b3  UART1_Receive                 
000011d3  putty_display                 
00001241  putty_display2                
0000175d  __aeabi_dsub                  
00001767  __aeabi_dadd                  
00001915  timer_waitMillis              
00001949  timer_waitMicros              
00001973  timer_startTimer              
000019c3  timer_stopTimer               
000019d9  timer_startClock              
00001a25  timer_getClock                
00001a2b  timer_stopClock               
00001ba9  __aeabi_ddiv                  
00001e01  ldexp                         
00001e01  ldexpl                        
00001e01  scalbn                        
00001e01  scalbnl                       
00001f11  __aeabi_dmul                  
000020bf  __aeabi_memcpy                
000020bf  __aeabi_memcpy4               
000020bf  __aeabi_memcpy8               
000020bf  memcpy                        
0000215b  __aeabi_uldivmod              
000021f1  main                          
00002285  __aeabi_cdcmpeq               
00002285  __aeabi_cdcmple               
0000230b  __aeabi_cdrcmple              
00002391  __aeabi_memclr                
00002391  __aeabi_memclr4               
00002391  __aeabi_memclr8               
00002393  __aeabi_memset                
00002393  __aeabi_memset4               
00002393  __aeabi_memset8               
00002399  memset                        
00002479  __TI_decompress_lzss          
000024e1  frexp                         
000024e1  frexpl                        
0000259b  ltoa                          
00002641  atoi                          
0000268d  __aeabi_d2iz                  
000026d5  __TI_auto_init_nobinit_nopinit
00002719  vsnprintf                     
00002799  _c_int00_noargs               
000027d1  IntRegister                   
00002835  __aeabi_i2d                   
00002863  strcat                        
00002881  memccpy                       
000028b5  strcmp                        
000028cd  strchr                        
000028e3  copysign                      
000028e3  copysignl                     
000028f7  strcpy                        
0000290b  strlen                        
0000291f  __TI_zero_init_nomemset       
00002931  wcslen                        
00002943  IntMasterEnable               
00002953  lcd_clear                     
00002963  __TI_decompress_none          
00002971  CPUcpsie                      
0000297d  ResetISR                      
00002989  __aeabi_errno_addr            
00002991  _system_pre_init              
00002995  C$$EXIT                       
00002995  abort                         
00002998  _ctypes_                      
00002aa8  __TI_Handler_Table_Base       
00002ab4  __TI_Handler_Table_Limit      
00002ad0  __TI_CINIT_Base               
00002ae8  __TI_CINIT_Limit              
20000000  g_pfnRAMVectors               
20000270  __stack                       
20000470  __STACK_TOP                   
20001270  __STACK_END                   
20001270  _sys_memory                   
200022c4  s_data                        
200022dc  char_event_ptr                
200022e0  i                             
200022e4  i_ptr                         
200022e8  s_data_ptr                    
200022ec  char_event                    
200022f0  errno                         
ffffffff  __TI_pprof_out_hndl           
ffffffff  __TI_prof_data_size           
ffffffff  __TI_prof_data_start          
ffffffff  __binit__                     
ffffffff  __c_args__                    
ffffffff  binit                         
UNDEFED   __mpu_init                    
UNDEFED   _system_post_cinit            

[108 symbols]
