******************************************************************************
                  TI ARM Linker PC v18.1.2                     
******************************************************************************
>> Linked Tue Mar 12 15:16:03 2019

OUTPUT FILE NAME:   <Lab7.out>
ENTRY POINT SYMBOL: "_c_int00_noargs"  address: 0000251d


MEMORY CONFIGURATION

         name            origin    length      used     unused   attr    fill
----------------------  --------  ---------  --------  --------  ----  --------
  FLASH                 00000000   00040000  0000281d  0003d7e3  R  X
  SRAM                  20000000   00008000  00002058  00005fa8  RW X


SEGMENT ALLOCATION MAP

run origin  load origin   length   init length attrs members
----------  ----------- ---------- ----------- ----- -------
00000000    00000000    00002820   00002820    r-x
  00000000    00000000    0000026c   0000026c    r-- .intvecs
  0000026c    0000026c    00002478   00002478    r-x .text
  000026e4    000026e4    00000109   00000109    r-- .const
  000027f0    000027f0    00000030   00000030    r-- .cinit
20000000    20000000    00002058   00000000    rw-
  20000000    20000000    00001000   00000000    rw- .stack
  20001000    20001000    00001000   00000000    rw- .sysmem
  20002000    20002000    00000054   00000000    rw- .bss
  20002054    20002054    00000004   00000000    rw- .data


SECTION ALLOCATION MAP

 output                                  attributes/
section   page    origin      length       input sections
--------  ----  ----------  ----------   ----------------
.intvecs   0    00000000    0000026c     
                  00000000    0000026c     tm4c123gh6pm_startup_ccs.obj (.intvecs)

.text      0    0000026c    00002478     
                  0000026c    00000a5e     rtsv7M4_T_le_v4SPD16_eabi.lib : _printfi.c.obj (.text:__TI_printfi)
                  00000cca    00000002                                   : div0.asm.obj (.text)
                  00000ccc    000003c4     lcd.obj (.text)
                  00001090    00000270     rtsv7M4_T_le_v4SPD16_eabi.lib : _printfi.c.obj (.text:_pconv_a)
                  00001300    000001d0                                   : _printfi.c.obj (.text:_pconv_g)
                  000014d0    000001b6                                   : fd_add_t2.asm.obj (.text)
                  00001686    00000002     --HOLE-- [fill = 0]
                  00001688    00000158     timer.obj (.text)
                  000017e0    0000013c     rtsv7M4_T_le_v4SPD16_eabi.lib : _printfi.c.obj (.text:_pconv_e)
                  0000191c    00000136                                   : fd_div_t2.asm.obj (.text)
                  00001a52    00000002     --HOLE-- [fill = 0]
                  00001a54    00000120                                   : _printfi.c.obj (.text:fcvt)
                  00001b74    00000110                                   : s_scalbn.c.obj (.text:scalbn)
                  00001c84    000000fc                                   : fd_mul_t2.asm.obj (.text)
                  00001d80    000000b1                                   : _printfi.c.obj (.text:_ltostr)
                  00001e31    00000003     --HOLE-- [fill = 0]
                  00001e34    000000a0     ping.obj (.text)
                  00001ed4    0000009c     rtsv7M4_T_le_v4SPD16_eabi.lib : memcpy_t2.asm.obj (.text)
                  00001f70    00000096                                   : ull_div_t2.asm.obj (.text)
                  00002006    00000086                                   : fd_cmp_t2.asm.obj (.text:__aeabi_cdcmple)
                  0000208c    00000086                                   : fd_cmp_t2.asm.obj (.text:__aeabi_cdrcmple)
                  00002112    0000007a                                   : memset_t2.asm.obj (.text)
                  0000218c    0000006e                                   : _printfi.c.obj (.text:_mcpy)
                  000021fa    00000068                                   : copy_decompress_lzss.c.obj (.text:decompress:lzss:__TI_decompress_lzss)
                  00002262    00000002     --HOLE-- [fill = 0]
                  00002264    00000064                                   : s_frexp.c.obj (.text:frexp)
                  000022c8    00000056                                   : _printfi.c.obj (.text:_pconv_f)
                  0000231e    00000054                                   : ltoa.c.obj (.text:ltoa)
                  00002372    00000052                                   : _printfi.c.obj (.text:_ecpy)
                  000023c4    0000004c                                   : atoi.c.obj (.text:atoi)
                  00002410    00000048                                   : fd_toi_t2.asm.obj (.text)
                  00002458    00000044                                   : autoinit.c.obj (.text:__TI_auto_init_nobinit_nopinit:__TI_auto_init_nobinit_nopinit)
                  0000249c    00000040                                   : vsnprintf.c.obj (.text:vsnprintf)
                  000024dc    0000003e                                   : _printfi.c.obj (.text:_fcpy)
                  0000251a    00000002     --HOLE-- [fill = 0]
                  0000251c    00000038                                   : boot_cortex_m.c.obj (.text:_c_int00_noargs:_c_int00_noargs)
                  00002554    00000030                                   : vsnprintf.c.obj (.text:_outs)
                  00002584    0000002e                                   : i_tofd_t2.asm.obj (.text)
                  000025b2    0000001e                                   : strcat.c.obj (.text:strcat)
                  000025d0    0000001c                                   : memccpy.c.obj (.text:memccpy)
                  000025ec    00000018                                   : vsnprintf.c.obj (.text:_outc)
                  00002604    00000018                                   : strcmp.c.obj (.text:strcmp)
                  0000261c    00000016     l1_main.obj (.text)
                  00002632    00000016     rtsv7M4_T_le_v4SPD16_eabi.lib : strchr.c.obj (.text:strchr)
                  00002648    00000014                                   : s_copysign.c.obj (.text:copysign)
                  0000265c    00000014                                   : strcpy.c.obj (.text:strcpy)
                  00002670    00000014                                   : strlen.c.obj (.text:strlen)
                  00002684    00000012                                   : copy_zero_init.c.obj (.text:decompress:ZI:__TI_zero_init_nomemset:__TI_zero_init_nomemset)
                  00002696    00000012                                   : wcslen.c.obj (.text:wcslen)
                  000026a8    00000010     lcd.obj (.text:lcd_clear)
                  000026b8    0000000e     rtsv7M4_T_le_v4SPD16_eabi.lib : copy_decompress_none.c.obj (.text:decompress:none:__TI_decompress_none)
                  000026c6    0000000c     tm4c123gh6pm_startup_ccs.obj (.text)
                  000026d2    00000002     --HOLE-- [fill = 0]
                  000026d4    00000008     rtsv7M4_T_le_v4SPD16_eabi.lib : errno.c.obj (.text:__aeabi_errno_addr)
                  000026dc    00000004                                   : pre_init.c.obj (.text:_system_pre_init)
                  000026e0    00000004                                   : exit.c.obj (.text:abort:abort)

.const     0    000026e4    00000109     
                  000026e4    00000101     rtsv7M4_T_le_v4SPD16_eabi.lib : ctype.c.obj (.const:.string:_ctypes_)
                  000027e5    00000004     lcd.obj (.const:.string:lineAddress$1)
                  000027e9    00000004     lcd.obj (.const:.string:lineAddresses$2)

.cinit     0    000027f0    00000030     
                  000027f0    0000000c     (__TI_handler_table)
                  000027fc    00000004     --HOLE-- [fill = 0]
                  00002800    00000008     (.cinit..bss.load) [load image, compression = zero_init]
                  00002808    00000007     (.cinit..data.load) [load image, compression = lzss]
                  0000280f    00000001     --HOLE-- [fill = 0]
                  00002810    00000010     (__TI_cinit_table)

.init_array 
*          0    00000000    00000000     UNINITIALIZED

.stack     0    20000000    00001000     UNINITIALIZED
                  20000000    00000004     rtsv7M4_T_le_v4SPD16_eabi.lib : boot_cortex_m.c.obj (.stack)
                  20000004    00000ffc     --HOLE--

.sysmem    0    20001000    00001000     UNINITIALIZED
                  20001000    00000008     rtsv7M4_T_le_v4SPD16_eabi.lib : memory.c.obj (.sysmem)
                  20001008    00000ff8     --HOLE--

.bss       0    20002000    00000054     UNINITIALIZED
                  20002000    00000054     lcd.obj (.bss:lastbuffer$3)

.data      0    20002054    00000004     UNINITIALIZED
                  20002054    00000004     rtsv7M4_T_le_v4SPD16_eabi.lib : errno.c.obj (.data)

MODULE SUMMARY

       Module                         code   ro data   rw data
       ------                         ----   -------   -------
    .\
       lcd.obj                        980    8         84     
       tm4c123gh6pm_startup_ccs.obj   12     620       0      
       timer.obj                      344    0         0      
       ping.obj                       160    0         0      
       l1_main.obj                    22     0         0      
    +--+------------------------------+------+---------+---------+
       Total:                         1518   628       84     
                                                              
    C:\ti\ccsv8\tools\compiler\ti-cgt-arm_18.1.2.LTS\lib\rtsv7M4_T_le_v4SPD16_eabi.lib
       _printfi.c.obj                 4863   0         0      
       fd_add_t2.asm.obj              438    0         0      
       fd_div_t2.asm.obj              310    0         0      
       s_scalbn.c.obj                 272    0         0      
       fd_cmp_t2.asm.obj              268    0         0      
       ctype.c.obj                    0      257       0      
       fd_mul_t2.asm.obj              252    0         0      
       memcpy_t2.asm.obj              156    0         0      
       ull_div_t2.asm.obj             150    0         0      
       vsnprintf.c.obj                136    0         0      
       memset_t2.asm.obj              122    0         0      
       copy_decompress_lzss.c.obj     104    0         0      
       s_frexp.c.obj                  100    0         0      
       ltoa.c.obj                     84     0         0      
       atoi.c.obj                     76     0         0      
       fd_toi_t2.asm.obj              72     0         0      
       autoinit.c.obj                 68     0         0      
       boot_cortex_m.c.obj            56     0         0      
       i_tofd_t2.asm.obj              46     0         0      
       strcat.c.obj                   30     0         0      
       memccpy.c.obj                  28     0         0      
       strcmp.c.obj                   24     0         0      
       strchr.c.obj                   22     0         0      
       s_copysign.c.obj               20     0         0      
       strcpy.c.obj                   20     0         0      
       strlen.c.obj                   20     0         0      
       copy_zero_init.c.obj           18     0         0      
       wcslen.c.obj                   18     0         0      
       copy_decompress_none.c.obj     14     0         0      
       errno.c.obj                    8      0         4      
       exit.c.obj                     4      0         0      
       pre_init.c.obj                 4      0         0      
       div0.asm.obj                   2      0         0      
    +--+------------------------------+------+---------+---------+
       Total:                         7805   257       4      
                                                              
       Heap:                          0      0         4096   
       Stack:                         0      0         4096   
       Linker Generated:              0      43        0      
    +--+------------------------------+------+---------+---------+
       Grand Total:                   9323   928       8280   


LINKER GENERATED COPY TABLES

__TI_cinit_table @ 00002810 records: 2, size/record: 8, table size: 16
	.bss: load addr=00002800, load size=00000008 bytes, run addr=20002000, run size=00000054 bytes, compression=zero_init
	.data: load addr=00002808, load size=00000007 bytes, run addr=20002054, run size=00000004 bytes, compression=lzss


LINKER GENERATED HANDLER TABLE

__TI_handler_table @ 000027f0 records: 3, size/record: 4, table size: 12
	index: 0, handler: __TI_decompress_lzss
	index: 1, handler: __TI_decompress_none
	index: 2, handler: __TI_zero_init


GLOBAL SYMBOLS: SORTED ALPHABETICALLY BY Name 

address   name                          
-------   ----                          
000026e1  C$$EXIT                       
000026c7  ResetISR                      
20001000  __STACK_END                   
00001000  __STACK_SIZE                  
20000200  __STACK_TOP                   
00001000  __SYSMEM_SIZE                 
00002810  __TI_CINIT_Base               
00002820  __TI_CINIT_Limit              
000027f0  __TI_Handler_Table_Base       
000027fc  __TI_Handler_Table_Limit      
00002459  __TI_auto_init_nobinit_nopinit
000021fb  __TI_decompress_lzss          
000026b9  __TI_decompress_none          
ffffffff  __TI_pprof_out_hndl           
0000026d  __TI_printfi                  
ffffffff  __TI_prof_data_size           
ffffffff  __TI_prof_data_start          
00000000  __TI_static_base__            
00002685  __TI_zero_init_nomemset       
00002007  __aeabi_cdcmpeq               
00002007  __aeabi_cdcmple               
0000208d  __aeabi_cdrcmple              
00002411  __aeabi_d2iz                  
000014db  __aeabi_dadd                  
0000191d  __aeabi_ddiv                  
00001c85  __aeabi_dmul                  
000014d1  __aeabi_dsub                  
000026d5  __aeabi_errno_addr            
00002585  __aeabi_i2d                   
00000ccb  __aeabi_idiv0                 
00000ccb  __aeabi_ldiv0                 
00002113  __aeabi_memclr                
00002113  __aeabi_memclr4               
00002113  __aeabi_memclr8               
00001ed5  __aeabi_memcpy                
00001ed5  __aeabi_memcpy4               
00001ed5  __aeabi_memcpy8               
00002115  __aeabi_memset                
00002115  __aeabi_memset4               
00002115  __aeabi_memset8               
00001f71  __aeabi_uldivmod              
ffffffff  __binit__                     
ffffffff  __c_args__                    
UNDEFED   __mpu_init                    
20000000  __stack                       
0000251d  _c_int00_noargs               
000026e4  _ctypes_                      
20001000  _sys_memory                   
UNDEFED   _system_post_cinit            
000026dd  _system_pre_init              
000026e1  abort                         
000023c5  atoi                          
ffffffff  binit                         
00002649  copysign                      
00002649  copysignl                     
20002054  errno                         
00002265  frexp                         
00002265  frexpl                        
00000000  g_pfnVectors                  
000026a9  lcd_clear                     
00000e65  lcd_gotoLine                  
00000ccd  lcd_init                      
00000ecb  lcd_printf                    
00000d8d  lcd_putc                      
00000dc5  lcd_puts                      
00000fa9  lcd_rotatingBanner            
00000de3  lcd_sendCommand               
00000e21  lcd_sendNibble                
00000e8d  lcd_setCursorPos              
00001b75  ldexp                         
00001b75  ldexpl                        
0000231f  ltoa                          
0000261d  main                          
000025d1  memccpy                       
00001ed5  memcpy                        
0000211b  memset                        
00001e35  ping_init                     
00001e6b  ping_send                     
00001b75  scalbn                        
00001b75  scalbnl                       
000025b3  strcat                        
00002633  strchr                        
00002605  strcmp                        
0000265d  strcpy                        
00002671  strlen                        
00001799  timer_getClock                
0000174d  timer_startClock              
000016e7  timer_startTimer              
0000179f  timer_stopClock               
00001737  timer_stopTimer               
000016bd  timer_waitMicros              
00001689  timer_waitMillis              
0000249d  vsnprintf                     
00002697  wcslen                        


GLOBAL SYMBOLS: SORTED BY Symbol Address 

address   name                          
-------   ----                          
00000000  __TI_static_base__            
00000000  g_pfnVectors                  
0000026d  __TI_printfi                  
00000ccb  __aeabi_idiv0                 
00000ccb  __aeabi_ldiv0                 
00000ccd  lcd_init                      
00000d8d  lcd_putc                      
00000dc5  lcd_puts                      
00000de3  lcd_sendCommand               
00000e21  lcd_sendNibble                
00000e65  lcd_gotoLine                  
00000e8d  lcd_setCursorPos              
00000ecb  lcd_printf                    
00000fa9  lcd_rotatingBanner            
00001000  __STACK_SIZE                  
00001000  __SYSMEM_SIZE                 
000014d1  __aeabi_dsub                  
000014db  __aeabi_dadd                  
00001689  timer_waitMillis              
000016bd  timer_waitMicros              
000016e7  timer_startTimer              
00001737  timer_stopTimer               
0000174d  timer_startClock              
00001799  timer_getClock                
0000179f  timer_stopClock               
0000191d  __aeabi_ddiv                  
00001b75  ldexp                         
00001b75  ldexpl                        
00001b75  scalbn                        
00001b75  scalbnl                       
00001c85  __aeabi_dmul                  
00001e35  ping_init                     
00001e6b  ping_send                     
00001ed5  __aeabi_memcpy                
00001ed5  __aeabi_memcpy4               
00001ed5  __aeabi_memcpy8               
00001ed5  memcpy                        
00001f71  __aeabi_uldivmod              
00002007  __aeabi_cdcmpeq               
00002007  __aeabi_cdcmple               
0000208d  __aeabi_cdrcmple              
00002113  __aeabi_memclr                
00002113  __aeabi_memclr4               
00002113  __aeabi_memclr8               
00002115  __aeabi_memset                
00002115  __aeabi_memset4               
00002115  __aeabi_memset8               
0000211b  memset                        
000021fb  __TI_decompress_lzss          
00002265  frexp                         
00002265  frexpl                        
0000231f  ltoa                          
000023c5  atoi                          
00002411  __aeabi_d2iz                  
00002459  __TI_auto_init_nobinit_nopinit
0000249d  vsnprintf                     
0000251d  _c_int00_noargs               
00002585  __aeabi_i2d                   
000025b3  strcat                        
000025d1  memccpy                       
00002605  strcmp                        
0000261d  main                          
00002633  strchr                        
00002649  copysign                      
00002649  copysignl                     
0000265d  strcpy                        
00002671  strlen                        
00002685  __TI_zero_init_nomemset       
00002697  wcslen                        
000026a9  lcd_clear                     
000026b9  __TI_decompress_none          
000026c7  ResetISR                      
000026d5  __aeabi_errno_addr            
000026dd  _system_pre_init              
000026e1  C$$EXIT                       
000026e1  abort                         
000026e4  _ctypes_                      
000027f0  __TI_Handler_Table_Base       
000027fc  __TI_Handler_Table_Limit      
00002810  __TI_CINIT_Base               
00002820  __TI_CINIT_Limit              
20000000  __stack                       
20000200  __STACK_TOP                   
20001000  __STACK_END                   
20001000  _sys_memory                   
20002054  errno                         
ffffffff  __TI_pprof_out_hndl           
ffffffff  __TI_prof_data_size           
ffffffff  __TI_prof_data_start          
ffffffff  __binit__                     
ffffffff  __c_args__                    
ffffffff  binit                         
UNDEFED   __mpu_init                    
UNDEFED   _system_post_cinit            

[94 symbols]
