******************************************************************************
                  TI ARM Linker PC v18.1.2                     
******************************************************************************
>> Linked Mon Apr 29 10:50:37 2019

OUTPUT FILE NAME:   <Lab8.out>
ENTRY POINT SYMBOL: "_c_int00_noargs"  address: 00003759


MEMORY CONFIGURATION

         name            origin    length      used     unused   attr    fill
----------------------  --------  ---------  --------  --------  ----  --------
  FLASH                 00000000   00040000  00003b9c  0003c464  R  X
  SRAM                  20000000   00008000  00002315  00005ceb  RW X


SEGMENT ALLOCATION MAP

run origin  load origin   length   init length attrs members
----------  ----------- ---------- ----------- ----- -------
00000000    00000000    00003ba0   00003ba0    r-x
  00000000    00000000    0000026c   0000026c    r-- .intvecs
  0000026c    0000026c    000037c8   000037c8    r-x .text
  00003a34    00003a34    00000118   00000118    r-- .const
  00003b50    00003b50    00000050   00000050    r-- .cinit
20000000    20000000    00002319   00000000    rw-
  20000000    20000000    0000026c   00000000    rw- .vtable
  20000270    20000270    00001000   00000000    rw- .stack
  20001270    20001270    00001000   00000000    rw- .sysmem
  20002270    20002270    0000007c   00000000    rw- .bss
  200022ec    200022ec    0000002d   00000000    rw- .data


SECTION ALLOCATION MAP

 output                                  attributes/
section   page    origin      length       input sections
--------  ----  ----------  ----------   ----------------
.intvecs   0    00000000    0000026c     
                  00000000    0000026c     tm4c123gh6pm_startup_ccs.obj (.intvecs)

.text      0    0000026c    000037c8     
                  0000026c    00000a9c     open_interface.obj (.text)
                  00000d08    00000a5e     rtsv7M4_T_le_v4SPD16_eabi.lib : _printfi.c.obj (.text:__TI_printfi)
                  00001766    00000002                                   : _lock.c.obj (.text:_nop)
                  00001768    000003c4     lcd.obj (.text)
                  00001b2c    000002bc     movement.obj (.text)
                  00001de8    00000270     rtsv7M4_T_le_v4SPD16_eabi.lib : _printfi.c.obj (.text:_pconv_a)
                  00002058    0000026c     servo.obj (.text)
                  000022c4    000001d0     rtsv7M4_T_le_v4SPD16_eabi.lib : _printfi.c.obj (.text:_pconv_g)
                  00002494    000001b6                                   : fd_add_t2.asm.obj (.text)
                  0000264a    00000002                                   : div0.asm.obj (.text)
                  0000264c    00000158     timer.obj (.text)
                  000027a4    00000148     button.obj (.text)
                  000028ec    0000013c     rtsv7M4_T_le_v4SPD16_eabi.lib : _printfi.c.obj (.text:_pconv_e)
                  00002a28    00000136                                   : fd_div_t2.asm.obj (.text)
                  00002b5e    00000002     --HOLE-- [fill = 0]
                  00002b60    00000120                                   : _printfi.c.obj (.text:fcvt)
                  00002c80    00000110                                   : s_scalbn.c.obj (.text:scalbn)
                  00002d90    000000fc                                   : fd_mul_t2.asm.obj (.text)
                  00002e8c    000000d8                                   : memory.c.obj (.text:free)
                  00002f64    000000b1                                   : _printfi.c.obj (.text:_ltostr)
                  00003015    00000001     --HOLE-- [fill = 0]
                  00003016    0000009c                                   : memcpy_t2.asm.obj (.text)
                  000030b2    00000096                                   : ull_div_t2.asm.obj (.text)
                  00003148    00000086                                   : fd_cmp_t2.asm.obj (.text:__aeabi_cdcmple)
                  000031ce    00000086                                   : fd_cmp_t2.asm.obj (.text:__aeabi_cdrcmple)
                  00003254    0000007a                                   : memset_t2.asm.obj (.text)
                  000032ce    00000002     --HOLE-- [fill = 0]
                  000032d0    00000078                                   : memory.c.obj (.text:malloc)
                  00003348    0000006e                                   : _printfi.c.obj (.text:_mcpy)
                  000033b6    00000068                                   : copy_decompress_lzss.c.obj (.text:decompress:lzss:__TI_decompress_lzss)
                  0000341e    00000002     --HOLE-- [fill = 0]
                  00003420    00000064                                   : s_frexp.c.obj (.text:frexp)
                  00003484    00000056                                   : _printfi.c.obj (.text:_pconv_f)
                  000034da    00000054                                   : ltoa.c.obj (.text:ltoa)
                  0000352e    00000052                                   : _printfi.c.obj (.text:_ecpy)
                  00003580    0000004c                                   : atoi.c.obj (.text:atoi)
                  000035cc    00000048                                   : fd_toi_t2.asm.obj (.text)
                  00003614    00000044                                   : autoinit.c.obj (.text:__TI_auto_init_nobinit_nopinit:__TI_auto_init_nobinit_nopinit)
                  00003658    00000044                                   : fd_tou_t2.asm.obj (.text)
                  0000369c    00000040                                   : vsnprintf.c.obj (.text:vsnprintf)
                  000036dc    0000003e                                   : _printfi.c.obj (.text:_fcpy)
                  0000371a    00000002     --HOLE-- [fill = 0]
                  0000371c    0000003c                                   : memory.c.obj (.text:minsert)
                  00003758    00000038                                   : boot_cortex_m.c.obj (.text:_c_int00_noargs:_c_int00_noargs)
                  00003790    00000038     l1_main.obj (.text)
                  000037c8    00000038     rtsv7M4_T_le_v4SPD16_eabi.lib : memory.c.obj (.text:minit)
                  00003800    00000034     driverlib.lib : interrupt.obj (.text:IntRegister)
                  00003834    00000030     rtsv7M4_T_le_v4SPD16_eabi.lib : vsnprintf.c.obj (.text:_outs)
                  00003864    0000002e                                   : i_tofd_t2.asm.obj (.text)
                  00003892    0000002a                                   : memory.c.obj (.text:calloc)
                  000038bc    00000028                                   : memory.c.obj (.text:mremove)
                  000038e4    0000001e                                   : strcat.c.obj (.text:strcat)
                  00003902    0000001c                                   : memccpy.c.obj (.text:memccpy)
                  0000391e    00000018                                   : vsnprintf.c.obj (.text:_outc)
                  00003936    00000018     open_interface.obj (.text:oi_parseInt)
                  0000394e    00000018     rtsv7M4_T_le_v4SPD16_eabi.lib : strcmp.c.obj (.text:strcmp)
                  00003966    00000016                                   : strchr.c.obj (.text:strchr)
                  0000397c    00000014                                   : s_copysign.c.obj (.text:copysign)
                  00003990    00000014                                   : strcpy.c.obj (.text:strcpy)
                  000039a4    00000014                                   : strlen.c.obj (.text:strlen)
                  000039b8    00000012                                   : copy_zero_init.c.obj (.text:decompress:ZI:__TI_zero_init_nomemset:__TI_zero_init_nomemset)
                  000039ca    00000012                                   : wcslen.c.obj (.text:wcslen)
                  000039dc    00000010     driverlib.lib : interrupt.obj (.text:IntMasterEnable)
                  000039ec    00000010     lcd.obj (.text:lcd_clear)
                  000039fc    0000000e     rtsv7M4_T_le_v4SPD16_eabi.lib : copy_decompress_none.c.obj (.text:decompress:none:__TI_decompress_none)
                  00003a0a    0000000c     driverlib.lib : cpu.obj (.text:CPUcpsie)
                  00003a16    0000000c     tm4c123gh6pm_startup_ccs.obj (.text)
                  00003a22    00000002     --HOLE-- [fill = 0]
                  00003a24    00000008     rtsv7M4_T_le_v4SPD16_eabi.lib : errno.c.obj (.text:__aeabi_errno_addr)
                  00003a2c    00000004                                   : pre_init.c.obj (.text:_system_pre_init)
                  00003a30    00000004                                   : exit.c.obj (.text:abort:abort)

.const     0    00003a34    00000118     
                  00003a34    00000101     rtsv7M4_T_le_v4SPD16_eabi.lib : ctype.c.obj (.const:.string:_ctypes_)
                  00003b35    0000000f     open_interface.obj (.const:.string:$P$T0$3)
                  00003b44    00000004     lcd.obj (.const:.string:lineAddress$1)
                  00003b48    00000004     lcd.obj (.const:.string:lineAddresses$2)

.cinit     0    00003b50    00000050     
                  00003b50    0000001c     (.cinit..data.load) [load image, compression = lzss]
                  00003b6c    0000000c     (__TI_handler_table)
                  00003b78    00000008     (.cinit..bss.load) [load image, compression = zero_init]
                  00003b80    00000008     (.cinit..vtable.load) [load image, compression = zero_init]
                  00003b88    00000018     (__TI_cinit_table)

.init_array 
*          0    00000000    00000000     UNINITIALIZED

.vtable    0    20000000    0000026c     UNINITIALIZED
                  20000000    0000026c     driverlib.lib : interrupt.obj (.vtable)

.stack     0    20000270    00001000     UNINITIALIZED
                  20000270    00000004     rtsv7M4_T_le_v4SPD16_eabi.lib : boot_cortex_m.c.obj (.stack)
                  20000274    00000ffc     --HOLE--

.sysmem    0    20001270    00001000     UNINITIALIZED
                  20001270    00000008     rtsv7M4_T_le_v4SPD16_eabi.lib : memory.c.obj (.sysmem)
                  20001278    00000ff8     --HOLE--

.bss       0    20002270    0000007c     UNINITIALIZED
                  20002270    00000054     lcd.obj (.bss:lastbuffer$3)
                  200022c4    00000018     open_interface.obj (.bss:firmware$2)
                  200022dc    00000004     (.common:button_event_ptr)
                  200022e0    00000008     (.common:currentDegree)
                  200022e8    00000004     (.common:button_num_ptr)

.data      0    200022ec    0000002d     UNINITIALIZED
                  200022ec    00000010     open_interface.obj (.data)
                  200022fc    0000000c     rtsv7M4_T_le_v4SPD16_eabi.lib : memory.c.obj (.data:$O1$$)
                  20002308    00000008                                   : _lock.c.obj (.data:$O1$$)
                  20002310    00000004                                   : errno.c.obj (.data)
                  20002314    00000004     servo.obj (.data)
                  20002318    00000001     button.obj (.data)

MODULE SUMMARY

       Module                         code    ro data   rw data
       ------                         ----    -------   -------
    .\
       open_interface.obj             2740    15        40     
       lcd.obj                        980     8         84     
       movement.obj                   700     0         0      
       tm4c123gh6pm_startup_ccs.obj   12      620       0      
       servo.obj                      620     0         4      
       timer.obj                      344     0         0      
       button.obj                     328     0         9      
       l1_main.obj                    56      0         8      
    +--+------------------------------+-------+---------+---------+
       Total:                         5780    643       145    
                                                               
    C:/ti/TivaWare_C_Series-2.1.4.178/driverlib/ccs/Debug/driverlib.lib
       interrupt.obj                  68      0         620    
       cpu.obj                        12      0         0      
    +--+------------------------------+-------+---------+---------+
       Total:                         80      0         620    
                                                               
    C:\ti\ccsv8\tools\compiler\ti-cgt-arm_18.1.2.LTS\lib\rtsv7M4_T_le_v4SPD16_eabi.lib
       _printfi.c.obj                 4863    0         0      
       memory.c.obj                   534     0         12     
       fd_add_t2.asm.obj              438     0         0      
       fd_div_t2.asm.obj              310     0         0      
       s_scalbn.c.obj                 272     0         0      
       fd_cmp_t2.asm.obj              268     0         0      
       ctype.c.obj                    0       257       0      
       fd_mul_t2.asm.obj              252     0         0      
       memcpy_t2.asm.obj              156     0         0      
       ull_div_t2.asm.obj             150     0         0      
       vsnprintf.c.obj                136     0         0      
       memset_t2.asm.obj              122     0         0      
       copy_decompress_lzss.c.obj     104     0         0      
       s_frexp.c.obj                  100     0         0      
       ltoa.c.obj                     84      0         0      
       atoi.c.obj                     76      0         0      
       fd_toi_t2.asm.obj              72      0         0      
       autoinit.c.obj                 68      0         0      
       fd_tou_t2.asm.obj              68      0         0      
       boot_cortex_m.c.obj            56      0         0      
       i_tofd_t2.asm.obj              46      0         0      
       strcat.c.obj                   30      0         0      
       memccpy.c.obj                  28      0         0      
       strcmp.c.obj                   24      0         0      
       strchr.c.obj                   22      0         0      
       s_copysign.c.obj               20      0         0      
       strcpy.c.obj                   20      0         0      
       strlen.c.obj                   20      0         0      
       copy_zero_init.c.obj           18      0         0      
       wcslen.c.obj                   18      0         0      
       copy_decompress_none.c.obj     14      0         0      
       errno.c.obj                    8       0         4      
       _lock.c.obj                    2       0         8      
       exit.c.obj                     4       0         0      
       pre_init.c.obj                 4       0         0      
       div0.asm.obj                   2       0         0      
    +--+------------------------------+-------+---------+---------+
       Total:                         8409    257       24     
                                                               
       Heap:                          0       0         4096   
       Stack:                         0       0         4096   
       Linker Generated:              0       80        0      
    +--+------------------------------+-------+---------+---------+
       Grand Total:                   14269   980       8981   


LINKER GENERATED COPY TABLES

__TI_cinit_table @ 00003b88 records: 3, size/record: 8, table size: 24
	.data: load addr=00003b50, load size=0000001c bytes, run addr=200022ec, run size=0000002d bytes, compression=lzss
	.bss: load addr=00003b78, load size=00000008 bytes, run addr=20002270, run size=0000007c bytes, compression=zero_init
	.vtable: load addr=00003b80, load size=00000008 bytes, run addr=20000000, run size=0000026c bytes, compression=zero_init


LINKER GENERATED HANDLER TABLE

__TI_handler_table @ 00003b6c records: 3, size/record: 4, table size: 12
	index: 0, handler: __TI_zero_init
	index: 1, handler: __TI_decompress_lzss
	index: 2, handler: __TI_decompress_none


GLOBAL SYMBOLS: SORTED ALPHABETICALLY BY Name 

address   name                          
-------   ----                          
00003a31  C$$EXIT                       
00003a0b  CPUcpsie                      
00000b6d  GPIOF_Handler                 
000039dd  IntMasterEnable               
00003801  IntRegister                   
00003a17  ResetISR                      
20001270  __STACK_END                   
00001000  __STACK_SIZE                  
20000470  __STACK_TOP                   
00001000  __SYSMEM_SIZE                 
00003b88  __TI_CINIT_Base               
00003ba0  __TI_CINIT_Limit              
00003b6c  __TI_Handler_Table_Base       
00003b78  __TI_Handler_Table_Limit      
00003615  __TI_auto_init_nobinit_nopinit
000033b7  __TI_decompress_lzss          
000039fd  __TI_decompress_none          
ffffffff  __TI_pprof_out_hndl           
00000d09  __TI_printfi                  
ffffffff  __TI_prof_data_size           
ffffffff  __TI_prof_data_start          
00000000  __TI_static_base__            
000039b9  __TI_zero_init_nomemset       
00003149  __aeabi_cdcmpeq               
00003149  __aeabi_cdcmple               
000031cf  __aeabi_cdrcmple              
000035cd  __aeabi_d2iz                  
00003659  __aeabi_d2uiz                 
0000249f  __aeabi_dadd                  
00002a29  __aeabi_ddiv                  
00002d91  __aeabi_dmul                  
00002495  __aeabi_dsub                  
00003a25  __aeabi_errno_addr            
00003865  __aeabi_i2d                   
0000264b  __aeabi_idiv0                 
0000264b  __aeabi_ldiv0                 
00003255  __aeabi_memclr                
00003255  __aeabi_memclr4               
00003255  __aeabi_memclr8               
00003017  __aeabi_memcpy                
00003017  __aeabi_memcpy4               
00003017  __aeabi_memcpy8               
00003257  __aeabi_memset                
00003257  __aeabi_memset4               
00003257  __aeabi_memset8               
000030b3  __aeabi_uldivmod              
ffffffff  __binit__                     
ffffffff  __c_args__                    
UNDEFED   __mpu_init                    
20000270  __stack                       
00003759  _c_int00_noargs               
00003a34  _ctypes_                      
20002308  _lock                         
00001767  _nop                          
20001270  _sys_memory                   
UNDEFED   _system_post_cinit            
00003a2d  _system_pre_init              
2000230c  _unlock                       
00003a31  abort                         
00003581  atoi                          
ffffffff  binit                         
0000283f  button_checkButtons           
200022dc  button_event_ptr              
00002849  button_getButton              
000027a5  button_init                   
200022e8  button_num_ptr                
0000210f  button_servo_move             
00003893  calloc                        
00001cf1  collision_detection           
0000397d  copysign                      
0000397d  copysignl                     
200022e0  currentDegree                 
20002310  errno                         
000037b9  event_0                       
00002e8d  free                          
00003421  frexp                         
00003421  frexpl                        
20000000  g_pfnRAMVectors               
00000000  g_pfnVectors                  
00000b99  getDegrees                    
00000929  go_charge                     
00002823  gpioe_handler                 
000027cf  init_button_interrupts        
000039ed  lcd_clear                     
00001901  lcd_gotoLine                  
00001769  lcd_init                      
00001967  lcd_printf                    
00001829  lcd_putc                      
00001861  lcd_puts                      
00001a45  lcd_rotatingBanner            
0000187f  lcd_sendCommand               
000018bd  lcd_sendNibble                
00001929  lcd_setCursorPos              
00002c81  ldexp                         
00002c81  ldexpl                        
000034db  ltoa                          
00003791  main                          
000032d1  malloc                        
00003903  memccpy                       
00003017  memcpy                        
0000325d  memset                        
000037c9  minit                         
00001b73  move_backward                 
00001b2d  move_forward                  
00001cbd  moving_in_square              
20002314  multiplier                    
0000026d  oi_alloc                      
00000a53  oi_checkFirmware              
000002c3  oi_close                      
00000279  oi_free                       
000002ad  oi_init                       
00000289  oi_init_noupdate              
000008bf  oi_loadSong                   
00003937  oi_parseInt                   
00000327  oi_parsePacket                
00000915  oi_play_song                  
00000839  oi_setLeds                    
0000087d  oi_setWheels                  
00000afb  oi_shutoff_init               
00000937  oi_uartInit                   
000009db  oi_uartReceive                
00000a21  oi_uartSendBuff               
000009bf  oi_uartSendChar               
00000a03  oi_uartSendStr                
000002d5  oi_update                     
00002c81  scalbn                        
00002c81  scalbnl                       
00002059  servo_init                    
000020db  servo_move                    
000038e5  strcat                        
00003967  strchr                        
0000394f  strcmp                        
00003991  strcpy                        
000039a5  strlen                        
0000275d  timer_getClock                
00002711  timer_startClock              
000026ab  timer_startTimer              
00002763  timer_stopClock               
000026fb  timer_stopTimer               
00002681  timer_waitMicros              
0000264d  timer_waitMillis              
00001c41  turn_left                     
00001bc5  turn_right                    
0000369d  vsnprintf                     
000039cb  wcslen                        


GLOBAL SYMBOLS: SORTED BY Symbol Address 

address   name                          
-------   ----                          
00000000  __TI_static_base__            
00000000  g_pfnVectors                  
0000026d  oi_alloc                      
00000279  oi_free                       
00000289  oi_init_noupdate              
000002ad  oi_init                       
000002c3  oi_close                      
000002d5  oi_update                     
00000327  oi_parsePacket                
00000839  oi_setLeds                    
0000087d  oi_setWheels                  
000008bf  oi_loadSong                   
00000915  oi_play_song                  
00000929  go_charge                     
00000937  oi_uartInit                   
000009bf  oi_uartSendChar               
000009db  oi_uartReceive                
00000a03  oi_uartSendStr                
00000a21  oi_uartSendBuff               
00000a53  oi_checkFirmware              
00000afb  oi_shutoff_init               
00000b6d  GPIOF_Handler                 
00000b99  getDegrees                    
00000d09  __TI_printfi                  
00001000  __STACK_SIZE                  
00001000  __SYSMEM_SIZE                 
00001767  _nop                          
00001769  lcd_init                      
00001829  lcd_putc                      
00001861  lcd_puts                      
0000187f  lcd_sendCommand               
000018bd  lcd_sendNibble                
00001901  lcd_gotoLine                  
00001929  lcd_setCursorPos              
00001967  lcd_printf                    
00001a45  lcd_rotatingBanner            
00001b2d  move_forward                  
00001b73  move_backward                 
00001bc5  turn_right                    
00001c41  turn_left                     
00001cbd  moving_in_square              
00001cf1  collision_detection           
00002059  servo_init                    
000020db  servo_move                    
0000210f  button_servo_move             
00002495  __aeabi_dsub                  
0000249f  __aeabi_dadd                  
0000264b  __aeabi_idiv0                 
0000264b  __aeabi_ldiv0                 
0000264d  timer_waitMillis              
00002681  timer_waitMicros              
000026ab  timer_startTimer              
000026fb  timer_stopTimer               
00002711  timer_startClock              
0000275d  timer_getClock                
00002763  timer_stopClock               
000027a5  button_init                   
000027cf  init_button_interrupts        
00002823  gpioe_handler                 
0000283f  button_checkButtons           
00002849  button_getButton              
00002a29  __aeabi_ddiv                  
00002c81  ldexp                         
00002c81  ldexpl                        
00002c81  scalbn                        
00002c81  scalbnl                       
00002d91  __aeabi_dmul                  
00002e8d  free                          
00003017  __aeabi_memcpy                
00003017  __aeabi_memcpy4               
00003017  __aeabi_memcpy8               
00003017  memcpy                        
000030b3  __aeabi_uldivmod              
00003149  __aeabi_cdcmpeq               
00003149  __aeabi_cdcmple               
000031cf  __aeabi_cdrcmple              
00003255  __aeabi_memclr                
00003255  __aeabi_memclr4               
00003255  __aeabi_memclr8               
00003257  __aeabi_memset                
00003257  __aeabi_memset4               
00003257  __aeabi_memset8               
0000325d  memset                        
000032d1  malloc                        
000033b7  __TI_decompress_lzss          
00003421  frexp                         
00003421  frexpl                        
000034db  ltoa                          
00003581  atoi                          
000035cd  __aeabi_d2iz                  
00003615  __TI_auto_init_nobinit_nopinit
00003659  __aeabi_d2uiz                 
0000369d  vsnprintf                     
00003759  _c_int00_noargs               
00003791  main                          
000037b9  event_0                       
000037c9  minit                         
00003801  IntRegister                   
00003865  __aeabi_i2d                   
00003893  calloc                        
000038e5  strcat                        
00003903  memccpy                       
00003937  oi_parseInt                   
0000394f  strcmp                        
00003967  strchr                        
0000397d  copysign                      
0000397d  copysignl                     
00003991  strcpy                        
000039a5  strlen                        
000039b9  __TI_zero_init_nomemset       
000039cb  wcslen                        
000039dd  IntMasterEnable               
000039ed  lcd_clear                     
000039fd  __TI_decompress_none          
00003a0b  CPUcpsie                      
00003a17  ResetISR                      
00003a25  __aeabi_errno_addr            
00003a2d  _system_pre_init              
00003a31  C$$EXIT                       
00003a31  abort                         
00003a34  _ctypes_                      
00003b6c  __TI_Handler_Table_Base       
00003b78  __TI_Handler_Table_Limit      
00003b88  __TI_CINIT_Base               
00003ba0  __TI_CINIT_Limit              
20000000  g_pfnRAMVectors               
20000270  __stack                       
20000470  __STACK_TOP                   
20001270  __STACK_END                   
20001270  _sys_memory                   
200022dc  button_event_ptr              
200022e0  currentDegree                 
200022e8  button_num_ptr                
20002308  _lock                         
2000230c  _unlock                       
20002310  errno                         
20002314  multiplier                    
ffffffff  __TI_pprof_out_hndl           
ffffffff  __TI_prof_data_size           
ffffffff  __TI_prof_data_start          
ffffffff  __binit__                     
ffffffff  __c_args__                    
ffffffff  binit                         
UNDEFED   __mpu_init                    
UNDEFED   _system_post_cinit            

[145 symbols]
