******************************************************************************
                  TI ARM Linker PC v18.1.2                     
******************************************************************************
>> Linked Mon Apr  8 13:03:48 2019

OUTPUT FILE NAME:   <Lab9.out>
ENTRY POINT SYMBOL: "_c_int00_noargs"  address: 00003bb9


MEMORY CONFIGURATION

         name            origin    length      used     unused   attr    fill
----------------------  --------  ---------  --------  --------  ----  --------
  FLASH                 00000000   00040000  00003f90  0003c070  R  X
  SRAM                  20000000   00008000  000028b6  0000574a  RW X


SEGMENT ALLOCATION MAP

run origin  load origin   length   init length attrs members
----------  ----------- ---------- ----------- ----- -------
00000000    00000000    00003f98   00003f98    r-x
  00000000    00000000    0000026c   0000026c    r-- .intvecs
  0000026c    0000026c    00003ba0   00003ba0    r-x .text
  00003e10    00003e10    0000013c   0000013c    r-- .const
  00003f50    00003f50    00000048   00000048    r-- .cinit
20000000    20000000    000028ba   00000000    rw-
  20000000    20000000    0000026c   00000000    rw- .vtable
  20000270    20000270    00001000   00000000    rw- .stack
  20001270    20001270    00001000   00000000    rw- .sysmem
  20002270    20002270    00000638   00000000    rw- .bss
  200028a8    200028a8    00000012   00000000    rw- .data


SECTION ALLOCATION MAP

 output                                  attributes/
section   page    origin      length       input sections
--------  ----  ----------  ----------   ----------------
.intvecs   0    00000000    0000026c     
                  00000000    0000026c     tm4c123gh6pm_startup_ccs.obj (.intvecs)

.text      0    0000026c    00003ba0     
                  0000026c    00000a5e     rtsv7M4_T_le_v4SPD16_eabi.lib : _printfi.c.obj (.text:__TI_printfi)
                  00000cca    00000002                                   : div0.asm.obj (.text)
                  00000ccc    000009c0                                   : e_pow.c.obj (.text:pow)
                  0000168c    000003c4     lcd.obj (.text)
                  00001a50    000002b8     uart.obj (.text)
                  00001d08    00000288     servo.obj (.text)
                  00001f90    00000270     rtsv7M4_T_le_v4SPD16_eabi.lib : _printfi.c.obj (.text:_pconv_a)
                  00002200    000001d8     ping.obj (.text)
                  000023d8    000001d0     rtsv7M4_T_le_v4SPD16_eabi.lib : _printfi.c.obj (.text:_pconv_g)
                  000025a8    000001b6                                   : fd_add_t2.asm.obj (.text)
                  0000275e    00000002     --HOLE-- [fill = 0]
                  00002760    00000188     l1_main.obj (.text)
                  000028e8    00000158     rtsv7M4_T_le_v4SPD16_eabi.lib : e_sqrt.c.obj (.text:sqrt)
                  00002a40    00000158     timer.obj (.text)
                  00002b98    0000014c     adc.obj (.text)
                  00002ce4    00000148     button.obj (.text)
                  00002e2c    0000013c     rtsv7M4_T_le_v4SPD16_eabi.lib : _printfi.c.obj (.text:_pconv_e)
                  00002f68    00000136                                   : fd_div_t2.asm.obj (.text)
                  0000309e    00000002     --HOLE-- [fill = 0]
                  000030a0    00000120                                   : _printfi.c.obj (.text:fcvt)
                  000031c0    00000110                                   : s_scalbn.c.obj (.text:scalbn)
                  000032d0    000000fc                                   : fd_mul_t2.asm.obj (.text)
                  000033cc    000000b1                                   : _printfi.c.obj (.text:_ltostr)
                  0000347d    00000001     --HOLE-- [fill = 0]
                  0000347e    0000009c                                   : memcpy_t2.asm.obj (.text)
                  0000351a    00000096                                   : ull_div_t2.asm.obj (.text)
                  000035b0    00000086                                   : fd_cmp_t2.asm.obj (.text:__aeabi_cdcmple)
                  00003636    00000086                                   : fd_cmp_t2.asm.obj (.text:__aeabi_cdrcmple)
                  000036bc    0000007a                                   : memset_t2.asm.obj (.text)
                  00003736    0000006e                                   : _printfi.c.obj (.text:_mcpy)
                  000037a4    0000006e                                   : fd_tos_t2.asm.obj (.text)
                  00003812    00000068                                   : copy_decompress_lzss.c.obj (.text:decompress:lzss:__TI_decompress_lzss)
                  0000387a    00000002     --HOLE-- [fill = 0]
                  0000387c    00000064                                   : s_frexp.c.obj (.text:frexp)
                  000038e0    00000056                                   : _printfi.c.obj (.text:_pconv_f)
                  00003936    00000054                                   : ltoa.c.obj (.text:ltoa)
                  0000398a    00000052                                   : _printfi.c.obj (.text:_ecpy)
                  000039dc    0000004c                                   : atoi.c.obj (.text:atoi)
                  00003a28    00000048                                   : fd_toi_t2.asm.obj (.text)
                  00003a70    00000044                                   : autoinit.c.obj (.text:__TI_auto_init_nobinit_nopinit:__TI_auto_init_nobinit_nopinit)
                  00003ab4    00000044                                   : fd_tou_t2.asm.obj (.text)
                  00003af8    00000040                                   : sprintf.c.obj (.text:sprintf)
                  00003b38    00000040                                   : vsnprintf.c.obj (.text:vsnprintf)
                  00003b78    0000003e                                   : _printfi.c.obj (.text:_fcpy)
                  00003bb6    00000002     --HOLE-- [fill = 0]
                  00003bb8    00000038                                   : boot_cortex_m.c.obj (.text:_c_int00_noargs:_c_int00_noargs)
                  00003bf0    00000038                                   : fs_tod_t2.asm.obj (.text)
                  00003c28    00000034     driverlib.lib : interrupt.obj (.text:IntRegister)
                  00003c5c    00000030     rtsv7M4_T_le_v4SPD16_eabi.lib : vsnprintf.c.obj (.text:_outs)
                  00003c8c    0000002e                                   : i_tofd_t2.asm.obj (.text)
                  00003cba    0000001e                                   : strcat.c.obj (.text:strcat)
                  00003cd8    0000001c                                   : memccpy.c.obj (.text:memccpy)
                  00003cf4    00000018                                   : vsnprintf.c.obj (.text:_outc)
                  00003d0c    00000018                                   : sprintf.c.obj (.text:_outs)
                  00003d24    00000018                                   : strcmp.c.obj (.text:strcmp)
                  00003d3c    00000016                                   : strchr.c.obj (.text:strchr)
                  00003d52    00000014                                   : s_copysign.c.obj (.text:copysign)
                  00003d66    00000014                                   : strcpy.c.obj (.text:strcpy)
                  00003d7a    00000014                                   : strlen.c.obj (.text:strlen)
                  00003d8e    00000012                                   : wcslen.c.obj (.text:wcslen)
                  00003da0    00000010     driverlib.lib : interrupt.obj (.text:IntMasterEnable)
                  00003db0    00000010     lcd.obj (.text:lcd_clear)
                  00003dc0    0000000e     rtsv7M4_T_le_v4SPD16_eabi.lib : copy_decompress_none.c.obj (.text:decompress:none:__TI_decompress_none)
                  00003dce    0000000c     driverlib.lib : cpu.obj (.text:CPUcpsie)
                  00003dda    0000000c     rtsv7M4_T_le_v4SPD16_eabi.lib : copy_zero_init.c.obj (.text:decompress:ZI:__TI_zero_init)
                  00003de6    0000000c     tm4c123gh6pm_startup_ccs.obj (.text)
                  00003df2    0000000a     rtsv7M4_T_le_v4SPD16_eabi.lib : sprintf.c.obj (.text:_outc)
                  00003dfc    00000008                                   : errno.c.obj (.text:__aeabi_errno_addr)
                  00003e04    00000004                                   : pre_init.c.obj (.text:_system_pre_init)
                  00003e08    00000004                                   : exit.c.obj (.text:abort:abort)

.const     0    00003e10    0000013c     
                  00003e10    00000101     rtsv7M4_T_le_v4SPD16_eabi.lib : ctype.c.obj (.const:.string:_ctypes_)
                  00003f11    00000004     lcd.obj (.const:.string:lineAddress$1)
                  00003f15    00000003     --HOLE-- [fill = 0]
                  00003f18    00000030     rtsv7M4_T_le_v4SPD16_eabi.lib : e_pow.c.obj (.const:$O1$$)
                  00003f48    00000004     lcd.obj (.const:.string:lineAddresses$2)

.cinit     0    00003f50    00000048     
                  00003f50    0000000f     (.cinit..data.load) [load image, compression = lzss]
                  00003f5f    00000001     --HOLE-- [fill = 0]
                  00003f60    0000000c     (__TI_handler_table)
                  00003f6c    00000004     --HOLE-- [fill = 0]
                  00003f70    00000008     (.cinit..bss.load) [load image, compression = zero_init]
                  00003f78    00000008     (.cinit..vtable.load) [load image, compression = zero_init]
                  00003f80    00000018     (__TI_cinit_table)

.init_array 
*          0    00000000    00000000     UNINITIALIZED

.vtable    0    20000000    0000026c     UNINITIALIZED
                  20000000    0000026c     driverlib.lib : interrupt.obj (.vtable)

.stack     0    20000270    00001000     UNINITIALIZED
                  20000270    00000004     rtsv7M4_T_le_v4SPD16_eabi.lib : boot_cortex_m.c.obj (.stack)
                  20000274    00000ffc     --HOLE--

.sysmem    0    20001270    00001000     UNINITIALIZED
                  20001270    00000008     rtsv7M4_T_le_v4SPD16_eabi.lib : memory.c.obj (.sysmem)
                  20001278    00000ff8     --HOLE--

.bss       0    20002270    00000638     UNINITIALIZED
                  20002270    000005a0     (.common:data)
                  20002810    00000054     lcd.obj (.bss:lastbuffer$3)
                  20002864    00000018     (.common:s_data)
                  2000287c    00000004     (.common:button_event_ptr)
                  20002880    00000008     (.common:currentDegree)
                  20002888    00000004     (.common:button_num_ptr)
                  2000288c    00000004     (.common:char_event_ptr)
                  20002890    00000004     (.common:fallingEdge)
                  20002894    00000004     (.common:i)
                  20002898    00000004     (.common:i_ptr)
                  2000289c    00000004     (.common:pulseLength)
                  200028a0    00000004     (.common:risingEdge)
                  200028a4    00000004     (.common:s_data_ptr)

.data      0    200028a8    00000012     UNINITIALIZED
                  200028a8    00000008     servo.obj (.data)
                  200028b0    00000004     l1_main.obj (.data)
                  200028b4    00000004     rtsv7M4_T_le_v4SPD16_eabi.lib : errno.c.obj (.data)
                  200028b8    00000001     button.obj (.data)
                  200028b9    00000001     ping.obj (.data)

MODULE SUMMARY

       Module                         code    ro data   rw data
       ------                         ----    -------   -------
    .\
       l1_main.obj                    392     0         1492   
       lcd.obj                        980     8         84     
       uart.obj                       696     0         12     
       servo.obj                      648     0         8      
       tm4c123gh6pm_startup_ccs.obj   12      620       0      
       ping.obj                       472     0         1      
       timer.obj                      344     0         0      
       button.obj                     328     0         9      
       adc.obj                        332     0         0      
    +--+------------------------------+-------+---------+---------+
       Total:                         4204    628       1606   
                                                               
    C:/ti/TivaWare_C_Series-2.1.4.178/driverlib/ccs/Debug/driverlib.lib
       interrupt.obj                  68      0         620    
       cpu.obj                        12      0         0      
    +--+------------------------------+-------+---------+---------+
       Total:                         80      0         620    
                                                               
    C:\ti\ccsv8\tools\compiler\ti-cgt-arm_18.1.2.LTS\lib\rtsv7M4_T_le_v4SPD16_eabi.lib
       _printfi.c.obj                 4863    0         0      
       e_pow.c.obj                    2496    48        0      
       fd_add_t2.asm.obj              438     0         0      
       e_sqrt.c.obj                   344     0         0      
       fd_div_t2.asm.obj              310     0         0      
       s_scalbn.c.obj                 272     0         0      
       fd_cmp_t2.asm.obj              268     0         0      
       ctype.c.obj                    0       257       0      
       fd_mul_t2.asm.obj              252     0         0      
       memcpy_t2.asm.obj              156     0         0      
       ull_div_t2.asm.obj             150     0         0      
       vsnprintf.c.obj                136     0         0      
       memset_t2.asm.obj              122     0         0      
       fd_tos_t2.asm.obj              110     0         0      
       copy_decompress_lzss.c.obj     104     0         0      
       s_frexp.c.obj                  100     0         0      
       sprintf.c.obj                  98      0         0      
       ltoa.c.obj                     84      0         0      
       atoi.c.obj                     76      0         0      
       fd_toi_t2.asm.obj              72      0         0      
       autoinit.c.obj                 68      0         0      
       fd_tou_t2.asm.obj              68      0         0      
       boot_cortex_m.c.obj            56      0         0      
       fs_tod_t2.asm.obj              56      0         0      
       i_tofd_t2.asm.obj              46      0         0      
       strcat.c.obj                   30      0         0      
       memccpy.c.obj                  28      0         0      
       strcmp.c.obj                   24      0         0      
       strchr.c.obj                   22      0         0      
       s_copysign.c.obj               20      0         0      
       strcpy.c.obj                   20      0         0      
       strlen.c.obj                   20      0         0      
       wcslen.c.obj                   18      0         0      
       copy_decompress_none.c.obj     14      0         0      
       copy_zero_init.c.obj           12      0         0      
       errno.c.obj                    8       0         4      
       exit.c.obj                     4       0         0      
       pre_init.c.obj                 4       0         0      
       div0.asm.obj                   2       0         0      
    +--+------------------------------+-------+---------+---------+
       Total:                         10971   305       4      
                                                               
       Heap:                          0       0         4096   
       Stack:                         0       0         4096   
       Linker Generated:              0       67        0      
    +--+------------------------------+-------+---------+---------+
       Grand Total:                   15255   1000      10422  


LINKER GENERATED COPY TABLES

__TI_cinit_table @ 00003f80 records: 3, size/record: 8, table size: 24
	.data: load addr=00003f50, load size=0000000f bytes, run addr=200028a8, run size=00000012 bytes, compression=lzss
	.bss: load addr=00003f70, load size=00000008 bytes, run addr=20002270, run size=00000638 bytes, compression=zero_init
	.vtable: load addr=00003f78, load size=00000008 bytes, run addr=20000000, run size=0000026c bytes, compression=zero_init


LINKER GENERATED HANDLER TABLE

__TI_handler_table @ 00003f60 records: 3, size/record: 4, table size: 12
	index: 0, handler: __TI_zero_init
	index: 1, handler: __TI_decompress_lzss
	index: 2, handler: __TI_decompress_none


GLOBAL SYMBOLS: SORTED ALPHABETICALLY BY Name 

address   name                          
-------   ----                          
00003e09  C$$EXIT                       
00003dcf  CPUcpsie                      
00003da1  IntMasterEnable               
00003c29  IntRegister                   
00003de7  ResetISR                      
00002291  TIMER3_Handler                
00001b19  UART1_Handler                 
00001b73  UART1_Receive                 
00001b57  UART1_Transmit                
20001270  __STACK_END                   
00001000  __STACK_SIZE                  
20000470  __STACK_TOP                   
00001000  __SYSMEM_SIZE                 
00003f80  __TI_CINIT_Base               
00003f98  __TI_CINIT_Limit              
00003f60  __TI_Handler_Table_Base       
00003f6c  __TI_Handler_Table_Limit      
00003a71  __TI_auto_init_nobinit_nopinit
00003813  __TI_decompress_lzss          
00003dc1  __TI_decompress_none          
ffffffff  __TI_pprof_out_hndl           
0000026d  __TI_printfi                  
ffffffff  __TI_prof_data_size           
ffffffff  __TI_prof_data_start          
00000000  __TI_static_base__            
00003ddb  __TI_zero_init                
000035b1  __aeabi_cdcmpeq               
000035b1  __aeabi_cdcmple               
00003637  __aeabi_cdrcmple              
000037a5  __aeabi_d2f                   
00003a29  __aeabi_d2iz                  
00003ab5  __aeabi_d2uiz                 
000025b3  __aeabi_dadd                  
00002f69  __aeabi_ddiv                  
000032d1  __aeabi_dmul                  
000025a9  __aeabi_dsub                  
00003dfd  __aeabi_errno_addr            
00003bf1  __aeabi_f2d                   
00003c8d  __aeabi_i2d                   
00000ccb  __aeabi_idiv0                 
00000ccb  __aeabi_ldiv0                 
000036bd  __aeabi_memclr                
000036bd  __aeabi_memclr4               
000036bd  __aeabi_memclr8               
0000347f  __aeabi_memcpy                
0000347f  __aeabi_memcpy4               
0000347f  __aeabi_memcpy8               
000036bf  __aeabi_memset                
000036bf  __aeabi_memset4               
000036bf  __aeabi_memset8               
0000351b  __aeabi_uldivmod              
ffffffff  __binit__                     
ffffffff  __c_args__                    
UNDEFED   __mpu_init                    
20000270  __stack                       
00003bb9  _c_int00_noargs               
00003e10  _ctypes_                      
20001270  _sys_memory                   
UNDEFED   _system_post_cinit            
00003e05  _system_pre_init              
00003e09  abort                         
00002c53  adc_conversion                
00002c25  adc_read                      
000039dd  atoi                          
ffffffff  binit                         
00002d7f  button_checkButtons           
2000287c  button_event_ptr              
00002d89  button_getButton              
00002ce5  button_init                   
20002888  button_num_ptr                
00001dd7  button_servo_move             
200028ac  calibration                   
200028b0  char_event                    
2000288c  char_event_ptr                
00003d53  copysign                      
00003d53  copysignl                     
20002880  currentDegree                 
20002270  data                          
200028b9  edge                          
200028b4  errno                         
20002890  fallingEdge                   
0000387d  frexp                         
0000387d  frexpl                        
20000000  g_pfnRAMVectors               
00000000  g_pfnVectors                  
00002d63  gpioe_handler                 
20002894  i                             
20002898  i_ptr                         
00002b99  init_ADC                      
00002d0f  init_button_interrupts        
00003db1  lcd_clear                     
00001825  lcd_gotoLine                  
0000168d  lcd_init                      
0000188b  lcd_printf                    
0000174d  lcd_putc                      
00001785  lcd_puts                      
00001969  lcd_rotatingBanner            
000017a3  lcd_sendCommand               
000017e1  lcd_sendNibble                
0000184d  lcd_setCursorPos              
000031c1  ldexp                         
000031c1  ldexpl                        
00003937  ltoa                          
00002761  main                          
00003cd9  memccpy                       
0000347f  memcpy                        
000036c5  memset                        
200028a8  multiplier                    
00002335  ping_getDistance              
00002201  ping_init                     
00002305  ping_read                     
000022dd  ping_send                     
00000ccd  pow                           
00000ccd  powl                          
2000289c  pulseLength                   
00001bc1  putty_display                 
00001c2f  putty_display2                
200028a0  risingEdge                    
20002864  s_data                        
200028a4  s_data_ptr                    
000031c1  scalbn                        
000031c1  scalbnl                       
00001a51  serial_init                   
00001d09  servo_init                    
00001d8b  servo_move                    
00003af9  sprintf                       
000028e9  sqrt                          
000028e9  sqrtl                         
00003cbb  strcat                        
00003d3d  strchr                        
00003d25  strcmp                        
00003d67  strcpy                        
00003d7b  strlen                        
00002b51  timer_getClock                
00002b05  timer_startClock              
00002a9f  timer_startTimer              
00002b57  timer_stopClock               
00002aef  timer_stopTimer               
00002a75  timer_waitMicros              
00002a41  timer_waitMillis              
00001bb1  uart_sendChar                 
00001b93  uart_sendStr                  
00003b39  vsnprintf                     
00003d8f  wcslen                        


GLOBAL SYMBOLS: SORTED BY Symbol Address 

address   name                          
-------   ----                          
00000000  __TI_static_base__            
00000000  g_pfnVectors                  
0000026d  __TI_printfi                  
00000ccb  __aeabi_idiv0                 
00000ccb  __aeabi_ldiv0                 
00000ccd  pow                           
00000ccd  powl                          
00001000  __STACK_SIZE                  
00001000  __SYSMEM_SIZE                 
0000168d  lcd_init                      
0000174d  lcd_putc                      
00001785  lcd_puts                      
000017a3  lcd_sendCommand               
000017e1  lcd_sendNibble                
00001825  lcd_gotoLine                  
0000184d  lcd_setCursorPos              
0000188b  lcd_printf                    
00001969  lcd_rotatingBanner            
00001a51  serial_init                   
00001b19  UART1_Handler                 
00001b57  UART1_Transmit                
00001b73  UART1_Receive                 
00001b93  uart_sendStr                  
00001bb1  uart_sendChar                 
00001bc1  putty_display                 
00001c2f  putty_display2                
00001d09  servo_init                    
00001d8b  servo_move                    
00001dd7  button_servo_move             
00002201  ping_init                     
00002291  TIMER3_Handler                
000022dd  ping_send                     
00002305  ping_read                     
00002335  ping_getDistance              
000025a9  __aeabi_dsub                  
000025b3  __aeabi_dadd                  
00002761  main                          
000028e9  sqrt                          
000028e9  sqrtl                         
00002a41  timer_waitMillis              
00002a75  timer_waitMicros              
00002a9f  timer_startTimer              
00002aef  timer_stopTimer               
00002b05  timer_startClock              
00002b51  timer_getClock                
00002b57  timer_stopClock               
00002b99  init_ADC                      
00002c25  adc_read                      
00002c53  adc_conversion                
00002ce5  button_init                   
00002d0f  init_button_interrupts        
00002d63  gpioe_handler                 
00002d7f  button_checkButtons           
00002d89  button_getButton              
00002f69  __aeabi_ddiv                  
000031c1  ldexp                         
000031c1  ldexpl                        
000031c1  scalbn                        
000031c1  scalbnl                       
000032d1  __aeabi_dmul                  
0000347f  __aeabi_memcpy                
0000347f  __aeabi_memcpy4               
0000347f  __aeabi_memcpy8               
0000347f  memcpy                        
0000351b  __aeabi_uldivmod              
000035b1  __aeabi_cdcmpeq               
000035b1  __aeabi_cdcmple               
00003637  __aeabi_cdrcmple              
000036bd  __aeabi_memclr                
000036bd  __aeabi_memclr4               
000036bd  __aeabi_memclr8               
000036bf  __aeabi_memset                
000036bf  __aeabi_memset4               
000036bf  __aeabi_memset8               
000036c5  memset                        
000037a5  __aeabi_d2f                   
00003813  __TI_decompress_lzss          
0000387d  frexp                         
0000387d  frexpl                        
00003937  ltoa                          
000039dd  atoi                          
00003a29  __aeabi_d2iz                  
00003a71  __TI_auto_init_nobinit_nopinit
00003ab5  __aeabi_d2uiz                 
00003af9  sprintf                       
00003b39  vsnprintf                     
00003bb9  _c_int00_noargs               
00003bf1  __aeabi_f2d                   
00003c29  IntRegister                   
00003c8d  __aeabi_i2d                   
00003cbb  strcat                        
00003cd9  memccpy                       
00003d25  strcmp                        
00003d3d  strchr                        
00003d53  copysign                      
00003d53  copysignl                     
00003d67  strcpy                        
00003d7b  strlen                        
00003d8f  wcslen                        
00003da1  IntMasterEnable               
00003db1  lcd_clear                     
00003dc1  __TI_decompress_none          
00003dcf  CPUcpsie                      
00003ddb  __TI_zero_init                
00003de7  ResetISR                      
00003dfd  __aeabi_errno_addr            
00003e05  _system_pre_init              
00003e09  C$$EXIT                       
00003e09  abort                         
00003e10  _ctypes_                      
00003f60  __TI_Handler_Table_Base       
00003f6c  __TI_Handler_Table_Limit      
00003f80  __TI_CINIT_Base               
00003f98  __TI_CINIT_Limit              
20000000  g_pfnRAMVectors               
20000270  __stack                       
20000470  __STACK_TOP                   
20001270  __STACK_END                   
20001270  _sys_memory                   
20002270  data                          
20002864  s_data                        
2000287c  button_event_ptr              
20002880  currentDegree                 
20002888  button_num_ptr                
2000288c  char_event_ptr                
20002890  fallingEdge                   
20002894  i                             
20002898  i_ptr                         
2000289c  pulseLength                   
200028a0  risingEdge                    
200028a4  s_data_ptr                    
200028a8  multiplier                    
200028ac  calibration                   
200028b0  char_event                    
200028b4  errno                         
200028b9  edge                          
ffffffff  __TI_pprof_out_hndl           
ffffffff  __TI_prof_data_size           
ffffffff  __TI_prof_data_start          
ffffffff  __binit__                     
ffffffff  __c_args__                    
ffffffff  binit                         
UNDEFED   __mpu_init                    
UNDEFED   _system_post_cinit            

[144 symbols]
